Archive member included to satisfy reference by file (symbol)

c:/st/stm32cubeide_1.3.0/stm32cubeide/plugins/com.st.stm32cube.ide.mcu.externaltools.gnu-tools-for-stm32.7-2018-q2-update.win32_1.0.0.201904181610/tools/bin/../lib/gcc/arm-none-eabi/7.3.1/../../../../arm-none-eabi/lib/thumb/v7e-m/fpv4-sp/hard\libc_nano.a(lib_a-errno.o)
                              Src/syscalls.o (__errno)
c:/st/stm32cubeide_1.3.0/stm32cubeide/plugins/com.st.stm32cube.ide.mcu.externaltools.gnu-tools-for-stm32.7-2018-q2-update.win32_1.0.0.201904181610/tools/bin/../lib/gcc/arm-none-eabi/7.3.1/../../../../arm-none-eabi/lib/thumb/v7e-m/fpv4-sp/hard\libc_nano.a(lib_a-exit.o)
                              c:/st/stm32cubeide_1.3.0/stm32cubeide/plugins/com.st.stm32cube.ide.mcu.externaltools.gnu-tools-for-stm32.7-2018-q2-update.win32_1.0.0.201904181610/tools/bin/../lib/gcc/arm-none-eabi/7.3.1/../../../../arm-none-eabi/lib/thumb/v7e-m/fpv4-sp/hard/crt0.o (exit)
c:/st/stm32cubeide_1.3.0/stm32cubeide/plugins/com.st.stm32cube.ide.mcu.externaltools.gnu-tools-for-stm32.7-2018-q2-update.win32_1.0.0.201904181610/tools/bin/../lib/gcc/arm-none-eabi/7.3.1/../../../../arm-none-eabi/lib/thumb/v7e-m/fpv4-sp/hard\libc_nano.a(lib_a-impure.o)
                              c:/st/stm32cubeide_1.3.0/stm32cubeide/plugins/com.st.stm32cube.ide.mcu.externaltools.gnu-tools-for-stm32.7-2018-q2-update.win32_1.0.0.201904181610/tools/bin/../lib/gcc/arm-none-eabi/7.3.1/../../../../arm-none-eabi/lib/thumb/v7e-m/fpv4-sp/hard\libc_nano.a(lib_a-exit.o) (_global_impure_ptr)
c:/st/stm32cubeide_1.3.0/stm32cubeide/plugins/com.st.stm32cube.ide.mcu.externaltools.gnu-tools-for-stm32.7-2018-q2-update.win32_1.0.0.201904181610/tools/bin/../lib/gcc/arm-none-eabi/7.3.1/../../../../arm-none-eabi/lib/thumb/v7e-m/fpv4-sp/hard\libc_nano.a(lib_a-init.o)
                              c:/st/stm32cubeide_1.3.0/stm32cubeide/plugins/com.st.stm32cube.ide.mcu.externaltools.gnu-tools-for-stm32.7-2018-q2-update.win32_1.0.0.201904181610/tools/bin/../lib/gcc/arm-none-eabi/7.3.1/../../../../arm-none-eabi/lib/thumb/v7e-m/fpv4-sp/hard/crt0.o (__libc_init_array)
c:/st/stm32cubeide_1.3.0/stm32cubeide/plugins/com.st.stm32cube.ide.mcu.externaltools.gnu-tools-for-stm32.7-2018-q2-update.win32_1.0.0.201904181610/tools/bin/../lib/gcc/arm-none-eabi/7.3.1/../../../../arm-none-eabi/lib/thumb/v7e-m/fpv4-sp/hard\libc_nano.a(lib_a-memset.o)
                              c:/st/stm32cubeide_1.3.0/stm32cubeide/plugins/com.st.stm32cube.ide.mcu.externaltools.gnu-tools-for-stm32.7-2018-q2-update.win32_1.0.0.201904181610/tools/bin/../lib/gcc/arm-none-eabi/7.3.1/../../../../arm-none-eabi/lib/thumb/v7e-m/fpv4-sp/hard/crt0.o (memset)
c:/st/stm32cubeide_1.3.0/stm32cubeide/plugins/com.st.stm32cube.ide.mcu.externaltools.gnu-tools-for-stm32.7-2018-q2-update.win32_1.0.0.201904181610/tools/bin/../lib/gcc/arm-none-eabi/7.3.1/../../../../arm-none-eabi/lib/thumb/v7e-m/fpv4-sp/hard\libc_nano.a(lib_a-strlen.o)
                              Src/009SPIMasterArduinoSlave.o (strlen)

Discarded input sections

 .text          0x0000000000000000        0x0 c:/st/stm32cubeide_1.3.0/stm32cubeide/plugins/com.st.stm32cube.ide.mcu.externaltools.gnu-tools-for-stm32.7-2018-q2-update.win32_1.0.0.201904181610/tools/bin/../lib/gcc/arm-none-eabi/7.3.1/thumb/v7e-m/fpv4-sp/hard/crti.o
 .data          0x0000000000000000        0x0 c:/st/stm32cubeide_1.3.0/stm32cubeide/plugins/com.st.stm32cube.ide.mcu.externaltools.gnu-tools-for-stm32.7-2018-q2-update.win32_1.0.0.201904181610/tools/bin/../lib/gcc/arm-none-eabi/7.3.1/thumb/v7e-m/fpv4-sp/hard/crti.o
 .bss           0x0000000000000000        0x0 c:/st/stm32cubeide_1.3.0/stm32cubeide/plugins/com.st.stm32cube.ide.mcu.externaltools.gnu-tools-for-stm32.7-2018-q2-update.win32_1.0.0.201904181610/tools/bin/../lib/gcc/arm-none-eabi/7.3.1/thumb/v7e-m/fpv4-sp/hard/crti.o
 .data          0x0000000000000000        0x4 c:/st/stm32cubeide_1.3.0/stm32cubeide/plugins/com.st.stm32cube.ide.mcu.externaltools.gnu-tools-for-stm32.7-2018-q2-update.win32_1.0.0.201904181610/tools/bin/../lib/gcc/arm-none-eabi/7.3.1/thumb/v7e-m/fpv4-sp/hard/crtbegin.o
 .text          0x0000000000000000       0x74 c:/st/stm32cubeide_1.3.0/stm32cubeide/plugins/com.st.stm32cube.ide.mcu.externaltools.gnu-tools-for-stm32.7-2018-q2-update.win32_1.0.0.201904181610/tools/bin/../lib/gcc/arm-none-eabi/7.3.1/../../../../arm-none-eabi/lib/thumb/v7e-m/fpv4-sp/hard/crt0.o
 .data          0x0000000000000000        0x0 c:/st/stm32cubeide_1.3.0/stm32cubeide/plugins/com.st.stm32cube.ide.mcu.externaltools.gnu-tools-for-stm32.7-2018-q2-update.win32_1.0.0.201904181610/tools/bin/../lib/gcc/arm-none-eabi/7.3.1/../../../../arm-none-eabi/lib/thumb/v7e-m/fpv4-sp/hard/crt0.o
 .bss           0x0000000000000000        0x0 c:/st/stm32cubeide_1.3.0/stm32cubeide/plugins/com.st.stm32cube.ide.mcu.externaltools.gnu-tools-for-stm32.7-2018-q2-update.win32_1.0.0.201904181610/tools/bin/../lib/gcc/arm-none-eabi/7.3.1/../../../../arm-none-eabi/lib/thumb/v7e-m/fpv4-sp/hard/crt0.o
 .ARM.extab     0x0000000000000000        0x0 c:/st/stm32cubeide_1.3.0/stm32cubeide/plugins/com.st.stm32cube.ide.mcu.externaltools.gnu-tools-for-stm32.7-2018-q2-update.win32_1.0.0.201904181610/tools/bin/../lib/gcc/arm-none-eabi/7.3.1/../../../../arm-none-eabi/lib/thumb/v7e-m/fpv4-sp/hard/crt0.o
 .ARM.exidx     0x0000000000000000        0x8 c:/st/stm32cubeide_1.3.0/stm32cubeide/plugins/com.st.stm32cube.ide.mcu.externaltools.gnu-tools-for-stm32.7-2018-q2-update.win32_1.0.0.201904181610/tools/bin/../lib/gcc/arm-none-eabi/7.3.1/../../../../arm-none-eabi/lib/thumb/v7e-m/fpv4-sp/hard/crt0.o
 .ARM.attributes
                0x0000000000000000       0x20 c:/st/stm32cubeide_1.3.0/stm32cubeide/plugins/com.st.stm32cube.ide.mcu.externaltools.gnu-tools-for-stm32.7-2018-q2-update.win32_1.0.0.201904181610/tools/bin/../lib/gcc/arm-none-eabi/7.3.1/../../../../arm-none-eabi/lib/thumb/v7e-m/fpv4-sp/hard/crt0.o
 .group         0x0000000000000000        0xc Src/009SPIMasterArduinoSlave.o
 .group         0x0000000000000000        0xc Src/009SPIMasterArduinoSlave.o
 .group         0x0000000000000000        0xc Src/009SPIMasterArduinoSlave.o
 .group         0x0000000000000000        0xc Src/009SPIMasterArduinoSlave.o
 .group         0x0000000000000000        0xc Src/009SPIMasterArduinoSlave.o
 .group         0x0000000000000000        0xc Src/009SPIMasterArduinoSlave.o
 .group         0x0000000000000000        0xc Src/009SPIMasterArduinoSlave.o
 .group         0x0000000000000000        0xc Src/009SPIMasterArduinoSlave.o
 .group         0x0000000000000000        0xc Src/009SPIMasterArduinoSlave.o
 .group         0x0000000000000000        0xc Src/009SPIMasterArduinoSlave.o
 .group         0x0000000000000000        0xc Src/009SPIMasterArduinoSlave.o
 .group         0x0000000000000000        0xc Src/009SPIMasterArduinoSlave.o
 .group         0x0000000000000000        0xc Src/009SPIMasterArduinoSlave.o
 .group         0x0000000000000000        0xc Src/009SPIMasterArduinoSlave.o
 .group         0x0000000000000000        0xc Src/009SPIMasterArduinoSlave.o
 .group         0x0000000000000000        0xc Src/009SPIMasterArduinoSlave.o
 .group         0x0000000000000000        0xc Src/009SPIMasterArduinoSlave.o
 .group         0x0000000000000000        0xc Src/009SPIMasterArduinoSlave.o
 .group         0x0000000000000000        0xc Src/009SPIMasterArduinoSlave.o
 .group         0x0000000000000000        0xc Src/009SPIMasterArduinoSlave.o
 .group         0x0000000000000000        0xc Src/009SPIMasterArduinoSlave.o
 .group         0x0000000000000000        0xc Src/009SPIMasterArduinoSlave.o
 .group         0x0000000000000000        0xc Src/009SPIMasterArduinoSlave.o
 .group         0x0000000000000000        0xc Src/009SPIMasterArduinoSlave.o
 .group         0x0000000000000000        0xc Src/009SPIMasterArduinoSlave.o
 .group         0x0000000000000000        0xc Src/009SPIMasterArduinoSlave.o
 .group         0x0000000000000000        0xc Src/009SPIMasterArduinoSlave.o
 .text          0x0000000000000000        0x0 Src/009SPIMasterArduinoSlave.o
 .data          0x0000000000000000        0x0 Src/009SPIMasterArduinoSlave.o
 .bss           0x0000000000000000        0x0 Src/009SPIMasterArduinoSlave.o
 .group         0x0000000000000000        0xc Src/syscalls.o
 .group         0x0000000000000000        0xc Src/syscalls.o
 .group         0x0000000000000000        0xc Src/syscalls.o
 .group         0x0000000000000000        0xc Src/syscalls.o
 .group         0x0000000000000000        0xc Src/syscalls.o
 .group         0x0000000000000000        0xc Src/syscalls.o
 .group         0x0000000000000000        0xc Src/syscalls.o
 .group         0x0000000000000000        0xc Src/syscalls.o
 .group         0x0000000000000000        0xc Src/syscalls.o
 .group         0x0000000000000000        0xc Src/syscalls.o
 .group         0x0000000000000000        0xc Src/syscalls.o
 .group         0x0000000000000000        0xc Src/syscalls.o
 .group         0x0000000000000000        0xc Src/syscalls.o
 .group         0x0000000000000000        0xc Src/syscalls.o
 .group         0x0000000000000000        0xc Src/syscalls.o
 .group         0x0000000000000000        0xc Src/syscalls.o
 .group         0x0000000000000000        0xc Src/syscalls.o
 .group         0x0000000000000000        0xc Src/syscalls.o
 .group         0x0000000000000000        0xc Src/syscalls.o
 .group         0x0000000000000000        0xc Src/syscalls.o
 .group         0x0000000000000000        0xc Src/syscalls.o
 .group         0x0000000000000000        0xc Src/syscalls.o
 .group         0x0000000000000000        0xc Src/syscalls.o
 .group         0x0000000000000000        0xc Src/syscalls.o
 .group         0x0000000000000000        0xc Src/syscalls.o
 .group         0x0000000000000000        0xc Src/syscalls.o
 .group         0x0000000000000000        0xc Src/syscalls.o
 .group         0x0000000000000000        0xc Src/syscalls.o
 .group         0x0000000000000000        0xc Src/syscalls.o
 .group         0x0000000000000000        0xc Src/syscalls.o
 .group         0x0000000000000000        0xc Src/syscalls.o
 .group         0x0000000000000000        0xc Src/syscalls.o
 .group         0x0000000000000000        0xc Src/syscalls.o
 .group         0x0000000000000000        0xc Src/syscalls.o
 .group         0x0000000000000000        0xc Src/syscalls.o
 .group         0x0000000000000000        0xc Src/syscalls.o
 .group         0x0000000000000000        0xc Src/syscalls.o
 .group         0x0000000000000000        0xc Src/syscalls.o
 .group         0x0000000000000000        0xc Src/syscalls.o
 .group         0x0000000000000000        0xc Src/syscalls.o
 .group         0x0000000000000000        0xc Src/syscalls.o
 .group         0x0000000000000000        0xc Src/syscalls.o
 .group         0x0000000000000000        0xc Src/syscalls.o
 .group         0x0000000000000000        0xc Src/syscalls.o
 .text          0x0000000000000000        0x0 Src/syscalls.o
 .data          0x0000000000000000        0x0 Src/syscalls.o
 .bss           0x0000000000000000        0x0 Src/syscalls.o
 .bss.__env     0x0000000000000000        0x4 Src/syscalls.o
 .data.environ  0x0000000000000000        0x4 Src/syscalls.o
 .text.initialise_monitor_handles
                0x0000000000000000        0xe Src/syscalls.o
 .text._getpid  0x0000000000000000       0x10 Src/syscalls.o
 .text._kill    0x0000000000000000       0x20 Src/syscalls.o
 .text._exit    0x0000000000000000       0x14 Src/syscalls.o
 .text._read    0x0000000000000000       0x3a Src/syscalls.o
 .text._write   0x0000000000000000       0x38 Src/syscalls.o
 .text._close   0x0000000000000000       0x18 Src/syscalls.o
 .text._fstat   0x0000000000000000       0x20 Src/syscalls.o
 .text._isatty  0x0000000000000000       0x16 Src/syscalls.o
 .text._lseek   0x0000000000000000       0x1a Src/syscalls.o
 .text._open    0x0000000000000000       0x1c Src/syscalls.o
 .text._wait    0x0000000000000000       0x1e Src/syscalls.o
 .text._unlink  0x0000000000000000       0x1e Src/syscalls.o
 .text._times   0x0000000000000000       0x18 Src/syscalls.o
 .text._stat    0x0000000000000000       0x20 Src/syscalls.o
 .text._link    0x0000000000000000       0x20 Src/syscalls.o
 .text._fork    0x0000000000000000       0x16 Src/syscalls.o
 .text._execve  0x0000000000000000       0x22 Src/syscalls.o
 .debug_info    0x0000000000000000      0xebd Src/syscalls.o
 .debug_abbrev  0x0000000000000000      0x261 Src/syscalls.o
 .debug_aranges
                0x0000000000000000       0xa8 Src/syscalls.o
 .debug_ranges  0x0000000000000000       0x98 Src/syscalls.o
 .debug_macro   0x0000000000000000      0x243 Src/syscalls.o
 .debug_macro   0x0000000000000000      0xa66 Src/syscalls.o
 .debug_macro   0x0000000000000000       0x22 Src/syscalls.o
 .debug_macro   0x0000000000000000       0x40 Src/syscalls.o
 .debug_macro   0x0000000000000000       0x18 Src/syscalls.o
 .debug_macro   0x0000000000000000       0x94 Src/syscalls.o
 .debug_macro   0x0000000000000000       0x3c Src/syscalls.o
 .debug_macro   0x0000000000000000       0x34 Src/syscalls.o
 .debug_macro   0x0000000000000000       0x57 Src/syscalls.o
 .debug_macro   0x0000000000000000      0x174 Src/syscalls.o
 .debug_macro   0x0000000000000000      0x330 Src/syscalls.o
 .debug_macro   0x0000000000000000       0x52 Src/syscalls.o
 .debug_macro   0x0000000000000000       0x1f Src/syscalls.o
 .debug_macro   0x0000000000000000       0x43 Src/syscalls.o
 .debug_macro   0x0000000000000000       0x20 Src/syscalls.o
 .debug_macro   0x0000000000000000      0x1a3 Src/syscalls.o
 .debug_macro   0x0000000000000000       0x10 Src/syscalls.o
 .debug_macro   0x0000000000000000       0x35 Src/syscalls.o
 .debug_macro   0x0000000000000000       0x10 Src/syscalls.o
 .debug_macro   0x0000000000000000       0x10 Src/syscalls.o
 .debug_macro   0x0000000000000000       0x10 Src/syscalls.o
 .debug_macro   0x0000000000000000       0x6a Src/syscalls.o
 .debug_macro   0x0000000000000000       0x1c Src/syscalls.o
 .debug_macro   0x0000000000000000       0x52 Src/syscalls.o
 .debug_macro   0x0000000000000000       0x40 Src/syscalls.o
 .debug_macro   0x0000000000000000       0x10 Src/syscalls.o
 .debug_macro   0x0000000000000000       0x40 Src/syscalls.o
 .debug_macro   0x0000000000000000       0xd7 Src/syscalls.o
 .debug_macro   0x0000000000000000       0x1c Src/syscalls.o
 .debug_macro   0x0000000000000000       0x3d Src/syscalls.o
 .debug_macro   0x0000000000000000       0x35 Src/syscalls.o
 .debug_macro   0x0000000000000000      0x122 Src/syscalls.o
 .debug_macro   0x0000000000000000       0x16 Src/syscalls.o
 .debug_macro   0x0000000000000000       0x16 Src/syscalls.o
 .debug_macro   0x0000000000000000       0x29 Src/syscalls.o
 .debug_macro   0x0000000000000000       0x10 Src/syscalls.o
 .debug_macro   0x0000000000000000      0x241 Src/syscalls.o
 .debug_macro   0x0000000000000000       0x1c Src/syscalls.o
 .debug_macro   0x0000000000000000       0x10 Src/syscalls.o
 .debug_macro   0x0000000000000000       0x10 Src/syscalls.o
 .debug_macro   0x0000000000000000       0x16 Src/syscalls.o
 .debug_macro   0x0000000000000000      0x145 Src/syscalls.o
 .debug_macro   0x0000000000000000      0x189 Src/syscalls.o
 .debug_macro   0x0000000000000000       0x16 Src/syscalls.o
 .debug_macro   0x0000000000000000       0x88 Src/syscalls.o
 .debug_line    0x0000000000000000      0x73d Src/syscalls.o
 .debug_str     0x0000000000000000     0x88c9 Src/syscalls.o
 .comment       0x0000000000000000       0x7c Src/syscalls.o
 .debug_frame   0x0000000000000000      0x2ac Src/syscalls.o
 .ARM.attributes
                0x0000000000000000       0x39 Src/syscalls.o
 .group         0x0000000000000000        0xc Src/sysmem.o
 .group         0x0000000000000000        0xc Src/sysmem.o
 .group         0x0000000000000000        0xc Src/sysmem.o
 .group         0x0000000000000000        0xc Src/sysmem.o
 .group         0x0000000000000000        0xc Src/sysmem.o
 .group         0x0000000000000000        0xc Src/sysmem.o
 .group         0x0000000000000000        0xc Src/sysmem.o
 .group         0x0000000000000000        0xc Src/sysmem.o
 .group         0x0000000000000000        0xc Src/sysmem.o
 .group         0x0000000000000000        0xc Src/sysmem.o
 .group         0x0000000000000000        0xc Src/sysmem.o
 .group         0x0000000000000000        0xc Src/sysmem.o
 .group         0x0000000000000000        0xc Src/sysmem.o
 .group         0x0000000000000000        0xc Src/sysmem.o
 .group         0x0000000000000000        0xc Src/sysmem.o
 .group         0x0000000000000000        0xc Src/sysmem.o
 .group         0x0000000000000000        0xc Src/sysmem.o
 .group         0x0000000000000000        0xc Src/sysmem.o
 .group         0x0000000000000000        0xc Src/sysmem.o
 .group         0x0000000000000000        0xc Src/sysmem.o
 .group         0x0000000000000000        0xc Src/sysmem.o
 .group         0x0000000000000000        0xc Src/sysmem.o
 .group         0x0000000000000000        0xc Src/sysmem.o
 .group         0x0000000000000000        0xc Src/sysmem.o
 .group         0x0000000000000000        0xc Src/sysmem.o
 .group         0x0000000000000000        0xc Src/sysmem.o
 .group         0x0000000000000000        0xc Src/sysmem.o
 .group         0x0000000000000000        0xc Src/sysmem.o
 .group         0x0000000000000000        0xc Src/sysmem.o
 .group         0x0000000000000000        0xc Src/sysmem.o
 .group         0x0000000000000000        0xc Src/sysmem.o
 .group         0x0000000000000000        0xc Src/sysmem.o
 .text          0x0000000000000000        0x0 Src/sysmem.o
 .data          0x0000000000000000        0x0 Src/sysmem.o
 .bss           0x0000000000000000        0x0 Src/sysmem.o
 .bss.heap_end.6424
                0x0000000000000000        0x4 Src/sysmem.o
 .text._sbrk    0x0000000000000000       0x58 Src/sysmem.o
 .debug_info    0x0000000000000000      0x91c Src/sysmem.o
 .debug_abbrev  0x0000000000000000      0x1bb Src/sysmem.o
 .debug_aranges
                0x0000000000000000       0x20 Src/sysmem.o
 .debug_ranges  0x0000000000000000       0x10 Src/sysmem.o
 .debug_macro   0x0000000000000000      0x1ae Src/sysmem.o
 .debug_macro   0x0000000000000000      0xa66 Src/sysmem.o
 .debug_macro   0x0000000000000000       0x10 Src/sysmem.o
 .debug_macro   0x0000000000000000       0x22 Src/sysmem.o
 .debug_macro   0x0000000000000000       0x40 Src/sysmem.o
 .debug_macro   0x0000000000000000       0x18 Src/sysmem.o
 .debug_macro   0x0000000000000000       0x94 Src/sysmem.o
 .debug_macro   0x0000000000000000       0x3c Src/sysmem.o
 .debug_macro   0x0000000000000000       0x34 Src/sysmem.o
 .debug_macro   0x0000000000000000      0x174 Src/sysmem.o
 .debug_macro   0x0000000000000000       0x57 Src/sysmem.o
 .debug_macro   0x0000000000000000       0x52 Src/sysmem.o
 .debug_macro   0x0000000000000000       0x1f Src/sysmem.o
 .debug_macro   0x0000000000000000       0x43 Src/sysmem.o
 .debug_macro   0x0000000000000000       0x20 Src/sysmem.o
 .debug_macro   0x0000000000000000      0x1a3 Src/sysmem.o
 .debug_macro   0x0000000000000000      0x23b Src/sysmem.o
 .debug_macro   0x0000000000000000       0x16 Src/sysmem.o
 .debug_macro   0x0000000000000000       0x35 Src/sysmem.o
 .debug_macro   0x0000000000000000      0x330 Src/sysmem.o
 .debug_macro   0x0000000000000000       0x10 Src/sysmem.o
 .debug_macro   0x0000000000000000       0x10 Src/sysmem.o
 .debug_macro   0x0000000000000000       0x6a Src/sysmem.o
 .debug_macro   0x0000000000000000       0x1c Src/sysmem.o
 .debug_macro   0x0000000000000000       0x52 Src/sysmem.o
 .debug_macro   0x0000000000000000       0x40 Src/sysmem.o
 .debug_macro   0x0000000000000000       0x10 Src/sysmem.o
 .debug_macro   0x0000000000000000       0x40 Src/sysmem.o
 .debug_macro   0x0000000000000000       0xd7 Src/sysmem.o
 .debug_macro   0x0000000000000000       0x1c Src/sysmem.o
 .debug_macro   0x0000000000000000       0x3d Src/sysmem.o
 .debug_macro   0x0000000000000000       0x16 Src/sysmem.o
 .debug_macro   0x0000000000000000      0x145 Src/sysmem.o
 .debug_line    0x0000000000000000      0x559 Src/sysmem.o
 .debug_str     0x0000000000000000     0x7b22 Src/sysmem.o
 .comment       0x0000000000000000       0x7c Src/sysmem.o
 .debug_frame   0x0000000000000000       0x34 Src/sysmem.o
 .ARM.attributes
                0x0000000000000000       0x39 Src/sysmem.o
 .text          0x0000000000000000       0x14 Startup/startup_stm32f407vgtx.o
 .data          0x0000000000000000        0x0 Startup/startup_stm32f407vgtx.o
 .bss           0x0000000000000000        0x0 Startup/startup_stm32f407vgtx.o
 .group         0x0000000000000000        0xc drivers/Src/STM32F407xx_SPI_Driver.o
 .group         0x0000000000000000        0xc drivers/Src/STM32F407xx_SPI_Driver.o
 .group         0x0000000000000000        0xc drivers/Src/STM32F407xx_SPI_Driver.o
 .group         0x0000000000000000        0xc drivers/Src/STM32F407xx_SPI_Driver.o
 .group         0x0000000000000000        0xc drivers/Src/STM32F407xx_SPI_Driver.o
 .group         0x0000000000000000        0xc drivers/Src/STM32F407xx_SPI_Driver.o
 .group         0x0000000000000000        0xc drivers/Src/STM32F407xx_SPI_Driver.o
 .group         0x0000000000000000        0xc drivers/Src/STM32F407xx_SPI_Driver.o
 .group         0x0000000000000000        0xc drivers/Src/STM32F407xx_SPI_Driver.o
 .group         0x0000000000000000        0xc drivers/Src/STM32F407xx_SPI_Driver.o
 .group         0x0000000000000000        0xc drivers/Src/STM32F407xx_SPI_Driver.o
 .group         0x0000000000000000        0xc drivers/Src/STM32F407xx_SPI_Driver.o
 .group         0x0000000000000000        0xc drivers/Src/STM32F407xx_SPI_Driver.o
 .group         0x0000000000000000        0xc drivers/Src/STM32F407xx_SPI_Driver.o
 .group         0x0000000000000000        0xc drivers/Src/STM32F407xx_SPI_Driver.o
 .group         0x0000000000000000        0xc drivers/Src/STM32F407xx_SPI_Driver.o
 .group         0x0000000000000000        0xc drivers/Src/STM32F407xx_SPI_Driver.o
 .group         0x0000000000000000        0xc drivers/Src/STM32F407xx_SPI_Driver.o
 .group         0x0000000000000000        0xc drivers/Src/STM32F407xx_SPI_Driver.o
 .group         0x0000000000000000        0xc drivers/Src/STM32F407xx_SPI_Driver.o
 .group         0x0000000000000000        0xc drivers/Src/STM32F407xx_SPI_Driver.o
 .group         0x0000000000000000        0xc drivers/Src/STM32F407xx_SPI_Driver.o
 .group         0x0000000000000000        0xc drivers/Src/STM32F407xx_SPI_Driver.o
 .group         0x0000000000000000        0xc drivers/Src/STM32F407xx_SPI_Driver.o
 .group         0x0000000000000000        0xc drivers/Src/STM32F407xx_SPI_Driver.o
 .group         0x0000000000000000        0xc drivers/Src/STM32F407xx_SPI_Driver.o
 .group         0x0000000000000000        0xc drivers/Src/STM32F407xx_SPI_Driver.o
 .text          0x0000000000000000        0x0 drivers/Src/STM32F407xx_SPI_Driver.o
 .data          0x0000000000000000        0x0 drivers/Src/STM32F407xx_SPI_Driver.o
 .bss           0x0000000000000000        0x0 drivers/Src/STM32F407xx_SPI_Driver.o
 .text.SPI_DeInit
                0x0000000000000000       0x7c drivers/Src/STM32F407xx_SPI_Driver.o
 .debug_macro   0x0000000000000000      0xa66 drivers/Src/STM32F407xx_SPI_Driver.o
 .debug_macro   0x0000000000000000       0x22 drivers/Src/STM32F407xx_SPI_Driver.o
 .debug_macro   0x0000000000000000       0x8e drivers/Src/STM32F407xx_SPI_Driver.o
 .debug_macro   0x0000000000000000       0x51 drivers/Src/STM32F407xx_SPI_Driver.o
 .debug_macro   0x0000000000000000       0xef drivers/Src/STM32F407xx_SPI_Driver.o
 .debug_macro   0x0000000000000000       0x6a drivers/Src/STM32F407xx_SPI_Driver.o
 .debug_macro   0x0000000000000000      0x1df drivers/Src/STM32F407xx_SPI_Driver.o
 .debug_macro   0x0000000000000000       0x46 drivers/Src/STM32F407xx_SPI_Driver.o
 .debug_macro   0x0000000000000000       0x18 drivers/Src/STM32F407xx_SPI_Driver.o
 .debug_macro   0x0000000000000000       0x3c drivers/Src/STM32F407xx_SPI_Driver.o
 .debug_macro   0x0000000000000000       0x34 drivers/Src/STM32F407xx_SPI_Driver.o
 .debug_macro   0x0000000000000000      0x174 drivers/Src/STM32F407xx_SPI_Driver.o
 .debug_macro   0x0000000000000000       0x52 drivers/Src/STM32F407xx_SPI_Driver.o
 .debug_macro   0x0000000000000000       0x1f drivers/Src/STM32F407xx_SPI_Driver.o
 .debug_macro   0x0000000000000000       0x43 drivers/Src/STM32F407xx_SPI_Driver.o
 .debug_macro   0x0000000000000000       0x20 drivers/Src/STM32F407xx_SPI_Driver.o
 .debug_macro   0x0000000000000000      0x1a3 drivers/Src/STM32F407xx_SPI_Driver.o
 .debug_macro   0x0000000000000000      0x330 drivers/Src/STM32F407xx_SPI_Driver.o
 .debug_macro   0x0000000000000000       0x10 drivers/Src/STM32F407xx_SPI_Driver.o
 .debug_macro   0x0000000000000000       0x35 drivers/Src/STM32F407xx_SPI_Driver.o
 .debug_macro   0x0000000000000000       0x20 drivers/Src/STM32F407xx_SPI_Driver.o
 .debug_macro   0x0000000000000000       0x16 drivers/Src/STM32F407xx_SPI_Driver.o
 .debug_macro   0x0000000000000000       0x16 drivers/Src/STM32F407xx_SPI_Driver.o
 .debug_macro   0x0000000000000000       0x29 drivers/Src/STM32F407xx_SPI_Driver.o
 .debug_macro   0x0000000000000000      0x4c7 drivers/Src/STM32F407xx_SPI_Driver.o
 .debug_macro   0x0000000000000000      0x15c drivers/Src/STM32F407xx_SPI_Driver.o
 .group         0x0000000000000000        0xc drivers/Src/gpio_driver.o
 .group         0x0000000000000000        0xc drivers/Src/gpio_driver.o
 .group         0x0000000000000000        0xc drivers/Src/gpio_driver.o
 .group         0x0000000000000000        0xc drivers/Src/gpio_driver.o
 .group         0x0000000000000000        0xc drivers/Src/gpio_driver.o
 .group         0x0000000000000000        0xc drivers/Src/gpio_driver.o
 .group         0x0000000000000000        0xc drivers/Src/gpio_driver.o
 .group         0x0000000000000000        0xc drivers/Src/gpio_driver.o
 .group         0x0000000000000000        0xc drivers/Src/gpio_driver.o
 .group         0x0000000000000000        0xc drivers/Src/gpio_driver.o
 .group         0x0000000000000000        0xc drivers/Src/gpio_driver.o
 .group         0x0000000000000000        0xc drivers/Src/gpio_driver.o
 .group         0x0000000000000000        0xc drivers/Src/gpio_driver.o
 .group         0x0000000000000000        0xc drivers/Src/gpio_driver.o
 .group         0x0000000000000000        0xc drivers/Src/gpio_driver.o
 .group         0x0000000000000000        0xc drivers/Src/gpio_driver.o
 .group         0x0000000000000000        0xc drivers/Src/gpio_driver.o
 .group         0x0000000000000000        0xc drivers/Src/gpio_driver.o
 .group         0x0000000000000000        0xc drivers/Src/gpio_driver.o
 .group         0x0000000000000000        0xc drivers/Src/gpio_driver.o
 .group         0x0000000000000000        0xc drivers/Src/gpio_driver.o
 .group         0x0000000000000000        0xc drivers/Src/gpio_driver.o
 .group         0x0000000000000000        0xc drivers/Src/gpio_driver.o
 .group         0x0000000000000000        0xc drivers/Src/gpio_driver.o
 .group         0x0000000000000000        0xc drivers/Src/gpio_driver.o
 .group         0x0000000000000000        0xc drivers/Src/gpio_driver.o
 .group         0x0000000000000000        0xc drivers/Src/gpio_driver.o
 .text          0x0000000000000000        0x0 drivers/Src/gpio_driver.o
 .data          0x0000000000000000        0x0 drivers/Src/gpio_driver.o
 .bss           0x0000000000000000        0x0 drivers/Src/gpio_driver.o
 .text.GPIO_DeInit
                0x0000000000000000      0x1b8 drivers/Src/gpio_driver.o
 .text.GPIO_ReadFromInputPort
                0x0000000000000000       0x1a drivers/Src/gpio_driver.o
 .text.GPIO_WriteToOutputPin
                0x0000000000000000       0x34 drivers/Src/gpio_driver.o
 .text.GPIO_WriteToOutputPort
                0x0000000000000000       0x1e drivers/Src/gpio_driver.o
 .text.GPIO_ToggleOutputPin
                0x0000000000000000       0x34 drivers/Src/gpio_driver.o
 .text.GPIO_IRQITConfig
                0x0000000000000000       0x88 drivers/Src/gpio_driver.o
 .text.GPIO_IRQPriorityConfig
                0x0000000000000000       0x56 drivers/Src/gpio_driver.o
 .text.GPIO_IRQHandling
                0x0000000000000000       0x3c drivers/Src/gpio_driver.o
 .debug_macro   0x0000000000000000      0xa66 drivers/Src/gpio_driver.o
 .debug_macro   0x0000000000000000       0x22 drivers/Src/gpio_driver.o
 .debug_macro   0x0000000000000000       0x8e drivers/Src/gpio_driver.o
 .debug_macro   0x0000000000000000       0x51 drivers/Src/gpio_driver.o
 .debug_macro   0x0000000000000000       0xef drivers/Src/gpio_driver.o
 .debug_macro   0x0000000000000000       0x6a drivers/Src/gpio_driver.o
 .debug_macro   0x0000000000000000      0x1df drivers/Src/gpio_driver.o
 .debug_macro   0x0000000000000000       0x46 drivers/Src/gpio_driver.o
 .debug_macro   0x0000000000000000       0x18 drivers/Src/gpio_driver.o
 .debug_macro   0x0000000000000000       0x3c drivers/Src/gpio_driver.o
 .debug_macro   0x0000000000000000       0x34 drivers/Src/gpio_driver.o
 .debug_macro   0x0000000000000000      0x174 drivers/Src/gpio_driver.o
 .debug_macro   0x0000000000000000       0x52 drivers/Src/gpio_driver.o
 .debug_macro   0x0000000000000000       0x1f drivers/Src/gpio_driver.o
 .debug_macro   0x0000000000000000       0x43 drivers/Src/gpio_driver.o
 .debug_macro   0x0000000000000000       0x20 drivers/Src/gpio_driver.o
 .debug_macro   0x0000000000000000      0x1a3 drivers/Src/gpio_driver.o
 .debug_macro   0x0000000000000000      0x330 drivers/Src/gpio_driver.o
 .debug_macro   0x0000000000000000       0x10 drivers/Src/gpio_driver.o
 .debug_macro   0x0000000000000000       0x35 drivers/Src/gpio_driver.o
 .debug_macro   0x0000000000000000       0x20 drivers/Src/gpio_driver.o
 .debug_macro   0x0000000000000000       0x16 drivers/Src/gpio_driver.o
 .debug_macro   0x0000000000000000       0x16 drivers/Src/gpio_driver.o
 .debug_macro   0x0000000000000000       0x29 drivers/Src/gpio_driver.o
 .debug_macro   0x0000000000000000      0x4c7 drivers/Src/gpio_driver.o
 .debug_macro   0x0000000000000000       0xac drivers/Src/gpio_driver.o
 .debug_macro   0x0000000000000000      0x15c drivers/Src/gpio_driver.o
 .text          0x0000000000000000        0x0 c:/st/stm32cubeide_1.3.0/stm32cubeide/plugins/com.st.stm32cube.ide.mcu.externaltools.gnu-tools-for-stm32.7-2018-q2-update.win32_1.0.0.201904181610/tools/bin/../lib/gcc/arm-none-eabi/7.3.1/../../../../arm-none-eabi/lib/thumb/v7e-m/fpv4-sp/hard\libc_nano.a(lib_a-errno.o)
 .data          0x0000000000000000        0x0 c:/st/stm32cubeide_1.3.0/stm32cubeide/plugins/com.st.stm32cube.ide.mcu.externaltools.gnu-tools-for-stm32.7-2018-q2-update.win32_1.0.0.201904181610/tools/bin/../lib/gcc/arm-none-eabi/7.3.1/../../../../arm-none-eabi/lib/thumb/v7e-m/fpv4-sp/hard\libc_nano.a(lib_a-errno.o)
 .bss           0x0000000000000000        0x0 c:/st/stm32cubeide_1.3.0/stm32cubeide/plugins/com.st.stm32cube.ide.mcu.externaltools.gnu-tools-for-stm32.7-2018-q2-update.win32_1.0.0.201904181610/tools/bin/../lib/gcc/arm-none-eabi/7.3.1/../../../../arm-none-eabi/lib/thumb/v7e-m/fpv4-sp/hard\libc_nano.a(lib_a-errno.o)
 .text.__errno  0x0000000000000000        0xc c:/st/stm32cubeide_1.3.0/stm32cubeide/plugins/com.st.stm32cube.ide.mcu.externaltools.gnu-tools-for-stm32.7-2018-q2-update.win32_1.0.0.201904181610/tools/bin/../lib/gcc/arm-none-eabi/7.3.1/../../../../arm-none-eabi/lib/thumb/v7e-m/fpv4-sp/hard\libc_nano.a(lib_a-errno.o)
 .debug_frame   0x0000000000000000       0x20 c:/st/stm32cubeide_1.3.0/stm32cubeide/plugins/com.st.stm32cube.ide.mcu.externaltools.gnu-tools-for-stm32.7-2018-q2-update.win32_1.0.0.201904181610/tools/bin/../lib/gcc/arm-none-eabi/7.3.1/../../../../arm-none-eabi/lib/thumb/v7e-m/fpv4-sp/hard\libc_nano.a(lib_a-errno.o)
 .ARM.attributes
                0x0000000000000000       0x34 c:/st/stm32cubeide_1.3.0/stm32cubeide/plugins/com.st.stm32cube.ide.mcu.externaltools.gnu-tools-for-stm32.7-2018-q2-update.win32_1.0.0.201904181610/tools/bin/../lib/gcc/arm-none-eabi/7.3.1/../../../../arm-none-eabi/lib/thumb/v7e-m/fpv4-sp/hard\libc_nano.a(lib_a-errno.o)
 .text          0x0000000000000000        0x0 c:/st/stm32cubeide_1.3.0/stm32cubeide/plugins/com.st.stm32cube.ide.mcu.externaltools.gnu-tools-for-stm32.7-2018-q2-update.win32_1.0.0.201904181610/tools/bin/../lib/gcc/arm-none-eabi/7.3.1/../../../../arm-none-eabi/lib/thumb/v7e-m/fpv4-sp/hard\libc_nano.a(lib_a-exit.o)
 .data          0x0000000000000000        0x0 c:/st/stm32cubeide_1.3.0/stm32cubeide/plugins/com.st.stm32cube.ide.mcu.externaltools.gnu-tools-for-stm32.7-2018-q2-update.win32_1.0.0.201904181610/tools/bin/../lib/gcc/arm-none-eabi/7.3.1/../../../../arm-none-eabi/lib/thumb/v7e-m/fpv4-sp/hard\libc_nano.a(lib_a-exit.o)
 .bss           0x0000000000000000        0x0 c:/st/stm32cubeide_1.3.0/stm32cubeide/plugins/com.st.stm32cube.ide.mcu.externaltools.gnu-tools-for-stm32.7-2018-q2-update.win32_1.0.0.201904181610/tools/bin/../lib/gcc/arm-none-eabi/7.3.1/../../../../arm-none-eabi/lib/thumb/v7e-m/fpv4-sp/hard\libc_nano.a(lib_a-exit.o)
 .text.exit     0x0000000000000000       0x28 c:/st/stm32cubeide_1.3.0/stm32cubeide/plugins/com.st.stm32cube.ide.mcu.externaltools.gnu-tools-for-stm32.7-2018-q2-update.win32_1.0.0.201904181610/tools/bin/../lib/gcc/arm-none-eabi/7.3.1/../../../../arm-none-eabi/lib/thumb/v7e-m/fpv4-sp/hard\libc_nano.a(lib_a-exit.o)
 .debug_frame   0x0000000000000000       0x28 c:/st/stm32cubeide_1.3.0/stm32cubeide/plugins/com.st.stm32cube.ide.mcu.externaltools.gnu-tools-for-stm32.7-2018-q2-update.win32_1.0.0.201904181610/tools/bin/../lib/gcc/arm-none-eabi/7.3.1/../../../../arm-none-eabi/lib/thumb/v7e-m/fpv4-sp/hard\libc_nano.a(lib_a-exit.o)
 .ARM.attributes
                0x0000000000000000       0x34 c:/st/stm32cubeide_1.3.0/stm32cubeide/plugins/com.st.stm32cube.ide.mcu.externaltools.gnu-tools-for-stm32.7-2018-q2-update.win32_1.0.0.201904181610/tools/bin/../lib/gcc/arm-none-eabi/7.3.1/../../../../arm-none-eabi/lib/thumb/v7e-m/fpv4-sp/hard\libc_nano.a(lib_a-exit.o)
 .text          0x0000000000000000        0x0 c:/st/stm32cubeide_1.3.0/stm32cubeide/plugins/com.st.stm32cube.ide.mcu.externaltools.gnu-tools-for-stm32.7-2018-q2-update.win32_1.0.0.201904181610/tools/bin/../lib/gcc/arm-none-eabi/7.3.1/../../../../arm-none-eabi/lib/thumb/v7e-m/fpv4-sp/hard\libc_nano.a(lib_a-impure.o)
 .data          0x0000000000000000        0x0 c:/st/stm32cubeide_1.3.0/stm32cubeide/plugins/com.st.stm32cube.ide.mcu.externaltools.gnu-tools-for-stm32.7-2018-q2-update.win32_1.0.0.201904181610/tools/bin/../lib/gcc/arm-none-eabi/7.3.1/../../../../arm-none-eabi/lib/thumb/v7e-m/fpv4-sp/hard\libc_nano.a(lib_a-impure.o)
 .bss           0x0000000000000000        0x0 c:/st/stm32cubeide_1.3.0/stm32cubeide/plugins/com.st.stm32cube.ide.mcu.externaltools.gnu-tools-for-stm32.7-2018-q2-update.win32_1.0.0.201904181610/tools/bin/../lib/gcc/arm-none-eabi/7.3.1/../../../../arm-none-eabi/lib/thumb/v7e-m/fpv4-sp/hard\libc_nano.a(lib_a-impure.o)
 .data._impure_ptr
                0x0000000000000000        0x4 c:/st/stm32cubeide_1.3.0/stm32cubeide/plugins/com.st.stm32cube.ide.mcu.externaltools.gnu-tools-for-stm32.7-2018-q2-update.win32_1.0.0.201904181610/tools/bin/../lib/gcc/arm-none-eabi/7.3.1/../../../../arm-none-eabi/lib/thumb/v7e-m/fpv4-sp/hard\libc_nano.a(lib_a-impure.o)
 .data.impure_data
                0x0000000000000000       0x60 c:/st/stm32cubeide_1.3.0/stm32cubeide/plugins/com.st.stm32cube.ide.mcu.externaltools.gnu-tools-for-stm32.7-2018-q2-update.win32_1.0.0.201904181610/tools/bin/../lib/gcc/arm-none-eabi/7.3.1/../../../../arm-none-eabi/lib/thumb/v7e-m/fpv4-sp/hard\libc_nano.a(lib_a-impure.o)
 .rodata._global_impure_ptr
                0x0000000000000000        0x4 c:/st/stm32cubeide_1.3.0/stm32cubeide/plugins/com.st.stm32cube.ide.mcu.externaltools.gnu-tools-for-stm32.7-2018-q2-update.win32_1.0.0.201904181610/tools/bin/../lib/gcc/arm-none-eabi/7.3.1/../../../../arm-none-eabi/lib/thumb/v7e-m/fpv4-sp/hard\libc_nano.a(lib_a-impure.o)
 .ARM.attributes
                0x0000000000000000       0x34 c:/st/stm32cubeide_1.3.0/stm32cubeide/plugins/com.st.stm32cube.ide.mcu.externaltools.gnu-tools-for-stm32.7-2018-q2-update.win32_1.0.0.201904181610/tools/bin/../lib/gcc/arm-none-eabi/7.3.1/../../../../arm-none-eabi/lib/thumb/v7e-m/fpv4-sp/hard\libc_nano.a(lib_a-impure.o)
 .text          0x0000000000000000        0x0 c:/st/stm32cubeide_1.3.0/stm32cubeide/plugins/com.st.stm32cube.ide.mcu.externaltools.gnu-tools-for-stm32.7-2018-q2-update.win32_1.0.0.201904181610/tools/bin/../lib/gcc/arm-none-eabi/7.3.1/../../../../arm-none-eabi/lib/thumb/v7e-m/fpv4-sp/hard\libc_nano.a(lib_a-init.o)
 .data          0x0000000000000000        0x0 c:/st/stm32cubeide_1.3.0/stm32cubeide/plugins/com.st.stm32cube.ide.mcu.externaltools.gnu-tools-for-stm32.7-2018-q2-update.win32_1.0.0.201904181610/tools/bin/../lib/gcc/arm-none-eabi/7.3.1/../../../../arm-none-eabi/lib/thumb/v7e-m/fpv4-sp/hard\libc_nano.a(lib_a-init.o)
 .bss           0x0000000000000000        0x0 c:/st/stm32cubeide_1.3.0/stm32cubeide/plugins/com.st.stm32cube.ide.mcu.externaltools.gnu-tools-for-stm32.7-2018-q2-update.win32_1.0.0.201904181610/tools/bin/../lib/gcc/arm-none-eabi/7.3.1/../../../../arm-none-eabi/lib/thumb/v7e-m/fpv4-sp/hard\libc_nano.a(lib_a-init.o)
 .text          0x0000000000000000        0x0 c:/st/stm32cubeide_1.3.0/stm32cubeide/plugins/com.st.stm32cube.ide.mcu.externaltools.gnu-tools-for-stm32.7-2018-q2-update.win32_1.0.0.201904181610/tools/bin/../lib/gcc/arm-none-eabi/7.3.1/../../../../arm-none-eabi/lib/thumb/v7e-m/fpv4-sp/hard\libc_nano.a(lib_a-memset.o)
 .data          0x0000000000000000        0x0 c:/st/stm32cubeide_1.3.0/stm32cubeide/plugins/com.st.stm32cube.ide.mcu.externaltools.gnu-tools-for-stm32.7-2018-q2-update.win32_1.0.0.201904181610/tools/bin/../lib/gcc/arm-none-eabi/7.3.1/../../../../arm-none-eabi/lib/thumb/v7e-m/fpv4-sp/hard\libc_nano.a(lib_a-memset.o)
 .bss           0x0000000000000000        0x0 c:/st/stm32cubeide_1.3.0/stm32cubeide/plugins/com.st.stm32cube.ide.mcu.externaltools.gnu-tools-for-stm32.7-2018-q2-update.win32_1.0.0.201904181610/tools/bin/../lib/gcc/arm-none-eabi/7.3.1/../../../../arm-none-eabi/lib/thumb/v7e-m/fpv4-sp/hard\libc_nano.a(lib_a-memset.o)
 .data          0x0000000000000000        0x0 c:/st/stm32cubeide_1.3.0/stm32cubeide/plugins/com.st.stm32cube.ide.mcu.externaltools.gnu-tools-for-stm32.7-2018-q2-update.win32_1.0.0.201904181610/tools/bin/../lib/gcc/arm-none-eabi/7.3.1/../../../../arm-none-eabi/lib/thumb/v7e-m/fpv4-sp/hard\libc_nano.a(lib_a-strlen.o)
 .bss           0x0000000000000000        0x0 c:/st/stm32cubeide_1.3.0/stm32cubeide/plugins/com.st.stm32cube.ide.mcu.externaltools.gnu-tools-for-stm32.7-2018-q2-update.win32_1.0.0.201904181610/tools/bin/../lib/gcc/arm-none-eabi/7.3.1/../../../../arm-none-eabi/lib/thumb/v7e-m/fpv4-sp/hard\libc_nano.a(lib_a-strlen.o)
 .text          0x0000000000000000        0x0 c:/st/stm32cubeide_1.3.0/stm32cubeide/plugins/com.st.stm32cube.ide.mcu.externaltools.gnu-tools-for-stm32.7-2018-q2-update.win32_1.0.0.201904181610/tools/bin/../lib/gcc/arm-none-eabi/7.3.1/thumb/v7e-m/fpv4-sp/hard/crtend.o
 .data          0x0000000000000000        0x0 c:/st/stm32cubeide_1.3.0/stm32cubeide/plugins/com.st.stm32cube.ide.mcu.externaltools.gnu-tools-for-stm32.7-2018-q2-update.win32_1.0.0.201904181610/tools/bin/../lib/gcc/arm-none-eabi/7.3.1/thumb/v7e-m/fpv4-sp/hard/crtend.o
 .bss           0x0000000000000000        0x0 c:/st/stm32cubeide_1.3.0/stm32cubeide/plugins/com.st.stm32cube.ide.mcu.externaltools.gnu-tools-for-stm32.7-2018-q2-update.win32_1.0.0.201904181610/tools/bin/../lib/gcc/arm-none-eabi/7.3.1/thumb/v7e-m/fpv4-sp/hard/crtend.o
 .eh_frame      0x0000000000000000        0x4 c:/st/stm32cubeide_1.3.0/stm32cubeide/plugins/com.st.stm32cube.ide.mcu.externaltools.gnu-tools-for-stm32.7-2018-q2-update.win32_1.0.0.201904181610/tools/bin/../lib/gcc/arm-none-eabi/7.3.1/thumb/v7e-m/fpv4-sp/hard/crtend.o
 .ARM.attributes
                0x0000000000000000       0x34 c:/st/stm32cubeide_1.3.0/stm32cubeide/plugins/com.st.stm32cube.ide.mcu.externaltools.gnu-tools-for-stm32.7-2018-q2-update.win32_1.0.0.201904181610/tools/bin/../lib/gcc/arm-none-eabi/7.3.1/thumb/v7e-m/fpv4-sp/hard/crtend.o
 .text          0x0000000000000000        0x0 c:/st/stm32cubeide_1.3.0/stm32cubeide/plugins/com.st.stm32cube.ide.mcu.externaltools.gnu-tools-for-stm32.7-2018-q2-update.win32_1.0.0.201904181610/tools/bin/../lib/gcc/arm-none-eabi/7.3.1/thumb/v7e-m/fpv4-sp/hard/crtn.o
 .data          0x0000000000000000        0x0 c:/st/stm32cubeide_1.3.0/stm32cubeide/plugins/com.st.stm32cube.ide.mcu.externaltools.gnu-tools-for-stm32.7-2018-q2-update.win32_1.0.0.201904181610/tools/bin/../lib/gcc/arm-none-eabi/7.3.1/thumb/v7e-m/fpv4-sp/hard/crtn.o
 .bss           0x0000000000000000        0x0 c:/st/stm32cubeide_1.3.0/stm32cubeide/plugins/com.st.stm32cube.ide.mcu.externaltools.gnu-tools-for-stm32.7-2018-q2-update.win32_1.0.0.201904181610/tools/bin/../lib/gcc/arm-none-eabi/7.3.1/thumb/v7e-m/fpv4-sp/hard/crtn.o

Memory Configuration

Name             Origin             Length             Attributes
RAM              0x0000000020000000 0x0000000000020000 xrw
ROM              0x0000000008000000 0x0000000000100000 xr
*default*        0x0000000000000000 0xffffffffffffffff

Linker script and memory map

LOAD c:/st/stm32cubeide_1.3.0/stm32cubeide/plugins/com.st.stm32cube.ide.mcu.externaltools.gnu-tools-for-stm32.7-2018-q2-update.win32_1.0.0.201904181610/tools/bin/../lib/gcc/arm-none-eabi/7.3.1/thumb/v7e-m/fpv4-sp/hard/crti.o
LOAD c:/st/stm32cubeide_1.3.0/stm32cubeide/plugins/com.st.stm32cube.ide.mcu.externaltools.gnu-tools-for-stm32.7-2018-q2-update.win32_1.0.0.201904181610/tools/bin/../lib/gcc/arm-none-eabi/7.3.1/thumb/v7e-m/fpv4-sp/hard/crtbegin.o
LOAD c:/st/stm32cubeide_1.3.0/stm32cubeide/plugins/com.st.stm32cube.ide.mcu.externaltools.gnu-tools-for-stm32.7-2018-q2-update.win32_1.0.0.201904181610/tools/bin/../lib/gcc/arm-none-eabi/7.3.1/../../../../arm-none-eabi/lib/thumb/v7e-m/fpv4-sp/hard/crt0.o
LOAD Src/009SPIMasterArduinoSlave.o
LOAD Src/syscalls.o
LOAD Src/sysmem.o
LOAD Startup/startup_stm32f407vgtx.o
LOAD drivers/Src/STM32F407xx_SPI_Driver.o
LOAD drivers/Src/gpio_driver.o
START GROUP
LOAD c:/st/stm32cubeide_1.3.0/stm32cubeide/plugins/com.st.stm32cube.ide.mcu.externaltools.gnu-tools-for-stm32.7-2018-q2-update.win32_1.0.0.201904181610/tools/bin/../lib/gcc/arm-none-eabi/7.3.1/../../../../arm-none-eabi/lib/thumb/v7e-m/fpv4-sp/hard\libc_nano.a
LOAD c:/st/stm32cubeide_1.3.0/stm32cubeide/plugins/com.st.stm32cube.ide.mcu.externaltools.gnu-tools-for-stm32.7-2018-q2-update.win32_1.0.0.201904181610/tools/bin/../lib/gcc/arm-none-eabi/7.3.1/../../../../arm-none-eabi/lib/thumb/v7e-m/fpv4-sp/hard\libm.a
END GROUP
START GROUP
LOAD c:/st/stm32cubeide_1.3.0/stm32cubeide/plugins/com.st.stm32cube.ide.mcu.externaltools.gnu-tools-for-stm32.7-2018-q2-update.win32_1.0.0.201904181610/tools/bin/../lib/gcc/arm-none-eabi/7.3.1/thumb/v7e-m/fpv4-sp/hard\libgcc.a
LOAD c:/st/stm32cubeide_1.3.0/stm32cubeide/plugins/com.st.stm32cube.ide.mcu.externaltools.gnu-tools-for-stm32.7-2018-q2-update.win32_1.0.0.201904181610/tools/bin/../lib/gcc/arm-none-eabi/7.3.1/../../../../arm-none-eabi/lib/thumb/v7e-m/fpv4-sp/hard\libc_nano.a
END GROUP
START GROUP
LOAD c:/st/stm32cubeide_1.3.0/stm32cubeide/plugins/com.st.stm32cube.ide.mcu.externaltools.gnu-tools-for-stm32.7-2018-q2-update.win32_1.0.0.201904181610/tools/bin/../lib/gcc/arm-none-eabi/7.3.1/thumb/v7e-m/fpv4-sp/hard\libgcc.a
LOAD c:/st/stm32cubeide_1.3.0/stm32cubeide/plugins/com.st.stm32cube.ide.mcu.externaltools.gnu-tools-for-stm32.7-2018-q2-update.win32_1.0.0.201904181610/tools/bin/../lib/gcc/arm-none-eabi/7.3.1/../../../../arm-none-eabi/lib/thumb/v7e-m/fpv4-sp/hard\libc_nano.a
LOAD c:/st/stm32cubeide_1.3.0/stm32cubeide/plugins/com.st.stm32cube.ide.mcu.externaltools.gnu-tools-for-stm32.7-2018-q2-update.win32_1.0.0.201904181610/tools/bin/../lib/gcc/arm-none-eabi/7.3.1/../../../../arm-none-eabi/lib/thumb/v7e-m/fpv4-sp/hard\libnosys.a
END GROUP
START GROUP
LOAD c:/st/stm32cubeide_1.3.0/stm32cubeide/plugins/com.st.stm32cube.ide.mcu.externaltools.gnu-tools-for-stm32.7-2018-q2-update.win32_1.0.0.201904181610/tools/bin/../lib/gcc/arm-none-eabi/7.3.1/thumb/v7e-m/fpv4-sp/hard\libgcc.a
LOAD c:/st/stm32cubeide_1.3.0/stm32cubeide/plugins/com.st.stm32cube.ide.mcu.externaltools.gnu-tools-for-stm32.7-2018-q2-update.win32_1.0.0.201904181610/tools/bin/../lib/gcc/arm-none-eabi/7.3.1/../../../../arm-none-eabi/lib/thumb/v7e-m/fpv4-sp/hard\libc_nano.a
LOAD c:/st/stm32cubeide_1.3.0/stm32cubeide/plugins/com.st.stm32cube.ide.mcu.externaltools.gnu-tools-for-stm32.7-2018-q2-update.win32_1.0.0.201904181610/tools/bin/../lib/gcc/arm-none-eabi/7.3.1/../../../../arm-none-eabi/lib/thumb/v7e-m/fpv4-sp/hard\libnosys.a
END GROUP
LOAD c:/st/stm32cubeide_1.3.0/stm32cubeide/plugins/com.st.stm32cube.ide.mcu.externaltools.gnu-tools-for-stm32.7-2018-q2-update.win32_1.0.0.201904181610/tools/bin/../lib/gcc/arm-none-eabi/7.3.1/thumb/v7e-m/fpv4-sp/hard/crtend.o
LOAD c:/st/stm32cubeide_1.3.0/stm32cubeide/plugins/com.st.stm32cube.ide.mcu.externaltools.gnu-tools-for-stm32.7-2018-q2-update.win32_1.0.0.201904181610/tools/bin/../lib/gcc/arm-none-eabi/7.3.1/thumb/v7e-m/fpv4-sp/hard/crtn.o
                0x0000000020020000                _estack = (ORIGIN (RAM) + LENGTH (RAM))
                0x0000000000000200                _Min_Heap_Size = 0x200
                0x0000000000000400                _Min_Stack_Size = 0x400

.isr_vector     0x0000000008000000      0x1a8
                0x0000000008000000                . = ALIGN (0x4)
 *(.isr_vector)
 .isr_vector    0x0000000008000000      0x1a8 Startup/startup_stm32f407vgtx.o
                0x0000000008000000                g_pfnVectors
                0x00000000080001a8                . = ALIGN (0x4)

.text           0x00000000080001a8      0x9cc
                0x00000000080001a8                . = ALIGN (0x4)
 *(.text)
 .text          0x00000000080001a8       0x40 c:/st/stm32cubeide_1.3.0/stm32cubeide/plugins/com.st.stm32cube.ide.mcu.externaltools.gnu-tools-for-stm32.7-2018-q2-update.win32_1.0.0.201904181610/tools/bin/../lib/gcc/arm-none-eabi/7.3.1/thumb/v7e-m/fpv4-sp/hard/crtbegin.o
 .text          0x00000000080001e8       0x10 c:/st/stm32cubeide_1.3.0/stm32cubeide/plugins/com.st.stm32cube.ide.mcu.externaltools.gnu-tools-for-stm32.7-2018-q2-update.win32_1.0.0.201904181610/tools/bin/../lib/gcc/arm-none-eabi/7.3.1/../../../../arm-none-eabi/lib/thumb/v7e-m/fpv4-sp/hard\libc_nano.a(lib_a-strlen.o)
                0x00000000080001e8                strlen
 *(.text*)
 .text.main     0x00000000080001f8       0xc0 Src/009SPIMasterArduinoSlave.o
                0x00000000080001f8                main
 .text.GPIO_ButtonInit
                0x00000000080002b8       0x40 Src/009SPIMasterArduinoSlave.o
                0x00000000080002b8                GPIO_ButtonInit
 .text.SPI_GPIOInit
                0x00000000080002f8       0x48 Src/009SPIMasterArduinoSlave.o
                0x00000000080002f8                SPI_GPIOInit
 .text.SPI_MasterInit
                0x0000000008000340       0x4c Src/009SPIMasterArduinoSlave.o
                0x0000000008000340                SPI_MasterInit
 .text.delay    0x000000000800038c       0x2c Src/009SPIMasterArduinoSlave.o
                0x000000000800038c                delay
 .text.Reset_Handler
                0x00000000080003b8       0x50 Startup/startup_stm32f407vgtx.o
                0x00000000080003b8                Reset_Handler
 .text.Default_Handler
                0x0000000008000408        0x2 Startup/startup_stm32f407vgtx.o
                0x0000000008000408                RTC_Alarm_IRQHandler
                0x0000000008000408                HASH_RNG_IRQHandler
                0x0000000008000408                EXTI2_IRQHandler
                0x0000000008000408                TIM8_CC_IRQHandler
                0x0000000008000408                DebugMon_Handler
                0x0000000008000408                TIM1_CC_IRQHandler
                0x0000000008000408                DMA2_Stream5_IRQHandler
                0x0000000008000408                HardFault_Handler
                0x0000000008000408                DMA1_Stream5_IRQHandler
                0x0000000008000408                SysTick_Handler
                0x0000000008000408                PVD_IRQHandler
                0x0000000008000408                SDIO_IRQHandler
                0x0000000008000408                TAMP_STAMP_IRQHandler
                0x0000000008000408                PendSV_Handler
                0x0000000008000408                NMI_Handler
                0x0000000008000408                CAN2_RX1_IRQHandler
                0x0000000008000408                EXTI3_IRQHandler
                0x0000000008000408                TIM8_TRG_COM_TIM14_IRQHandler
                0x0000000008000408                TIM1_UP_TIM10_IRQHandler
                0x0000000008000408                TIM8_UP_TIM13_IRQHandler
                0x0000000008000408                I2C3_ER_IRQHandler
                0x0000000008000408                LCD_TFT_IRQHandler
                0x0000000008000408                EXTI0_IRQHandler
                0x0000000008000408                I2C2_EV_IRQHandler
                0x0000000008000408                DMA1_Stream2_IRQHandler
                0x0000000008000408                CAN1_RX0_IRQHandler
                0x0000000008000408                FPU_IRQHandler
                0x0000000008000408                OTG_HS_WKUP_IRQHandler
                0x0000000008000408                UsageFault_Handler
                0x0000000008000408                CAN2_SCE_IRQHandler
                0x0000000008000408                DMA2_Stream2_IRQHandler
                0x0000000008000408                SPI1_IRQHandler
                0x0000000008000408                TIM6_DAC_IRQHandler
                0x0000000008000408                TIM1_BRK_TIM9_IRQHandler
                0x0000000008000408                DCMI_IRQHandler
                0x0000000008000408                CAN2_RX0_IRQHandler
                0x0000000008000408                DMA2_Stream3_IRQHandler
                0x0000000008000408                USART6_IRQHandler
                0x0000000008000408                USART3_IRQHandler
                0x0000000008000408                CRYP_IRQHandler
                0x0000000008000408                CAN1_RX1_IRQHandler
                0x0000000008000408                UART5_IRQHandler
                0x0000000008000408                DMA2_Stream0_IRQHandler
                0x0000000008000408                TIM4_IRQHandler
                0x0000000008000408                I2C1_EV_IRQHandler
                0x0000000008000408                DMA1_Stream6_IRQHandler
                0x0000000008000408                DMA1_Stream1_IRQHandler
                0x0000000008000408                UART4_IRQHandler
                0x0000000008000408                LCD_TFT_1_IRQHandler
                0x0000000008000408                TIM3_IRQHandler
                0x0000000008000408                RCC_IRQHandler
                0x0000000008000408                TIM8_BRK_TIM12_IRQHandler
                0x0000000008000408                Default_Handler
                0x0000000008000408                EXTI15_10_IRQHandler
                0x0000000008000408                ADC_IRQHandler
                0x0000000008000408                DMA1_Stream7_IRQHandler
                0x0000000008000408                TIM7_IRQHandler
                0x0000000008000408                CAN2_TX_IRQHandler
                0x0000000008000408                TIM5_IRQHandler
                0x0000000008000408                DMA2_Stream7_IRQHandler
                0x0000000008000408                I2C3_EV_IRQHandler
                0x0000000008000408                EXTI9_5_IRQHandler
                0x0000000008000408                RTC_WKUP_IRQHandler
                0x0000000008000408                ETH_WKUP_IRQHandler
                0x0000000008000408                SPI2_IRQHandler
                0x0000000008000408                OTG_HS_EP1_IN_IRQHandler
                0x0000000008000408                MemManage_Handler
                0x0000000008000408                DMA1_Stream0_IRQHandler
                0x0000000008000408                CAN1_TX_IRQHandler
                0x0000000008000408                SVC_Handler
                0x0000000008000408                EXTI4_IRQHandler
                0x0000000008000408                FSMC_IRQHandler
                0x0000000008000408                ETH_IRQHandler
                0x0000000008000408                OTG_HS_EP1_OUT_IRQHandler
                0x0000000008000408                WWDG_IRQHandler
                0x0000000008000408                TIM2_IRQHandler
                0x0000000008000408                OTG_FS_WKUP_IRQHandler
                0x0000000008000408                TIM1_TRG_COM_TIM11_IRQHandler
                0x0000000008000408                OTG_HS_IRQHandler
                0x0000000008000408                EXTI1_IRQHandler
                0x0000000008000408                USART2_IRQHandler
                0x0000000008000408                I2C2_ER_IRQHandler
                0x0000000008000408                DMA2_Stream1_IRQHandler
                0x0000000008000408                CAN1_SCE_IRQHandler
                0x0000000008000408                DMA2_Stream4_IRQHandler
                0x0000000008000408                BusFault_Handler
                0x0000000008000408                USART1_IRQHandler
                0x0000000008000408                OTG_FS_IRQHandler
                0x0000000008000408                SPI3_IRQHandler
                0x0000000008000408                DMA1_Stream4_IRQHandler
                0x0000000008000408                I2C1_ER_IRQHandler
                0x0000000008000408                DMA2_Stream6_IRQHandler
                0x0000000008000408                DMA1_Stream3_IRQHandler
 *fill*         0x000000000800040a        0x2 
 .text.SPI_PeriClkCtrl
                0x000000000800040c       0x9c drivers/Src/STM32F407xx_SPI_Driver.o
                0x000000000800040c                SPI_PeriClkCtrl
 .text.SPI_Init
                0x00000000080004a8       0xe0 drivers/Src/STM32F407xx_SPI_Driver.o
                0x00000000080004a8                SPI_Init
 .text.SPI_PeripheralEnable
                0x0000000008000588       0x38 drivers/Src/STM32F407xx_SPI_Driver.o
                0x0000000008000588                SPI_PeripheralEnable
 .text.SPI_CheckStatusFlag
                0x00000000080005c0       0x2a drivers/Src/STM32F407xx_SPI_Driver.o
                0x00000000080005c0                SPI_CheckStatusFlag
 .text.SPI_SendData
                0x00000000080005ea       0x76 drivers/Src/STM32F407xx_SPI_Driver.o
                0x00000000080005ea                SPI_SendData
 .text.GPIO_PeriClkCtrl
                0x0000000008000660      0x21c drivers/Src/gpio_driver.o
                0x0000000008000660                GPIO_PeriClkCtrl
 .text.GPIO_Init
                0x000000000800087c      0x25c drivers/Src/gpio_driver.o
                0x000000000800087c                GPIO_Init
 .text.GPIO_ReadFromInputPin
                0x0000000008000ad8       0x2c drivers/Src/gpio_driver.o
                0x0000000008000ad8                GPIO_ReadFromInputPin
 .text.__libc_init_array
                0x0000000008000b04       0x48 c:/st/stm32cubeide_1.3.0/stm32cubeide/plugins/com.st.stm32cube.ide.mcu.externaltools.gnu-tools-for-stm32.7-2018-q2-update.win32_1.0.0.201904181610/tools/bin/../lib/gcc/arm-none-eabi/7.3.1/../../../../arm-none-eabi/lib/thumb/v7e-m/fpv4-sp/hard\libc_nano.a(lib_a-init.o)
                0x0000000008000b04                __libc_init_array
 .text.memset   0x0000000008000b4c       0x10 c:/st/stm32cubeide_1.3.0/stm32cubeide/plugins/com.st.stm32cube.ide.mcu.externaltools.gnu-tools-for-stm32.7-2018-q2-update.win32_1.0.0.201904181610/tools/bin/../lib/gcc/arm-none-eabi/7.3.1/../../../../arm-none-eabi/lib/thumb/v7e-m/fpv4-sp/hard\libc_nano.a(lib_a-memset.o)
                0x0000000008000b4c                memset
 *(.glue_7)
 .glue_7        0x0000000008000b5c        0x0 linker stubs
 *(.glue_7t)
 .glue_7t       0x0000000008000b5c        0x0 linker stubs
 *(.eh_frame)
 .eh_frame      0x0000000008000b5c        0x0 c:/st/stm32cubeide_1.3.0/stm32cubeide/plugins/com.st.stm32cube.ide.mcu.externaltools.gnu-tools-for-stm32.7-2018-q2-update.win32_1.0.0.201904181610/tools/bin/../lib/gcc/arm-none-eabi/7.3.1/thumb/v7e-m/fpv4-sp/hard/crtbegin.o
 *(.init)
 .init          0x0000000008000b5c        0x4 c:/st/stm32cubeide_1.3.0/stm32cubeide/plugins/com.st.stm32cube.ide.mcu.externaltools.gnu-tools-for-stm32.7-2018-q2-update.win32_1.0.0.201904181610/tools/bin/../lib/gcc/arm-none-eabi/7.3.1/thumb/v7e-m/fpv4-sp/hard/crti.o
                0x0000000008000b5c                _init
 .init          0x0000000008000b60        0x8 c:/st/stm32cubeide_1.3.0/stm32cubeide/plugins/com.st.stm32cube.ide.mcu.externaltools.gnu-tools-for-stm32.7-2018-q2-update.win32_1.0.0.201904181610/tools/bin/../lib/gcc/arm-none-eabi/7.3.1/thumb/v7e-m/fpv4-sp/hard/crtn.o
 *(.fini)
 .fini          0x0000000008000b68        0x4 c:/st/stm32cubeide_1.3.0/stm32cubeide/plugins/com.st.stm32cube.ide.mcu.externaltools.gnu-tools-for-stm32.7-2018-q2-update.win32_1.0.0.201904181610/tools/bin/../lib/gcc/arm-none-eabi/7.3.1/thumb/v7e-m/fpv4-sp/hard/crti.o
                0x0000000008000b68                _fini
 .fini          0x0000000008000b6c        0x8 c:/st/stm32cubeide_1.3.0/stm32cubeide/plugins/com.st.stm32cube.ide.mcu.externaltools.gnu-tools-for-stm32.7-2018-q2-update.win32_1.0.0.201904181610/tools/bin/../lib/gcc/arm-none-eabi/7.3.1/thumb/v7e-m/fpv4-sp/hard/crtn.o
                0x0000000008000b74                . = ALIGN (0x4)
                0x0000000008000b74                _etext = .

.vfp11_veneer   0x0000000008000b74        0x0
 .vfp11_veneer  0x0000000008000b74        0x0 linker stubs

.v4_bx          0x0000000008000b74        0x0
 .v4_bx         0x0000000008000b74        0x0 linker stubs

.iplt           0x0000000008000b74        0x0
 .iplt          0x0000000008000b74        0x0 c:/st/stm32cubeide_1.3.0/stm32cubeide/plugins/com.st.stm32cube.ide.mcu.externaltools.gnu-tools-for-stm32.7-2018-q2-update.win32_1.0.0.201904181610/tools/bin/../lib/gcc/arm-none-eabi/7.3.1/thumb/v7e-m/fpv4-sp/hard/crtbegin.o

.rodata         0x0000000008000b74        0xc
                0x0000000008000b74                . = ALIGN (0x4)
 *(.rodata)
 .rodata        0x0000000008000b74        0xc Src/009SPIMasterArduinoSlave.o
 *(.rodata*)
                0x0000000008000b80                . = ALIGN (0x4)

.rel.dyn        0x0000000008000b80        0x0
 .rel.iplt      0x0000000008000b80        0x0 c:/st/stm32cubeide_1.3.0/stm32cubeide/plugins/com.st.stm32cube.ide.mcu.externaltools.gnu-tools-for-stm32.7-2018-q2-update.win32_1.0.0.201904181610/tools/bin/../lib/gcc/arm-none-eabi/7.3.1/thumb/v7e-m/fpv4-sp/hard/crtbegin.o

.ARM.extab      0x0000000008000b80        0x0
                0x0000000008000b80                . = ALIGN (0x4)
 *(.ARM.extab* .gnu.linkonce.armextab.*)
                0x0000000008000b80                . = ALIGN (0x4)

.ARM            0x0000000008000b80        0x0
                0x0000000008000b80                . = ALIGN (0x4)
                0x0000000008000b80                __exidx_start = .
 *(.ARM.exidx*)
                0x0000000008000b80                __exidx_end = .
                0x0000000008000b80                . = ALIGN (0x4)

.preinit_array  0x0000000008000b80        0x0
                0x0000000008000b80                . = ALIGN (0x4)
                0x0000000008000b80                PROVIDE (__preinit_array_start = .)
 *(.preinit_array*)
                0x0000000008000b80                PROVIDE (__preinit_array_end = .)
                0x0000000008000b80                . = ALIGN (0x4)

.init_array     0x0000000008000b80        0x4
                0x0000000008000b80                . = ALIGN (0x4)
                0x0000000008000b80                PROVIDE (__init_array_start = .)
 *(SORT_BY_NAME(.init_array.*))
 *(.init_array*)
 .init_array    0x0000000008000b80        0x4 c:/st/stm32cubeide_1.3.0/stm32cubeide/plugins/com.st.stm32cube.ide.mcu.externaltools.gnu-tools-for-stm32.7-2018-q2-update.win32_1.0.0.201904181610/tools/bin/../lib/gcc/arm-none-eabi/7.3.1/thumb/v7e-m/fpv4-sp/hard/crtbegin.o
                0x0000000008000b84                PROVIDE (__init_array_end = .)
                0x0000000008000b84                . = ALIGN (0x4)

.fini_array     0x0000000008000b84        0x4
                0x0000000008000b84                . = ALIGN (0x4)
                [!provide]                        PROVIDE (__fini_array_start = .)
 *(SORT_BY_NAME(.fini_array.*))
 *(.fini_array*)
 .fini_array    0x0000000008000b84        0x4 c:/st/stm32cubeide_1.3.0/stm32cubeide/plugins/com.st.stm32cube.ide.mcu.externaltools.gnu-tools-for-stm32.7-2018-q2-update.win32_1.0.0.201904181610/tools/bin/../lib/gcc/arm-none-eabi/7.3.1/thumb/v7e-m/fpv4-sp/hard/crtbegin.o
                [!provide]                        PROVIDE (__fini_array_end = .)
                0x0000000008000b88                . = ALIGN (0x4)
                0x0000000008000b88                _sidata = LOADADDR (.data)

.data           0x0000000020000000        0x0 load address 0x0000000008000b88
                0x0000000020000000                . = ALIGN (0x4)
                0x0000000020000000                _sdata = .
 *(.data)
 *(.data*)
                0x0000000020000000                . = ALIGN (0x4)
                0x0000000020000000                _edata = .

.igot.plt       0x0000000020000000        0x0 load address 0x0000000008000b88
 .igot.plt      0x0000000020000000        0x0 c:/st/stm32cubeide_1.3.0/stm32cubeide/plugins/com.st.stm32cube.ide.mcu.externaltools.gnu-tools-for-stm32.7-2018-q2-update.win32_1.0.0.201904181610/tools/bin/../lib/gcc/arm-none-eabi/7.3.1/thumb/v7e-m/fpv4-sp/hard/crtbegin.o
                0x0000000020000000                . = ALIGN (0x4)

.bss            0x0000000020000000       0x1c load address 0x0000000008000b88
                0x0000000020000000                _sbss = .
                0x0000000020000000                __bss_start__ = _sbss
 *(.bss)
 .bss           0x0000000020000000       0x1c c:/st/stm32cubeide_1.3.0/stm32cubeide/plugins/com.st.stm32cube.ide.mcu.externaltools.gnu-tools-for-stm32.7-2018-q2-update.win32_1.0.0.201904181610/tools/bin/../lib/gcc/arm-none-eabi/7.3.1/thumb/v7e-m/fpv4-sp/hard/crtbegin.o
 *(.bss*)
 *(COMMON)
                0x000000002000001c                . = ALIGN (0x4)
                0x000000002000001c                _ebss = .
                0x000000002000001c                __bss_end__ = _ebss

._user_heap_stack
                0x000000002000001c      0x604 load address 0x0000000008000b88
                0x0000000020000020                . = ALIGN (0x8)
 *fill*         0x000000002000001c        0x4 
                0x0000000020000020                PROVIDE (end = .)
                [!provide]                        PROVIDE (_end = .)
                0x0000000020000220                . = (. + _Min_Heap_Size)
 *fill*         0x0000000020000020      0x200 
                0x0000000020000620                . = (. + _Min_Stack_Size)
 *fill*         0x0000000020000220      0x400 
                0x0000000020000620                . = ALIGN (0x8)

/DISCARD/
 libc.a(*)
 libm.a(*)
 libgcc.a(*)

.ARM.attributes
                0x0000000000000000       0x30
 *(.ARM.attributes)
 .ARM.attributes
                0x0000000000000000       0x22 c:/st/stm32cubeide_1.3.0/stm32cubeide/plugins/com.st.stm32cube.ide.mcu.externaltools.gnu-tools-for-stm32.7-2018-q2-update.win32_1.0.0.201904181610/tools/bin/../lib/gcc/arm-none-eabi/7.3.1/thumb/v7e-m/fpv4-sp/hard/crti.o
 .ARM.attributes
                0x0000000000000022       0x34 c:/st/stm32cubeide_1.3.0/stm32cubeide/plugins/com.st.stm32cube.ide.mcu.externaltools.gnu-tools-for-stm32.7-2018-q2-update.win32_1.0.0.201904181610/tools/bin/../lib/gcc/arm-none-eabi/7.3.1/thumb/v7e-m/fpv4-sp/hard/crtbegin.o
 .ARM.attributes
                0x0000000000000056       0x39 Src/009SPIMasterArduinoSlave.o
 .ARM.attributes
                0x000000000000008f       0x21 Startup/startup_stm32f407vgtx.o
 .ARM.attributes
                0x00000000000000b0       0x39 drivers/Src/STM32F407xx_SPI_Driver.o
 .ARM.attributes
                0x00000000000000e9       0x39 drivers/Src/gpio_driver.o
 .ARM.attributes
                0x0000000000000122       0x34 c:/st/stm32cubeide_1.3.0/stm32cubeide/plugins/com.st.stm32cube.ide.mcu.externaltools.gnu-tools-for-stm32.7-2018-q2-update.win32_1.0.0.201904181610/tools/bin/../lib/gcc/arm-none-eabi/7.3.1/../../../../arm-none-eabi/lib/thumb/v7e-m/fpv4-sp/hard\libc_nano.a(lib_a-init.o)
 .ARM.attributes
                0x0000000000000156       0x34 c:/st/stm32cubeide_1.3.0/stm32cubeide/plugins/com.st.stm32cube.ide.mcu.externaltools.gnu-tools-for-stm32.7-2018-q2-update.win32_1.0.0.201904181610/tools/bin/../lib/gcc/arm-none-eabi/7.3.1/../../../../arm-none-eabi/lib/thumb/v7e-m/fpv4-sp/hard\libc_nano.a(lib_a-memset.o)
 .ARM.attributes
                0x000000000000018a       0x1b c:/st/stm32cubeide_1.3.0/stm32cubeide/plugins/com.st.stm32cube.ide.mcu.externaltools.gnu-tools-for-stm32.7-2018-q2-update.win32_1.0.0.201904181610/tools/bin/../lib/gcc/arm-none-eabi/7.3.1/../../../../arm-none-eabi/lib/thumb/v7e-m/fpv4-sp/hard\libc_nano.a(lib_a-strlen.o)
 .ARM.attributes
                0x00000000000001a5       0x22 c:/st/stm32cubeide_1.3.0/stm32cubeide/plugins/com.st.stm32cube.ide.mcu.externaltools.gnu-tools-for-stm32.7-2018-q2-update.win32_1.0.0.201904181610/tools/bin/../lib/gcc/arm-none-eabi/7.3.1/thumb/v7e-m/fpv4-sp/hard/crtn.o
OUTPUT(STM32F407xx_Drivers.elf elf32-littlearm)

.debug_info     0x0000000000000000     0x282d
 .debug_info    0x0000000000000000      0xc2b Src/009SPIMasterArduinoSlave.o
 .debug_info    0x0000000000000c2b       0x22 Startup/startup_stm32f407vgtx.o
 .debug_info    0x0000000000000c4d      0xce4 drivers/Src/STM32F407xx_SPI_Driver.o
 .debug_info    0x0000000000001931      0xefc drivers/Src/gpio_driver.o

.debug_abbrev   0x0000000000000000      0x628
 .debug_abbrev  0x0000000000000000      0x1e5 Src/009SPIMasterArduinoSlave.o
 .debug_abbrev  0x00000000000001e5       0x12 Startup/startup_stm32f407vgtx.o
 .debug_abbrev  0x00000000000001f7      0x1f8 drivers/Src/STM32F407xx_SPI_Driver.o
 .debug_abbrev  0x00000000000003ef      0x239 drivers/Src/gpio_driver.o

.debug_aranges  0x0000000000000000      0x120
 .debug_aranges
                0x0000000000000000       0x40 Src/009SPIMasterArduinoSlave.o
 .debug_aranges
                0x0000000000000040       0x28 Startup/startup_stm32f407vgtx.o
 .debug_aranges
                0x0000000000000068       0x48 drivers/Src/STM32F407xx_SPI_Driver.o
 .debug_aranges
                0x00000000000000b0       0x70 drivers/Src/gpio_driver.o

.debug_ranges   0x0000000000000000       0xe8
 .debug_ranges  0x0000000000000000       0x30 Src/009SPIMasterArduinoSlave.o
 .debug_ranges  0x0000000000000030       0x20 Startup/startup_stm32f407vgtx.o
 .debug_ranges  0x0000000000000050       0x38 drivers/Src/STM32F407xx_SPI_Driver.o
 .debug_ranges  0x0000000000000088       0x60 drivers/Src/gpio_driver.o

.debug_macro    0x0000000000000000     0x2375
 .debug_macro   0x0000000000000000      0x18a Src/009SPIMasterArduinoSlave.o
 .debug_macro   0x000000000000018a      0xa66 Src/009SPIMasterArduinoSlave.o
 .debug_macro   0x0000000000000bf0       0x22 Src/009SPIMasterArduinoSlave.o
 .debug_macro   0x0000000000000c12       0x8e Src/009SPIMasterArduinoSlave.o
 .debug_macro   0x0000000000000ca0       0x51 Src/009SPIMasterArduinoSlave.o
 .debug_macro   0x0000000000000cf1       0xef Src/009SPIMasterArduinoSlave.o
 .debug_macro   0x0000000000000de0       0x6a Src/009SPIMasterArduinoSlave.o
 .debug_macro   0x0000000000000e4a      0x1df Src/009SPIMasterArduinoSlave.o
 .debug_macro   0x0000000000001029       0x46 Src/009SPIMasterArduinoSlave.o
 .debug_macro   0x000000000000106f       0x18 Src/009SPIMasterArduinoSlave.o
 .debug_macro   0x0000000000001087       0x3c Src/009SPIMasterArduinoSlave.o
 .debug_macro   0x00000000000010c3       0x34 Src/009SPIMasterArduinoSlave.o
 .debug_macro   0x00000000000010f7      0x174 Src/009SPIMasterArduinoSlave.o
 .debug_macro   0x000000000000126b       0x52 Src/009SPIMasterArduinoSlave.o
 .debug_macro   0x00000000000012bd       0x1f Src/009SPIMasterArduinoSlave.o
 .debug_macro   0x00000000000012dc       0x43 Src/009SPIMasterArduinoSlave.o
 .debug_macro   0x000000000000131f       0x20 Src/009SPIMasterArduinoSlave.o
 .debug_macro   0x000000000000133f      0x1a3 Src/009SPIMasterArduinoSlave.o
 .debug_macro   0x00000000000014e2      0x330 Src/009SPIMasterArduinoSlave.o
 .debug_macro   0x0000000000001812       0x10 Src/009SPIMasterArduinoSlave.o
 .debug_macro   0x0000000000001822       0x35 Src/009SPIMasterArduinoSlave.o
 .debug_macro   0x0000000000001857       0x20 Src/009SPIMasterArduinoSlave.o
 .debug_macro   0x0000000000001877       0x16 Src/009SPIMasterArduinoSlave.o
 .debug_macro   0x000000000000188d       0x16 Src/009SPIMasterArduinoSlave.o
 .debug_macro   0x00000000000018a3       0x29 Src/009SPIMasterArduinoSlave.o
 .debug_macro   0x00000000000018cc      0x4c7 Src/009SPIMasterArduinoSlave.o
 .debug_macro   0x0000000000001d93      0x15c Src/009SPIMasterArduinoSlave.o
 .debug_macro   0x0000000000001eef       0xb2 Src/009SPIMasterArduinoSlave.o
 .debug_macro   0x0000000000001fa1      0x194 drivers/Src/STM32F407xx_SPI_Driver.o
 .debug_macro   0x0000000000002135       0xac drivers/Src/STM32F407xx_SPI_Driver.o
 .debug_macro   0x00000000000021e1      0x194 drivers/Src/gpio_driver.o

.debug_line     0x0000000000000000     0x15c1
 .debug_line    0x0000000000000000      0x618 Src/009SPIMasterArduinoSlave.o
 .debug_line    0x0000000000000618       0x84 Startup/startup_stm32f407vgtx.o
 .debug_line    0x000000000000069c      0x695 drivers/Src/STM32F407xx_SPI_Driver.o
 .debug_line    0x0000000000000d31      0x890 drivers/Src/gpio_driver.o

.debug_str      0x0000000000000000     0x9b7f
 .debug_str     0x0000000000000000     0x97dd Src/009SPIMasterArduinoSlave.o
                                       0x9a46 (size before relaxing)
 .debug_str     0x00000000000097dd       0x31 Startup/startup_stm32f407vgtx.o
                                         0x8e (size before relaxing)
 .debug_str     0x000000000000980e      0x1c6 drivers/Src/STM32F407xx_SPI_Driver.o
                                       0x9abe (size before relaxing)
 .debug_str     0x00000000000099d4      0x1ab drivers/Src/gpio_driver.o
                                       0x9c10 (size before relaxing)

.comment        0x0000000000000000       0x7b
 .comment       0x0000000000000000       0x7b Src/009SPIMasterArduinoSlave.o
                                         0x7c (size before relaxing)
 .comment       0x000000000000007b       0x7c drivers/Src/STM32F407xx_SPI_Driver.o
 .comment       0x000000000000007b       0x7c drivers/Src/gpio_driver.o

.debug_frame    0x0000000000000000      0x3d4
 .debug_frame   0x0000000000000000       0xc4 Src/009SPIMasterArduinoSlave.o
 .debug_frame   0x00000000000000c4       0xf8 drivers/Src/STM32F407xx_SPI_Driver.o
 .debug_frame   0x00000000000001bc      0x1cc drivers/Src/gpio_driver.o
 .debug_frame   0x0000000000000388       0x2c c:/st/stm32cubeide_1.3.0/stm32cubeide/plugins/com.st.stm32cube.ide.mcu.externaltools.gnu-tools-for-stm32.7-2018-q2-update.win32_1.0.0.201904181610/tools/bin/../lib/gcc/arm-none-eabi/7.3.1/../../../../arm-none-eabi/lib/thumb/v7e-m/fpv4-sp/hard\libc_nano.a(lib_a-init.o)
 .debug_frame   0x00000000000003b4       0x20 c:/st/stm32cubeide_1.3.0/stm32cubeide/plugins/com.st.stm32cube.ide.mcu.externaltools.gnu-tools-for-stm32.7-2018-q2-update.win32_1.0.0.201904181610/tools/bin/../lib/gcc/arm-none-eabi/7.3.1/../../../../arm-none-eabi/lib/thumb/v7e-m/fpv4-sp/hard\libc_nano.a(lib_a-memset.o)
