Archive member included to satisfy reference by file (symbol)

c:/st/stm32cubeide_1.3.0/stm32cubeide/plugins/com.st.stm32cube.ide.mcu.externaltools.gnu-tools-for-stm32.7-2018-q2-update.win32_1.0.0.201904181610/tools/bin/../lib/gcc/arm-none-eabi/7.3.1/../../../../arm-none-eabi/lib/thumb/v7e-m/fpv4-sp/hard\libc_nano.a(lib_a-errno.o)
                              Src/syscalls.o (__errno)
c:/st/stm32cubeide_1.3.0/stm32cubeide/plugins/com.st.stm32cube.ide.mcu.externaltools.gnu-tools-for-stm32.7-2018-q2-update.win32_1.0.0.201904181610/tools/bin/../lib/gcc/arm-none-eabi/7.3.1/../../../../arm-none-eabi/lib/thumb/v7e-m/fpv4-sp/hard\libc_nano.a(lib_a-exit.o)
                              c:/st/stm32cubeide_1.3.0/stm32cubeide/plugins/com.st.stm32cube.ide.mcu.externaltools.gnu-tools-for-stm32.7-2018-q2-update.win32_1.0.0.201904181610/tools/bin/../lib/gcc/arm-none-eabi/7.3.1/../../../../arm-none-eabi/lib/thumb/v7e-m/fpv4-sp/hard/crt0.o (exit)
c:/st/stm32cubeide_1.3.0/stm32cubeide/plugins/com.st.stm32cube.ide.mcu.externaltools.gnu-tools-for-stm32.7-2018-q2-update.win32_1.0.0.201904181610/tools/bin/../lib/gcc/arm-none-eabi/7.3.1/../../../../arm-none-eabi/lib/thumb/v7e-m/fpv4-sp/hard\libc_nano.a(lib_a-impure.o)
                              c:/st/stm32cubeide_1.3.0/stm32cubeide/plugins/com.st.stm32cube.ide.mcu.externaltools.gnu-tools-for-stm32.7-2018-q2-update.win32_1.0.0.201904181610/tools/bin/../lib/gcc/arm-none-eabi/7.3.1/../../../../arm-none-eabi/lib/thumb/v7e-m/fpv4-sp/hard\libc_nano.a(lib_a-exit.o) (_global_impure_ptr)
c:/st/stm32cubeide_1.3.0/stm32cubeide/plugins/com.st.stm32cube.ide.mcu.externaltools.gnu-tools-for-stm32.7-2018-q2-update.win32_1.0.0.201904181610/tools/bin/../lib/gcc/arm-none-eabi/7.3.1/../../../../arm-none-eabi/lib/thumb/v7e-m/fpv4-sp/hard\libc_nano.a(lib_a-init.o)
                              c:/st/stm32cubeide_1.3.0/stm32cubeide/plugins/com.st.stm32cube.ide.mcu.externaltools.gnu-tools-for-stm32.7-2018-q2-update.win32_1.0.0.201904181610/tools/bin/../lib/gcc/arm-none-eabi/7.3.1/../../../../arm-none-eabi/lib/thumb/v7e-m/fpv4-sp/hard/crt0.o (__libc_init_array)
c:/st/stm32cubeide_1.3.0/stm32cubeide/plugins/com.st.stm32cube.ide.mcu.externaltools.gnu-tools-for-stm32.7-2018-q2-update.win32_1.0.0.201904181610/tools/bin/../lib/gcc/arm-none-eabi/7.3.1/../../../../arm-none-eabi/lib/thumb/v7e-m/fpv4-sp/hard\libc_nano.a(lib_a-memset.o)
                              c:/st/stm32cubeide_1.3.0/stm32cubeide/plugins/com.st.stm32cube.ide.mcu.externaltools.gnu-tools-for-stm32.7-2018-q2-update.win32_1.0.0.201904181610/tools/bin/../lib/gcc/arm-none-eabi/7.3.1/../../../../arm-none-eabi/lib/thumb/v7e-m/fpv4-sp/hard/crt0.o (memset)
c:/st/stm32cubeide_1.3.0/stm32cubeide/plugins/com.st.stm32cube.ide.mcu.externaltools.gnu-tools-for-stm32.7-2018-q2-update.win32_1.0.0.201904181610/tools/bin/../lib/gcc/arm-none-eabi/7.3.1/../../../../arm-none-eabi/lib/thumb/v7e-m/fpv4-sp/hard\libc_nano.a(lib_a-strlen.o)
                              Src/012MasterSTMSlaveArduinoI2C.o (strlen)

Discarded input sections

 .text          0x0000000000000000        0x0 c:/st/stm32cubeide_1.3.0/stm32cubeide/plugins/com.st.stm32cube.ide.mcu.externaltools.gnu-tools-for-stm32.7-2018-q2-update.win32_1.0.0.201904181610/tools/bin/../lib/gcc/arm-none-eabi/7.3.1/thumb/v7e-m/fpv4-sp/hard/crti.o
 .data          0x0000000000000000        0x0 c:/st/stm32cubeide_1.3.0/stm32cubeide/plugins/com.st.stm32cube.ide.mcu.externaltools.gnu-tools-for-stm32.7-2018-q2-update.win32_1.0.0.201904181610/tools/bin/../lib/gcc/arm-none-eabi/7.3.1/thumb/v7e-m/fpv4-sp/hard/crti.o
 .bss           0x0000000000000000        0x0 c:/st/stm32cubeide_1.3.0/stm32cubeide/plugins/com.st.stm32cube.ide.mcu.externaltools.gnu-tools-for-stm32.7-2018-q2-update.win32_1.0.0.201904181610/tools/bin/../lib/gcc/arm-none-eabi/7.3.1/thumb/v7e-m/fpv4-sp/hard/crti.o
 .data          0x0000000000000000        0x4 c:/st/stm32cubeide_1.3.0/stm32cubeide/plugins/com.st.stm32cube.ide.mcu.externaltools.gnu-tools-for-stm32.7-2018-q2-update.win32_1.0.0.201904181610/tools/bin/../lib/gcc/arm-none-eabi/7.3.1/thumb/v7e-m/fpv4-sp/hard/crtbegin.o
 .text          0x0000000000000000       0x74 c:/st/stm32cubeide_1.3.0/stm32cubeide/plugins/com.st.stm32cube.ide.mcu.externaltools.gnu-tools-for-stm32.7-2018-q2-update.win32_1.0.0.201904181610/tools/bin/../lib/gcc/arm-none-eabi/7.3.1/../../../../arm-none-eabi/lib/thumb/v7e-m/fpv4-sp/hard/crt0.o
 .data          0x0000000000000000        0x0 c:/st/stm32cubeide_1.3.0/stm32cubeide/plugins/com.st.stm32cube.ide.mcu.externaltools.gnu-tools-for-stm32.7-2018-q2-update.win32_1.0.0.201904181610/tools/bin/../lib/gcc/arm-none-eabi/7.3.1/../../../../arm-none-eabi/lib/thumb/v7e-m/fpv4-sp/hard/crt0.o
 .bss           0x0000000000000000        0x0 c:/st/stm32cubeide_1.3.0/stm32cubeide/plugins/com.st.stm32cube.ide.mcu.externaltools.gnu-tools-for-stm32.7-2018-q2-update.win32_1.0.0.201904181610/tools/bin/../lib/gcc/arm-none-eabi/7.3.1/../../../../arm-none-eabi/lib/thumb/v7e-m/fpv4-sp/hard/crt0.o
 .ARM.extab     0x0000000000000000        0x0 c:/st/stm32cubeide_1.3.0/stm32cubeide/plugins/com.st.stm32cube.ide.mcu.externaltools.gnu-tools-for-stm32.7-2018-q2-update.win32_1.0.0.201904181610/tools/bin/../lib/gcc/arm-none-eabi/7.3.1/../../../../arm-none-eabi/lib/thumb/v7e-m/fpv4-sp/hard/crt0.o
 .ARM.exidx     0x0000000000000000        0x8 c:/st/stm32cubeide_1.3.0/stm32cubeide/plugins/com.st.stm32cube.ide.mcu.externaltools.gnu-tools-for-stm32.7-2018-q2-update.win32_1.0.0.201904181610/tools/bin/../lib/gcc/arm-none-eabi/7.3.1/../../../../arm-none-eabi/lib/thumb/v7e-m/fpv4-sp/hard/crt0.o
 .ARM.attributes
                0x0000000000000000       0x20 c:/st/stm32cubeide_1.3.0/stm32cubeide/plugins/com.st.stm32cube.ide.mcu.externaltools.gnu-tools-for-stm32.7-2018-q2-update.win32_1.0.0.201904181610/tools/bin/../lib/gcc/arm-none-eabi/7.3.1/../../../../arm-none-eabi/lib/thumb/v7e-m/fpv4-sp/hard/crt0.o
 .group         0x0000000000000000        0xc Src/012MasterSTMSlaveArduinoI2C.o
 .group         0x0000000000000000        0xc Src/012MasterSTMSlaveArduinoI2C.o
 .group         0x0000000000000000        0xc Src/012MasterSTMSlaveArduinoI2C.o
 .group         0x0000000000000000        0xc Src/012MasterSTMSlaveArduinoI2C.o
 .group         0x0000000000000000        0xc Src/012MasterSTMSlaveArduinoI2C.o
 .group         0x0000000000000000        0xc Src/012MasterSTMSlaveArduinoI2C.o
 .group         0x0000000000000000        0xc Src/012MasterSTMSlaveArduinoI2C.o
 .group         0x0000000000000000        0xc Src/012MasterSTMSlaveArduinoI2C.o
 .group         0x0000000000000000        0xc Src/012MasterSTMSlaveArduinoI2C.o
 .group         0x0000000000000000        0xc Src/012MasterSTMSlaveArduinoI2C.o
 .group         0x0000000000000000        0xc Src/012MasterSTMSlaveArduinoI2C.o
 .group         0x0000000000000000        0xc Src/012MasterSTMSlaveArduinoI2C.o
 .group         0x0000000000000000        0xc Src/012MasterSTMSlaveArduinoI2C.o
 .group         0x0000000000000000        0xc Src/012MasterSTMSlaveArduinoI2C.o
 .group         0x0000000000000000        0xc Src/012MasterSTMSlaveArduinoI2C.o
 .group         0x0000000000000000        0xc Src/012MasterSTMSlaveArduinoI2C.o
 .group         0x0000000000000000        0xc Src/012MasterSTMSlaveArduinoI2C.o
 .group         0x0000000000000000        0xc Src/012MasterSTMSlaveArduinoI2C.o
 .group         0x0000000000000000        0xc Src/012MasterSTMSlaveArduinoI2C.o
 .group         0x0000000000000000        0xc Src/012MasterSTMSlaveArduinoI2C.o
 .group         0x0000000000000000        0xc Src/012MasterSTMSlaveArduinoI2C.o
 .group         0x0000000000000000        0xc Src/012MasterSTMSlaveArduinoI2C.o
 .group         0x0000000000000000        0xc Src/012MasterSTMSlaveArduinoI2C.o
 .group         0x0000000000000000        0xc Src/012MasterSTMSlaveArduinoI2C.o
 .group         0x0000000000000000        0xc Src/012MasterSTMSlaveArduinoI2C.o
 .group         0x0000000000000000        0xc Src/012MasterSTMSlaveArduinoI2C.o
 .group         0x0000000000000000        0xc Src/012MasterSTMSlaveArduinoI2C.o
 .group         0x0000000000000000        0xc Src/012MasterSTMSlaveArduinoI2C.o
 .text          0x0000000000000000        0x0 Src/012MasterSTMSlaveArduinoI2C.o
 .data          0x0000000000000000        0x0 Src/012MasterSTMSlaveArduinoI2C.o
 .bss           0x0000000000000000        0x0 Src/012MasterSTMSlaveArduinoI2C.o
 .group         0x0000000000000000        0xc Src/syscalls.o
 .group         0x0000000000000000        0xc Src/syscalls.o
 .group         0x0000000000000000        0xc Src/syscalls.o
 .group         0x0000000000000000        0xc Src/syscalls.o
 .group         0x0000000000000000        0xc Src/syscalls.o
 .group         0x0000000000000000        0xc Src/syscalls.o
 .group         0x0000000000000000        0xc Src/syscalls.o
 .group         0x0000000000000000        0xc Src/syscalls.o
 .group         0x0000000000000000        0xc Src/syscalls.o
 .group         0x0000000000000000        0xc Src/syscalls.o
 .group         0x0000000000000000        0xc Src/syscalls.o
 .group         0x0000000000000000        0xc Src/syscalls.o
 .group         0x0000000000000000        0xc Src/syscalls.o
 .group         0x0000000000000000        0xc Src/syscalls.o
 .group         0x0000000000000000        0xc Src/syscalls.o
 .group         0x0000000000000000        0xc Src/syscalls.o
 .group         0x0000000000000000        0xc Src/syscalls.o
 .group         0x0000000000000000        0xc Src/syscalls.o
 .group         0x0000000000000000        0xc Src/syscalls.o
 .group         0x0000000000000000        0xc Src/syscalls.o
 .group         0x0000000000000000        0xc Src/syscalls.o
 .group         0x0000000000000000        0xc Src/syscalls.o
 .group         0x0000000000000000        0xc Src/syscalls.o
 .group         0x0000000000000000        0xc Src/syscalls.o
 .group         0x0000000000000000        0xc Src/syscalls.o
 .group         0x0000000000000000        0xc Src/syscalls.o
 .group         0x0000000000000000        0xc Src/syscalls.o
 .group         0x0000000000000000        0xc Src/syscalls.o
 .group         0x0000000000000000        0xc Src/syscalls.o
 .group         0x0000000000000000        0xc Src/syscalls.o
 .group         0x0000000000000000        0xc Src/syscalls.o
 .group         0x0000000000000000        0xc Src/syscalls.o
 .group         0x0000000000000000        0xc Src/syscalls.o
 .group         0x0000000000000000        0xc Src/syscalls.o
 .group         0x0000000000000000        0xc Src/syscalls.o
 .group         0x0000000000000000        0xc Src/syscalls.o
 .group         0x0000000000000000        0xc Src/syscalls.o
 .group         0x0000000000000000        0xc Src/syscalls.o
 .group         0x0000000000000000        0xc Src/syscalls.o
 .group         0x0000000000000000        0xc Src/syscalls.o
 .group         0x0000000000000000        0xc Src/syscalls.o
 .group         0x0000000000000000        0xc Src/syscalls.o
 .group         0x0000000000000000        0xc Src/syscalls.o
 .group         0x0000000000000000        0xc Src/syscalls.o
 .text          0x0000000000000000        0x0 Src/syscalls.o
 .data          0x0000000000000000        0x0 Src/syscalls.o
 .bss           0x0000000000000000        0x0 Src/syscalls.o
 .bss.__env     0x0000000000000000        0x4 Src/syscalls.o
 .data.environ  0x0000000000000000        0x4 Src/syscalls.o
 .text.initialise_monitor_handles
                0x0000000000000000        0xe Src/syscalls.o
 .text._getpid  0x0000000000000000       0x10 Src/syscalls.o
 .text._kill    0x0000000000000000       0x20 Src/syscalls.o
 .text._exit    0x0000000000000000       0x14 Src/syscalls.o
 .text._read    0x0000000000000000       0x3a Src/syscalls.o
 .text._write   0x0000000000000000       0x38 Src/syscalls.o
 .text._close   0x0000000000000000       0x18 Src/syscalls.o
 .text._fstat   0x0000000000000000       0x20 Src/syscalls.o
 .text._isatty  0x0000000000000000       0x16 Src/syscalls.o
 .text._lseek   0x0000000000000000       0x1a Src/syscalls.o
 .text._open    0x0000000000000000       0x1c Src/syscalls.o
 .text._wait    0x0000000000000000       0x1e Src/syscalls.o
 .text._unlink  0x0000000000000000       0x1e Src/syscalls.o
 .text._times   0x0000000000000000       0x18 Src/syscalls.o
 .text._stat    0x0000000000000000       0x20 Src/syscalls.o
 .text._link    0x0000000000000000       0x20 Src/syscalls.o
 .text._fork    0x0000000000000000       0x16 Src/syscalls.o
 .text._execve  0x0000000000000000       0x22 Src/syscalls.o
 .debug_info    0x0000000000000000      0xebd Src/syscalls.o
 .debug_abbrev  0x0000000000000000      0x261 Src/syscalls.o
 .debug_aranges
                0x0000000000000000       0xa8 Src/syscalls.o
 .debug_ranges  0x0000000000000000       0x98 Src/syscalls.o
 .debug_macro   0x0000000000000000      0x243 Src/syscalls.o
 .debug_macro   0x0000000000000000      0xa66 Src/syscalls.o
 .debug_macro   0x0000000000000000       0x22 Src/syscalls.o
 .debug_macro   0x0000000000000000       0x40 Src/syscalls.o
 .debug_macro   0x0000000000000000       0x18 Src/syscalls.o
 .debug_macro   0x0000000000000000       0x94 Src/syscalls.o
 .debug_macro   0x0000000000000000       0x3c Src/syscalls.o
 .debug_macro   0x0000000000000000       0x34 Src/syscalls.o
 .debug_macro   0x0000000000000000       0x57 Src/syscalls.o
 .debug_macro   0x0000000000000000      0x174 Src/syscalls.o
 .debug_macro   0x0000000000000000      0x330 Src/syscalls.o
 .debug_macro   0x0000000000000000       0x52 Src/syscalls.o
 .debug_macro   0x0000000000000000       0x1f Src/syscalls.o
 .debug_macro   0x0000000000000000       0x43 Src/syscalls.o
 .debug_macro   0x0000000000000000       0x20 Src/syscalls.o
 .debug_macro   0x0000000000000000      0x1a3 Src/syscalls.o
 .debug_macro   0x0000000000000000       0x10 Src/syscalls.o
 .debug_macro   0x0000000000000000       0x35 Src/syscalls.o
 .debug_macro   0x0000000000000000       0x10 Src/syscalls.o
 .debug_macro   0x0000000000000000       0x10 Src/syscalls.o
 .debug_macro   0x0000000000000000       0x10 Src/syscalls.o
 .debug_macro   0x0000000000000000       0x6a Src/syscalls.o
 .debug_macro   0x0000000000000000       0x1c Src/syscalls.o
 .debug_macro   0x0000000000000000       0x52 Src/syscalls.o
 .debug_macro   0x0000000000000000       0x40 Src/syscalls.o
 .debug_macro   0x0000000000000000       0x10 Src/syscalls.o
 .debug_macro   0x0000000000000000       0x40 Src/syscalls.o
 .debug_macro   0x0000000000000000       0xd7 Src/syscalls.o
 .debug_macro   0x0000000000000000       0x1c Src/syscalls.o
 .debug_macro   0x0000000000000000       0x3d Src/syscalls.o
 .debug_macro   0x0000000000000000       0x35 Src/syscalls.o
 .debug_macro   0x0000000000000000      0x122 Src/syscalls.o
 .debug_macro   0x0000000000000000       0x16 Src/syscalls.o
 .debug_macro   0x0000000000000000       0x16 Src/syscalls.o
 .debug_macro   0x0000000000000000       0x29 Src/syscalls.o
 .debug_macro   0x0000000000000000       0x10 Src/syscalls.o
 .debug_macro   0x0000000000000000      0x241 Src/syscalls.o
 .debug_macro   0x0000000000000000       0x1c Src/syscalls.o
 .debug_macro   0x0000000000000000       0x10 Src/syscalls.o
 .debug_macro   0x0000000000000000       0x10 Src/syscalls.o
 .debug_macro   0x0000000000000000       0x16 Src/syscalls.o
 .debug_macro   0x0000000000000000      0x145 Src/syscalls.o
 .debug_macro   0x0000000000000000      0x189 Src/syscalls.o
 .debug_macro   0x0000000000000000       0x16 Src/syscalls.o
 .debug_macro   0x0000000000000000       0x88 Src/syscalls.o
 .debug_line    0x0000000000000000      0x73d Src/syscalls.o
 .debug_str     0x0000000000000000     0x88c9 Src/syscalls.o
 .comment       0x0000000000000000       0x7c Src/syscalls.o
 .debug_frame   0x0000000000000000      0x2ac Src/syscalls.o
 .ARM.attributes
                0x0000000000000000       0x39 Src/syscalls.o
 .group         0x0000000000000000        0xc Src/sysmem.o
 .group         0x0000000000000000        0xc Src/sysmem.o
 .group         0x0000000000000000        0xc Src/sysmem.o
 .group         0x0000000000000000        0xc Src/sysmem.o
 .group         0x0000000000000000        0xc Src/sysmem.o
 .group         0x0000000000000000        0xc Src/sysmem.o
 .group         0x0000000000000000        0xc Src/sysmem.o
 .group         0x0000000000000000        0xc Src/sysmem.o
 .group         0x0000000000000000        0xc Src/sysmem.o
 .group         0x0000000000000000        0xc Src/sysmem.o
 .group         0x0000000000000000        0xc Src/sysmem.o
 .group         0x0000000000000000        0xc Src/sysmem.o
 .group         0x0000000000000000        0xc Src/sysmem.o
 .group         0x0000000000000000        0xc Src/sysmem.o
 .group         0x0000000000000000        0xc Src/sysmem.o
 .group         0x0000000000000000        0xc Src/sysmem.o
 .group         0x0000000000000000        0xc Src/sysmem.o
 .group         0x0000000000000000        0xc Src/sysmem.o
 .group         0x0000000000000000        0xc Src/sysmem.o
 .group         0x0000000000000000        0xc Src/sysmem.o
 .group         0x0000000000000000        0xc Src/sysmem.o
 .group         0x0000000000000000        0xc Src/sysmem.o
 .group         0x0000000000000000        0xc Src/sysmem.o
 .group         0x0000000000000000        0xc Src/sysmem.o
 .group         0x0000000000000000        0xc Src/sysmem.o
 .group         0x0000000000000000        0xc Src/sysmem.o
 .group         0x0000000000000000        0xc Src/sysmem.o
 .group         0x0000000000000000        0xc Src/sysmem.o
 .group         0x0000000000000000        0xc Src/sysmem.o
 .group         0x0000000000000000        0xc Src/sysmem.o
 .group         0x0000000000000000        0xc Src/sysmem.o
 .group         0x0000000000000000        0xc Src/sysmem.o
 .text          0x0000000000000000        0x0 Src/sysmem.o
 .data          0x0000000000000000        0x0 Src/sysmem.o
 .bss           0x0000000000000000        0x0 Src/sysmem.o
 .bss.heap_end.6424
                0x0000000000000000        0x4 Src/sysmem.o
 .text._sbrk    0x0000000000000000       0x58 Src/sysmem.o
 .debug_info    0x0000000000000000      0x91c Src/sysmem.o
 .debug_abbrev  0x0000000000000000      0x1bb Src/sysmem.o
 .debug_aranges
                0x0000000000000000       0x20 Src/sysmem.o
 .debug_ranges  0x0000000000000000       0x10 Src/sysmem.o
 .debug_macro   0x0000000000000000      0x1ae Src/sysmem.o
 .debug_macro   0x0000000000000000      0xa66 Src/sysmem.o
 .debug_macro   0x0000000000000000       0x10 Src/sysmem.o
 .debug_macro   0x0000000000000000       0x22 Src/sysmem.o
 .debug_macro   0x0000000000000000       0x40 Src/sysmem.o
 .debug_macro   0x0000000000000000       0x18 Src/sysmem.o
 .debug_macro   0x0000000000000000       0x94 Src/sysmem.o
 .debug_macro   0x0000000000000000       0x3c Src/sysmem.o
 .debug_macro   0x0000000000000000       0x34 Src/sysmem.o
 .debug_macro   0x0000000000000000      0x174 Src/sysmem.o
 .debug_macro   0x0000000000000000       0x57 Src/sysmem.o
 .debug_macro   0x0000000000000000       0x52 Src/sysmem.o
 .debug_macro   0x0000000000000000       0x1f Src/sysmem.o
 .debug_macro   0x0000000000000000       0x43 Src/sysmem.o
 .debug_macro   0x0000000000000000       0x20 Src/sysmem.o
 .debug_macro   0x0000000000000000      0x1a3 Src/sysmem.o
 .debug_macro   0x0000000000000000      0x23b Src/sysmem.o
 .debug_macro   0x0000000000000000       0x16 Src/sysmem.o
 .debug_macro   0x0000000000000000       0x35 Src/sysmem.o
 .debug_macro   0x0000000000000000      0x330 Src/sysmem.o
 .debug_macro   0x0000000000000000       0x10 Src/sysmem.o
 .debug_macro   0x0000000000000000       0x10 Src/sysmem.o
 .debug_macro   0x0000000000000000       0x6a Src/sysmem.o
 .debug_macro   0x0000000000000000       0x1c Src/sysmem.o
 .debug_macro   0x0000000000000000       0x52 Src/sysmem.o
 .debug_macro   0x0000000000000000       0x40 Src/sysmem.o
 .debug_macro   0x0000000000000000       0x10 Src/sysmem.o
 .debug_macro   0x0000000000000000       0x40 Src/sysmem.o
 .debug_macro   0x0000000000000000       0xd7 Src/sysmem.o
 .debug_macro   0x0000000000000000       0x1c Src/sysmem.o
 .debug_macro   0x0000000000000000       0x3d Src/sysmem.o
 .debug_macro   0x0000000000000000       0x16 Src/sysmem.o
 .debug_macro   0x0000000000000000      0x145 Src/sysmem.o
 .debug_line    0x0000000000000000      0x559 Src/sysmem.o
 .debug_str     0x0000000000000000     0x7b22 Src/sysmem.o
 .comment       0x0000000000000000       0x7c Src/sysmem.o
 .debug_frame   0x0000000000000000       0x34 Src/sysmem.o
 .ARM.attributes
                0x0000000000000000       0x39 Src/sysmem.o
 .text          0x0000000000000000       0x14 Startup/startup_stm32f407vgtx.o
 .data          0x0000000000000000        0x0 Startup/startup_stm32f407vgtx.o
 .bss           0x0000000000000000        0x0 Startup/startup_stm32f407vgtx.o
 .group         0x0000000000000000        0xc drivers/Src/STM32F407xx_I2C_Driver.o
 .group         0x0000000000000000        0xc drivers/Src/STM32F407xx_I2C_Driver.o
 .group         0x0000000000000000        0xc drivers/Src/STM32F407xx_I2C_Driver.o
 .group         0x0000000000000000        0xc drivers/Src/STM32F407xx_I2C_Driver.o
 .group         0x0000000000000000        0xc drivers/Src/STM32F407xx_I2C_Driver.o
 .group         0x0000000000000000        0xc drivers/Src/STM32F407xx_I2C_Driver.o
 .group         0x0000000000000000        0xc drivers/Src/STM32F407xx_I2C_Driver.o
 .group         0x0000000000000000        0xc drivers/Src/STM32F407xx_I2C_Driver.o
 .group         0x0000000000000000        0xc drivers/Src/STM32F407xx_I2C_Driver.o
 .group         0x0000000000000000        0xc drivers/Src/STM32F407xx_I2C_Driver.o
 .group         0x0000000000000000        0xc drivers/Src/STM32F407xx_I2C_Driver.o
 .group         0x0000000000000000        0xc drivers/Src/STM32F407xx_I2C_Driver.o
 .group         0x0000000000000000        0xc drivers/Src/STM32F407xx_I2C_Driver.o
 .group         0x0000000000000000        0xc drivers/Src/STM32F407xx_I2C_Driver.o
 .group         0x0000000000000000        0xc drivers/Src/STM32F407xx_I2C_Driver.o
 .group         0x0000000000000000        0xc drivers/Src/STM32F407xx_I2C_Driver.o
 .group         0x0000000000000000        0xc drivers/Src/STM32F407xx_I2C_Driver.o
 .group         0x0000000000000000        0xc drivers/Src/STM32F407xx_I2C_Driver.o
 .group         0x0000000000000000        0xc drivers/Src/STM32F407xx_I2C_Driver.o
 .group         0x0000000000000000        0xc drivers/Src/STM32F407xx_I2C_Driver.o
 .group         0x0000000000000000        0xc drivers/Src/STM32F407xx_I2C_Driver.o
 .group         0x0000000000000000        0xc drivers/Src/STM32F407xx_I2C_Driver.o
 .group         0x0000000000000000        0xc drivers/Src/STM32F407xx_I2C_Driver.o
 .group         0x0000000000000000        0xc drivers/Src/STM32F407xx_I2C_Driver.o
 .group         0x0000000000000000        0xc drivers/Src/STM32F407xx_I2C_Driver.o
 .group         0x0000000000000000        0xc drivers/Src/STM32F407xx_I2C_Driver.o
 .group         0x0000000000000000        0xc drivers/Src/STM32F407xx_I2C_Driver.o
 .group         0x0000000000000000        0xc drivers/Src/STM32F407xx_I2C_Driver.o
 .text          0x0000000000000000        0x0 drivers/Src/STM32F407xx_I2C_Driver.o
 .data          0x0000000000000000        0x0 drivers/Src/STM32F407xx_I2C_Driver.o
 .bss           0x0000000000000000        0x0 drivers/Src/STM32F407xx_I2C_Driver.o
 .text.I2C_IRQITConfig
                0x0000000000000000       0x88 drivers/Src/STM32F407xx_I2C_Driver.o
 .text.I2C_IRQPriorityConfig
                0x0000000000000000       0x56 drivers/Src/STM32F407xx_I2C_Driver.o
 .debug_macro   0x0000000000000000      0xa66 drivers/Src/STM32F407xx_I2C_Driver.o
 .debug_macro   0x0000000000000000       0x22 drivers/Src/STM32F407xx_I2C_Driver.o
 .debug_macro   0x0000000000000000       0x8e drivers/Src/STM32F407xx_I2C_Driver.o
 .debug_macro   0x0000000000000000       0x51 drivers/Src/STM32F407xx_I2C_Driver.o
 .debug_macro   0x0000000000000000       0xef drivers/Src/STM32F407xx_I2C_Driver.o
 .debug_macro   0x0000000000000000       0x6a drivers/Src/STM32F407xx_I2C_Driver.o
 .debug_macro   0x0000000000000000      0x1df drivers/Src/STM32F407xx_I2C_Driver.o
 .debug_macro   0x0000000000000000       0x46 drivers/Src/STM32F407xx_I2C_Driver.o
 .debug_macro   0x0000000000000000       0x18 drivers/Src/STM32F407xx_I2C_Driver.o
 .debug_macro   0x0000000000000000       0x3c drivers/Src/STM32F407xx_I2C_Driver.o
 .debug_macro   0x0000000000000000       0x34 drivers/Src/STM32F407xx_I2C_Driver.o
 .debug_macro   0x0000000000000000      0x174 drivers/Src/STM32F407xx_I2C_Driver.o
 .debug_macro   0x0000000000000000       0x52 drivers/Src/STM32F407xx_I2C_Driver.o
 .debug_macro   0x0000000000000000       0x1f drivers/Src/STM32F407xx_I2C_Driver.o
 .debug_macro   0x0000000000000000       0x43 drivers/Src/STM32F407xx_I2C_Driver.o
 .debug_macro   0x0000000000000000       0x20 drivers/Src/STM32F407xx_I2C_Driver.o
 .debug_macro   0x0000000000000000      0x1a3 drivers/Src/STM32F407xx_I2C_Driver.o
 .debug_macro   0x0000000000000000      0x330 drivers/Src/STM32F407xx_I2C_Driver.o
 .debug_macro   0x0000000000000000       0x10 drivers/Src/STM32F407xx_I2C_Driver.o
 .debug_macro   0x0000000000000000       0x35 drivers/Src/STM32F407xx_I2C_Driver.o
 .debug_macro   0x0000000000000000       0x20 drivers/Src/STM32F407xx_I2C_Driver.o
 .debug_macro   0x0000000000000000       0x16 drivers/Src/STM32F407xx_I2C_Driver.o
 .debug_macro   0x0000000000000000       0x16 drivers/Src/STM32F407xx_I2C_Driver.o
 .debug_macro   0x0000000000000000       0x29 drivers/Src/STM32F407xx_I2C_Driver.o
 .debug_macro   0x0000000000000000      0x69a drivers/Src/STM32F407xx_I2C_Driver.o
 .debug_macro   0x0000000000000000      0x15c drivers/Src/STM32F407xx_I2C_Driver.o
 .debug_macro   0x0000000000000000       0xdc drivers/Src/STM32F407xx_I2C_Driver.o
 .group         0x0000000000000000        0xc drivers/Src/STM32F407xx_SPI_Driver.o
 .group         0x0000000000000000        0xc drivers/Src/STM32F407xx_SPI_Driver.o
 .group         0x0000000000000000        0xc drivers/Src/STM32F407xx_SPI_Driver.o
 .group         0x0000000000000000        0xc drivers/Src/STM32F407xx_SPI_Driver.o
 .group         0x0000000000000000        0xc drivers/Src/STM32F407xx_SPI_Driver.o
 .group         0x0000000000000000        0xc drivers/Src/STM32F407xx_SPI_Driver.o
 .group         0x0000000000000000        0xc drivers/Src/STM32F407xx_SPI_Driver.o
 .group         0x0000000000000000        0xc drivers/Src/STM32F407xx_SPI_Driver.o
 .group         0x0000000000000000        0xc drivers/Src/STM32F407xx_SPI_Driver.o
 .group         0x0000000000000000        0xc drivers/Src/STM32F407xx_SPI_Driver.o
 .group         0x0000000000000000        0xc drivers/Src/STM32F407xx_SPI_Driver.o
 .group         0x0000000000000000        0xc drivers/Src/STM32F407xx_SPI_Driver.o
 .group         0x0000000000000000        0xc drivers/Src/STM32F407xx_SPI_Driver.o
 .group         0x0000000000000000        0xc drivers/Src/STM32F407xx_SPI_Driver.o
 .group         0x0000000000000000        0xc drivers/Src/STM32F407xx_SPI_Driver.o
 .group         0x0000000000000000        0xc drivers/Src/STM32F407xx_SPI_Driver.o
 .group         0x0000000000000000        0xc drivers/Src/STM32F407xx_SPI_Driver.o
 .group         0x0000000000000000        0xc drivers/Src/STM32F407xx_SPI_Driver.o
 .group         0x0000000000000000        0xc drivers/Src/STM32F407xx_SPI_Driver.o
 .group         0x0000000000000000        0xc drivers/Src/STM32F407xx_SPI_Driver.o
 .group         0x0000000000000000        0xc drivers/Src/STM32F407xx_SPI_Driver.o
 .group         0x0000000000000000        0xc drivers/Src/STM32F407xx_SPI_Driver.o
 .group         0x0000000000000000        0xc drivers/Src/STM32F407xx_SPI_Driver.o
 .group         0x0000000000000000        0xc drivers/Src/STM32F407xx_SPI_Driver.o
 .group         0x0000000000000000        0xc drivers/Src/STM32F407xx_SPI_Driver.o
 .group         0x0000000000000000        0xc drivers/Src/STM32F407xx_SPI_Driver.o
 .group         0x0000000000000000        0xc drivers/Src/STM32F407xx_SPI_Driver.o
 .group         0x0000000000000000        0xc drivers/Src/STM32F407xx_SPI_Driver.o
 .text          0x0000000000000000        0x0 drivers/Src/STM32F407xx_SPI_Driver.o
 .data          0x0000000000000000        0x0 drivers/Src/STM32F407xx_SPI_Driver.o
 .bss           0x0000000000000000        0x0 drivers/Src/STM32F407xx_SPI_Driver.o
 .text.SPI_PeriClkCtrl
                0x0000000000000000       0x9c drivers/Src/STM32F407xx_SPI_Driver.o
 .text.SPI_Init
                0x0000000000000000       0xe0 drivers/Src/STM32F407xx_SPI_Driver.o
 .text.SPI_PeripheralEnable
                0x0000000000000000       0x38 drivers/Src/STM32F407xx_SPI_Driver.o
 .text.SPI_DeInit
                0x0000000000000000       0x7c drivers/Src/STM32F407xx_SPI_Driver.o
 .text.SPI_CheckStatusFlag
                0x0000000000000000       0x2a drivers/Src/STM32F407xx_SPI_Driver.o
 .text.SPI_SendData
                0x0000000000000000       0x76 drivers/Src/STM32F407xx_SPI_Driver.o
 .text.SPI_ReceiveData
                0x0000000000000000       0x6e drivers/Src/STM32F407xx_SPI_Driver.o
 .text.SPI_SendDataIT
                0x0000000000000000       0x48 drivers/Src/STM32F407xx_SPI_Driver.o
 .text.SPI_ReceiveDataIT
                0x0000000000000000       0x48 drivers/Src/STM32F407xx_SPI_Driver.o
 .text.SPI_IRQITConfig
                0x0000000000000000       0x88 drivers/Src/STM32F407xx_SPI_Driver.o
 .text.SPI_IRQPriorityConfig
                0x0000000000000000       0x56 drivers/Src/STM32F407xx_SPI_Driver.o
 .text.SPI_IRQHandling
                0x0000000000000000       0x76 drivers/Src/STM32F407xx_SPI_Driver.o
 .text.SPI_TXE_IT_Handle
                0x0000000000000000       0x8e drivers/Src/STM32F407xx_SPI_Driver.o
 .text.SPI_RXNE_IT_Handle
                0x0000000000000000       0x86 drivers/Src/STM32F407xx_SPI_Driver.o
 .text.SPI_OVR_IT_Handle
                0x0000000000000000       0x2a drivers/Src/STM32F407xx_SPI_Driver.o
 .text.SPI_CloseTransmission
                0x0000000000000000       0x36 drivers/Src/STM32F407xx_SPI_Driver.o
 .text.SPI_CloseReception
                0x0000000000000000       0x36 drivers/Src/STM32F407xx_SPI_Driver.o
 .text.SPI_ClearOVRFlag
                0x0000000000000000       0x20 drivers/Src/STM32F407xx_SPI_Driver.o
 .text.SPI_ApplicationEvent
                0x0000000000000000       0x18 drivers/Src/STM32F407xx_SPI_Driver.o
 .debug_info    0x0000000000000000     0x1057 drivers/Src/STM32F407xx_SPI_Driver.o
 .debug_abbrev  0x0000000000000000      0x29a drivers/Src/STM32F407xx_SPI_Driver.o
 .debug_aranges
                0x0000000000000000       0xb0 drivers/Src/STM32F407xx_SPI_Driver.o
 .debug_ranges  0x0000000000000000       0xa0 drivers/Src/STM32F407xx_SPI_Driver.o
 .debug_macro   0x0000000000000000      0x1a2 drivers/Src/STM32F407xx_SPI_Driver.o
 .debug_macro   0x0000000000000000      0xa66 drivers/Src/STM32F407xx_SPI_Driver.o
 .debug_macro   0x0000000000000000       0x22 drivers/Src/STM32F407xx_SPI_Driver.o
 .debug_macro   0x0000000000000000       0x8e drivers/Src/STM32F407xx_SPI_Driver.o
 .debug_macro   0x0000000000000000       0x51 drivers/Src/STM32F407xx_SPI_Driver.o
 .debug_macro   0x0000000000000000       0xef drivers/Src/STM32F407xx_SPI_Driver.o
 .debug_macro   0x0000000000000000       0x6a drivers/Src/STM32F407xx_SPI_Driver.o
 .debug_macro   0x0000000000000000      0x1df drivers/Src/STM32F407xx_SPI_Driver.o
 .debug_macro   0x0000000000000000       0x46 drivers/Src/STM32F407xx_SPI_Driver.o
 .debug_macro   0x0000000000000000       0x18 drivers/Src/STM32F407xx_SPI_Driver.o
 .debug_macro   0x0000000000000000       0x3c drivers/Src/STM32F407xx_SPI_Driver.o
 .debug_macro   0x0000000000000000       0x34 drivers/Src/STM32F407xx_SPI_Driver.o
 .debug_macro   0x0000000000000000      0x174 drivers/Src/STM32F407xx_SPI_Driver.o
 .debug_macro   0x0000000000000000       0x52 drivers/Src/STM32F407xx_SPI_Driver.o
 .debug_macro   0x0000000000000000       0x1f drivers/Src/STM32F407xx_SPI_Driver.o
 .debug_macro   0x0000000000000000       0x43 drivers/Src/STM32F407xx_SPI_Driver.o
 .debug_macro   0x0000000000000000       0x20 drivers/Src/STM32F407xx_SPI_Driver.o
 .debug_macro   0x0000000000000000      0x1a3 drivers/Src/STM32F407xx_SPI_Driver.o
 .debug_macro   0x0000000000000000      0x330 drivers/Src/STM32F407xx_SPI_Driver.o
 .debug_macro   0x0000000000000000       0x10 drivers/Src/STM32F407xx_SPI_Driver.o
 .debug_macro   0x0000000000000000       0x35 drivers/Src/STM32F407xx_SPI_Driver.o
 .debug_macro   0x0000000000000000       0x20 drivers/Src/STM32F407xx_SPI_Driver.o
 .debug_macro   0x0000000000000000       0x16 drivers/Src/STM32F407xx_SPI_Driver.o
 .debug_macro   0x0000000000000000       0x16 drivers/Src/STM32F407xx_SPI_Driver.o
 .debug_macro   0x0000000000000000       0x29 drivers/Src/STM32F407xx_SPI_Driver.o
 .debug_macro   0x0000000000000000      0x69a drivers/Src/STM32F407xx_SPI_Driver.o
 .debug_macro   0x0000000000000000      0x15c drivers/Src/STM32F407xx_SPI_Driver.o
 .debug_macro   0x0000000000000000       0x88 drivers/Src/STM32F407xx_SPI_Driver.o
 .debug_macro   0x0000000000000000       0xd6 drivers/Src/STM32F407xx_SPI_Driver.o
 .debug_line    0x0000000000000000      0x800 drivers/Src/STM32F407xx_SPI_Driver.o
 .debug_str     0x0000000000000000     0xa5e6 drivers/Src/STM32F407xx_SPI_Driver.o
 .comment       0x0000000000000000       0x7c drivers/Src/STM32F407xx_SPI_Driver.o
 .debug_frame   0x0000000000000000      0x2ec drivers/Src/STM32F407xx_SPI_Driver.o
 .ARM.attributes
                0x0000000000000000       0x39 drivers/Src/STM32F407xx_SPI_Driver.o
 .group         0x0000000000000000        0xc drivers/Src/gpio_driver.o
 .group         0x0000000000000000        0xc drivers/Src/gpio_driver.o
 .group         0x0000000000000000        0xc drivers/Src/gpio_driver.o
 .group         0x0000000000000000        0xc drivers/Src/gpio_driver.o
 .group         0x0000000000000000        0xc drivers/Src/gpio_driver.o
 .group         0x0000000000000000        0xc drivers/Src/gpio_driver.o
 .group         0x0000000000000000        0xc drivers/Src/gpio_driver.o
 .group         0x0000000000000000        0xc drivers/Src/gpio_driver.o
 .group         0x0000000000000000        0xc drivers/Src/gpio_driver.o
 .group         0x0000000000000000        0xc drivers/Src/gpio_driver.o
 .group         0x0000000000000000        0xc drivers/Src/gpio_driver.o
 .group         0x0000000000000000        0xc drivers/Src/gpio_driver.o
 .group         0x0000000000000000        0xc drivers/Src/gpio_driver.o
 .group         0x0000000000000000        0xc drivers/Src/gpio_driver.o
 .group         0x0000000000000000        0xc drivers/Src/gpio_driver.o
 .group         0x0000000000000000        0xc drivers/Src/gpio_driver.o
 .group         0x0000000000000000        0xc drivers/Src/gpio_driver.o
 .group         0x0000000000000000        0xc drivers/Src/gpio_driver.o
 .group         0x0000000000000000        0xc drivers/Src/gpio_driver.o
 .group         0x0000000000000000        0xc drivers/Src/gpio_driver.o
 .group         0x0000000000000000        0xc drivers/Src/gpio_driver.o
 .group         0x0000000000000000        0xc drivers/Src/gpio_driver.o
 .group         0x0000000000000000        0xc drivers/Src/gpio_driver.o
 .group         0x0000000000000000        0xc drivers/Src/gpio_driver.o
 .group         0x0000000000000000        0xc drivers/Src/gpio_driver.o
 .group         0x0000000000000000        0xc drivers/Src/gpio_driver.o
 .group         0x0000000000000000        0xc drivers/Src/gpio_driver.o
 .group         0x0000000000000000        0xc drivers/Src/gpio_driver.o
 .text          0x0000000000000000        0x0 drivers/Src/gpio_driver.o
 .data          0x0000000000000000        0x0 drivers/Src/gpio_driver.o
 .bss           0x0000000000000000        0x0 drivers/Src/gpio_driver.o
 .text.GPIO_ReadFromInputPort
                0x0000000000000000       0x1a drivers/Src/gpio_driver.o
 .text.GPIO_WriteToOutputPin
                0x0000000000000000       0x34 drivers/Src/gpio_driver.o
 .text.GPIO_WriteToOutputPort
                0x0000000000000000       0x1e drivers/Src/gpio_driver.o
 .text.GPIO_ToggleOutputPin
                0x0000000000000000       0x34 drivers/Src/gpio_driver.o
 .text.GPIO_IRQITConfig
                0x0000000000000000       0x88 drivers/Src/gpio_driver.o
 .text.GPIO_IRQPriorityConfig
                0x0000000000000000       0x56 drivers/Src/gpio_driver.o
 .text.GPIO_IRQHandling
                0x0000000000000000       0x3c drivers/Src/gpio_driver.o
 .debug_macro   0x0000000000000000      0xa66 drivers/Src/gpio_driver.o
 .debug_macro   0x0000000000000000       0x22 drivers/Src/gpio_driver.o
 .debug_macro   0x0000000000000000       0x8e drivers/Src/gpio_driver.o
 .debug_macro   0x0000000000000000       0x51 drivers/Src/gpio_driver.o
 .debug_macro   0x0000000000000000       0xef drivers/Src/gpio_driver.o
 .debug_macro   0x0000000000000000       0x6a drivers/Src/gpio_driver.o
 .debug_macro   0x0000000000000000      0x1df drivers/Src/gpio_driver.o
 .debug_macro   0x0000000000000000       0x46 drivers/Src/gpio_driver.o
 .debug_macro   0x0000000000000000       0x18 drivers/Src/gpio_driver.o
 .debug_macro   0x0000000000000000       0x3c drivers/Src/gpio_driver.o
 .debug_macro   0x0000000000000000       0x34 drivers/Src/gpio_driver.o
 .debug_macro   0x0000000000000000      0x174 drivers/Src/gpio_driver.o
 .debug_macro   0x0000000000000000       0x52 drivers/Src/gpio_driver.o
 .debug_macro   0x0000000000000000       0x1f drivers/Src/gpio_driver.o
 .debug_macro   0x0000000000000000       0x43 drivers/Src/gpio_driver.o
 .debug_macro   0x0000000000000000       0x20 drivers/Src/gpio_driver.o
 .debug_macro   0x0000000000000000      0x1a3 drivers/Src/gpio_driver.o
 .debug_macro   0x0000000000000000      0x330 drivers/Src/gpio_driver.o
 .debug_macro   0x0000000000000000       0x10 drivers/Src/gpio_driver.o
 .debug_macro   0x0000000000000000       0x35 drivers/Src/gpio_driver.o
 .debug_macro   0x0000000000000000       0x20 drivers/Src/gpio_driver.o
 .debug_macro   0x0000000000000000       0x16 drivers/Src/gpio_driver.o
 .debug_macro   0x0000000000000000       0x16 drivers/Src/gpio_driver.o
 .debug_macro   0x0000000000000000       0x29 drivers/Src/gpio_driver.o
 .debug_macro   0x0000000000000000      0x69a drivers/Src/gpio_driver.o
 .debug_macro   0x0000000000000000       0xd6 drivers/Src/gpio_driver.o
 .debug_macro   0x0000000000000000       0x88 drivers/Src/gpio_driver.o
 .debug_macro   0x0000000000000000      0x15c drivers/Src/gpio_driver.o
 .text          0x0000000000000000        0x0 c:/st/stm32cubeide_1.3.0/stm32cubeide/plugins/com.st.stm32cube.ide.mcu.externaltools.gnu-tools-for-stm32.7-2018-q2-update.win32_1.0.0.201904181610/tools/bin/../lib/gcc/arm-none-eabi/7.3.1/../../../../arm-none-eabi/lib/thumb/v7e-m/fpv4-sp/hard\libc_nano.a(lib_a-errno.o)
 .data          0x0000000000000000        0x0 c:/st/stm32cubeide_1.3.0/stm32cubeide/plugins/com.st.stm32cube.ide.mcu.externaltools.gnu-tools-for-stm32.7-2018-q2-update.win32_1.0.0.201904181610/tools/bin/../lib/gcc/arm-none-eabi/7.3.1/../../../../arm-none-eabi/lib/thumb/v7e-m/fpv4-sp/hard\libc_nano.a(lib_a-errno.o)
 .bss           0x0000000000000000        0x0 c:/st/stm32cubeide_1.3.0/stm32cubeide/plugins/com.st.stm32cube.ide.mcu.externaltools.gnu-tools-for-stm32.7-2018-q2-update.win32_1.0.0.201904181610/tools/bin/../lib/gcc/arm-none-eabi/7.3.1/../../../../arm-none-eabi/lib/thumb/v7e-m/fpv4-sp/hard\libc_nano.a(lib_a-errno.o)
 .text.__errno  0x0000000000000000        0xc c:/st/stm32cubeide_1.3.0/stm32cubeide/plugins/com.st.stm32cube.ide.mcu.externaltools.gnu-tools-for-stm32.7-2018-q2-update.win32_1.0.0.201904181610/tools/bin/../lib/gcc/arm-none-eabi/7.3.1/../../../../arm-none-eabi/lib/thumb/v7e-m/fpv4-sp/hard\libc_nano.a(lib_a-errno.o)
 .debug_frame   0x0000000000000000       0x20 c:/st/stm32cubeide_1.3.0/stm32cubeide/plugins/com.st.stm32cube.ide.mcu.externaltools.gnu-tools-for-stm32.7-2018-q2-update.win32_1.0.0.201904181610/tools/bin/../lib/gcc/arm-none-eabi/7.3.1/../../../../arm-none-eabi/lib/thumb/v7e-m/fpv4-sp/hard\libc_nano.a(lib_a-errno.o)
 .ARM.attributes
                0x0000000000000000       0x34 c:/st/stm32cubeide_1.3.0/stm32cubeide/plugins/com.st.stm32cube.ide.mcu.externaltools.gnu-tools-for-stm32.7-2018-q2-update.win32_1.0.0.201904181610/tools/bin/../lib/gcc/arm-none-eabi/7.3.1/../../../../arm-none-eabi/lib/thumb/v7e-m/fpv4-sp/hard\libc_nano.a(lib_a-errno.o)
 .text          0x0000000000000000        0x0 c:/st/stm32cubeide_1.3.0/stm32cubeide/plugins/com.st.stm32cube.ide.mcu.externaltools.gnu-tools-for-stm32.7-2018-q2-update.win32_1.0.0.201904181610/tools/bin/../lib/gcc/arm-none-eabi/7.3.1/../../../../arm-none-eabi/lib/thumb/v7e-m/fpv4-sp/hard\libc_nano.a(lib_a-exit.o)
 .data          0x0000000000000000        0x0 c:/st/stm32cubeide_1.3.0/stm32cubeide/plugins/com.st.stm32cube.ide.mcu.externaltools.gnu-tools-for-stm32.7-2018-q2-update.win32_1.0.0.201904181610/tools/bin/../lib/gcc/arm-none-eabi/7.3.1/../../../../arm-none-eabi/lib/thumb/v7e-m/fpv4-sp/hard\libc_nano.a(lib_a-exit.o)
 .bss           0x0000000000000000        0x0 c:/st/stm32cubeide_1.3.0/stm32cubeide/plugins/com.st.stm32cube.ide.mcu.externaltools.gnu-tools-for-stm32.7-2018-q2-update.win32_1.0.0.201904181610/tools/bin/../lib/gcc/arm-none-eabi/7.3.1/../../../../arm-none-eabi/lib/thumb/v7e-m/fpv4-sp/hard\libc_nano.a(lib_a-exit.o)
 .text.exit     0x0000000000000000       0x28 c:/st/stm32cubeide_1.3.0/stm32cubeide/plugins/com.st.stm32cube.ide.mcu.externaltools.gnu-tools-for-stm32.7-2018-q2-update.win32_1.0.0.201904181610/tools/bin/../lib/gcc/arm-none-eabi/7.3.1/../../../../arm-none-eabi/lib/thumb/v7e-m/fpv4-sp/hard\libc_nano.a(lib_a-exit.o)
 .debug_frame   0x0000000000000000       0x28 c:/st/stm32cubeide_1.3.0/stm32cubeide/plugins/com.st.stm32cube.ide.mcu.externaltools.gnu-tools-for-stm32.7-2018-q2-update.win32_1.0.0.201904181610/tools/bin/../lib/gcc/arm-none-eabi/7.3.1/../../../../arm-none-eabi/lib/thumb/v7e-m/fpv4-sp/hard\libc_nano.a(lib_a-exit.o)
 .ARM.attributes
                0x0000000000000000       0x34 c:/st/stm32cubeide_1.3.0/stm32cubeide/plugins/com.st.stm32cube.ide.mcu.externaltools.gnu-tools-for-stm32.7-2018-q2-update.win32_1.0.0.201904181610/tools/bin/../lib/gcc/arm-none-eabi/7.3.1/../../../../arm-none-eabi/lib/thumb/v7e-m/fpv4-sp/hard\libc_nano.a(lib_a-exit.o)
 .text          0x0000000000000000        0x0 c:/st/stm32cubeide_1.3.0/stm32cubeide/plugins/com.st.stm32cube.ide.mcu.externaltools.gnu-tools-for-stm32.7-2018-q2-update.win32_1.0.0.201904181610/tools/bin/../lib/gcc/arm-none-eabi/7.3.1/../../../../arm-none-eabi/lib/thumb/v7e-m/fpv4-sp/hard\libc_nano.a(lib_a-impure.o)
 .data          0x0000000000000000        0x0 c:/st/stm32cubeide_1.3.0/stm32cubeide/plugins/com.st.stm32cube.ide.mcu.externaltools.gnu-tools-for-stm32.7-2018-q2-update.win32_1.0.0.201904181610/tools/bin/../lib/gcc/arm-none-eabi/7.3.1/../../../../arm-none-eabi/lib/thumb/v7e-m/fpv4-sp/hard\libc_nano.a(lib_a-impure.o)
 .bss           0x0000000000000000        0x0 c:/st/stm32cubeide_1.3.0/stm32cubeide/plugins/com.st.stm32cube.ide.mcu.externaltools.gnu-tools-for-stm32.7-2018-q2-update.win32_1.0.0.201904181610/tools/bin/../lib/gcc/arm-none-eabi/7.3.1/../../../../arm-none-eabi/lib/thumb/v7e-m/fpv4-sp/hard\libc_nano.a(lib_a-impure.o)
 .data._impure_ptr
                0x0000000000000000        0x4 c:/st/stm32cubeide_1.3.0/stm32cubeide/plugins/com.st.stm32cube.ide.mcu.externaltools.gnu-tools-for-stm32.7-2018-q2-update.win32_1.0.0.201904181610/tools/bin/../lib/gcc/arm-none-eabi/7.3.1/../../../../arm-none-eabi/lib/thumb/v7e-m/fpv4-sp/hard\libc_nano.a(lib_a-impure.o)
 .data.impure_data
                0x0000000000000000       0x60 c:/st/stm32cubeide_1.3.0/stm32cubeide/plugins/com.st.stm32cube.ide.mcu.externaltools.gnu-tools-for-stm32.7-2018-q2-update.win32_1.0.0.201904181610/tools/bin/../lib/gcc/arm-none-eabi/7.3.1/../../../../arm-none-eabi/lib/thumb/v7e-m/fpv4-sp/hard\libc_nano.a(lib_a-impure.o)
 .rodata._global_impure_ptr
                0x0000000000000000        0x4 c:/st/stm32cubeide_1.3.0/stm32cubeide/plugins/com.st.stm32cube.ide.mcu.externaltools.gnu-tools-for-stm32.7-2018-q2-update.win32_1.0.0.201904181610/tools/bin/../lib/gcc/arm-none-eabi/7.3.1/../../../../arm-none-eabi/lib/thumb/v7e-m/fpv4-sp/hard\libc_nano.a(lib_a-impure.o)
 .ARM.attributes
                0x0000000000000000       0x34 c:/st/stm32cubeide_1.3.0/stm32cubeide/plugins/com.st.stm32cube.ide.mcu.externaltools.gnu-tools-for-stm32.7-2018-q2-update.win32_1.0.0.201904181610/tools/bin/../lib/gcc/arm-none-eabi/7.3.1/../../../../arm-none-eabi/lib/thumb/v7e-m/fpv4-sp/hard\libc_nano.a(lib_a-impure.o)
 .text          0x0000000000000000        0x0 c:/st/stm32cubeide_1.3.0/stm32cubeide/plugins/com.st.stm32cube.ide.mcu.externaltools.gnu-tools-for-stm32.7-2018-q2-update.win32_1.0.0.201904181610/tools/bin/../lib/gcc/arm-none-eabi/7.3.1/../../../../arm-none-eabi/lib/thumb/v7e-m/fpv4-sp/hard\libc_nano.a(lib_a-init.o)
 .data          0x0000000000000000        0x0 c:/st/stm32cubeide_1.3.0/stm32cubeide/plugins/com.st.stm32cube.ide.mcu.externaltools.gnu-tools-for-stm32.7-2018-q2-update.win32_1.0.0.201904181610/tools/bin/../lib/gcc/arm-none-eabi/7.3.1/../../../../arm-none-eabi/lib/thumb/v7e-m/fpv4-sp/hard\libc_nano.a(lib_a-init.o)
 .bss           0x0000000000000000        0x0 c:/st/stm32cubeide_1.3.0/stm32cubeide/plugins/com.st.stm32cube.ide.mcu.externaltools.gnu-tools-for-stm32.7-2018-q2-update.win32_1.0.0.201904181610/tools/bin/../lib/gcc/arm-none-eabi/7.3.1/../../../../arm-none-eabi/lib/thumb/v7e-m/fpv4-sp/hard\libc_nano.a(lib_a-init.o)
 .text          0x0000000000000000        0x0 c:/st/stm32cubeide_1.3.0/stm32cubeide/plugins/com.st.stm32cube.ide.mcu.externaltools.gnu-tools-for-stm32.7-2018-q2-update.win32_1.0.0.201904181610/tools/bin/../lib/gcc/arm-none-eabi/7.3.1/../../../../arm-none-eabi/lib/thumb/v7e-m/fpv4-sp/hard\libc_nano.a(lib_a-memset.o)
 .data          0x0000000000000000        0x0 c:/st/stm32cubeide_1.3.0/stm32cubeide/plugins/com.st.stm32cube.ide.mcu.externaltools.gnu-tools-for-stm32.7-2018-q2-update.win32_1.0.0.201904181610/tools/bin/../lib/gcc/arm-none-eabi/7.3.1/../../../../arm-none-eabi/lib/thumb/v7e-m/fpv4-sp/hard\libc_nano.a(lib_a-memset.o)
 .bss           0x0000000000000000        0x0 c:/st/stm32cubeide_1.3.0/stm32cubeide/plugins/com.st.stm32cube.ide.mcu.externaltools.gnu-tools-for-stm32.7-2018-q2-update.win32_1.0.0.201904181610/tools/bin/../lib/gcc/arm-none-eabi/7.3.1/../../../../arm-none-eabi/lib/thumb/v7e-m/fpv4-sp/hard\libc_nano.a(lib_a-memset.o)
 .data          0x0000000000000000        0x0 c:/st/stm32cubeide_1.3.0/stm32cubeide/plugins/com.st.stm32cube.ide.mcu.externaltools.gnu-tools-for-stm32.7-2018-q2-update.win32_1.0.0.201904181610/tools/bin/../lib/gcc/arm-none-eabi/7.3.1/../../../../arm-none-eabi/lib/thumb/v7e-m/fpv4-sp/hard\libc_nano.a(lib_a-strlen.o)
 .bss           0x0000000000000000        0x0 c:/st/stm32cubeide_1.3.0/stm32cubeide/plugins/com.st.stm32cube.ide.mcu.externaltools.gnu-tools-for-stm32.7-2018-q2-update.win32_1.0.0.201904181610/tools/bin/../lib/gcc/arm-none-eabi/7.3.1/../../../../arm-none-eabi/lib/thumb/v7e-m/fpv4-sp/hard\libc_nano.a(lib_a-strlen.o)
 .text          0x0000000000000000        0x0 c:/st/stm32cubeide_1.3.0/stm32cubeide/plugins/com.st.stm32cube.ide.mcu.externaltools.gnu-tools-for-stm32.7-2018-q2-update.win32_1.0.0.201904181610/tools/bin/../lib/gcc/arm-none-eabi/7.3.1/thumb/v7e-m/fpv4-sp/hard/crtend.o
 .data          0x0000000000000000        0x0 c:/st/stm32cubeide_1.3.0/stm32cubeide/plugins/com.st.stm32cube.ide.mcu.externaltools.gnu-tools-for-stm32.7-2018-q2-update.win32_1.0.0.201904181610/tools/bin/../lib/gcc/arm-none-eabi/7.3.1/thumb/v7e-m/fpv4-sp/hard/crtend.o
 .bss           0x0000000000000000        0x0 c:/st/stm32cubeide_1.3.0/stm32cubeide/plugins/com.st.stm32cube.ide.mcu.externaltools.gnu-tools-for-stm32.7-2018-q2-update.win32_1.0.0.201904181610/tools/bin/../lib/gcc/arm-none-eabi/7.3.1/thumb/v7e-m/fpv4-sp/hard/crtend.o
 .eh_frame      0x0000000000000000        0x4 c:/st/stm32cubeide_1.3.0/stm32cubeide/plugins/com.st.stm32cube.ide.mcu.externaltools.gnu-tools-for-stm32.7-2018-q2-update.win32_1.0.0.201904181610/tools/bin/../lib/gcc/arm-none-eabi/7.3.1/thumb/v7e-m/fpv4-sp/hard/crtend.o
 .ARM.attributes
                0x0000000000000000       0x34 c:/st/stm32cubeide_1.3.0/stm32cubeide/plugins/com.st.stm32cube.ide.mcu.externaltools.gnu-tools-for-stm32.7-2018-q2-update.win32_1.0.0.201904181610/tools/bin/../lib/gcc/arm-none-eabi/7.3.1/thumb/v7e-m/fpv4-sp/hard/crtend.o
 .text          0x0000000000000000        0x0 c:/st/stm32cubeide_1.3.0/stm32cubeide/plugins/com.st.stm32cube.ide.mcu.externaltools.gnu-tools-for-stm32.7-2018-q2-update.win32_1.0.0.201904181610/tools/bin/../lib/gcc/arm-none-eabi/7.3.1/thumb/v7e-m/fpv4-sp/hard/crtn.o
 .data          0x0000000000000000        0x0 c:/st/stm32cubeide_1.3.0/stm32cubeide/plugins/com.st.stm32cube.ide.mcu.externaltools.gnu-tools-for-stm32.7-2018-q2-update.win32_1.0.0.201904181610/tools/bin/../lib/gcc/arm-none-eabi/7.3.1/thumb/v7e-m/fpv4-sp/hard/crtn.o
 .bss           0x0000000000000000        0x0 c:/st/stm32cubeide_1.3.0/stm32cubeide/plugins/com.st.stm32cube.ide.mcu.externaltools.gnu-tools-for-stm32.7-2018-q2-update.win32_1.0.0.201904181610/tools/bin/../lib/gcc/arm-none-eabi/7.3.1/thumb/v7e-m/fpv4-sp/hard/crtn.o

Memory Configuration

Name             Origin             Length             Attributes
RAM              0x0000000020000000 0x0000000000020000 xrw
ROM              0x0000000008000000 0x0000000000100000 xr
*default*        0x0000000000000000 0xffffffffffffffff

Linker script and memory map

LOAD c:/st/stm32cubeide_1.3.0/stm32cubeide/plugins/com.st.stm32cube.ide.mcu.externaltools.gnu-tools-for-stm32.7-2018-q2-update.win32_1.0.0.201904181610/tools/bin/../lib/gcc/arm-none-eabi/7.3.1/thumb/v7e-m/fpv4-sp/hard/crti.o
LOAD c:/st/stm32cubeide_1.3.0/stm32cubeide/plugins/com.st.stm32cube.ide.mcu.externaltools.gnu-tools-for-stm32.7-2018-q2-update.win32_1.0.0.201904181610/tools/bin/../lib/gcc/arm-none-eabi/7.3.1/thumb/v7e-m/fpv4-sp/hard/crtbegin.o
LOAD c:/st/stm32cubeide_1.3.0/stm32cubeide/plugins/com.st.stm32cube.ide.mcu.externaltools.gnu-tools-for-stm32.7-2018-q2-update.win32_1.0.0.201904181610/tools/bin/../lib/gcc/arm-none-eabi/7.3.1/../../../../arm-none-eabi/lib/thumb/v7e-m/fpv4-sp/hard/crt0.o
LOAD Src/012MasterSTMSlaveArduinoI2C.o
LOAD Src/syscalls.o
LOAD Src/sysmem.o
LOAD Startup/startup_stm32f407vgtx.o
LOAD drivers/Src/STM32F407xx_I2C_Driver.o
LOAD drivers/Src/STM32F407xx_SPI_Driver.o
LOAD drivers/Src/gpio_driver.o
START GROUP
LOAD c:/st/stm32cubeide_1.3.0/stm32cubeide/plugins/com.st.stm32cube.ide.mcu.externaltools.gnu-tools-for-stm32.7-2018-q2-update.win32_1.0.0.201904181610/tools/bin/../lib/gcc/arm-none-eabi/7.3.1/../../../../arm-none-eabi/lib/thumb/v7e-m/fpv4-sp/hard\libc_nano.a
LOAD c:/st/stm32cubeide_1.3.0/stm32cubeide/plugins/com.st.stm32cube.ide.mcu.externaltools.gnu-tools-for-stm32.7-2018-q2-update.win32_1.0.0.201904181610/tools/bin/../lib/gcc/arm-none-eabi/7.3.1/../../../../arm-none-eabi/lib/thumb/v7e-m/fpv4-sp/hard\libm.a
END GROUP
START GROUP
LOAD c:/st/stm32cubeide_1.3.0/stm32cubeide/plugins/com.st.stm32cube.ide.mcu.externaltools.gnu-tools-for-stm32.7-2018-q2-update.win32_1.0.0.201904181610/tools/bin/../lib/gcc/arm-none-eabi/7.3.1/thumb/v7e-m/fpv4-sp/hard\libgcc.a
LOAD c:/st/stm32cubeide_1.3.0/stm32cubeide/plugins/com.st.stm32cube.ide.mcu.externaltools.gnu-tools-for-stm32.7-2018-q2-update.win32_1.0.0.201904181610/tools/bin/../lib/gcc/arm-none-eabi/7.3.1/../../../../arm-none-eabi/lib/thumb/v7e-m/fpv4-sp/hard\libc_nano.a
END GROUP
START GROUP
LOAD c:/st/stm32cubeide_1.3.0/stm32cubeide/plugins/com.st.stm32cube.ide.mcu.externaltools.gnu-tools-for-stm32.7-2018-q2-update.win32_1.0.0.201904181610/tools/bin/../lib/gcc/arm-none-eabi/7.3.1/thumb/v7e-m/fpv4-sp/hard\libgcc.a
LOAD c:/st/stm32cubeide_1.3.0/stm32cubeide/plugins/com.st.stm32cube.ide.mcu.externaltools.gnu-tools-for-stm32.7-2018-q2-update.win32_1.0.0.201904181610/tools/bin/../lib/gcc/arm-none-eabi/7.3.1/../../../../arm-none-eabi/lib/thumb/v7e-m/fpv4-sp/hard\libc_nano.a
LOAD c:/st/stm32cubeide_1.3.0/stm32cubeide/plugins/com.st.stm32cube.ide.mcu.externaltools.gnu-tools-for-stm32.7-2018-q2-update.win32_1.0.0.201904181610/tools/bin/../lib/gcc/arm-none-eabi/7.3.1/../../../../arm-none-eabi/lib/thumb/v7e-m/fpv4-sp/hard\libnosys.a
END GROUP
START GROUP
LOAD c:/st/stm32cubeide_1.3.0/stm32cubeide/plugins/com.st.stm32cube.ide.mcu.externaltools.gnu-tools-for-stm32.7-2018-q2-update.win32_1.0.0.201904181610/tools/bin/../lib/gcc/arm-none-eabi/7.3.1/thumb/v7e-m/fpv4-sp/hard\libgcc.a
LOAD c:/st/stm32cubeide_1.3.0/stm32cubeide/plugins/com.st.stm32cube.ide.mcu.externaltools.gnu-tools-for-stm32.7-2018-q2-update.win32_1.0.0.201904181610/tools/bin/../lib/gcc/arm-none-eabi/7.3.1/../../../../arm-none-eabi/lib/thumb/v7e-m/fpv4-sp/hard\libc_nano.a
LOAD c:/st/stm32cubeide_1.3.0/stm32cubeide/plugins/com.st.stm32cube.ide.mcu.externaltools.gnu-tools-for-stm32.7-2018-q2-update.win32_1.0.0.201904181610/tools/bin/../lib/gcc/arm-none-eabi/7.3.1/../../../../arm-none-eabi/lib/thumb/v7e-m/fpv4-sp/hard\libnosys.a
END GROUP
LOAD c:/st/stm32cubeide_1.3.0/stm32cubeide/plugins/com.st.stm32cube.ide.mcu.externaltools.gnu-tools-for-stm32.7-2018-q2-update.win32_1.0.0.201904181610/tools/bin/../lib/gcc/arm-none-eabi/7.3.1/thumb/v7e-m/fpv4-sp/hard/crtend.o
LOAD c:/st/stm32cubeide_1.3.0/stm32cubeide/plugins/com.st.stm32cube.ide.mcu.externaltools.gnu-tools-for-stm32.7-2018-q2-update.win32_1.0.0.201904181610/tools/bin/../lib/gcc/arm-none-eabi/7.3.1/thumb/v7e-m/fpv4-sp/hard/crtn.o
                0x0000000020020000                _estack = (ORIGIN (RAM) + LENGTH (RAM))
                0x0000000000000200                _Min_Heap_Size = 0x200
                0x0000000000000400                _Min_Stack_Size = 0x400

.isr_vector     0x0000000008000000      0x1a8
                0x0000000008000000                . = ALIGN (0x4)
 *(.isr_vector)
 .isr_vector    0x0000000008000000      0x1a8 Startup/startup_stm32f407vgtx.o
                0x0000000008000000                g_pfnVectors
                0x00000000080001a8                . = ALIGN (0x4)

.text           0x00000000080001a8      0xe48
                0x00000000080001a8                . = ALIGN (0x4)
 *(.text)
 .text          0x00000000080001a8       0x40 c:/st/stm32cubeide_1.3.0/stm32cubeide/plugins/com.st.stm32cube.ide.mcu.externaltools.gnu-tools-for-stm32.7-2018-q2-update.win32_1.0.0.201904181610/tools/bin/../lib/gcc/arm-none-eabi/7.3.1/thumb/v7e-m/fpv4-sp/hard/crtbegin.o
 .text          0x00000000080001e8       0x10 c:/st/stm32cubeide_1.3.0/stm32cubeide/plugins/com.st.stm32cube.ide.mcu.externaltools.gnu-tools-for-stm32.7-2018-q2-update.win32_1.0.0.201904181610/tools/bin/../lib/gcc/arm-none-eabi/7.3.1/../../../../arm-none-eabi/lib/thumb/v7e-m/fpv4-sp/hard\libc_nano.a(lib_a-strlen.o)
                0x00000000080001e8                strlen
 *(.text*)
 .text.main     0x00000000080001f8       0x84 Src/012MasterSTMSlaveArduinoI2C.o
                0x00000000080001f8                main
 .text.GPIO_ButtonInit
                0x000000000800027c       0x44 Src/012MasterSTMSlaveArduinoI2C.o
                0x000000000800027c                GPIO_ButtonInit
 .text.GPIO_I2CInit
                0x00000000080002c0       0x50 Src/012MasterSTMSlaveArduinoI2C.o
                0x00000000080002c0                GPIO_I2CInit
 .text.I2C_HandlerInit
                0x0000000008000310       0x44 Src/012MasterSTMSlaveArduinoI2C.o
                0x0000000008000310                I2C_HandlerInit
 .text.delay    0x0000000008000354       0x28 Src/012MasterSTMSlaveArduinoI2C.o
                0x0000000008000354                delay
 .text.Reset_Handler
                0x000000000800037c       0x50 Startup/startup_stm32f407vgtx.o
                0x000000000800037c                Reset_Handler
 .text.Default_Handler
                0x00000000080003cc        0x2 Startup/startup_stm32f407vgtx.o
                0x00000000080003cc                RTC_Alarm_IRQHandler
                0x00000000080003cc                HASH_RNG_IRQHandler
                0x00000000080003cc                EXTI2_IRQHandler
                0x00000000080003cc                TIM8_CC_IRQHandler
                0x00000000080003cc                DebugMon_Handler
                0x00000000080003cc                TIM1_CC_IRQHandler
                0x00000000080003cc                DMA2_Stream5_IRQHandler
                0x00000000080003cc                HardFault_Handler
                0x00000000080003cc                DMA1_Stream5_IRQHandler
                0x00000000080003cc                SysTick_Handler
                0x00000000080003cc                PVD_IRQHandler
                0x00000000080003cc                SDIO_IRQHandler
                0x00000000080003cc                TAMP_STAMP_IRQHandler
                0x00000000080003cc                PendSV_Handler
                0x00000000080003cc                NMI_Handler
                0x00000000080003cc                CAN2_RX1_IRQHandler
                0x00000000080003cc                EXTI3_IRQHandler
                0x00000000080003cc                TIM8_TRG_COM_TIM14_IRQHandler
                0x00000000080003cc                TIM1_UP_TIM10_IRQHandler
                0x00000000080003cc                TIM8_UP_TIM13_IRQHandler
                0x00000000080003cc                I2C3_ER_IRQHandler
                0x00000000080003cc                LCD_TFT_IRQHandler
                0x00000000080003cc                EXTI0_IRQHandler
                0x00000000080003cc                I2C2_EV_IRQHandler
                0x00000000080003cc                DMA1_Stream2_IRQHandler
                0x00000000080003cc                CAN1_RX0_IRQHandler
                0x00000000080003cc                FPU_IRQHandler
                0x00000000080003cc                OTG_HS_WKUP_IRQHandler
                0x00000000080003cc                UsageFault_Handler
                0x00000000080003cc                CAN2_SCE_IRQHandler
                0x00000000080003cc                DMA2_Stream2_IRQHandler
                0x00000000080003cc                SPI1_IRQHandler
                0x00000000080003cc                TIM6_DAC_IRQHandler
                0x00000000080003cc                TIM1_BRK_TIM9_IRQHandler
                0x00000000080003cc                DCMI_IRQHandler
                0x00000000080003cc                CAN2_RX0_IRQHandler
                0x00000000080003cc                DMA2_Stream3_IRQHandler
                0x00000000080003cc                USART6_IRQHandler
                0x00000000080003cc                USART3_IRQHandler
                0x00000000080003cc                CRYP_IRQHandler
                0x00000000080003cc                CAN1_RX1_IRQHandler
                0x00000000080003cc                UART5_IRQHandler
                0x00000000080003cc                DMA2_Stream0_IRQHandler
                0x00000000080003cc                TIM4_IRQHandler
                0x00000000080003cc                I2C1_EV_IRQHandler
                0x00000000080003cc                DMA1_Stream6_IRQHandler
                0x00000000080003cc                DMA1_Stream1_IRQHandler
                0x00000000080003cc                UART4_IRQHandler
                0x00000000080003cc                LCD_TFT_1_IRQHandler
                0x00000000080003cc                TIM3_IRQHandler
                0x00000000080003cc                RCC_IRQHandler
                0x00000000080003cc                TIM8_BRK_TIM12_IRQHandler
                0x00000000080003cc                Default_Handler
                0x00000000080003cc                EXTI15_10_IRQHandler
                0x00000000080003cc                ADC_IRQHandler
                0x00000000080003cc                DMA1_Stream7_IRQHandler
                0x00000000080003cc                TIM7_IRQHandler
                0x00000000080003cc                CAN2_TX_IRQHandler
                0x00000000080003cc                TIM5_IRQHandler
                0x00000000080003cc                DMA2_Stream7_IRQHandler
                0x00000000080003cc                I2C3_EV_IRQHandler
                0x00000000080003cc                EXTI9_5_IRQHandler
                0x00000000080003cc                RTC_WKUP_IRQHandler
                0x00000000080003cc                ETH_WKUP_IRQHandler
                0x00000000080003cc                SPI2_IRQHandler
                0x00000000080003cc                OTG_HS_EP1_IN_IRQHandler
                0x00000000080003cc                MemManage_Handler
                0x00000000080003cc                DMA1_Stream0_IRQHandler
                0x00000000080003cc                CAN1_TX_IRQHandler
                0x00000000080003cc                SVC_Handler
                0x00000000080003cc                EXTI4_IRQHandler
                0x00000000080003cc                FSMC_IRQHandler
                0x00000000080003cc                ETH_IRQHandler
                0x00000000080003cc                OTG_HS_EP1_OUT_IRQHandler
                0x00000000080003cc                WWDG_IRQHandler
                0x00000000080003cc                TIM2_IRQHandler
                0x00000000080003cc                OTG_FS_WKUP_IRQHandler
                0x00000000080003cc                TIM1_TRG_COM_TIM11_IRQHandler
                0x00000000080003cc                OTG_HS_IRQHandler
                0x00000000080003cc                EXTI1_IRQHandler
                0x00000000080003cc                USART2_IRQHandler
                0x00000000080003cc                I2C2_ER_IRQHandler
                0x00000000080003cc                DMA2_Stream1_IRQHandler
                0x00000000080003cc                CAN1_SCE_IRQHandler
                0x00000000080003cc                DMA2_Stream4_IRQHandler
                0x00000000080003cc                BusFault_Handler
                0x00000000080003cc                USART1_IRQHandler
                0x00000000080003cc                OTG_FS_IRQHandler
                0x00000000080003cc                SPI3_IRQHandler
                0x00000000080003cc                DMA1_Stream4_IRQHandler
                0x00000000080003cc                I2C1_ER_IRQHandler
                0x00000000080003cc                DMA2_Stream6_IRQHandler
                0x00000000080003cc                DMA1_Stream3_IRQHandler
 *fill*         0x00000000080003ce        0x2 
 .text.I2C_PeriClkCtrl
                0x00000000080003d0       0x9c drivers/Src/STM32F407xx_I2C_Driver.o
                0x00000000080003d0                I2C_PeriClkCtrl
 .text.getPLLClkFreq
                0x000000000800046c       0x10 drivers/Src/STM32F407xx_I2C_Driver.o
 .text.getAPB1ClkFreq
                0x000000000800047c       0xd4 drivers/Src/STM32F407xx_I2C_Driver.o
 .text.I2C_Init
                0x0000000008000550      0x19c drivers/Src/STM32F407xx_I2C_Driver.o
                0x0000000008000550                I2C_Init
 .text.I2C_DeInit
                0x00000000080006ec       0x7c drivers/Src/STM32F407xx_I2C_Driver.o
                0x00000000080006ec                I2C_DeInit
 .text.I2C_PeripheralEnable
                0x0000000008000768       0x44 drivers/Src/STM32F407xx_I2C_Driver.o
                0x0000000008000768                I2C_PeripheralEnable
 .text.I2C_MasterSendData
                0x00000000080007ac       0xd2 drivers/Src/STM32F407xx_I2C_Driver.o
                0x00000000080007ac                I2C_MasterSendData
 .text.I2C_CheckStatusFlag
                0x000000000800087e       0x2a drivers/Src/STM32F407xx_I2C_Driver.o
                0x000000000800087e                I2C_CheckStatusFlag
 .text.generateStartCondition
                0x00000000080008a8       0x20 drivers/Src/STM32F407xx_I2C_Driver.o
 .text.generateStopCondition
                0x00000000080008c8       0x20 drivers/Src/STM32F407xx_I2C_Driver.o
 .text.clearFlagSB
                0x00000000080008e8       0x1a drivers/Src/STM32F407xx_I2C_Driver.o
 .text.clearFlagADDR
                0x0000000008000902       0x20 drivers/Src/STM32F407xx_I2C_Driver.o
 *fill*         0x0000000008000922        0x2 
 .text.GPIO_PeriClkCtrl
                0x0000000008000924      0x21c drivers/Src/gpio_driver.o
                0x0000000008000924                GPIO_PeriClkCtrl
 .text.GPIO_Init
                0x0000000008000b40      0x25c drivers/Src/gpio_driver.o
                0x0000000008000b40                GPIO_Init
 .text.GPIO_DeInit
                0x0000000008000d9c      0x1b8 drivers/Src/gpio_driver.o
                0x0000000008000d9c                GPIO_DeInit
 .text.GPIO_ReadFromInputPin
                0x0000000008000f54       0x2c drivers/Src/gpio_driver.o
                0x0000000008000f54                GPIO_ReadFromInputPin
 .text.__libc_init_array
                0x0000000008000f80       0x48 c:/st/stm32cubeide_1.3.0/stm32cubeide/plugins/com.st.stm32cube.ide.mcu.externaltools.gnu-tools-for-stm32.7-2018-q2-update.win32_1.0.0.201904181610/tools/bin/../lib/gcc/arm-none-eabi/7.3.1/../../../../arm-none-eabi/lib/thumb/v7e-m/fpv4-sp/hard\libc_nano.a(lib_a-init.o)
                0x0000000008000f80                __libc_init_array
 .text.memset   0x0000000008000fc8       0x10 c:/st/stm32cubeide_1.3.0/stm32cubeide/plugins/com.st.stm32cube.ide.mcu.externaltools.gnu-tools-for-stm32.7-2018-q2-update.win32_1.0.0.201904181610/tools/bin/../lib/gcc/arm-none-eabi/7.3.1/../../../../arm-none-eabi/lib/thumb/v7e-m/fpv4-sp/hard\libc_nano.a(lib_a-memset.o)
                0x0000000008000fc8                memset
 *(.glue_7)
 .glue_7        0x0000000008000fd8        0x0 linker stubs
 *(.glue_7t)
 .glue_7t       0x0000000008000fd8        0x0 linker stubs
 *(.eh_frame)
 .eh_frame      0x0000000008000fd8        0x0 c:/st/stm32cubeide_1.3.0/stm32cubeide/plugins/com.st.stm32cube.ide.mcu.externaltools.gnu-tools-for-stm32.7-2018-q2-update.win32_1.0.0.201904181610/tools/bin/../lib/gcc/arm-none-eabi/7.3.1/thumb/v7e-m/fpv4-sp/hard/crtbegin.o
 *(.init)
 .init          0x0000000008000fd8        0x4 c:/st/stm32cubeide_1.3.0/stm32cubeide/plugins/com.st.stm32cube.ide.mcu.externaltools.gnu-tools-for-stm32.7-2018-q2-update.win32_1.0.0.201904181610/tools/bin/../lib/gcc/arm-none-eabi/7.3.1/thumb/v7e-m/fpv4-sp/hard/crti.o
                0x0000000008000fd8                _init
 .init          0x0000000008000fdc        0x8 c:/st/stm32cubeide_1.3.0/stm32cubeide/plugins/com.st.stm32cube.ide.mcu.externaltools.gnu-tools-for-stm32.7-2018-q2-update.win32_1.0.0.201904181610/tools/bin/../lib/gcc/arm-none-eabi/7.3.1/thumb/v7e-m/fpv4-sp/hard/crtn.o
 *(.fini)
 .fini          0x0000000008000fe4        0x4 c:/st/stm32cubeide_1.3.0/stm32cubeide/plugins/com.st.stm32cube.ide.mcu.externaltools.gnu-tools-for-stm32.7-2018-q2-update.win32_1.0.0.201904181610/tools/bin/../lib/gcc/arm-none-eabi/7.3.1/thumb/v7e-m/fpv4-sp/hard/crti.o
                0x0000000008000fe4                _fini
 .fini          0x0000000008000fe8        0x8 c:/st/stm32cubeide_1.3.0/stm32cubeide/plugins/com.st.stm32cube.ide.mcu.externaltools.gnu-tools-for-stm32.7-2018-q2-update.win32_1.0.0.201904181610/tools/bin/../lib/gcc/arm-none-eabi/7.3.1/thumb/v7e-m/fpv4-sp/hard/crtn.o
                0x0000000008000ff0                . = ALIGN (0x4)
                0x0000000008000ff0                _etext = .

.vfp11_veneer   0x0000000008000ff0        0x0
 .vfp11_veneer  0x0000000008000ff0        0x0 linker stubs

.v4_bx          0x0000000008000ff0        0x0
 .v4_bx         0x0000000008000ff0        0x0 linker stubs

.iplt           0x0000000008000ff0        0x0
 .iplt          0x0000000008000ff0        0x0 c:/st/stm32cubeide_1.3.0/stm32cubeide/plugins/com.st.stm32cube.ide.mcu.externaltools.gnu-tools-for-stm32.7-2018-q2-update.win32_1.0.0.201904181610/tools/bin/../lib/gcc/arm-none-eabi/7.3.1/thumb/v7e-m/fpv4-sp/hard/crtbegin.o

.rodata         0x0000000008000ff0       0x20
                0x0000000008000ff0                . = ALIGN (0x4)
 *(.rodata)
 .rodata        0x0000000008000ff0       0x1e drivers/Src/STM32F407xx_I2C_Driver.o
 *(.rodata*)
                0x0000000008001010                . = ALIGN (0x4)
 *fill*         0x000000000800100e        0x2 

.rel.dyn        0x0000000008001010        0x0
 .rel.iplt      0x0000000008001010        0x0 c:/st/stm32cubeide_1.3.0/stm32cubeide/plugins/com.st.stm32cube.ide.mcu.externaltools.gnu-tools-for-stm32.7-2018-q2-update.win32_1.0.0.201904181610/tools/bin/../lib/gcc/arm-none-eabi/7.3.1/thumb/v7e-m/fpv4-sp/hard/crtbegin.o

.ARM.extab      0x0000000008001010        0x0
                0x0000000008001010                . = ALIGN (0x4)
 *(.ARM.extab* .gnu.linkonce.armextab.*)
                0x0000000008001010                . = ALIGN (0x4)

.ARM            0x0000000008001010        0x0
                0x0000000008001010                . = ALIGN (0x4)
                0x0000000008001010                __exidx_start = .
 *(.ARM.exidx*)
                0x0000000008001010                __exidx_end = .
                0x0000000008001010                . = ALIGN (0x4)

.preinit_array  0x0000000008001010        0x0
                0x0000000008001010                . = ALIGN (0x4)
                0x0000000008001010                PROVIDE (__preinit_array_start = .)
 *(.preinit_array*)
                0x0000000008001010                PROVIDE (__preinit_array_end = .)
                0x0000000008001010                . = ALIGN (0x4)

.init_array     0x0000000008001010        0x4
                0x0000000008001010                . = ALIGN (0x4)
                0x0000000008001010                PROVIDE (__init_array_start = .)
 *(SORT_BY_NAME(.init_array.*))
 *(.init_array*)
 .init_array    0x0000000008001010        0x4 c:/st/stm32cubeide_1.3.0/stm32cubeide/plugins/com.st.stm32cube.ide.mcu.externaltools.gnu-tools-for-stm32.7-2018-q2-update.win32_1.0.0.201904181610/tools/bin/../lib/gcc/arm-none-eabi/7.3.1/thumb/v7e-m/fpv4-sp/hard/crtbegin.o
                0x0000000008001014                PROVIDE (__init_array_end = .)
                0x0000000008001014                . = ALIGN (0x4)

.fini_array     0x0000000008001014        0x4
                0x0000000008001014                . = ALIGN (0x4)
                [!provide]                        PROVIDE (__fini_array_start = .)
 *(SORT_BY_NAME(.fini_array.*))
 *(.fini_array*)
 .fini_array    0x0000000008001014        0x4 c:/st/stm32cubeide_1.3.0/stm32cubeide/plugins/com.st.stm32cube.ide.mcu.externaltools.gnu-tools-for-stm32.7-2018-q2-update.win32_1.0.0.201904181610/tools/bin/../lib/gcc/arm-none-eabi/7.3.1/thumb/v7e-m/fpv4-sp/hard/crtbegin.o
                [!provide]                        PROVIDE (__fini_array_end = .)
                0x0000000008001018                . = ALIGN (0x4)
                0x0000000008001018                _sidata = LOADADDR (.data)

.data           0x0000000020000000       0x20 load address 0x0000000008001018
                0x0000000020000000                . = ALIGN (0x4)
                0x0000000020000000                _sdata = .
 *(.data)
 *(.data*)
 .data.data     0x0000000020000000       0x1e Src/012MasterSTMSlaveArduinoI2C.o
                0x0000000020000000                data
                0x0000000020000020                . = ALIGN (0x4)
 *fill*         0x000000002000001e        0x2 
                0x0000000020000020                _edata = .

.igot.plt       0x0000000020000020        0x0 load address 0x0000000008001038
 .igot.plt      0x0000000020000020        0x0 c:/st/stm32cubeide_1.3.0/stm32cubeide/plugins/com.st.stm32cube.ide.mcu.externaltools.gnu-tools-for-stm32.7-2018-q2-update.win32_1.0.0.201904181610/tools/bin/../lib/gcc/arm-none-eabi/7.3.1/thumb/v7e-m/fpv4-sp/hard/crtbegin.o
                0x0000000020000020                . = ALIGN (0x4)

.bss            0x0000000020000020       0x1c load address 0x0000000008001038
                0x0000000020000020                _sbss = .
                0x0000000020000020                __bss_start__ = _sbss
 *(.bss)
 .bss           0x0000000020000020       0x1c c:/st/stm32cubeide_1.3.0/stm32cubeide/plugins/com.st.stm32cube.ide.mcu.externaltools.gnu-tools-for-stm32.7-2018-q2-update.win32_1.0.0.201904181610/tools/bin/../lib/gcc/arm-none-eabi/7.3.1/thumb/v7e-m/fpv4-sp/hard/crtbegin.o
 *(.bss*)
 *(COMMON)
                0x000000002000003c                . = ALIGN (0x4)
                0x000000002000003c                _ebss = .
                0x000000002000003c                __bss_end__ = _ebss

._user_heap_stack
                0x000000002000003c      0x604 load address 0x0000000008001038
                0x0000000020000040                . = ALIGN (0x8)
 *fill*         0x000000002000003c        0x4 
                0x0000000020000040                PROVIDE (end = .)
                [!provide]                        PROVIDE (_end = .)
                0x0000000020000240                . = (. + _Min_Heap_Size)
 *fill*         0x0000000020000040      0x200 
                0x0000000020000640                . = (. + _Min_Stack_Size)
 *fill*         0x0000000020000240      0x400 
                0x0000000020000640                . = ALIGN (0x8)

/DISCARD/
 libc.a(*)
 libm.a(*)
 libgcc.a(*)

.ARM.attributes
                0x0000000000000000       0x30
 *(.ARM.attributes)
 .ARM.attributes
                0x0000000000000000       0x22 c:/st/stm32cubeide_1.3.0/stm32cubeide/plugins/com.st.stm32cube.ide.mcu.externaltools.gnu-tools-for-stm32.7-2018-q2-update.win32_1.0.0.201904181610/tools/bin/../lib/gcc/arm-none-eabi/7.3.1/thumb/v7e-m/fpv4-sp/hard/crti.o
 .ARM.attributes
                0x0000000000000022       0x34 c:/st/stm32cubeide_1.3.0/stm32cubeide/plugins/com.st.stm32cube.ide.mcu.externaltools.gnu-tools-for-stm32.7-2018-q2-update.win32_1.0.0.201904181610/tools/bin/../lib/gcc/arm-none-eabi/7.3.1/thumb/v7e-m/fpv4-sp/hard/crtbegin.o
 .ARM.attributes
                0x0000000000000056       0x39 Src/012MasterSTMSlaveArduinoI2C.o
 .ARM.attributes
                0x000000000000008f       0x21 Startup/startup_stm32f407vgtx.o
 .ARM.attributes
                0x00000000000000b0       0x39 drivers/Src/STM32F407xx_I2C_Driver.o
 .ARM.attributes
                0x00000000000000e9       0x39 drivers/Src/gpio_driver.o
 .ARM.attributes
                0x0000000000000122       0x34 c:/st/stm32cubeide_1.3.0/stm32cubeide/plugins/com.st.stm32cube.ide.mcu.externaltools.gnu-tools-for-stm32.7-2018-q2-update.win32_1.0.0.201904181610/tools/bin/../lib/gcc/arm-none-eabi/7.3.1/../../../../arm-none-eabi/lib/thumb/v7e-m/fpv4-sp/hard\libc_nano.a(lib_a-init.o)
 .ARM.attributes
                0x0000000000000156       0x34 c:/st/stm32cubeide_1.3.0/stm32cubeide/plugins/com.st.stm32cube.ide.mcu.externaltools.gnu-tools-for-stm32.7-2018-q2-update.win32_1.0.0.201904181610/tools/bin/../lib/gcc/arm-none-eabi/7.3.1/../../../../arm-none-eabi/lib/thumb/v7e-m/fpv4-sp/hard\libc_nano.a(lib_a-memset.o)
 .ARM.attributes
                0x000000000000018a       0x1b c:/st/stm32cubeide_1.3.0/stm32cubeide/plugins/com.st.stm32cube.ide.mcu.externaltools.gnu-tools-for-stm32.7-2018-q2-update.win32_1.0.0.201904181610/tools/bin/../lib/gcc/arm-none-eabi/7.3.1/../../../../arm-none-eabi/lib/thumb/v7e-m/fpv4-sp/hard\libc_nano.a(lib_a-strlen.o)
 .ARM.attributes
                0x00000000000001a5       0x22 c:/st/stm32cubeide_1.3.0/stm32cubeide/plugins/com.st.stm32cube.ide.mcu.externaltools.gnu-tools-for-stm32.7-2018-q2-update.win32_1.0.0.201904181610/tools/bin/../lib/gcc/arm-none-eabi/7.3.1/thumb/v7e-m/fpv4-sp/hard/crtn.o
OUTPUT(STM32F407xx_Drivers.elf elf32-littlearm)

.debug_info     0x0000000000000000     0x2a59
 .debug_info    0x0000000000000000      0xc19 Src/012MasterSTMSlaveArduinoI2C.o
 .debug_info    0x0000000000000c19       0x22 Startup/startup_stm32f407vgtx.o
 .debug_info    0x0000000000000c3b      0xf22 drivers/Src/STM32F407xx_I2C_Driver.o
 .debug_info    0x0000000000001b5d      0xefc drivers/Src/gpio_driver.o

.debug_abbrev   0x0000000000000000      0x6b5
 .debug_abbrev  0x0000000000000000      0x1f4 Src/012MasterSTMSlaveArduinoI2C.o
 .debug_abbrev  0x00000000000001f4       0x12 Startup/startup_stm32f407vgtx.o
 .debug_abbrev  0x0000000000000206      0x276 drivers/Src/STM32F407xx_I2C_Driver.o
 .debug_abbrev  0x000000000000047c      0x239 drivers/Src/gpio_driver.o

.debug_aranges  0x0000000000000000      0x160
 .debug_aranges
                0x0000000000000000       0x40 Src/012MasterSTMSlaveArduinoI2C.o
 .debug_aranges
                0x0000000000000040       0x28 Startup/startup_stm32f407vgtx.o
 .debug_aranges
                0x0000000000000068       0x88 drivers/Src/STM32F407xx_I2C_Driver.o
 .debug_aranges
                0x00000000000000f0       0x70 drivers/Src/gpio_driver.o

.debug_ranges   0x0000000000000000      0x128
 .debug_ranges  0x0000000000000000       0x30 Src/012MasterSTMSlaveArduinoI2C.o
 .debug_ranges  0x0000000000000030       0x20 Startup/startup_stm32f407vgtx.o
 .debug_ranges  0x0000000000000050       0x78 drivers/Src/STM32F407xx_I2C_Driver.o
 .debug_ranges  0x00000000000000c8       0x60 drivers/Src/gpio_driver.o

.debug_macro    0x0000000000000000     0x2606
 .debug_macro   0x0000000000000000      0x1a4 Src/012MasterSTMSlaveArduinoI2C.o
 .debug_macro   0x00000000000001a4      0xa66 Src/012MasterSTMSlaveArduinoI2C.o
 .debug_macro   0x0000000000000c0a       0x22 Src/012MasterSTMSlaveArduinoI2C.o
 .debug_macro   0x0000000000000c2c       0x8e Src/012MasterSTMSlaveArduinoI2C.o
 .debug_macro   0x0000000000000cba       0x51 Src/012MasterSTMSlaveArduinoI2C.o
 .debug_macro   0x0000000000000d0b       0xef Src/012MasterSTMSlaveArduinoI2C.o
 .debug_macro   0x0000000000000dfa       0x6a Src/012MasterSTMSlaveArduinoI2C.o
 .debug_macro   0x0000000000000e64      0x1df Src/012MasterSTMSlaveArduinoI2C.o
 .debug_macro   0x0000000000001043       0x46 Src/012MasterSTMSlaveArduinoI2C.o
 .debug_macro   0x0000000000001089       0x18 Src/012MasterSTMSlaveArduinoI2C.o
 .debug_macro   0x00000000000010a1       0x3c Src/012MasterSTMSlaveArduinoI2C.o
 .debug_macro   0x00000000000010dd       0x34 Src/012MasterSTMSlaveArduinoI2C.o
 .debug_macro   0x0000000000001111      0x174 Src/012MasterSTMSlaveArduinoI2C.o
 .debug_macro   0x0000000000001285       0x52 Src/012MasterSTMSlaveArduinoI2C.o
 .debug_macro   0x00000000000012d7       0x1f Src/012MasterSTMSlaveArduinoI2C.o
 .debug_macro   0x00000000000012f6       0x43 Src/012MasterSTMSlaveArduinoI2C.o
 .debug_macro   0x0000000000001339       0x20 Src/012MasterSTMSlaveArduinoI2C.o
 .debug_macro   0x0000000000001359      0x1a3 Src/012MasterSTMSlaveArduinoI2C.o
 .debug_macro   0x00000000000014fc      0x330 Src/012MasterSTMSlaveArduinoI2C.o
 .debug_macro   0x000000000000182c       0x10 Src/012MasterSTMSlaveArduinoI2C.o
 .debug_macro   0x000000000000183c       0x35 Src/012MasterSTMSlaveArduinoI2C.o
 .debug_macro   0x0000000000001871       0x20 Src/012MasterSTMSlaveArduinoI2C.o
 .debug_macro   0x0000000000001891       0x16 Src/012MasterSTMSlaveArduinoI2C.o
 .debug_macro   0x00000000000018a7       0x16 Src/012MasterSTMSlaveArduinoI2C.o
 .debug_macro   0x00000000000018bd       0x29 Src/012MasterSTMSlaveArduinoI2C.o
 .debug_macro   0x00000000000018e6      0x69a Src/012MasterSTMSlaveArduinoI2C.o
 .debug_macro   0x0000000000001f80      0x15c Src/012MasterSTMSlaveArduinoI2C.o
 .debug_macro   0x00000000000020dc       0xdc Src/012MasterSTMSlaveArduinoI2C.o
 .debug_macro   0x00000000000021b8       0x88 Src/012MasterSTMSlaveArduinoI2C.o
 .debug_macro   0x0000000000002240      0x1a2 drivers/Src/STM32F407xx_I2C_Driver.o
 .debug_macro   0x00000000000023e2       0x82 drivers/Src/STM32F407xx_I2C_Driver.o
 .debug_macro   0x0000000000002464      0x1a2 drivers/Src/gpio_driver.o

.debug_line     0x0000000000000000     0x1759
 .debug_line    0x0000000000000000      0x62e Src/012MasterSTMSlaveArduinoI2C.o
 .debug_line    0x000000000000062e       0x84 Startup/startup_stm32f407vgtx.o
 .debug_line    0x00000000000006b2      0x7f6 drivers/Src/STM32F407xx_I2C_Driver.o
 .debug_line    0x0000000000000ea8      0x8b1 drivers/Src/gpio_driver.o

.debug_str      0x0000000000000000     0xa654
 .debug_str     0x0000000000000000     0xa1c2 Src/012MasterSTMSlaveArduinoI2C.o
                                       0xa428 (size before relaxing)
 .debug_str     0x000000000000a1c2       0x31 Startup/startup_stm32f407vgtx.o
                                         0x8e (size before relaxing)
 .debug_str     0x000000000000a1f3      0x2ed drivers/Src/STM32F407xx_I2C_Driver.o
                                       0xa5bd (size before relaxing)
 .debug_str     0x000000000000a4e0      0x174 drivers/Src/gpio_driver.o
                                       0xa5db (size before relaxing)

.comment        0x0000000000000000       0x7b
 .comment       0x0000000000000000       0x7b Src/012MasterSTMSlaveArduinoI2C.o
                                         0x7c (size before relaxing)
 .comment       0x000000000000007b       0x7c drivers/Src/STM32F407xx_I2C_Driver.o
 .comment       0x000000000000007b       0x7c drivers/Src/gpio_driver.o

.debug_frame    0x0000000000000000      0x510
 .debug_frame   0x0000000000000000       0xc4 Src/012MasterSTMSlaveArduinoI2C.o
 .debug_frame   0x00000000000000c4      0x234 drivers/Src/STM32F407xx_I2C_Driver.o
 .debug_frame   0x00000000000002f8      0x1cc drivers/Src/gpio_driver.o
 .debug_frame   0x00000000000004c4       0x2c c:/st/stm32cubeide_1.3.0/stm32cubeide/plugins/com.st.stm32cube.ide.mcu.externaltools.gnu-tools-for-stm32.7-2018-q2-update.win32_1.0.0.201904181610/tools/bin/../lib/gcc/arm-none-eabi/7.3.1/../../../../arm-none-eabi/lib/thumb/v7e-m/fpv4-sp/hard\libc_nano.a(lib_a-init.o)
 .debug_frame   0x00000000000004f0       0x20 c:/st/stm32cubeide_1.3.0/stm32cubeide/plugins/com.st.stm32cube.ide.mcu.externaltools.gnu-tools-for-stm32.7-2018-q2-update.win32_1.0.0.201904181610/tools/bin/../lib/gcc/arm-none-eabi/7.3.1/../../../../arm-none-eabi/lib/thumb/v7e-m/fpv4-sp/hard\libc_nano.a(lib_a-memset.o)
