Archive member included to satisfy reference by file (symbol)

c:/st/stm32cubeide_1.2.0/stm32cubeide/plugins/com.st.stm32cube.ide.mcu.externaltools.gnu-tools-for-stm32.7-2018-q2-update.win32_1.0.0.201904181610/tools/bin/../lib/gcc/arm-none-eabi/7.3.1/../../../../arm-none-eabi/lib/thumb/v7e-m/fpv4-sp/hard\libc_nano.a(lib_a-errno.o)
                              Src/syscalls.o (__errno)
c:/st/stm32cubeide_1.2.0/stm32cubeide/plugins/com.st.stm32cube.ide.mcu.externaltools.gnu-tools-for-stm32.7-2018-q2-update.win32_1.0.0.201904181610/tools/bin/../lib/gcc/arm-none-eabi/7.3.1/../../../../arm-none-eabi/lib/thumb/v7e-m/fpv4-sp/hard\libc_nano.a(lib_a-exit.o)
                              c:/st/stm32cubeide_1.2.0/stm32cubeide/plugins/com.st.stm32cube.ide.mcu.externaltools.gnu-tools-for-stm32.7-2018-q2-update.win32_1.0.0.201904181610/tools/bin/../lib/gcc/arm-none-eabi/7.3.1/../../../../arm-none-eabi/lib/thumb/v7e-m/fpv4-sp/hard/crt0.o (exit)
c:/st/stm32cubeide_1.2.0/stm32cubeide/plugins/com.st.stm32cube.ide.mcu.externaltools.gnu-tools-for-stm32.7-2018-q2-update.win32_1.0.0.201904181610/tools/bin/../lib/gcc/arm-none-eabi/7.3.1/../../../../arm-none-eabi/lib/thumb/v7e-m/fpv4-sp/hard\libc_nano.a(lib_a-impure.o)
                              c:/st/stm32cubeide_1.2.0/stm32cubeide/plugins/com.st.stm32cube.ide.mcu.externaltools.gnu-tools-for-stm32.7-2018-q2-update.win32_1.0.0.201904181610/tools/bin/../lib/gcc/arm-none-eabi/7.3.1/../../../../arm-none-eabi/lib/thumb/v7e-m/fpv4-sp/hard\libc_nano.a(lib_a-exit.o) (_global_impure_ptr)
c:/st/stm32cubeide_1.2.0/stm32cubeide/plugins/com.st.stm32cube.ide.mcu.externaltools.gnu-tools-for-stm32.7-2018-q2-update.win32_1.0.0.201904181610/tools/bin/../lib/gcc/arm-none-eabi/7.3.1/../../../../arm-none-eabi/lib/thumb/v7e-m/fpv4-sp/hard\libc_nano.a(lib_a-init.o)
                              c:/st/stm32cubeide_1.2.0/stm32cubeide/plugins/com.st.stm32cube.ide.mcu.externaltools.gnu-tools-for-stm32.7-2018-q2-update.win32_1.0.0.201904181610/tools/bin/../lib/gcc/arm-none-eabi/7.3.1/../../../../arm-none-eabi/lib/thumb/v7e-m/fpv4-sp/hard/crt0.o (__libc_init_array)
c:/st/stm32cubeide_1.2.0/stm32cubeide/plugins/com.st.stm32cube.ide.mcu.externaltools.gnu-tools-for-stm32.7-2018-q2-update.win32_1.0.0.201904181610/tools/bin/../lib/gcc/arm-none-eabi/7.3.1/../../../../arm-none-eabi/lib/thumb/v7e-m/fpv4-sp/hard\libc_nano.a(lib_a-memset.o)
                              c:/st/stm32cubeide_1.2.0/stm32cubeide/plugins/com.st.stm32cube.ide.mcu.externaltools.gnu-tools-for-stm32.7-2018-q2-update.win32_1.0.0.201904181610/tools/bin/../lib/gcc/arm-none-eabi/7.3.1/../../../../arm-none-eabi/lib/thumb/v7e-m/fpv4-sp/hard/crt0.o (memset)
c:/st/stm32cubeide_1.2.0/stm32cubeide/plugins/com.st.stm32cube.ide.mcu.externaltools.gnu-tools-for-stm32.7-2018-q2-update.win32_1.0.0.201904181610/tools/bin/../lib/gcc/arm-none-eabi/7.3.1/../../../../arm-none-eabi/lib/thumb/v7e-m/fpv4-sp/hard\libc_nano.a(lib_a-strlen.o)
                              Src/016StmUSARTArduinoTx.o (strlen)

Allocating common symbols
Common symbol       size              file

GPIO_Button         0x1c              Src/016StmUSARTArduinoTx.o
USART_GPIO          0x1c              Src/016StmUSARTArduinoTx.o
USART_Handler       0x24              Src/016StmUSARTArduinoTx.o

Discarded input sections

 .text          0x0000000000000000        0x0 c:/st/stm32cubeide_1.2.0/stm32cubeide/plugins/com.st.stm32cube.ide.mcu.externaltools.gnu-tools-for-stm32.7-2018-q2-update.win32_1.0.0.201904181610/tools/bin/../lib/gcc/arm-none-eabi/7.3.1/thumb/v7e-m/fpv4-sp/hard/crti.o
 .data          0x0000000000000000        0x0 c:/st/stm32cubeide_1.2.0/stm32cubeide/plugins/com.st.stm32cube.ide.mcu.externaltools.gnu-tools-for-stm32.7-2018-q2-update.win32_1.0.0.201904181610/tools/bin/../lib/gcc/arm-none-eabi/7.3.1/thumb/v7e-m/fpv4-sp/hard/crti.o
 .bss           0x0000000000000000        0x0 c:/st/stm32cubeide_1.2.0/stm32cubeide/plugins/com.st.stm32cube.ide.mcu.externaltools.gnu-tools-for-stm32.7-2018-q2-update.win32_1.0.0.201904181610/tools/bin/../lib/gcc/arm-none-eabi/7.3.1/thumb/v7e-m/fpv4-sp/hard/crti.o
 .data          0x0000000000000000        0x4 c:/st/stm32cubeide_1.2.0/stm32cubeide/plugins/com.st.stm32cube.ide.mcu.externaltools.gnu-tools-for-stm32.7-2018-q2-update.win32_1.0.0.201904181610/tools/bin/../lib/gcc/arm-none-eabi/7.3.1/thumb/v7e-m/fpv4-sp/hard/crtbegin.o
 .text          0x0000000000000000       0x74 c:/st/stm32cubeide_1.2.0/stm32cubeide/plugins/com.st.stm32cube.ide.mcu.externaltools.gnu-tools-for-stm32.7-2018-q2-update.win32_1.0.0.201904181610/tools/bin/../lib/gcc/arm-none-eabi/7.3.1/../../../../arm-none-eabi/lib/thumb/v7e-m/fpv4-sp/hard/crt0.o
 .data          0x0000000000000000        0x0 c:/st/stm32cubeide_1.2.0/stm32cubeide/plugins/com.st.stm32cube.ide.mcu.externaltools.gnu-tools-for-stm32.7-2018-q2-update.win32_1.0.0.201904181610/tools/bin/../lib/gcc/arm-none-eabi/7.3.1/../../../../arm-none-eabi/lib/thumb/v7e-m/fpv4-sp/hard/crt0.o
 .bss           0x0000000000000000        0x0 c:/st/stm32cubeide_1.2.0/stm32cubeide/plugins/com.st.stm32cube.ide.mcu.externaltools.gnu-tools-for-stm32.7-2018-q2-update.win32_1.0.0.201904181610/tools/bin/../lib/gcc/arm-none-eabi/7.3.1/../../../../arm-none-eabi/lib/thumb/v7e-m/fpv4-sp/hard/crt0.o
 .ARM.extab     0x0000000000000000        0x0 c:/st/stm32cubeide_1.2.0/stm32cubeide/plugins/com.st.stm32cube.ide.mcu.externaltools.gnu-tools-for-stm32.7-2018-q2-update.win32_1.0.0.201904181610/tools/bin/../lib/gcc/arm-none-eabi/7.3.1/../../../../arm-none-eabi/lib/thumb/v7e-m/fpv4-sp/hard/crt0.o
 .ARM.exidx     0x0000000000000000        0x8 c:/st/stm32cubeide_1.2.0/stm32cubeide/plugins/com.st.stm32cube.ide.mcu.externaltools.gnu-tools-for-stm32.7-2018-q2-update.win32_1.0.0.201904181610/tools/bin/../lib/gcc/arm-none-eabi/7.3.1/../../../../arm-none-eabi/lib/thumb/v7e-m/fpv4-sp/hard/crt0.o
 .ARM.attributes
                0x0000000000000000       0x20 c:/st/stm32cubeide_1.2.0/stm32cubeide/plugins/com.st.stm32cube.ide.mcu.externaltools.gnu-tools-for-stm32.7-2018-q2-update.win32_1.0.0.201904181610/tools/bin/../lib/gcc/arm-none-eabi/7.3.1/../../../../arm-none-eabi/lib/thumb/v7e-m/fpv4-sp/hard/crt0.o
 .group         0x0000000000000000        0xc Src/016StmUSARTArduinoTx.o
 .group         0x0000000000000000        0xc Src/016StmUSARTArduinoTx.o
 .group         0x0000000000000000        0xc Src/016StmUSARTArduinoTx.o
 .group         0x0000000000000000        0xc Src/016StmUSARTArduinoTx.o
 .group         0x0000000000000000        0xc Src/016StmUSARTArduinoTx.o
 .group         0x0000000000000000        0xc Src/016StmUSARTArduinoTx.o
 .group         0x0000000000000000        0xc Src/016StmUSARTArduinoTx.o
 .group         0x0000000000000000        0xc Src/016StmUSARTArduinoTx.o
 .group         0x0000000000000000        0xc Src/016StmUSARTArduinoTx.o
 .group         0x0000000000000000        0xc Src/016StmUSARTArduinoTx.o
 .group         0x0000000000000000        0xc Src/016StmUSARTArduinoTx.o
 .group         0x0000000000000000        0xc Src/016StmUSARTArduinoTx.o
 .group         0x0000000000000000        0xc Src/016StmUSARTArduinoTx.o
 .group         0x0000000000000000        0xc Src/016StmUSARTArduinoTx.o
 .group         0x0000000000000000        0xc Src/016StmUSARTArduinoTx.o
 .group         0x0000000000000000        0xc Src/016StmUSARTArduinoTx.o
 .group         0x0000000000000000        0xc Src/016StmUSARTArduinoTx.o
 .group         0x0000000000000000        0xc Src/016StmUSARTArduinoTx.o
 .group         0x0000000000000000        0xc Src/016StmUSARTArduinoTx.o
 .group         0x0000000000000000        0xc Src/016StmUSARTArduinoTx.o
 .group         0x0000000000000000        0xc Src/016StmUSARTArduinoTx.o
 .group         0x0000000000000000        0xc Src/016StmUSARTArduinoTx.o
 .group         0x0000000000000000        0xc Src/016StmUSARTArduinoTx.o
 .group         0x0000000000000000        0xc Src/016StmUSARTArduinoTx.o
 .group         0x0000000000000000        0xc Src/016StmUSARTArduinoTx.o
 .group         0x0000000000000000        0xc Src/016StmUSARTArduinoTx.o
 .group         0x0000000000000000        0xc Src/016StmUSARTArduinoTx.o
 .group         0x0000000000000000        0xc Src/016StmUSARTArduinoTx.o
 .group         0x0000000000000000        0xc Src/016StmUSARTArduinoTx.o
 .group         0x0000000000000000        0xc Src/016StmUSARTArduinoTx.o
 .text          0x0000000000000000        0x0 Src/016StmUSARTArduinoTx.o
 .data          0x0000000000000000        0x0 Src/016StmUSARTArduinoTx.o
 .bss           0x0000000000000000        0x0 Src/016StmUSARTArduinoTx.o
 .group         0x0000000000000000        0xc Src/syscalls.o
 .group         0x0000000000000000        0xc Src/syscalls.o
 .group         0x0000000000000000        0xc Src/syscalls.o
 .group         0x0000000000000000        0xc Src/syscalls.o
 .group         0x0000000000000000        0xc Src/syscalls.o
 .group         0x0000000000000000        0xc Src/syscalls.o
 .group         0x0000000000000000        0xc Src/syscalls.o
 .group         0x0000000000000000        0xc Src/syscalls.o
 .group         0x0000000000000000        0xc Src/syscalls.o
 .group         0x0000000000000000        0xc Src/syscalls.o
 .group         0x0000000000000000        0xc Src/syscalls.o
 .group         0x0000000000000000        0xc Src/syscalls.o
 .group         0x0000000000000000        0xc Src/syscalls.o
 .group         0x0000000000000000        0xc Src/syscalls.o
 .group         0x0000000000000000        0xc Src/syscalls.o
 .group         0x0000000000000000        0xc Src/syscalls.o
 .group         0x0000000000000000        0xc Src/syscalls.o
 .group         0x0000000000000000        0xc Src/syscalls.o
 .group         0x0000000000000000        0xc Src/syscalls.o
 .group         0x0000000000000000        0xc Src/syscalls.o
 .group         0x0000000000000000        0xc Src/syscalls.o
 .group         0x0000000000000000        0xc Src/syscalls.o
 .group         0x0000000000000000        0xc Src/syscalls.o
 .group         0x0000000000000000        0xc Src/syscalls.o
 .group         0x0000000000000000        0xc Src/syscalls.o
 .group         0x0000000000000000        0xc Src/syscalls.o
 .group         0x0000000000000000        0xc Src/syscalls.o
 .group         0x0000000000000000        0xc Src/syscalls.o
 .group         0x0000000000000000        0xc Src/syscalls.o
 .group         0x0000000000000000        0xc Src/syscalls.o
 .group         0x0000000000000000        0xc Src/syscalls.o
 .group         0x0000000000000000        0xc Src/syscalls.o
 .group         0x0000000000000000        0xc Src/syscalls.o
 .group         0x0000000000000000        0xc Src/syscalls.o
 .group         0x0000000000000000        0xc Src/syscalls.o
 .group         0x0000000000000000        0xc Src/syscalls.o
 .group         0x0000000000000000        0xc Src/syscalls.o
 .group         0x0000000000000000        0xc Src/syscalls.o
 .group         0x0000000000000000        0xc Src/syscalls.o
 .group         0x0000000000000000        0xc Src/syscalls.o
 .group         0x0000000000000000        0xc Src/syscalls.o
 .group         0x0000000000000000        0xc Src/syscalls.o
 .group         0x0000000000000000        0xc Src/syscalls.o
 .group         0x0000000000000000        0xc Src/syscalls.o
 .text          0x0000000000000000        0x0 Src/syscalls.o
 .data          0x0000000000000000        0x0 Src/syscalls.o
 .bss           0x0000000000000000        0x0 Src/syscalls.o
 .bss.__env     0x0000000000000000        0x4 Src/syscalls.o
 .data.environ  0x0000000000000000        0x4 Src/syscalls.o
 .text.initialise_monitor_handles
                0x0000000000000000        0xe Src/syscalls.o
 .text._getpid  0x0000000000000000       0x10 Src/syscalls.o
 .text._kill    0x0000000000000000       0x20 Src/syscalls.o
 .text._exit    0x0000000000000000       0x14 Src/syscalls.o
 .text._read    0x0000000000000000       0x3a Src/syscalls.o
 .text._write   0x0000000000000000       0x38 Src/syscalls.o
 .text._close   0x0000000000000000       0x18 Src/syscalls.o
 .text._fstat   0x0000000000000000       0x20 Src/syscalls.o
 .text._isatty  0x0000000000000000       0x16 Src/syscalls.o
 .text._lseek   0x0000000000000000       0x1a Src/syscalls.o
 .text._open    0x0000000000000000       0x1c Src/syscalls.o
 .text._wait    0x0000000000000000       0x1e Src/syscalls.o
 .text._unlink  0x0000000000000000       0x1e Src/syscalls.o
 .text._times   0x0000000000000000       0x18 Src/syscalls.o
 .text._stat    0x0000000000000000       0x20 Src/syscalls.o
 .text._link    0x0000000000000000       0x20 Src/syscalls.o
 .text._fork    0x0000000000000000       0x16 Src/syscalls.o
 .text._execve  0x0000000000000000       0x22 Src/syscalls.o
 .debug_info    0x0000000000000000      0xebd Src/syscalls.o
 .debug_abbrev  0x0000000000000000      0x261 Src/syscalls.o
 .debug_aranges
                0x0000000000000000       0xa8 Src/syscalls.o
 .debug_ranges  0x0000000000000000       0x98 Src/syscalls.o
 .debug_macro   0x0000000000000000      0x243 Src/syscalls.o
 .debug_macro   0x0000000000000000      0xa66 Src/syscalls.o
 .debug_macro   0x0000000000000000       0x22 Src/syscalls.o
 .debug_macro   0x0000000000000000       0x40 Src/syscalls.o
 .debug_macro   0x0000000000000000       0x18 Src/syscalls.o
 .debug_macro   0x0000000000000000       0x94 Src/syscalls.o
 .debug_macro   0x0000000000000000       0x3c Src/syscalls.o
 .debug_macro   0x0000000000000000       0x34 Src/syscalls.o
 .debug_macro   0x0000000000000000       0x57 Src/syscalls.o
 .debug_macro   0x0000000000000000      0x174 Src/syscalls.o
 .debug_macro   0x0000000000000000      0x330 Src/syscalls.o
 .debug_macro   0x0000000000000000       0x52 Src/syscalls.o
 .debug_macro   0x0000000000000000       0x1f Src/syscalls.o
 .debug_macro   0x0000000000000000       0x43 Src/syscalls.o
 .debug_macro   0x0000000000000000       0x20 Src/syscalls.o
 .debug_macro   0x0000000000000000      0x1a3 Src/syscalls.o
 .debug_macro   0x0000000000000000       0x10 Src/syscalls.o
 .debug_macro   0x0000000000000000       0x35 Src/syscalls.o
 .debug_macro   0x0000000000000000       0x10 Src/syscalls.o
 .debug_macro   0x0000000000000000       0x10 Src/syscalls.o
 .debug_macro   0x0000000000000000       0x10 Src/syscalls.o
 .debug_macro   0x0000000000000000       0x6a Src/syscalls.o
 .debug_macro   0x0000000000000000       0x1c Src/syscalls.o
 .debug_macro   0x0000000000000000       0x52 Src/syscalls.o
 .debug_macro   0x0000000000000000       0x40 Src/syscalls.o
 .debug_macro   0x0000000000000000       0x10 Src/syscalls.o
 .debug_macro   0x0000000000000000       0x40 Src/syscalls.o
 .debug_macro   0x0000000000000000       0xd7 Src/syscalls.o
 .debug_macro   0x0000000000000000       0x1c Src/syscalls.o
 .debug_macro   0x0000000000000000       0x3d Src/syscalls.o
 .debug_macro   0x0000000000000000       0x35 Src/syscalls.o
 .debug_macro   0x0000000000000000      0x122 Src/syscalls.o
 .debug_macro   0x0000000000000000       0x16 Src/syscalls.o
 .debug_macro   0x0000000000000000       0x16 Src/syscalls.o
 .debug_macro   0x0000000000000000       0x29 Src/syscalls.o
 .debug_macro   0x0000000000000000       0x10 Src/syscalls.o
 .debug_macro   0x0000000000000000      0x241 Src/syscalls.o
 .debug_macro   0x0000000000000000       0x1c Src/syscalls.o
 .debug_macro   0x0000000000000000       0x10 Src/syscalls.o
 .debug_macro   0x0000000000000000       0x10 Src/syscalls.o
 .debug_macro   0x0000000000000000       0x16 Src/syscalls.o
 .debug_macro   0x0000000000000000      0x145 Src/syscalls.o
 .debug_macro   0x0000000000000000      0x189 Src/syscalls.o
 .debug_macro   0x0000000000000000       0x16 Src/syscalls.o
 .debug_macro   0x0000000000000000       0x88 Src/syscalls.o
 .debug_line    0x0000000000000000      0x73d Src/syscalls.o
 .debug_str     0x0000000000000000     0x88b2 Src/syscalls.o
 .comment       0x0000000000000000       0x7c Src/syscalls.o
 .debug_frame   0x0000000000000000      0x2ac Src/syscalls.o
 .ARM.attributes
                0x0000000000000000       0x39 Src/syscalls.o
 .group         0x0000000000000000        0xc Src/sysmem.o
 .group         0x0000000000000000        0xc Src/sysmem.o
 .group         0x0000000000000000        0xc Src/sysmem.o
 .group         0x0000000000000000        0xc Src/sysmem.o
 .group         0x0000000000000000        0xc Src/sysmem.o
 .group         0x0000000000000000        0xc Src/sysmem.o
 .group         0x0000000000000000        0xc Src/sysmem.o
 .group         0x0000000000000000        0xc Src/sysmem.o
 .group         0x0000000000000000        0xc Src/sysmem.o
 .group         0x0000000000000000        0xc Src/sysmem.o
 .group         0x0000000000000000        0xc Src/sysmem.o
 .group         0x0000000000000000        0xc Src/sysmem.o
 .group         0x0000000000000000        0xc Src/sysmem.o
 .group         0x0000000000000000        0xc Src/sysmem.o
 .group         0x0000000000000000        0xc Src/sysmem.o
 .group         0x0000000000000000        0xc Src/sysmem.o
 .group         0x0000000000000000        0xc Src/sysmem.o
 .group         0x0000000000000000        0xc Src/sysmem.o
 .group         0x0000000000000000        0xc Src/sysmem.o
 .group         0x0000000000000000        0xc Src/sysmem.o
 .group         0x0000000000000000        0xc Src/sysmem.o
 .group         0x0000000000000000        0xc Src/sysmem.o
 .group         0x0000000000000000        0xc Src/sysmem.o
 .group         0x0000000000000000        0xc Src/sysmem.o
 .group         0x0000000000000000        0xc Src/sysmem.o
 .group         0x0000000000000000        0xc Src/sysmem.o
 .group         0x0000000000000000        0xc Src/sysmem.o
 .group         0x0000000000000000        0xc Src/sysmem.o
 .group         0x0000000000000000        0xc Src/sysmem.o
 .group         0x0000000000000000        0xc Src/sysmem.o
 .group         0x0000000000000000        0xc Src/sysmem.o
 .group         0x0000000000000000        0xc Src/sysmem.o
 .text          0x0000000000000000        0x0 Src/sysmem.o
 .data          0x0000000000000000        0x0 Src/sysmem.o
 .bss           0x0000000000000000        0x0 Src/sysmem.o
 .bss.heap_end.6424
                0x0000000000000000        0x4 Src/sysmem.o
 .text._sbrk    0x0000000000000000       0x58 Src/sysmem.o
 .debug_info    0x0000000000000000      0x91c Src/sysmem.o
 .debug_abbrev  0x0000000000000000      0x1bb Src/sysmem.o
 .debug_aranges
                0x0000000000000000       0x20 Src/sysmem.o
 .debug_ranges  0x0000000000000000       0x10 Src/sysmem.o
 .debug_macro   0x0000000000000000      0x1ae Src/sysmem.o
 .debug_macro   0x0000000000000000      0xa66 Src/sysmem.o
 .debug_macro   0x0000000000000000       0x10 Src/sysmem.o
 .debug_macro   0x0000000000000000       0x22 Src/sysmem.o
 .debug_macro   0x0000000000000000       0x40 Src/sysmem.o
 .debug_macro   0x0000000000000000       0x18 Src/sysmem.o
 .debug_macro   0x0000000000000000       0x94 Src/sysmem.o
 .debug_macro   0x0000000000000000       0x3c Src/sysmem.o
 .debug_macro   0x0000000000000000       0x34 Src/sysmem.o
 .debug_macro   0x0000000000000000      0x174 Src/sysmem.o
 .debug_macro   0x0000000000000000       0x57 Src/sysmem.o
 .debug_macro   0x0000000000000000       0x52 Src/sysmem.o
 .debug_macro   0x0000000000000000       0x1f Src/sysmem.o
 .debug_macro   0x0000000000000000       0x43 Src/sysmem.o
 .debug_macro   0x0000000000000000       0x20 Src/sysmem.o
 .debug_macro   0x0000000000000000      0x1a3 Src/sysmem.o
 .debug_macro   0x0000000000000000      0x23b Src/sysmem.o
 .debug_macro   0x0000000000000000       0x16 Src/sysmem.o
 .debug_macro   0x0000000000000000       0x35 Src/sysmem.o
 .debug_macro   0x0000000000000000      0x330 Src/sysmem.o
 .debug_macro   0x0000000000000000       0x10 Src/sysmem.o
 .debug_macro   0x0000000000000000       0x10 Src/sysmem.o
 .debug_macro   0x0000000000000000       0x6a Src/sysmem.o
 .debug_macro   0x0000000000000000       0x1c Src/sysmem.o
 .debug_macro   0x0000000000000000       0x52 Src/sysmem.o
 .debug_macro   0x0000000000000000       0x40 Src/sysmem.o
 .debug_macro   0x0000000000000000       0x10 Src/sysmem.o
 .debug_macro   0x0000000000000000       0x40 Src/sysmem.o
 .debug_macro   0x0000000000000000       0xd7 Src/sysmem.o
 .debug_macro   0x0000000000000000       0x1c Src/sysmem.o
 .debug_macro   0x0000000000000000       0x3d Src/sysmem.o
 .debug_macro   0x0000000000000000       0x16 Src/sysmem.o
 .debug_macro   0x0000000000000000      0x145 Src/sysmem.o
 .debug_line    0x0000000000000000      0x559 Src/sysmem.o
 .debug_str     0x0000000000000000     0x7b0b Src/sysmem.o
 .comment       0x0000000000000000       0x7c Src/sysmem.o
 .debug_frame   0x0000000000000000       0x34 Src/sysmem.o
 .ARM.attributes
                0x0000000000000000       0x39 Src/sysmem.o
 .text          0x0000000000000000       0x14 Startup/startup_stm32f407vgtx.o
 .data          0x0000000000000000        0x0 Startup/startup_stm32f407vgtx.o
 .bss           0x0000000000000000        0x0 Startup/startup_stm32f407vgtx.o
 .group         0x0000000000000000        0xc drivers/Src/STM32F407xx_I2C_Driver.o
 .group         0x0000000000000000        0xc drivers/Src/STM32F407xx_I2C_Driver.o
 .group         0x0000000000000000        0xc drivers/Src/STM32F407xx_I2C_Driver.o
 .group         0x0000000000000000        0xc drivers/Src/STM32F407xx_I2C_Driver.o
 .group         0x0000000000000000        0xc drivers/Src/STM32F407xx_I2C_Driver.o
 .group         0x0000000000000000        0xc drivers/Src/STM32F407xx_I2C_Driver.o
 .group         0x0000000000000000        0xc drivers/Src/STM32F407xx_I2C_Driver.o
 .group         0x0000000000000000        0xc drivers/Src/STM32F407xx_I2C_Driver.o
 .group         0x0000000000000000        0xc drivers/Src/STM32F407xx_I2C_Driver.o
 .group         0x0000000000000000        0xc drivers/Src/STM32F407xx_I2C_Driver.o
 .group         0x0000000000000000        0xc drivers/Src/STM32F407xx_I2C_Driver.o
 .group         0x0000000000000000        0xc drivers/Src/STM32F407xx_I2C_Driver.o
 .group         0x0000000000000000        0xc drivers/Src/STM32F407xx_I2C_Driver.o
 .group         0x0000000000000000        0xc drivers/Src/STM32F407xx_I2C_Driver.o
 .group         0x0000000000000000        0xc drivers/Src/STM32F407xx_I2C_Driver.o
 .group         0x0000000000000000        0xc drivers/Src/STM32F407xx_I2C_Driver.o
 .group         0x0000000000000000        0xc drivers/Src/STM32F407xx_I2C_Driver.o
 .group         0x0000000000000000        0xc drivers/Src/STM32F407xx_I2C_Driver.o
 .group         0x0000000000000000        0xc drivers/Src/STM32F407xx_I2C_Driver.o
 .group         0x0000000000000000        0xc drivers/Src/STM32F407xx_I2C_Driver.o
 .group         0x0000000000000000        0xc drivers/Src/STM32F407xx_I2C_Driver.o
 .group         0x0000000000000000        0xc drivers/Src/STM32F407xx_I2C_Driver.o
 .group         0x0000000000000000        0xc drivers/Src/STM32F407xx_I2C_Driver.o
 .group         0x0000000000000000        0xc drivers/Src/STM32F407xx_I2C_Driver.o
 .group         0x0000000000000000        0xc drivers/Src/STM32F407xx_I2C_Driver.o
 .group         0x0000000000000000        0xc drivers/Src/STM32F407xx_I2C_Driver.o
 .group         0x0000000000000000        0xc drivers/Src/STM32F407xx_I2C_Driver.o
 .group         0x0000000000000000        0xc drivers/Src/STM32F407xx_I2C_Driver.o
 .group         0x0000000000000000        0xc drivers/Src/STM32F407xx_I2C_Driver.o
 .group         0x0000000000000000        0xc drivers/Src/STM32F407xx_I2C_Driver.o
 .text          0x0000000000000000        0x0 drivers/Src/STM32F407xx_I2C_Driver.o
 .data          0x0000000000000000        0x0 drivers/Src/STM32F407xx_I2C_Driver.o
 .bss           0x0000000000000000        0x0 drivers/Src/STM32F407xx_I2C_Driver.o
 .text.I2C_PeriClkCtrl
                0x0000000000000000       0x9c drivers/Src/STM32F407xx_I2C_Driver.o
 .text.I2C_Init
                0x0000000000000000      0x1a0 drivers/Src/STM32F407xx_I2C_Driver.o
 .text.I2C_DeInit
                0x0000000000000000       0x7c drivers/Src/STM32F407xx_I2C_Driver.o
 .text.I2C_PeripheralEnable
                0x0000000000000000       0x3c drivers/Src/STM32F407xx_I2C_Driver.o
 .text.I2C_MasterSendData
                0x0000000000000000       0xdc drivers/Src/STM32F407xx_I2C_Driver.o
 .text.I2C_MasterReceiveData
                0x0000000000000000       0x9e drivers/Src/STM32F407xx_I2C_Driver.o
 .text.I2C_SlaveSendData
                0x0000000000000000       0x1e drivers/Src/STM32F407xx_I2C_Driver.o
 .text.I2C_SlaveReceiveData
                0x0000000000000000       0x1a drivers/Src/STM32F407xx_I2C_Driver.o
 .text.I2C_CheckStatusFlag
                0x0000000000000000       0x2a drivers/Src/STM32F407xx_I2C_Driver.o
 .text.I2C_IRQITConfig
                0x0000000000000000       0x88 drivers/Src/STM32F407xx_I2C_Driver.o
 .text.I2C_IRQPriorityConfig
                0x0000000000000000       0x56 drivers/Src/STM32F407xx_I2C_Driver.o
 .text.I2C_MasterSendDataIT
                0x0000000000000000       0x84 drivers/Src/STM32F407xx_I2C_Driver.o
 .text.I2C_MasterReceiveDataIT
                0x0000000000000000       0x8a drivers/Src/STM32F407xx_I2C_Driver.o
 .text.I2C_EV_IRQHandling
                0x0000000000000000      0x2d0 drivers/Src/STM32F407xx_I2C_Driver.o
 .text.I2C_ER_IRQHandling
                0x0000000000000000      0x1ba drivers/Src/STM32F407xx_I2C_Driver.o
 .text.I2C_InterruptCtrl
                0x0000000000000000       0x68 drivers/Src/STM32F407xx_I2C_Driver.o
 .text.I2C_ApplicationEventCallBack
                0x0000000000000000       0x18 drivers/Src/STM32F407xx_I2C_Driver.o
 .rodata        0x0000000000000000       0x1e drivers/Src/STM32F407xx_I2C_Driver.o
 .text.getAPB1ClkFreq
                0x0000000000000000       0xd4 drivers/Src/STM32F407xx_I2C_Driver.o
 .text.getPLLClkFreq
                0x0000000000000000       0x10 drivers/Src/STM32F407xx_I2C_Driver.o
 .text.generateStartCondition
                0x0000000000000000       0x20 drivers/Src/STM32F407xx_I2C_Driver.o
 .text.generateStopCondition
                0x0000000000000000       0x20 drivers/Src/STM32F407xx_I2C_Driver.o
 .text.clearFlagSB
                0x0000000000000000       0x1a drivers/Src/STM32F407xx_I2C_Driver.o
 .text.clearFlagADDR
                0x0000000000000000       0x20 drivers/Src/STM32F407xx_I2C_Driver.o
 .text.clearFlagSTOPF
                0x0000000000000000       0x22 drivers/Src/STM32F407xx_I2C_Driver.o
 .text.ctrlBitACK
                0x0000000000000000       0x38 drivers/Src/STM32F407xx_I2C_Driver.o
 .text.ctrlBitPOS
                0x0000000000000000       0x38 drivers/Src/STM32F407xx_I2C_Driver.o
 .text.sendAddressToSlaveWrite
                0x0000000000000000       0x22 drivers/Src/STM32F407xx_I2C_Driver.o
 .text.sendAddressToSlaveRead
                0x0000000000000000       0x26 drivers/Src/STM32F407xx_I2C_Driver.o
 .text.singleDataRecepHandler
                0x0000000000000000       0x4e drivers/Src/STM32F407xx_I2C_Driver.o
 .text.multipleDataRecepHandler
                0x0000000000000000       0x7e drivers/Src/STM32F407xx_I2C_Driver.o
 .text.closeMasterTx
                0x0000000000000000       0x46 drivers/Src/STM32F407xx_I2C_Driver.o
 .text.closeMasterRx
                0x0000000000000000       0x5c drivers/Src/STM32F407xx_I2C_Driver.o
 .debug_info    0x0000000000000000     0x1497 drivers/Src/STM32F407xx_I2C_Driver.o
 .debug_abbrev  0x0000000000000000      0x2f8 drivers/Src/STM32F407xx_I2C_Driver.o
 .debug_aranges
                0x0000000000000000      0x118 drivers/Src/STM32F407xx_I2C_Driver.o
 .debug_ranges  0x0000000000000000      0x108 drivers/Src/STM32F407xx_I2C_Driver.o
 .debug_macro   0x0000000000000000      0x1bf drivers/Src/STM32F407xx_I2C_Driver.o
 .debug_macro   0x0000000000000000      0xa66 drivers/Src/STM32F407xx_I2C_Driver.o
 .debug_macro   0x0000000000000000       0x22 drivers/Src/STM32F407xx_I2C_Driver.o
 .debug_macro   0x0000000000000000       0x8e drivers/Src/STM32F407xx_I2C_Driver.o
 .debug_macro   0x0000000000000000       0x51 drivers/Src/STM32F407xx_I2C_Driver.o
 .debug_macro   0x0000000000000000       0xef drivers/Src/STM32F407xx_I2C_Driver.o
 .debug_macro   0x0000000000000000       0x6a drivers/Src/STM32F407xx_I2C_Driver.o
 .debug_macro   0x0000000000000000      0x1df drivers/Src/STM32F407xx_I2C_Driver.o
 .debug_macro   0x0000000000000000       0x46 drivers/Src/STM32F407xx_I2C_Driver.o
 .debug_macro   0x0000000000000000       0x18 drivers/Src/STM32F407xx_I2C_Driver.o
 .debug_macro   0x0000000000000000       0x3c drivers/Src/STM32F407xx_I2C_Driver.o
 .debug_macro   0x0000000000000000       0x34 drivers/Src/STM32F407xx_I2C_Driver.o
 .debug_macro   0x0000000000000000      0x174 drivers/Src/STM32F407xx_I2C_Driver.o
 .debug_macro   0x0000000000000000       0x52 drivers/Src/STM32F407xx_I2C_Driver.o
 .debug_macro   0x0000000000000000       0x1f drivers/Src/STM32F407xx_I2C_Driver.o
 .debug_macro   0x0000000000000000       0x43 drivers/Src/STM32F407xx_I2C_Driver.o
 .debug_macro   0x0000000000000000       0x20 drivers/Src/STM32F407xx_I2C_Driver.o
 .debug_macro   0x0000000000000000      0x1a3 drivers/Src/STM32F407xx_I2C_Driver.o
 .debug_macro   0x0000000000000000      0x330 drivers/Src/STM32F407xx_I2C_Driver.o
 .debug_macro   0x0000000000000000       0x10 drivers/Src/STM32F407xx_I2C_Driver.o
 .debug_macro   0x0000000000000000       0x35 drivers/Src/STM32F407xx_I2C_Driver.o
 .debug_macro   0x0000000000000000       0x20 drivers/Src/STM32F407xx_I2C_Driver.o
 .debug_macro   0x0000000000000000       0x16 drivers/Src/STM32F407xx_I2C_Driver.o
 .debug_macro   0x0000000000000000       0x16 drivers/Src/STM32F407xx_I2C_Driver.o
 .debug_macro   0x0000000000000000       0x29 drivers/Src/STM32F407xx_I2C_Driver.o
 .debug_macro   0x0000000000000000      0x1e1 drivers/Src/STM32F407xx_I2C_Driver.o
 .debug_macro   0x0000000000000000      0x868 drivers/Src/STM32F407xx_I2C_Driver.o
 .debug_macro   0x0000000000000000      0x15c drivers/Src/STM32F407xx_I2C_Driver.o
 .debug_macro   0x0000000000000000       0xdc drivers/Src/STM32F407xx_I2C_Driver.o
 .debug_macro   0x0000000000000000      0x118 drivers/Src/STM32F407xx_I2C_Driver.o
 .debug_macro   0x0000000000000000      0x12a drivers/Src/STM32F407xx_I2C_Driver.o
 .debug_line    0x0000000000000000      0xaae drivers/Src/STM32F407xx_I2C_Driver.o
 .debug_str     0x0000000000000000     0xc124 drivers/Src/STM32F407xx_I2C_Driver.o
 .comment       0x0000000000000000       0x7c drivers/Src/STM32F407xx_I2C_Driver.o
 .debug_frame   0x0000000000000000      0x4e4 drivers/Src/STM32F407xx_I2C_Driver.o
 .ARM.attributes
                0x0000000000000000       0x39 drivers/Src/STM32F407xx_I2C_Driver.o
 .group         0x0000000000000000        0xc drivers/Src/STM32F407xx_SPI_Driver.o
 .group         0x0000000000000000        0xc drivers/Src/STM32F407xx_SPI_Driver.o
 .group         0x0000000000000000        0xc drivers/Src/STM32F407xx_SPI_Driver.o
 .group         0x0000000000000000        0xc drivers/Src/STM32F407xx_SPI_Driver.o
 .group         0x0000000000000000        0xc drivers/Src/STM32F407xx_SPI_Driver.o
 .group         0x0000000000000000        0xc drivers/Src/STM32F407xx_SPI_Driver.o
 .group         0x0000000000000000        0xc drivers/Src/STM32F407xx_SPI_Driver.o
 .group         0x0000000000000000        0xc drivers/Src/STM32F407xx_SPI_Driver.o
 .group         0x0000000000000000        0xc drivers/Src/STM32F407xx_SPI_Driver.o
 .group         0x0000000000000000        0xc drivers/Src/STM32F407xx_SPI_Driver.o
 .group         0x0000000000000000        0xc drivers/Src/STM32F407xx_SPI_Driver.o
 .group         0x0000000000000000        0xc drivers/Src/STM32F407xx_SPI_Driver.o
 .group         0x0000000000000000        0xc drivers/Src/STM32F407xx_SPI_Driver.o
 .group         0x0000000000000000        0xc drivers/Src/STM32F407xx_SPI_Driver.o
 .group         0x0000000000000000        0xc drivers/Src/STM32F407xx_SPI_Driver.o
 .group         0x0000000000000000        0xc drivers/Src/STM32F407xx_SPI_Driver.o
 .group         0x0000000000000000        0xc drivers/Src/STM32F407xx_SPI_Driver.o
 .group         0x0000000000000000        0xc drivers/Src/STM32F407xx_SPI_Driver.o
 .group         0x0000000000000000        0xc drivers/Src/STM32F407xx_SPI_Driver.o
 .group         0x0000000000000000        0xc drivers/Src/STM32F407xx_SPI_Driver.o
 .group         0x0000000000000000        0xc drivers/Src/STM32F407xx_SPI_Driver.o
 .group         0x0000000000000000        0xc drivers/Src/STM32F407xx_SPI_Driver.o
 .group         0x0000000000000000        0xc drivers/Src/STM32F407xx_SPI_Driver.o
 .group         0x0000000000000000        0xc drivers/Src/STM32F407xx_SPI_Driver.o
 .group         0x0000000000000000        0xc drivers/Src/STM32F407xx_SPI_Driver.o
 .group         0x0000000000000000        0xc drivers/Src/STM32F407xx_SPI_Driver.o
 .group         0x0000000000000000        0xc drivers/Src/STM32F407xx_SPI_Driver.o
 .group         0x0000000000000000        0xc drivers/Src/STM32F407xx_SPI_Driver.o
 .group         0x0000000000000000        0xc drivers/Src/STM32F407xx_SPI_Driver.o
 .group         0x0000000000000000        0xc drivers/Src/STM32F407xx_SPI_Driver.o
 .text          0x0000000000000000        0x0 drivers/Src/STM32F407xx_SPI_Driver.o
 .data          0x0000000000000000        0x0 drivers/Src/STM32F407xx_SPI_Driver.o
 .bss           0x0000000000000000        0x0 drivers/Src/STM32F407xx_SPI_Driver.o
 .text.SPI_PeriClkCtrl
                0x0000000000000000       0x9c drivers/Src/STM32F407xx_SPI_Driver.o
 .text.SPI_Init
                0x0000000000000000       0xe0 drivers/Src/STM32F407xx_SPI_Driver.o
 .text.SPI_PeripheralEnable
                0x0000000000000000       0x38 drivers/Src/STM32F407xx_SPI_Driver.o
 .text.SPI_DeInit
                0x0000000000000000       0x7c drivers/Src/STM32F407xx_SPI_Driver.o
 .text.SPI_CheckStatusFlag
                0x0000000000000000       0x2a drivers/Src/STM32F407xx_SPI_Driver.o
 .text.SPI_SendData
                0x0000000000000000       0x76 drivers/Src/STM32F407xx_SPI_Driver.o
 .text.SPI_ReceiveData
                0x0000000000000000       0x6e drivers/Src/STM32F407xx_SPI_Driver.o
 .text.SPI_SendDataIT
                0x0000000000000000       0x48 drivers/Src/STM32F407xx_SPI_Driver.o
 .text.SPI_ReceiveDataIT
                0x0000000000000000       0x48 drivers/Src/STM32F407xx_SPI_Driver.o
 .text.SPI_IRQITConfig
                0x0000000000000000       0x88 drivers/Src/STM32F407xx_SPI_Driver.o
 .text.SPI_IRQPriorityConfig
                0x0000000000000000       0x56 drivers/Src/STM32F407xx_SPI_Driver.o
 .text.SPI_IRQHandling
                0x0000000000000000       0x76 drivers/Src/STM32F407xx_SPI_Driver.o
 .text.SPI_TXE_IT_Handle
                0x0000000000000000       0x8e drivers/Src/STM32F407xx_SPI_Driver.o
 .text.SPI_RXNE_IT_Handle
                0x0000000000000000       0x86 drivers/Src/STM32F407xx_SPI_Driver.o
 .text.SPI_OVR_IT_Handle
                0x0000000000000000       0x2a drivers/Src/STM32F407xx_SPI_Driver.o
 .text.SPI_CloseTransmission
                0x0000000000000000       0x36 drivers/Src/STM32F407xx_SPI_Driver.o
 .text.SPI_CloseReception
                0x0000000000000000       0x36 drivers/Src/STM32F407xx_SPI_Driver.o
 .text.SPI_ClearOVRFlag
                0x0000000000000000       0x20 drivers/Src/STM32F407xx_SPI_Driver.o
 .text.SPI_ApplicationEvent
                0x0000000000000000       0x18 drivers/Src/STM32F407xx_SPI_Driver.o
 .debug_info    0x0000000000000000     0x10a5 drivers/Src/STM32F407xx_SPI_Driver.o
 .debug_abbrev  0x0000000000000000      0x2d9 drivers/Src/STM32F407xx_SPI_Driver.o
 .debug_aranges
                0x0000000000000000       0xb0 drivers/Src/STM32F407xx_SPI_Driver.o
 .debug_ranges  0x0000000000000000       0xa0 drivers/Src/STM32F407xx_SPI_Driver.o
 .debug_macro   0x0000000000000000      0x1bf drivers/Src/STM32F407xx_SPI_Driver.o
 .debug_macro   0x0000000000000000      0xa66 drivers/Src/STM32F407xx_SPI_Driver.o
 .debug_macro   0x0000000000000000       0x22 drivers/Src/STM32F407xx_SPI_Driver.o
 .debug_macro   0x0000000000000000       0x8e drivers/Src/STM32F407xx_SPI_Driver.o
 .debug_macro   0x0000000000000000       0x51 drivers/Src/STM32F407xx_SPI_Driver.o
 .debug_macro   0x0000000000000000       0xef drivers/Src/STM32F407xx_SPI_Driver.o
 .debug_macro   0x0000000000000000       0x6a drivers/Src/STM32F407xx_SPI_Driver.o
 .debug_macro   0x0000000000000000      0x1df drivers/Src/STM32F407xx_SPI_Driver.o
 .debug_macro   0x0000000000000000       0x46 drivers/Src/STM32F407xx_SPI_Driver.o
 .debug_macro   0x0000000000000000       0x18 drivers/Src/STM32F407xx_SPI_Driver.o
 .debug_macro   0x0000000000000000       0x3c drivers/Src/STM32F407xx_SPI_Driver.o
 .debug_macro   0x0000000000000000       0x34 drivers/Src/STM32F407xx_SPI_Driver.o
 .debug_macro   0x0000000000000000      0x174 drivers/Src/STM32F407xx_SPI_Driver.o
 .debug_macro   0x0000000000000000       0x52 drivers/Src/STM32F407xx_SPI_Driver.o
 .debug_macro   0x0000000000000000       0x1f drivers/Src/STM32F407xx_SPI_Driver.o
 .debug_macro   0x0000000000000000       0x43 drivers/Src/STM32F407xx_SPI_Driver.o
 .debug_macro   0x0000000000000000       0x20 drivers/Src/STM32F407xx_SPI_Driver.o
 .debug_macro   0x0000000000000000      0x1a3 drivers/Src/STM32F407xx_SPI_Driver.o
 .debug_macro   0x0000000000000000      0x330 drivers/Src/STM32F407xx_SPI_Driver.o
 .debug_macro   0x0000000000000000       0x10 drivers/Src/STM32F407xx_SPI_Driver.o
 .debug_macro   0x0000000000000000       0x35 drivers/Src/STM32F407xx_SPI_Driver.o
 .debug_macro   0x0000000000000000       0x20 drivers/Src/STM32F407xx_SPI_Driver.o
 .debug_macro   0x0000000000000000       0x16 drivers/Src/STM32F407xx_SPI_Driver.o
 .debug_macro   0x0000000000000000       0x16 drivers/Src/STM32F407xx_SPI_Driver.o
 .debug_macro   0x0000000000000000       0x29 drivers/Src/STM32F407xx_SPI_Driver.o
 .debug_macro   0x0000000000000000      0x1e1 drivers/Src/STM32F407xx_SPI_Driver.o
 .debug_macro   0x0000000000000000      0x868 drivers/Src/STM32F407xx_SPI_Driver.o
 .debug_macro   0x0000000000000000      0x15c drivers/Src/STM32F407xx_SPI_Driver.o
 .debug_macro   0x0000000000000000      0x130 drivers/Src/STM32F407xx_SPI_Driver.o
 .debug_macro   0x0000000000000000      0x118 drivers/Src/STM32F407xx_SPI_Driver.o
 .debug_macro   0x0000000000000000       0xd6 drivers/Src/STM32F407xx_SPI_Driver.o
 .debug_line    0x0000000000000000      0x82d drivers/Src/STM32F407xx_SPI_Driver.o
 .debug_str     0x0000000000000000     0xbf8e drivers/Src/STM32F407xx_SPI_Driver.o
 .comment       0x0000000000000000       0x7c drivers/Src/STM32F407xx_SPI_Driver.o
 .debug_frame   0x0000000000000000      0x2ec drivers/Src/STM32F407xx_SPI_Driver.o
 .ARM.attributes
                0x0000000000000000       0x39 drivers/Src/STM32F407xx_SPI_Driver.o
 .group         0x0000000000000000        0xc drivers/Src/STM32F407xx_USART_UART_Driver.o
 .group         0x0000000000000000        0xc drivers/Src/STM32F407xx_USART_UART_Driver.o
 .group         0x0000000000000000        0xc drivers/Src/STM32F407xx_USART_UART_Driver.o
 .group         0x0000000000000000        0xc drivers/Src/STM32F407xx_USART_UART_Driver.o
 .group         0x0000000000000000        0xc drivers/Src/STM32F407xx_USART_UART_Driver.o
 .group         0x0000000000000000        0xc drivers/Src/STM32F407xx_USART_UART_Driver.o
 .group         0x0000000000000000        0xc drivers/Src/STM32F407xx_USART_UART_Driver.o
 .group         0x0000000000000000        0xc drivers/Src/STM32F407xx_USART_UART_Driver.o
 .group         0x0000000000000000        0xc drivers/Src/STM32F407xx_USART_UART_Driver.o
 .group         0x0000000000000000        0xc drivers/Src/STM32F407xx_USART_UART_Driver.o
 .group         0x0000000000000000        0xc drivers/Src/STM32F407xx_USART_UART_Driver.o
 .group         0x0000000000000000        0xc drivers/Src/STM32F407xx_USART_UART_Driver.o
 .group         0x0000000000000000        0xc drivers/Src/STM32F407xx_USART_UART_Driver.o
 .group         0x0000000000000000        0xc drivers/Src/STM32F407xx_USART_UART_Driver.o
 .group         0x0000000000000000        0xc drivers/Src/STM32F407xx_USART_UART_Driver.o
 .group         0x0000000000000000        0xc drivers/Src/STM32F407xx_USART_UART_Driver.o
 .group         0x0000000000000000        0xc drivers/Src/STM32F407xx_USART_UART_Driver.o
 .group         0x0000000000000000        0xc drivers/Src/STM32F407xx_USART_UART_Driver.o
 .group         0x0000000000000000        0xc drivers/Src/STM32F407xx_USART_UART_Driver.o
 .group         0x0000000000000000        0xc drivers/Src/STM32F407xx_USART_UART_Driver.o
 .group         0x0000000000000000        0xc drivers/Src/STM32F407xx_USART_UART_Driver.o
 .group         0x0000000000000000        0xc drivers/Src/STM32F407xx_USART_UART_Driver.o
 .group         0x0000000000000000        0xc drivers/Src/STM32F407xx_USART_UART_Driver.o
 .group         0x0000000000000000        0xc drivers/Src/STM32F407xx_USART_UART_Driver.o
 .group         0x0000000000000000        0xc drivers/Src/STM32F407xx_USART_UART_Driver.o
 .group         0x0000000000000000        0xc drivers/Src/STM32F407xx_USART_UART_Driver.o
 .group         0x0000000000000000        0xc drivers/Src/STM32F407xx_USART_UART_Driver.o
 .group         0x0000000000000000        0xc drivers/Src/STM32F407xx_USART_UART_Driver.o
 .group         0x0000000000000000        0xc drivers/Src/STM32F407xx_USART_UART_Driver.o
 .group         0x0000000000000000        0xc drivers/Src/STM32F407xx_USART_UART_Driver.o
 .text          0x0000000000000000        0x0 drivers/Src/STM32F407xx_USART_UART_Driver.o
 .data          0x0000000000000000        0x0 drivers/Src/STM32F407xx_USART_UART_Driver.o
 .bss           0x0000000000000000        0x0 drivers/Src/STM32F407xx_USART_UART_Driver.o
 .text.USART_DeInit
                0x0000000000000000       0xf0 drivers/Src/STM32F407xx_USART_UART_Driver.o
 .text.USART_ReceiveData
                0x0000000000000000       0xa2 drivers/Src/STM32F407xx_USART_UART_Driver.o
 .text.USART_SendDataIT
                0x0000000000000000       0x74 drivers/Src/STM32F407xx_USART_UART_Driver.o
 .text.USART_ReceiveDataIT
                0x0000000000000000       0x5c drivers/Src/STM32F407xx_USART_UART_Driver.o
 .text.USART_IRQITConfig
                0x0000000000000000       0x88 drivers/Src/STM32F407xx_USART_UART_Driver.o
 .text.USART_IRQPriorityConfig
                0x0000000000000000       0x56 drivers/Src/STM32F407xx_USART_UART_Driver.o
 .text.USART_IRQHandling
                0x0000000000000000       0xc4 drivers/Src/STM32F407xx_USART_UART_Driver.o
 .text.TXEInterruptHandler
                0x0000000000000000       0x6e drivers/Src/STM32F407xx_USART_UART_Driver.o
 .text.RXNEInterruptHandler
                0x0000000000000000       0x9e drivers/Src/STM32F407xx_USART_UART_Driver.o
 .debug_macro   0x0000000000000000      0xa66 drivers/Src/STM32F407xx_USART_UART_Driver.o
 .debug_macro   0x0000000000000000       0x22 drivers/Src/STM32F407xx_USART_UART_Driver.o
 .debug_macro   0x0000000000000000       0x8e drivers/Src/STM32F407xx_USART_UART_Driver.o
 .debug_macro   0x0000000000000000       0x51 drivers/Src/STM32F407xx_USART_UART_Driver.o
 .debug_macro   0x0000000000000000       0xef drivers/Src/STM32F407xx_USART_UART_Driver.o
 .debug_macro   0x0000000000000000       0x6a drivers/Src/STM32F407xx_USART_UART_Driver.o
 .debug_macro   0x0000000000000000      0x1df drivers/Src/STM32F407xx_USART_UART_Driver.o
 .debug_macro   0x0000000000000000       0x46 drivers/Src/STM32F407xx_USART_UART_Driver.o
 .debug_macro   0x0000000000000000       0x18 drivers/Src/STM32F407xx_USART_UART_Driver.o
 .debug_macro   0x0000000000000000       0x3c drivers/Src/STM32F407xx_USART_UART_Driver.o
 .debug_macro   0x0000000000000000       0x34 drivers/Src/STM32F407xx_USART_UART_Driver.o
 .debug_macro   0x0000000000000000      0x174 drivers/Src/STM32F407xx_USART_UART_Driver.o
 .debug_macro   0x0000000000000000       0x52 drivers/Src/STM32F407xx_USART_UART_Driver.o
 .debug_macro   0x0000000000000000       0x1f drivers/Src/STM32F407xx_USART_UART_Driver.o
 .debug_macro   0x0000000000000000       0x43 drivers/Src/STM32F407xx_USART_UART_Driver.o
 .debug_macro   0x0000000000000000       0x20 drivers/Src/STM32F407xx_USART_UART_Driver.o
 .debug_macro   0x0000000000000000      0x1a3 drivers/Src/STM32F407xx_USART_UART_Driver.o
 .debug_macro   0x0000000000000000      0x330 drivers/Src/STM32F407xx_USART_UART_Driver.o
 .debug_macro   0x0000000000000000       0x10 drivers/Src/STM32F407xx_USART_UART_Driver.o
 .debug_macro   0x0000000000000000       0x35 drivers/Src/STM32F407xx_USART_UART_Driver.o
 .debug_macro   0x0000000000000000       0x20 drivers/Src/STM32F407xx_USART_UART_Driver.o
 .debug_macro   0x0000000000000000       0x16 drivers/Src/STM32F407xx_USART_UART_Driver.o
 .debug_macro   0x0000000000000000       0x16 drivers/Src/STM32F407xx_USART_UART_Driver.o
 .debug_macro   0x0000000000000000       0x29 drivers/Src/STM32F407xx_USART_UART_Driver.o
 .debug_macro   0x0000000000000000      0x1e1 drivers/Src/STM32F407xx_USART_UART_Driver.o
 .debug_macro   0x0000000000000000      0x868 drivers/Src/STM32F407xx_USART_UART_Driver.o
 .debug_macro   0x0000000000000000      0x15c drivers/Src/STM32F407xx_USART_UART_Driver.o
 .debug_macro   0x0000000000000000       0xdc drivers/Src/STM32F407xx_USART_UART_Driver.o
 .debug_macro   0x0000000000000000      0x130 drivers/Src/STM32F407xx_USART_UART_Driver.o
 .debug_macro   0x0000000000000000      0x118 drivers/Src/STM32F407xx_USART_UART_Driver.o
 .group         0x0000000000000000        0xc drivers/Src/gpio_driver.o
 .group         0x0000000000000000        0xc drivers/Src/gpio_driver.o
 .group         0x0000000000000000        0xc drivers/Src/gpio_driver.o
 .group         0x0000000000000000        0xc drivers/Src/gpio_driver.o
 .group         0x0000000000000000        0xc drivers/Src/gpio_driver.o
 .group         0x0000000000000000        0xc drivers/Src/gpio_driver.o
 .group         0x0000000000000000        0xc drivers/Src/gpio_driver.o
 .group         0x0000000000000000        0xc drivers/Src/gpio_driver.o
 .group         0x0000000000000000        0xc drivers/Src/gpio_driver.o
 .group         0x0000000000000000        0xc drivers/Src/gpio_driver.o
 .group         0x0000000000000000        0xc drivers/Src/gpio_driver.o
 .group         0x0000000000000000        0xc drivers/Src/gpio_driver.o
 .group         0x0000000000000000        0xc drivers/Src/gpio_driver.o
 .group         0x0000000000000000        0xc drivers/Src/gpio_driver.o
 .group         0x0000000000000000        0xc drivers/Src/gpio_driver.o
 .group         0x0000000000000000        0xc drivers/Src/gpio_driver.o
 .group         0x0000000000000000        0xc drivers/Src/gpio_driver.o
 .group         0x0000000000000000        0xc drivers/Src/gpio_driver.o
 .group         0x0000000000000000        0xc drivers/Src/gpio_driver.o
 .group         0x0000000000000000        0xc drivers/Src/gpio_driver.o
 .group         0x0000000000000000        0xc drivers/Src/gpio_driver.o
 .group         0x0000000000000000        0xc drivers/Src/gpio_driver.o
 .group         0x0000000000000000        0xc drivers/Src/gpio_driver.o
 .group         0x0000000000000000        0xc drivers/Src/gpio_driver.o
 .group         0x0000000000000000        0xc drivers/Src/gpio_driver.o
 .group         0x0000000000000000        0xc drivers/Src/gpio_driver.o
 .group         0x0000000000000000        0xc drivers/Src/gpio_driver.o
 .group         0x0000000000000000        0xc drivers/Src/gpio_driver.o
 .group         0x0000000000000000        0xc drivers/Src/gpio_driver.o
 .group         0x0000000000000000        0xc drivers/Src/gpio_driver.o
 .text          0x0000000000000000        0x0 drivers/Src/gpio_driver.o
 .data          0x0000000000000000        0x0 drivers/Src/gpio_driver.o
 .bss           0x0000000000000000        0x0 drivers/Src/gpio_driver.o
 .text.GPIO_DeInit
                0x0000000000000000      0x1b8 drivers/Src/gpio_driver.o
 .text.GPIO_ReadFromInputPort
                0x0000000000000000       0x1a drivers/Src/gpio_driver.o
 .text.GPIO_WriteToOutputPin
                0x0000000000000000       0x34 drivers/Src/gpio_driver.o
 .text.GPIO_WriteToOutputPort
                0x0000000000000000       0x1e drivers/Src/gpio_driver.o
 .text.GPIO_ToggleOutputPin
                0x0000000000000000       0x34 drivers/Src/gpio_driver.o
 .text.GPIO_IRQITConfig
                0x0000000000000000       0x88 drivers/Src/gpio_driver.o
 .text.GPIO_IRQPriorityConfig
                0x0000000000000000       0x56 drivers/Src/gpio_driver.o
 .text.GPIO_IRQHandling
                0x0000000000000000       0x3c drivers/Src/gpio_driver.o
 .debug_macro   0x0000000000000000      0xa66 drivers/Src/gpio_driver.o
 .debug_macro   0x0000000000000000       0x22 drivers/Src/gpio_driver.o
 .debug_macro   0x0000000000000000       0x8e drivers/Src/gpio_driver.o
 .debug_macro   0x0000000000000000       0x51 drivers/Src/gpio_driver.o
 .debug_macro   0x0000000000000000       0xef drivers/Src/gpio_driver.o
 .debug_macro   0x0000000000000000       0x6a drivers/Src/gpio_driver.o
 .debug_macro   0x0000000000000000      0x1df drivers/Src/gpio_driver.o
 .debug_macro   0x0000000000000000       0x46 drivers/Src/gpio_driver.o
 .debug_macro   0x0000000000000000       0x18 drivers/Src/gpio_driver.o
 .debug_macro   0x0000000000000000       0x3c drivers/Src/gpio_driver.o
 .debug_macro   0x0000000000000000       0x34 drivers/Src/gpio_driver.o
 .debug_macro   0x0000000000000000      0x174 drivers/Src/gpio_driver.o
 .debug_macro   0x0000000000000000       0x52 drivers/Src/gpio_driver.o
 .debug_macro   0x0000000000000000       0x1f drivers/Src/gpio_driver.o
 .debug_macro   0x0000000000000000       0x43 drivers/Src/gpio_driver.o
 .debug_macro   0x0000000000000000       0x20 drivers/Src/gpio_driver.o
 .debug_macro   0x0000000000000000      0x1a3 drivers/Src/gpio_driver.o
 .debug_macro   0x0000000000000000      0x330 drivers/Src/gpio_driver.o
 .debug_macro   0x0000000000000000       0x10 drivers/Src/gpio_driver.o
 .debug_macro   0x0000000000000000       0x35 drivers/Src/gpio_driver.o
 .debug_macro   0x0000000000000000       0x20 drivers/Src/gpio_driver.o
 .debug_macro   0x0000000000000000       0x16 drivers/Src/gpio_driver.o
 .debug_macro   0x0000000000000000       0x16 drivers/Src/gpio_driver.o
 .debug_macro   0x0000000000000000       0x29 drivers/Src/gpio_driver.o
 .debug_macro   0x0000000000000000      0x1e1 drivers/Src/gpio_driver.o
 .debug_macro   0x0000000000000000      0x868 drivers/Src/gpio_driver.o
 .debug_macro   0x0000000000000000       0xd6 drivers/Src/gpio_driver.o
 .debug_macro   0x0000000000000000      0x130 drivers/Src/gpio_driver.o
 .debug_macro   0x0000000000000000      0x118 drivers/Src/gpio_driver.o
 .debug_macro   0x0000000000000000      0x15c drivers/Src/gpio_driver.o
 .text          0x0000000000000000        0x0 c:/st/stm32cubeide_1.2.0/stm32cubeide/plugins/com.st.stm32cube.ide.mcu.externaltools.gnu-tools-for-stm32.7-2018-q2-update.win32_1.0.0.201904181610/tools/bin/../lib/gcc/arm-none-eabi/7.3.1/../../../../arm-none-eabi/lib/thumb/v7e-m/fpv4-sp/hard\libc_nano.a(lib_a-errno.o)
 .data          0x0000000000000000        0x0 c:/st/stm32cubeide_1.2.0/stm32cubeide/plugins/com.st.stm32cube.ide.mcu.externaltools.gnu-tools-for-stm32.7-2018-q2-update.win32_1.0.0.201904181610/tools/bin/../lib/gcc/arm-none-eabi/7.3.1/../../../../arm-none-eabi/lib/thumb/v7e-m/fpv4-sp/hard\libc_nano.a(lib_a-errno.o)
 .bss           0x0000000000000000        0x0 c:/st/stm32cubeide_1.2.0/stm32cubeide/plugins/com.st.stm32cube.ide.mcu.externaltools.gnu-tools-for-stm32.7-2018-q2-update.win32_1.0.0.201904181610/tools/bin/../lib/gcc/arm-none-eabi/7.3.1/../../../../arm-none-eabi/lib/thumb/v7e-m/fpv4-sp/hard\libc_nano.a(lib_a-errno.o)
 .text.__errno  0x0000000000000000        0xc c:/st/stm32cubeide_1.2.0/stm32cubeide/plugins/com.st.stm32cube.ide.mcu.externaltools.gnu-tools-for-stm32.7-2018-q2-update.win32_1.0.0.201904181610/tools/bin/../lib/gcc/arm-none-eabi/7.3.1/../../../../arm-none-eabi/lib/thumb/v7e-m/fpv4-sp/hard\libc_nano.a(lib_a-errno.o)
 .debug_frame   0x0000000000000000       0x20 c:/st/stm32cubeide_1.2.0/stm32cubeide/plugins/com.st.stm32cube.ide.mcu.externaltools.gnu-tools-for-stm32.7-2018-q2-update.win32_1.0.0.201904181610/tools/bin/../lib/gcc/arm-none-eabi/7.3.1/../../../../arm-none-eabi/lib/thumb/v7e-m/fpv4-sp/hard\libc_nano.a(lib_a-errno.o)
 .ARM.attributes
                0x0000000000000000       0x34 c:/st/stm32cubeide_1.2.0/stm32cubeide/plugins/com.st.stm32cube.ide.mcu.externaltools.gnu-tools-for-stm32.7-2018-q2-update.win32_1.0.0.201904181610/tools/bin/../lib/gcc/arm-none-eabi/7.3.1/../../../../arm-none-eabi/lib/thumb/v7e-m/fpv4-sp/hard\libc_nano.a(lib_a-errno.o)
 .text          0x0000000000000000        0x0 c:/st/stm32cubeide_1.2.0/stm32cubeide/plugins/com.st.stm32cube.ide.mcu.externaltools.gnu-tools-for-stm32.7-2018-q2-update.win32_1.0.0.201904181610/tools/bin/../lib/gcc/arm-none-eabi/7.3.1/../../../../arm-none-eabi/lib/thumb/v7e-m/fpv4-sp/hard\libc_nano.a(lib_a-exit.o)
 .data          0x0000000000000000        0x0 c:/st/stm32cubeide_1.2.0/stm32cubeide/plugins/com.st.stm32cube.ide.mcu.externaltools.gnu-tools-for-stm32.7-2018-q2-update.win32_1.0.0.201904181610/tools/bin/../lib/gcc/arm-none-eabi/7.3.1/../../../../arm-none-eabi/lib/thumb/v7e-m/fpv4-sp/hard\libc_nano.a(lib_a-exit.o)
 .bss           0x0000000000000000        0x0 c:/st/stm32cubeide_1.2.0/stm32cubeide/plugins/com.st.stm32cube.ide.mcu.externaltools.gnu-tools-for-stm32.7-2018-q2-update.win32_1.0.0.201904181610/tools/bin/../lib/gcc/arm-none-eabi/7.3.1/../../../../arm-none-eabi/lib/thumb/v7e-m/fpv4-sp/hard\libc_nano.a(lib_a-exit.o)
 .text.exit     0x0000000000000000       0x28 c:/st/stm32cubeide_1.2.0/stm32cubeide/plugins/com.st.stm32cube.ide.mcu.externaltools.gnu-tools-for-stm32.7-2018-q2-update.win32_1.0.0.201904181610/tools/bin/../lib/gcc/arm-none-eabi/7.3.1/../../../../arm-none-eabi/lib/thumb/v7e-m/fpv4-sp/hard\libc_nano.a(lib_a-exit.o)
 .debug_frame   0x0000000000000000       0x28 c:/st/stm32cubeide_1.2.0/stm32cubeide/plugins/com.st.stm32cube.ide.mcu.externaltools.gnu-tools-for-stm32.7-2018-q2-update.win32_1.0.0.201904181610/tools/bin/../lib/gcc/arm-none-eabi/7.3.1/../../../../arm-none-eabi/lib/thumb/v7e-m/fpv4-sp/hard\libc_nano.a(lib_a-exit.o)
 .ARM.attributes
                0x0000000000000000       0x34 c:/st/stm32cubeide_1.2.0/stm32cubeide/plugins/com.st.stm32cube.ide.mcu.externaltools.gnu-tools-for-stm32.7-2018-q2-update.win32_1.0.0.201904181610/tools/bin/../lib/gcc/arm-none-eabi/7.3.1/../../../../arm-none-eabi/lib/thumb/v7e-m/fpv4-sp/hard\libc_nano.a(lib_a-exit.o)
 .text          0x0000000000000000        0x0 c:/st/stm32cubeide_1.2.0/stm32cubeide/plugins/com.st.stm32cube.ide.mcu.externaltools.gnu-tools-for-stm32.7-2018-q2-update.win32_1.0.0.201904181610/tools/bin/../lib/gcc/arm-none-eabi/7.3.1/../../../../arm-none-eabi/lib/thumb/v7e-m/fpv4-sp/hard\libc_nano.a(lib_a-impure.o)
 .data          0x0000000000000000        0x0 c:/st/stm32cubeide_1.2.0/stm32cubeide/plugins/com.st.stm32cube.ide.mcu.externaltools.gnu-tools-for-stm32.7-2018-q2-update.win32_1.0.0.201904181610/tools/bin/../lib/gcc/arm-none-eabi/7.3.1/../../../../arm-none-eabi/lib/thumb/v7e-m/fpv4-sp/hard\libc_nano.a(lib_a-impure.o)
 .bss           0x0000000000000000        0x0 c:/st/stm32cubeide_1.2.0/stm32cubeide/plugins/com.st.stm32cube.ide.mcu.externaltools.gnu-tools-for-stm32.7-2018-q2-update.win32_1.0.0.201904181610/tools/bin/../lib/gcc/arm-none-eabi/7.3.1/../../../../arm-none-eabi/lib/thumb/v7e-m/fpv4-sp/hard\libc_nano.a(lib_a-impure.o)
 .data._impure_ptr
                0x0000000000000000        0x4 c:/st/stm32cubeide_1.2.0/stm32cubeide/plugins/com.st.stm32cube.ide.mcu.externaltools.gnu-tools-for-stm32.7-2018-q2-update.win32_1.0.0.201904181610/tools/bin/../lib/gcc/arm-none-eabi/7.3.1/../../../../arm-none-eabi/lib/thumb/v7e-m/fpv4-sp/hard\libc_nano.a(lib_a-impure.o)
 .data.impure_data
                0x0000000000000000       0x60 c:/st/stm32cubeide_1.2.0/stm32cubeide/plugins/com.st.stm32cube.ide.mcu.externaltools.gnu-tools-for-stm32.7-2018-q2-update.win32_1.0.0.201904181610/tools/bin/../lib/gcc/arm-none-eabi/7.3.1/../../../../arm-none-eabi/lib/thumb/v7e-m/fpv4-sp/hard\libc_nano.a(lib_a-impure.o)
 .rodata._global_impure_ptr
                0x0000000000000000        0x4 c:/st/stm32cubeide_1.2.0/stm32cubeide/plugins/com.st.stm32cube.ide.mcu.externaltools.gnu-tools-for-stm32.7-2018-q2-update.win32_1.0.0.201904181610/tools/bin/../lib/gcc/arm-none-eabi/7.3.1/../../../../arm-none-eabi/lib/thumb/v7e-m/fpv4-sp/hard\libc_nano.a(lib_a-impure.o)
 .ARM.attributes
                0x0000000000000000       0x34 c:/st/stm32cubeide_1.2.0/stm32cubeide/plugins/com.st.stm32cube.ide.mcu.externaltools.gnu-tools-for-stm32.7-2018-q2-update.win32_1.0.0.201904181610/tools/bin/../lib/gcc/arm-none-eabi/7.3.1/../../../../arm-none-eabi/lib/thumb/v7e-m/fpv4-sp/hard\libc_nano.a(lib_a-impure.o)
 .text          0x0000000000000000        0x0 c:/st/stm32cubeide_1.2.0/stm32cubeide/plugins/com.st.stm32cube.ide.mcu.externaltools.gnu-tools-for-stm32.7-2018-q2-update.win32_1.0.0.201904181610/tools/bin/../lib/gcc/arm-none-eabi/7.3.1/../../../../arm-none-eabi/lib/thumb/v7e-m/fpv4-sp/hard\libc_nano.a(lib_a-init.o)
 .data          0x0000000000000000        0x0 c:/st/stm32cubeide_1.2.0/stm32cubeide/plugins/com.st.stm32cube.ide.mcu.externaltools.gnu-tools-for-stm32.7-2018-q2-update.win32_1.0.0.201904181610/tools/bin/../lib/gcc/arm-none-eabi/7.3.1/../../../../arm-none-eabi/lib/thumb/v7e-m/fpv4-sp/hard\libc_nano.a(lib_a-init.o)
 .bss           0x0000000000000000        0x0 c:/st/stm32cubeide_1.2.0/stm32cubeide/plugins/com.st.stm32cube.ide.mcu.externaltools.gnu-tools-for-stm32.7-2018-q2-update.win32_1.0.0.201904181610/tools/bin/../lib/gcc/arm-none-eabi/7.3.1/../../../../arm-none-eabi/lib/thumb/v7e-m/fpv4-sp/hard\libc_nano.a(lib_a-init.o)
 .text          0x0000000000000000        0x0 c:/st/stm32cubeide_1.2.0/stm32cubeide/plugins/com.st.stm32cube.ide.mcu.externaltools.gnu-tools-for-stm32.7-2018-q2-update.win32_1.0.0.201904181610/tools/bin/../lib/gcc/arm-none-eabi/7.3.1/../../../../arm-none-eabi/lib/thumb/v7e-m/fpv4-sp/hard\libc_nano.a(lib_a-memset.o)
 .data          0x0000000000000000        0x0 c:/st/stm32cubeide_1.2.0/stm32cubeide/plugins/com.st.stm32cube.ide.mcu.externaltools.gnu-tools-for-stm32.7-2018-q2-update.win32_1.0.0.201904181610/tools/bin/../lib/gcc/arm-none-eabi/7.3.1/../../../../arm-none-eabi/lib/thumb/v7e-m/fpv4-sp/hard\libc_nano.a(lib_a-memset.o)
 .bss           0x0000000000000000        0x0 c:/st/stm32cubeide_1.2.0/stm32cubeide/plugins/com.st.stm32cube.ide.mcu.externaltools.gnu-tools-for-stm32.7-2018-q2-update.win32_1.0.0.201904181610/tools/bin/../lib/gcc/arm-none-eabi/7.3.1/../../../../arm-none-eabi/lib/thumb/v7e-m/fpv4-sp/hard\libc_nano.a(lib_a-memset.o)
 .data          0x0000000000000000        0x0 c:/st/stm32cubeide_1.2.0/stm32cubeide/plugins/com.st.stm32cube.ide.mcu.externaltools.gnu-tools-for-stm32.7-2018-q2-update.win32_1.0.0.201904181610/tools/bin/../lib/gcc/arm-none-eabi/7.3.1/../../../../arm-none-eabi/lib/thumb/v7e-m/fpv4-sp/hard\libc_nano.a(lib_a-strlen.o)
 .bss           0x0000000000000000        0x0 c:/st/stm32cubeide_1.2.0/stm32cubeide/plugins/com.st.stm32cube.ide.mcu.externaltools.gnu-tools-for-stm32.7-2018-q2-update.win32_1.0.0.201904181610/tools/bin/../lib/gcc/arm-none-eabi/7.3.1/../../../../arm-none-eabi/lib/thumb/v7e-m/fpv4-sp/hard\libc_nano.a(lib_a-strlen.o)
 .text          0x0000000000000000        0x0 c:/st/stm32cubeide_1.2.0/stm32cubeide/plugins/com.st.stm32cube.ide.mcu.externaltools.gnu-tools-for-stm32.7-2018-q2-update.win32_1.0.0.201904181610/tools/bin/../lib/gcc/arm-none-eabi/7.3.1/thumb/v7e-m/fpv4-sp/hard/crtend.o
 .data          0x0000000000000000        0x0 c:/st/stm32cubeide_1.2.0/stm32cubeide/plugins/com.st.stm32cube.ide.mcu.externaltools.gnu-tools-for-stm32.7-2018-q2-update.win32_1.0.0.201904181610/tools/bin/../lib/gcc/arm-none-eabi/7.3.1/thumb/v7e-m/fpv4-sp/hard/crtend.o
 .bss           0x0000000000000000        0x0 c:/st/stm32cubeide_1.2.0/stm32cubeide/plugins/com.st.stm32cube.ide.mcu.externaltools.gnu-tools-for-stm32.7-2018-q2-update.win32_1.0.0.201904181610/tools/bin/../lib/gcc/arm-none-eabi/7.3.1/thumb/v7e-m/fpv4-sp/hard/crtend.o
 .eh_frame      0x0000000000000000        0x4 c:/st/stm32cubeide_1.2.0/stm32cubeide/plugins/com.st.stm32cube.ide.mcu.externaltools.gnu-tools-for-stm32.7-2018-q2-update.win32_1.0.0.201904181610/tools/bin/../lib/gcc/arm-none-eabi/7.3.1/thumb/v7e-m/fpv4-sp/hard/crtend.o
 .ARM.attributes
                0x0000000000000000       0x34 c:/st/stm32cubeide_1.2.0/stm32cubeide/plugins/com.st.stm32cube.ide.mcu.externaltools.gnu-tools-for-stm32.7-2018-q2-update.win32_1.0.0.201904181610/tools/bin/../lib/gcc/arm-none-eabi/7.3.1/thumb/v7e-m/fpv4-sp/hard/crtend.o
 .text          0x0000000000000000        0x0 c:/st/stm32cubeide_1.2.0/stm32cubeide/plugins/com.st.stm32cube.ide.mcu.externaltools.gnu-tools-for-stm32.7-2018-q2-update.win32_1.0.0.201904181610/tools/bin/../lib/gcc/arm-none-eabi/7.3.1/thumb/v7e-m/fpv4-sp/hard/crtn.o
 .data          0x0000000000000000        0x0 c:/st/stm32cubeide_1.2.0/stm32cubeide/plugins/com.st.stm32cube.ide.mcu.externaltools.gnu-tools-for-stm32.7-2018-q2-update.win32_1.0.0.201904181610/tools/bin/../lib/gcc/arm-none-eabi/7.3.1/thumb/v7e-m/fpv4-sp/hard/crtn.o
 .bss           0x0000000000000000        0x0 c:/st/stm32cubeide_1.2.0/stm32cubeide/plugins/com.st.stm32cube.ide.mcu.externaltools.gnu-tools-for-stm32.7-2018-q2-update.win32_1.0.0.201904181610/tools/bin/../lib/gcc/arm-none-eabi/7.3.1/thumb/v7e-m/fpv4-sp/hard/crtn.o

Memory Configuration

Name             Origin             Length             Attributes
RAM              0x0000000020000000 0x0000000000020000 xrw
ROM              0x0000000008000000 0x0000000000100000 xr
*default*        0x0000000000000000 0xffffffffffffffff

Linker script and memory map

LOAD c:/st/stm32cubeide_1.2.0/stm32cubeide/plugins/com.st.stm32cube.ide.mcu.externaltools.gnu-tools-for-stm32.7-2018-q2-update.win32_1.0.0.201904181610/tools/bin/../lib/gcc/arm-none-eabi/7.3.1/thumb/v7e-m/fpv4-sp/hard/crti.o
LOAD c:/st/stm32cubeide_1.2.0/stm32cubeide/plugins/com.st.stm32cube.ide.mcu.externaltools.gnu-tools-for-stm32.7-2018-q2-update.win32_1.0.0.201904181610/tools/bin/../lib/gcc/arm-none-eabi/7.3.1/thumb/v7e-m/fpv4-sp/hard/crtbegin.o
LOAD c:/st/stm32cubeide_1.2.0/stm32cubeide/plugins/com.st.stm32cube.ide.mcu.externaltools.gnu-tools-for-stm32.7-2018-q2-update.win32_1.0.0.201904181610/tools/bin/../lib/gcc/arm-none-eabi/7.3.1/../../../../arm-none-eabi/lib/thumb/v7e-m/fpv4-sp/hard/crt0.o
LOAD Src/016StmUSARTArduinoTx.o
LOAD Src/syscalls.o
LOAD Src/sysmem.o
LOAD Startup/startup_stm32f407vgtx.o
LOAD drivers/Src/STM32F407xx_I2C_Driver.o
LOAD drivers/Src/STM32F407xx_SPI_Driver.o
LOAD drivers/Src/STM32F407xx_USART_UART_Driver.o
LOAD drivers/Src/gpio_driver.o
START GROUP
LOAD c:/st/stm32cubeide_1.2.0/stm32cubeide/plugins/com.st.stm32cube.ide.mcu.externaltools.gnu-tools-for-stm32.7-2018-q2-update.win32_1.0.0.201904181610/tools/bin/../lib/gcc/arm-none-eabi/7.3.1/../../../../arm-none-eabi/lib/thumb/v7e-m/fpv4-sp/hard\libc_nano.a
LOAD c:/st/stm32cubeide_1.2.0/stm32cubeide/plugins/com.st.stm32cube.ide.mcu.externaltools.gnu-tools-for-stm32.7-2018-q2-update.win32_1.0.0.201904181610/tools/bin/../lib/gcc/arm-none-eabi/7.3.1/../../../../arm-none-eabi/lib/thumb/v7e-m/fpv4-sp/hard\libm.a
END GROUP
START GROUP
LOAD c:/st/stm32cubeide_1.2.0/stm32cubeide/plugins/com.st.stm32cube.ide.mcu.externaltools.gnu-tools-for-stm32.7-2018-q2-update.win32_1.0.0.201904181610/tools/bin/../lib/gcc/arm-none-eabi/7.3.1/thumb/v7e-m/fpv4-sp/hard\libgcc.a
LOAD c:/st/stm32cubeide_1.2.0/stm32cubeide/plugins/com.st.stm32cube.ide.mcu.externaltools.gnu-tools-for-stm32.7-2018-q2-update.win32_1.0.0.201904181610/tools/bin/../lib/gcc/arm-none-eabi/7.3.1/../../../../arm-none-eabi/lib/thumb/v7e-m/fpv4-sp/hard\libc_nano.a
END GROUP
START GROUP
LOAD c:/st/stm32cubeide_1.2.0/stm32cubeide/plugins/com.st.stm32cube.ide.mcu.externaltools.gnu-tools-for-stm32.7-2018-q2-update.win32_1.0.0.201904181610/tools/bin/../lib/gcc/arm-none-eabi/7.3.1/thumb/v7e-m/fpv4-sp/hard\libgcc.a
LOAD c:/st/stm32cubeide_1.2.0/stm32cubeide/plugins/com.st.stm32cube.ide.mcu.externaltools.gnu-tools-for-stm32.7-2018-q2-update.win32_1.0.0.201904181610/tools/bin/../lib/gcc/arm-none-eabi/7.3.1/../../../../arm-none-eabi/lib/thumb/v7e-m/fpv4-sp/hard\libc_nano.a
LOAD c:/st/stm32cubeide_1.2.0/stm32cubeide/plugins/com.st.stm32cube.ide.mcu.externaltools.gnu-tools-for-stm32.7-2018-q2-update.win32_1.0.0.201904181610/tools/bin/../lib/gcc/arm-none-eabi/7.3.1/../../../../arm-none-eabi/lib/thumb/v7e-m/fpv4-sp/hard\libnosys.a
END GROUP
START GROUP
LOAD c:/st/stm32cubeide_1.2.0/stm32cubeide/plugins/com.st.stm32cube.ide.mcu.externaltools.gnu-tools-for-stm32.7-2018-q2-update.win32_1.0.0.201904181610/tools/bin/../lib/gcc/arm-none-eabi/7.3.1/thumb/v7e-m/fpv4-sp/hard\libgcc.a
LOAD c:/st/stm32cubeide_1.2.0/stm32cubeide/plugins/com.st.stm32cube.ide.mcu.externaltools.gnu-tools-for-stm32.7-2018-q2-update.win32_1.0.0.201904181610/tools/bin/../lib/gcc/arm-none-eabi/7.3.1/../../../../arm-none-eabi/lib/thumb/v7e-m/fpv4-sp/hard\libc_nano.a
LOAD c:/st/stm32cubeide_1.2.0/stm32cubeide/plugins/com.st.stm32cube.ide.mcu.externaltools.gnu-tools-for-stm32.7-2018-q2-update.win32_1.0.0.201904181610/tools/bin/../lib/gcc/arm-none-eabi/7.3.1/../../../../arm-none-eabi/lib/thumb/v7e-m/fpv4-sp/hard\libnosys.a
END GROUP
LOAD c:/st/stm32cubeide_1.2.0/stm32cubeide/plugins/com.st.stm32cube.ide.mcu.externaltools.gnu-tools-for-stm32.7-2018-q2-update.win32_1.0.0.201904181610/tools/bin/../lib/gcc/arm-none-eabi/7.3.1/thumb/v7e-m/fpv4-sp/hard/crtend.o
LOAD c:/st/stm32cubeide_1.2.0/stm32cubeide/plugins/com.st.stm32cube.ide.mcu.externaltools.gnu-tools-for-stm32.7-2018-q2-update.win32_1.0.0.201904181610/tools/bin/../lib/gcc/arm-none-eabi/7.3.1/thumb/v7e-m/fpv4-sp/hard/crtn.o
                0x0000000020020000                _estack = (ORIGIN (RAM) + LENGTH (RAM))
                0x0000000000000200                _Min_Heap_Size = 0x200
                0x0000000000000400                _Min_Stack_Size = 0x400

.isr_vector     0x0000000008000000      0x1a8
                0x0000000008000000                . = ALIGN (0x4)
 *(.isr_vector)
 .isr_vector    0x0000000008000000      0x1a8 Startup/startup_stm32f407vgtx.o
                0x0000000008000000                g_pfnVectors
                0x00000000080001a8                . = ALIGN (0x4)

.text           0x00000000080001a8      0xc98
                0x00000000080001a8                . = ALIGN (0x4)
 *(.text)
 .text          0x00000000080001a8       0x40 c:/st/stm32cubeide_1.2.0/stm32cubeide/plugins/com.st.stm32cube.ide.mcu.externaltools.gnu-tools-for-stm32.7-2018-q2-update.win32_1.0.0.201904181610/tools/bin/../lib/gcc/arm-none-eabi/7.3.1/thumb/v7e-m/fpv4-sp/hard/crtbegin.o
 .text          0x00000000080001e8       0x10 c:/st/stm32cubeide_1.2.0/stm32cubeide/plugins/com.st.stm32cube.ide.mcu.externaltools.gnu-tools-for-stm32.7-2018-q2-update.win32_1.0.0.201904181610/tools/bin/../lib/gcc/arm-none-eabi/7.3.1/../../../../arm-none-eabi/lib/thumb/v7e-m/fpv4-sp/hard\libc_nano.a(lib_a-strlen.o)
                0x00000000080001e8                strlen
 *(.text*)
 .text.main     0x00000000080001f8       0x78 Src/016StmUSARTArduinoTx.o
                0x00000000080001f8                main
 .text.delay    0x0000000008000270       0x2c Src/016StmUSARTArduinoTx.o
                0x0000000008000270                delay
 .text.GPIO_Button_Init
                0x000000000800029c       0x34 Src/016StmUSARTArduinoTx.o
                0x000000000800029c                GPIO_Button_Init
 .text.USART_GPIO_Init
                0x00000000080002d0       0x40 Src/016StmUSARTArduinoTx.o
                0x00000000080002d0                USART_GPIO_Init
 .text.USART_Handler_Init
                0x0000000008000310       0x48 Src/016StmUSARTArduinoTx.o
                0x0000000008000310                USART_Handler_Init
 .text.Reset_Handler
                0x0000000008000358       0x50 Startup/startup_stm32f407vgtx.o
                0x0000000008000358                Reset_Handler
 .text.Default_Handler
                0x00000000080003a8        0x2 Startup/startup_stm32f407vgtx.o
                0x00000000080003a8                RTC_Alarm_IRQHandler
                0x00000000080003a8                HASH_RNG_IRQHandler
                0x00000000080003a8                EXTI2_IRQHandler
                0x00000000080003a8                TIM8_CC_IRQHandler
                0x00000000080003a8                DebugMon_Handler
                0x00000000080003a8                TIM1_CC_IRQHandler
                0x00000000080003a8                DMA2_Stream5_IRQHandler
                0x00000000080003a8                HardFault_Handler
                0x00000000080003a8                DMA1_Stream5_IRQHandler
                0x00000000080003a8                SysTick_Handler
                0x00000000080003a8                PVD_IRQHandler
                0x00000000080003a8                SDIO_IRQHandler
                0x00000000080003a8                TAMP_STAMP_IRQHandler
                0x00000000080003a8                PendSV_Handler
                0x00000000080003a8                NMI_Handler
                0x00000000080003a8                CAN2_RX1_IRQHandler
                0x00000000080003a8                EXTI3_IRQHandler
                0x00000000080003a8                TIM8_TRG_COM_TIM14_IRQHandler
                0x00000000080003a8                TIM1_UP_TIM10_IRQHandler
                0x00000000080003a8                TIM8_UP_TIM13_IRQHandler
                0x00000000080003a8                I2C3_ER_IRQHandler
                0x00000000080003a8                LCD_TFT_IRQHandler
                0x00000000080003a8                EXTI0_IRQHandler
                0x00000000080003a8                I2C2_EV_IRQHandler
                0x00000000080003a8                DMA1_Stream2_IRQHandler
                0x00000000080003a8                CAN1_RX0_IRQHandler
                0x00000000080003a8                FPU_IRQHandler
                0x00000000080003a8                OTG_HS_WKUP_IRQHandler
                0x00000000080003a8                UsageFault_Handler
                0x00000000080003a8                CAN2_SCE_IRQHandler
                0x00000000080003a8                DMA2_Stream2_IRQHandler
                0x00000000080003a8                SPI1_IRQHandler
                0x00000000080003a8                TIM6_DAC_IRQHandler
                0x00000000080003a8                TIM1_BRK_TIM9_IRQHandler
                0x00000000080003a8                DCMI_IRQHandler
                0x00000000080003a8                CAN2_RX0_IRQHandler
                0x00000000080003a8                DMA2_Stream3_IRQHandler
                0x00000000080003a8                USART6_IRQHandler
                0x00000000080003a8                USART3_IRQHandler
                0x00000000080003a8                CRYP_IRQHandler
                0x00000000080003a8                CAN1_RX1_IRQHandler
                0x00000000080003a8                UART5_IRQHandler
                0x00000000080003a8                DMA2_Stream0_IRQHandler
                0x00000000080003a8                TIM4_IRQHandler
                0x00000000080003a8                I2C1_EV_IRQHandler
                0x00000000080003a8                DMA1_Stream6_IRQHandler
                0x00000000080003a8                DMA1_Stream1_IRQHandler
                0x00000000080003a8                UART4_IRQHandler
                0x00000000080003a8                LCD_TFT_1_IRQHandler
                0x00000000080003a8                TIM3_IRQHandler
                0x00000000080003a8                RCC_IRQHandler
                0x00000000080003a8                TIM8_BRK_TIM12_IRQHandler
                0x00000000080003a8                Default_Handler
                0x00000000080003a8                EXTI15_10_IRQHandler
                0x00000000080003a8                ADC_IRQHandler
                0x00000000080003a8                DMA1_Stream7_IRQHandler
                0x00000000080003a8                TIM7_IRQHandler
                0x00000000080003a8                CAN2_TX_IRQHandler
                0x00000000080003a8                TIM5_IRQHandler
                0x00000000080003a8                DMA2_Stream7_IRQHandler
                0x00000000080003a8                I2C3_EV_IRQHandler
                0x00000000080003a8                EXTI9_5_IRQHandler
                0x00000000080003a8                RTC_WKUP_IRQHandler
                0x00000000080003a8                ETH_WKUP_IRQHandler
                0x00000000080003a8                SPI2_IRQHandler
                0x00000000080003a8                OTG_HS_EP1_IN_IRQHandler
                0x00000000080003a8                MemManage_Handler
                0x00000000080003a8                DMA1_Stream0_IRQHandler
                0x00000000080003a8                CAN1_TX_IRQHandler
                0x00000000080003a8                SVC_Handler
                0x00000000080003a8                EXTI4_IRQHandler
                0x00000000080003a8                FSMC_IRQHandler
                0x00000000080003a8                ETH_IRQHandler
                0x00000000080003a8                OTG_HS_EP1_OUT_IRQHandler
                0x00000000080003a8                WWDG_IRQHandler
                0x00000000080003a8                TIM2_IRQHandler
                0x00000000080003a8                OTG_FS_WKUP_IRQHandler
                0x00000000080003a8                TIM1_TRG_COM_TIM11_IRQHandler
                0x00000000080003a8                OTG_HS_IRQHandler
                0x00000000080003a8                EXTI1_IRQHandler
                0x00000000080003a8                USART2_IRQHandler
                0x00000000080003a8                I2C2_ER_IRQHandler
                0x00000000080003a8                DMA2_Stream1_IRQHandler
                0x00000000080003a8                CAN1_SCE_IRQHandler
                0x00000000080003a8                DMA2_Stream4_IRQHandler
                0x00000000080003a8                BusFault_Handler
                0x00000000080003a8                USART1_IRQHandler
                0x00000000080003a8                OTG_FS_IRQHandler
                0x00000000080003a8                SPI3_IRQHandler
                0x00000000080003a8                DMA1_Stream4_IRQHandler
                0x00000000080003a8                I2C1_ER_IRQHandler
                0x00000000080003a8                DMA2_Stream6_IRQHandler
                0x00000000080003a8                DMA1_Stream3_IRQHandler
 *fill*         0x00000000080003aa        0x2 
 .text.USART_PeriClkCtrl
                0x00000000080003ac      0x12c drivers/Src/STM32F407xx_USART_UART_Driver.o
                0x00000000080003ac                USART_PeriClkCtrl
 .text.USART_Init
                0x00000000080004d8      0x1f0 drivers/Src/STM32F407xx_USART_UART_Driver.o
                0x00000000080004d8                USART_Init
 .text.USART_PeripheralEnable
                0x00000000080006c8       0x38 drivers/Src/STM32F407xx_USART_UART_Driver.o
                0x00000000080006c8                USART_PeripheralEnable
 .text.USART_SendData
                0x0000000008000700       0x8a drivers/Src/STM32F407xx_USART_UART_Driver.o
                0x0000000008000700                USART_SendData
 .text.USART_CheckStatusFlag
                0x000000000800078a       0x2a drivers/Src/STM32F407xx_USART_UART_Driver.o
                0x000000000800078a                USART_CheckStatusFlag
 .text.getPLLClkFreq
                0x00000000080007b4       0x10 drivers/Src/STM32F407xx_USART_UART_Driver.o
 .text.getAPBxClkFreq
                0x00000000080007c4      0x118 drivers/Src/STM32F407xx_USART_UART_Driver.o
 .text.getUSARTDiv
                0x00000000080008dc       0x4e drivers/Src/STM32F407xx_USART_UART_Driver.o
 *fill*         0x000000000800092a        0x2 
 .text.GPIO_PeriClkCtrl
                0x000000000800092c      0x21c drivers/Src/gpio_driver.o
                0x000000000800092c                GPIO_PeriClkCtrl
 .text.GPIO_Init
                0x0000000008000b48      0x25c drivers/Src/gpio_driver.o
                0x0000000008000b48                GPIO_Init
 .text.GPIO_ReadFromInputPin
                0x0000000008000da4       0x2c drivers/Src/gpio_driver.o
                0x0000000008000da4                GPIO_ReadFromInputPin
 .text.__libc_init_array
                0x0000000008000dd0       0x48 c:/st/stm32cubeide_1.2.0/stm32cubeide/plugins/com.st.stm32cube.ide.mcu.externaltools.gnu-tools-for-stm32.7-2018-q2-update.win32_1.0.0.201904181610/tools/bin/../lib/gcc/arm-none-eabi/7.3.1/../../../../arm-none-eabi/lib/thumb/v7e-m/fpv4-sp/hard\libc_nano.a(lib_a-init.o)
                0x0000000008000dd0                __libc_init_array
 .text.memset   0x0000000008000e18       0x10 c:/st/stm32cubeide_1.2.0/stm32cubeide/plugins/com.st.stm32cube.ide.mcu.externaltools.gnu-tools-for-stm32.7-2018-q2-update.win32_1.0.0.201904181610/tools/bin/../lib/gcc/arm-none-eabi/7.3.1/../../../../arm-none-eabi/lib/thumb/v7e-m/fpv4-sp/hard\libc_nano.a(lib_a-memset.o)
                0x0000000008000e18                memset
 *(.glue_7)
 .glue_7        0x0000000008000e28        0x0 linker stubs
 *(.glue_7t)
 .glue_7t       0x0000000008000e28        0x0 linker stubs
 *(.eh_frame)
 .eh_frame      0x0000000008000e28        0x0 c:/st/stm32cubeide_1.2.0/stm32cubeide/plugins/com.st.stm32cube.ide.mcu.externaltools.gnu-tools-for-stm32.7-2018-q2-update.win32_1.0.0.201904181610/tools/bin/../lib/gcc/arm-none-eabi/7.3.1/thumb/v7e-m/fpv4-sp/hard/crtbegin.o
 *(.init)
 .init          0x0000000008000e28        0x4 c:/st/stm32cubeide_1.2.0/stm32cubeide/plugins/com.st.stm32cube.ide.mcu.externaltools.gnu-tools-for-stm32.7-2018-q2-update.win32_1.0.0.201904181610/tools/bin/../lib/gcc/arm-none-eabi/7.3.1/thumb/v7e-m/fpv4-sp/hard/crti.o
                0x0000000008000e28                _init
 .init          0x0000000008000e2c        0x8 c:/st/stm32cubeide_1.2.0/stm32cubeide/plugins/com.st.stm32cube.ide.mcu.externaltools.gnu-tools-for-stm32.7-2018-q2-update.win32_1.0.0.201904181610/tools/bin/../lib/gcc/arm-none-eabi/7.3.1/thumb/v7e-m/fpv4-sp/hard/crtn.o
 *(.fini)
 .fini          0x0000000008000e34        0x4 c:/st/stm32cubeide_1.2.0/stm32cubeide/plugins/com.st.stm32cube.ide.mcu.externaltools.gnu-tools-for-stm32.7-2018-q2-update.win32_1.0.0.201904181610/tools/bin/../lib/gcc/arm-none-eabi/7.3.1/thumb/v7e-m/fpv4-sp/hard/crti.o
                0x0000000008000e34                _fini
 .fini          0x0000000008000e38        0x8 c:/st/stm32cubeide_1.2.0/stm32cubeide/plugins/com.st.stm32cube.ide.mcu.externaltools.gnu-tools-for-stm32.7-2018-q2-update.win32_1.0.0.201904181610/tools/bin/../lib/gcc/arm-none-eabi/7.3.1/thumb/v7e-m/fpv4-sp/hard/crtn.o
                0x0000000008000e40                . = ALIGN (0x4)
                0x0000000008000e40                _etext = .

.vfp11_veneer   0x0000000008000e40        0x0
 .vfp11_veneer  0x0000000008000e40        0x0 linker stubs

.v4_bx          0x0000000008000e40        0x0
 .v4_bx         0x0000000008000e40        0x0 linker stubs

.iplt           0x0000000008000e40        0x0
 .iplt          0x0000000008000e40        0x0 c:/st/stm32cubeide_1.2.0/stm32cubeide/plugins/com.st.stm32cube.ide.mcu.externaltools.gnu-tools-for-stm32.7-2018-q2-update.win32_1.0.0.201904181610/tools/bin/../lib/gcc/arm-none-eabi/7.3.1/thumb/v7e-m/fpv4-sp/hard/crtbegin.o

.rodata         0x0000000008000e40       0x20
                0x0000000008000e40                . = ALIGN (0x4)
 *(.rodata)
 .rodata        0x0000000008000e40       0x1e drivers/Src/STM32F407xx_USART_UART_Driver.o
 *(.rodata*)
                0x0000000008000e60                . = ALIGN (0x4)
 *fill*         0x0000000008000e5e        0x2 

.rel.dyn        0x0000000008000e60        0x0
 .rel.iplt      0x0000000008000e60        0x0 c:/st/stm32cubeide_1.2.0/stm32cubeide/plugins/com.st.stm32cube.ide.mcu.externaltools.gnu-tools-for-stm32.7-2018-q2-update.win32_1.0.0.201904181610/tools/bin/../lib/gcc/arm-none-eabi/7.3.1/thumb/v7e-m/fpv4-sp/hard/crtbegin.o

.ARM.extab      0x0000000008000e60        0x0
                0x0000000008000e60                . = ALIGN (0x4)
 *(.ARM.extab* .gnu.linkonce.armextab.*)
                0x0000000008000e60                . = ALIGN (0x4)

.ARM            0x0000000008000e60        0x0
                0x0000000008000e60                . = ALIGN (0x4)
                0x0000000008000e60                __exidx_start = .
 *(.ARM.exidx*)
                0x0000000008000e60                __exidx_end = .
                0x0000000008000e60                . = ALIGN (0x4)

.preinit_array  0x0000000008000e60        0x0
                0x0000000008000e60                . = ALIGN (0x4)
                0x0000000008000e60                PROVIDE (__preinit_array_start = .)
 *(.preinit_array*)
                0x0000000008000e60                PROVIDE (__preinit_array_end = .)
                0x0000000008000e60                . = ALIGN (0x4)

.init_array     0x0000000008000e60        0x4
                0x0000000008000e60                . = ALIGN (0x4)
                0x0000000008000e60                PROVIDE (__init_array_start = .)
 *(SORT_BY_NAME(.init_array.*))
 *(.init_array*)
 .init_array    0x0000000008000e60        0x4 c:/st/stm32cubeide_1.2.0/stm32cubeide/plugins/com.st.stm32cube.ide.mcu.externaltools.gnu-tools-for-stm32.7-2018-q2-update.win32_1.0.0.201904181610/tools/bin/../lib/gcc/arm-none-eabi/7.3.1/thumb/v7e-m/fpv4-sp/hard/crtbegin.o
                0x0000000008000e64                PROVIDE (__init_array_end = .)
                0x0000000008000e64                . = ALIGN (0x4)

.fini_array     0x0000000008000e64        0x4
                0x0000000008000e64                . = ALIGN (0x4)
                [!provide]                        PROVIDE (__fini_array_start = .)
 *(SORT_BY_NAME(.fini_array.*))
 *(.fini_array*)
 .fini_array    0x0000000008000e64        0x4 c:/st/stm32cubeide_1.2.0/stm32cubeide/plugins/com.st.stm32cube.ide.mcu.externaltools.gnu-tools-for-stm32.7-2018-q2-update.win32_1.0.0.201904181610/tools/bin/../lib/gcc/arm-none-eabi/7.3.1/thumb/v7e-m/fpv4-sp/hard/crtbegin.o
                [!provide]                        PROVIDE (__fini_array_end = .)
                0x0000000008000e68                . = ALIGN (0x4)
                0x0000000008000e68                _sidata = LOADADDR (.data)

.data           0x0000000020000000      0x400 load address 0x0000000008000e68
                0x0000000020000000                . = ALIGN (0x4)
                0x0000000020000000                _sdata = .
 *(.data)
 *(.data*)
 .data.TxBuffer
                0x0000000020000000      0x400 Src/016StmUSARTArduinoTx.o
                0x0000000020000000                TxBuffer
                0x0000000020000400                . = ALIGN (0x4)
                0x0000000020000400                _edata = .

.igot.plt       0x0000000020000400        0x0 load address 0x0000000008001268
 .igot.plt      0x0000000020000400        0x0 c:/st/stm32cubeide_1.2.0/stm32cubeide/plugins/com.st.stm32cube.ide.mcu.externaltools.gnu-tools-for-stm32.7-2018-q2-update.win32_1.0.0.201904181610/tools/bin/../lib/gcc/arm-none-eabi/7.3.1/thumb/v7e-m/fpv4-sp/hard/crtbegin.o
                0x0000000020000400                . = ALIGN (0x4)

.bss            0x0000000020000400       0x78 load address 0x0000000008001268
                0x0000000020000400                _sbss = .
                0x0000000020000400                __bss_start__ = _sbss
 *(.bss)
 .bss           0x0000000020000400       0x1c c:/st/stm32cubeide_1.2.0/stm32cubeide/plugins/com.st.stm32cube.ide.mcu.externaltools.gnu-tools-for-stm32.7-2018-q2-update.win32_1.0.0.201904181610/tools/bin/../lib/gcc/arm-none-eabi/7.3.1/thumb/v7e-m/fpv4-sp/hard/crtbegin.o
 *(.bss*)
 *(COMMON)
 COMMON         0x000000002000041c       0x5c Src/016StmUSARTArduinoTx.o
                0x000000002000041c                GPIO_Button
                0x0000000020000438                USART_GPIO
                0x0000000020000454                USART_Handler
                0x0000000020000478                . = ALIGN (0x4)
                0x0000000020000478                _ebss = .
                0x0000000020000478                __bss_end__ = _ebss

._user_heap_stack
                0x0000000020000478      0x600 load address 0x0000000008001268
                0x0000000020000478                . = ALIGN (0x8)
                0x0000000020000478                PROVIDE (end = .)
                [!provide]                        PROVIDE (_end = .)
                0x0000000020000678                . = (. + _Min_Heap_Size)
 *fill*         0x0000000020000478      0x200 
                0x0000000020000a78                . = (. + _Min_Stack_Size)
 *fill*         0x0000000020000678      0x400 
                0x0000000020000a78                . = ALIGN (0x8)

/DISCARD/
 libc.a(*)
 libm.a(*)
 libgcc.a(*)

.ARM.attributes
                0x0000000000000000       0x30
 *(.ARM.attributes)
 .ARM.attributes
                0x0000000000000000       0x22 c:/st/stm32cubeide_1.2.0/stm32cubeide/plugins/com.st.stm32cube.ide.mcu.externaltools.gnu-tools-for-stm32.7-2018-q2-update.win32_1.0.0.201904181610/tools/bin/../lib/gcc/arm-none-eabi/7.3.1/thumb/v7e-m/fpv4-sp/hard/crti.o
 .ARM.attributes
                0x0000000000000022       0x34 c:/st/stm32cubeide_1.2.0/stm32cubeide/plugins/com.st.stm32cube.ide.mcu.externaltools.gnu-tools-for-stm32.7-2018-q2-update.win32_1.0.0.201904181610/tools/bin/../lib/gcc/arm-none-eabi/7.3.1/thumb/v7e-m/fpv4-sp/hard/crtbegin.o
 .ARM.attributes
                0x0000000000000056       0x39 Src/016StmUSARTArduinoTx.o
 .ARM.attributes
                0x000000000000008f       0x21 Startup/startup_stm32f407vgtx.o
 .ARM.attributes
                0x00000000000000b0       0x39 drivers/Src/STM32F407xx_USART_UART_Driver.o
 .ARM.attributes
                0x00000000000000e9       0x39 drivers/Src/gpio_driver.o
 .ARM.attributes
                0x0000000000000122       0x34 c:/st/stm32cubeide_1.2.0/stm32cubeide/plugins/com.st.stm32cube.ide.mcu.externaltools.gnu-tools-for-stm32.7-2018-q2-update.win32_1.0.0.201904181610/tools/bin/../lib/gcc/arm-none-eabi/7.3.1/../../../../arm-none-eabi/lib/thumb/v7e-m/fpv4-sp/hard\libc_nano.a(lib_a-init.o)
 .ARM.attributes
                0x0000000000000156       0x34 c:/st/stm32cubeide_1.2.0/stm32cubeide/plugins/com.st.stm32cube.ide.mcu.externaltools.gnu-tools-for-stm32.7-2018-q2-update.win32_1.0.0.201904181610/tools/bin/../lib/gcc/arm-none-eabi/7.3.1/../../../../arm-none-eabi/lib/thumb/v7e-m/fpv4-sp/hard\libc_nano.a(lib_a-memset.o)
 .ARM.attributes
                0x000000000000018a       0x1b c:/st/stm32cubeide_1.2.0/stm32cubeide/plugins/com.st.stm32cube.ide.mcu.externaltools.gnu-tools-for-stm32.7-2018-q2-update.win32_1.0.0.201904181610/tools/bin/../lib/gcc/arm-none-eabi/7.3.1/../../../../arm-none-eabi/lib/thumb/v7e-m/fpv4-sp/hard\libc_nano.a(lib_a-strlen.o)
 .ARM.attributes
                0x00000000000001a5       0x22 c:/st/stm32cubeide_1.2.0/stm32cubeide/plugins/com.st.stm32cube.ide.mcu.externaltools.gnu-tools-for-stm32.7-2018-q2-update.win32_1.0.0.201904181610/tools/bin/../lib/gcc/arm-none-eabi/7.3.1/thumb/v7e-m/fpv4-sp/hard/crtn.o
OUTPUT(STM32F407xx_Drivers.elf elf32-littlearm)

.debug_info     0x0000000000000000     0x2c97
 .debug_info    0x0000000000000000      0xc6b Src/016StmUSARTArduinoTx.o
 .debug_info    0x0000000000000c6b       0x22 Startup/startup_stm32f407vgtx.o
 .debug_info    0x0000000000000c8d     0x10c5 drivers/Src/STM32F407xx_USART_UART_Driver.o
 .debug_info    0x0000000000001d52      0xf45 drivers/Src/gpio_driver.o

.debug_abbrev   0x0000000000000000      0x738
 .debug_abbrev  0x0000000000000000      0x202 Src/016StmUSARTArduinoTx.o
 .debug_abbrev  0x0000000000000202       0x12 Startup/startup_stm32f407vgtx.o
 .debug_abbrev  0x0000000000000214      0x2c6 drivers/Src/STM32F407xx_USART_UART_Driver.o
 .debug_abbrev  0x00000000000004da      0x25e drivers/Src/gpio_driver.o

.debug_aranges  0x0000000000000000      0x178
 .debug_aranges
                0x0000000000000000       0x40 Src/016StmUSARTArduinoTx.o
 .debug_aranges
                0x0000000000000040       0x28 Startup/startup_stm32f407vgtx.o
 .debug_aranges
                0x0000000000000068       0xa0 drivers/Src/STM32F407xx_USART_UART_Driver.o
 .debug_aranges
                0x0000000000000108       0x70 drivers/Src/gpio_driver.o

.debug_ranges   0x0000000000000000      0x140
 .debug_ranges  0x0000000000000000       0x30 Src/016StmUSARTArduinoTx.o
 .debug_ranges  0x0000000000000030       0x20 Startup/startup_stm32f407vgtx.o
 .debug_ranges  0x0000000000000050       0x90 drivers/Src/STM32F407xx_USART_UART_Driver.o
 .debug_ranges  0x00000000000000e0       0x60 drivers/Src/gpio_driver.o

.debug_macro    0x0000000000000000     0x2b34
 .debug_macro   0x0000000000000000      0x1b5 Src/016StmUSARTArduinoTx.o
 .debug_macro   0x00000000000001b5      0xa66 Src/016StmUSARTArduinoTx.o
 .debug_macro   0x0000000000000c1b       0x22 Src/016StmUSARTArduinoTx.o
 .debug_macro   0x0000000000000c3d       0x8e Src/016StmUSARTArduinoTx.o
 .debug_macro   0x0000000000000ccb       0x51 Src/016StmUSARTArduinoTx.o
 .debug_macro   0x0000000000000d1c       0xef Src/016StmUSARTArduinoTx.o
 .debug_macro   0x0000000000000e0b       0x6a Src/016StmUSARTArduinoTx.o
 .debug_macro   0x0000000000000e75      0x1df Src/016StmUSARTArduinoTx.o
 .debug_macro   0x0000000000001054       0x46 Src/016StmUSARTArduinoTx.o
 .debug_macro   0x000000000000109a       0x18 Src/016StmUSARTArduinoTx.o
 .debug_macro   0x00000000000010b2       0x3c Src/016StmUSARTArduinoTx.o
 .debug_macro   0x00000000000010ee       0x34 Src/016StmUSARTArduinoTx.o
 .debug_macro   0x0000000000001122      0x174 Src/016StmUSARTArduinoTx.o
 .debug_macro   0x0000000000001296       0x52 Src/016StmUSARTArduinoTx.o
 .debug_macro   0x00000000000012e8       0x1f Src/016StmUSARTArduinoTx.o
 .debug_macro   0x0000000000001307       0x43 Src/016StmUSARTArduinoTx.o
 .debug_macro   0x000000000000134a       0x20 Src/016StmUSARTArduinoTx.o
 .debug_macro   0x000000000000136a      0x1a3 Src/016StmUSARTArduinoTx.o
 .debug_macro   0x000000000000150d      0x330 Src/016StmUSARTArduinoTx.o
 .debug_macro   0x000000000000183d       0x10 Src/016StmUSARTArduinoTx.o
 .debug_macro   0x000000000000184d       0x35 Src/016StmUSARTArduinoTx.o
 .debug_macro   0x0000000000001882       0x20 Src/016StmUSARTArduinoTx.o
 .debug_macro   0x00000000000018a2       0x16 Src/016StmUSARTArduinoTx.o
 .debug_macro   0x00000000000018b8       0x16 Src/016StmUSARTArduinoTx.o
 .debug_macro   0x00000000000018ce       0x29 Src/016StmUSARTArduinoTx.o
 .debug_macro   0x00000000000018f7      0x1e1 Src/016StmUSARTArduinoTx.o
 .debug_macro   0x0000000000001ad8      0x868 Src/016StmUSARTArduinoTx.o
 .debug_macro   0x0000000000002340      0x15c Src/016StmUSARTArduinoTx.o
 .debug_macro   0x000000000000249c       0xdc Src/016StmUSARTArduinoTx.o
 .debug_macro   0x0000000000002578      0x130 Src/016StmUSARTArduinoTx.o
 .debug_macro   0x00000000000026a8      0x118 Src/016StmUSARTArduinoTx.o
 .debug_macro   0x00000000000027c0      0x1b5 drivers/Src/STM32F407xx_USART_UART_Driver.o
 .debug_macro   0x0000000000002975      0x1bf drivers/Src/gpio_driver.o

.debug_line     0x0000000000000000     0x18b5
 .debug_line    0x0000000000000000      0x653 Src/016StmUSARTArduinoTx.o
 .debug_line    0x0000000000000653       0x84 Startup/startup_stm32f407vgtx.o
 .debug_line    0x00000000000006d7      0x900 drivers/Src/STM32F407xx_USART_UART_Driver.o
 .debug_line    0x0000000000000fd7      0x8de drivers/Src/gpio_driver.o

.debug_str      0x0000000000000000     0xbfff
 .debug_str     0x0000000000000000     0xbb2b Src/016StmUSARTArduinoTx.o
                                       0xbdfc (size before relaxing)
 .debug_str     0x000000000000bb2b       0x31 Startup/startup_stm32f407vgtx.o
                                         0x77 (size before relaxing)
 .debug_str     0x000000000000bb5c      0x339 drivers/Src/STM32F407xx_USART_UART_Driver.o
                                       0xbff2 (size before relaxing)
 .debug_str     0x000000000000be95      0x16a drivers/Src/gpio_driver.o
                                       0xbf77 (size before relaxing)

.comment        0x0000000000000000       0x7b
 .comment       0x0000000000000000       0x7b Src/016StmUSARTArduinoTx.o
                                         0x7c (size before relaxing)
 .comment       0x000000000000007b       0x7c drivers/Src/STM32F407xx_USART_UART_Driver.o
 .comment       0x000000000000007b       0x7c drivers/Src/gpio_driver.o

.debug_frame    0x0000000000000000      0x55c
 .debug_frame   0x0000000000000000       0xa8 Src/016StmUSARTArduinoTx.o
 .debug_frame   0x00000000000000a8      0x29c drivers/Src/STM32F407xx_USART_UART_Driver.o
 .debug_frame   0x0000000000000344      0x1cc drivers/Src/gpio_driver.o
 .debug_frame   0x0000000000000510       0x2c c:/st/stm32cubeide_1.2.0/stm32cubeide/plugins/com.st.stm32cube.ide.mcu.externaltools.gnu-tools-for-stm32.7-2018-q2-update.win32_1.0.0.201904181610/tools/bin/../lib/gcc/arm-none-eabi/7.3.1/../../../../arm-none-eabi/lib/thumb/v7e-m/fpv4-sp/hard\libc_nano.a(lib_a-init.o)
 .debug_frame   0x000000000000053c       0x20 c:/st/stm32cubeide_1.2.0/stm32cubeide/plugins/com.st.stm32cube.ide.mcu.externaltools.gnu-tools-for-stm32.7-2018-q2-update.win32_1.0.0.201904181610/tools/bin/../lib/gcc/arm-none-eabi/7.3.1/../../../../arm-none-eabi/lib/thumb/v7e-m/fpv4-sp/hard\libc_nano.a(lib_a-memset.o)
