Archive member included to satisfy reference by file (symbol)

c:/st/stm32cubeide_1.2.0/stm32cubeide/plugins/com.st.stm32cube.ide.mcu.externaltools.gnu-tools-for-stm32.7-2018-q2-update.win32_1.0.0.201904181610/tools/bin/../lib/gcc/arm-none-eabi/7.3.1/../../../../arm-none-eabi/lib/thumb/v7e-m/fpv4-sp/hard\libc_nano.a(lib_a-errno.o)
                              Src/syscalls.o (__errno)
c:/st/stm32cubeide_1.2.0/stm32cubeide/plugins/com.st.stm32cube.ide.mcu.externaltools.gnu-tools-for-stm32.7-2018-q2-update.win32_1.0.0.201904181610/tools/bin/../lib/gcc/arm-none-eabi/7.3.1/../../../../arm-none-eabi/lib/thumb/v7e-m/fpv4-sp/hard\libc_nano.a(lib_a-exit.o)
                              c:/st/stm32cubeide_1.2.0/stm32cubeide/plugins/com.st.stm32cube.ide.mcu.externaltools.gnu-tools-for-stm32.7-2018-q2-update.win32_1.0.0.201904181610/tools/bin/../lib/gcc/arm-none-eabi/7.3.1/../../../../arm-none-eabi/lib/thumb/v7e-m/fpv4-sp/hard/crt0.o (exit)
c:/st/stm32cubeide_1.2.0/stm32cubeide/plugins/com.st.stm32cube.ide.mcu.externaltools.gnu-tools-for-stm32.7-2018-q2-update.win32_1.0.0.201904181610/tools/bin/../lib/gcc/arm-none-eabi/7.3.1/../../../../arm-none-eabi/lib/thumb/v7e-m/fpv4-sp/hard\libc_nano.a(lib_a-impure.o)
                              c:/st/stm32cubeide_1.2.0/stm32cubeide/plugins/com.st.stm32cube.ide.mcu.externaltools.gnu-tools-for-stm32.7-2018-q2-update.win32_1.0.0.201904181610/tools/bin/../lib/gcc/arm-none-eabi/7.3.1/../../../../arm-none-eabi/lib/thumb/v7e-m/fpv4-sp/hard\libc_nano.a(lib_a-exit.o) (_global_impure_ptr)
c:/st/stm32cubeide_1.2.0/stm32cubeide/plugins/com.st.stm32cube.ide.mcu.externaltools.gnu-tools-for-stm32.7-2018-q2-update.win32_1.0.0.201904181610/tools/bin/../lib/gcc/arm-none-eabi/7.3.1/../../../../arm-none-eabi/lib/thumb/v7e-m/fpv4-sp/hard\libc_nano.a(lib_a-init.o)
                              c:/st/stm32cubeide_1.2.0/stm32cubeide/plugins/com.st.stm32cube.ide.mcu.externaltools.gnu-tools-for-stm32.7-2018-q2-update.win32_1.0.0.201904181610/tools/bin/../lib/gcc/arm-none-eabi/7.3.1/../../../../arm-none-eabi/lib/thumb/v7e-m/fpv4-sp/hard/crt0.o (__libc_init_array)
c:/st/stm32cubeide_1.2.0/stm32cubeide/plugins/com.st.stm32cube.ide.mcu.externaltools.gnu-tools-for-stm32.7-2018-q2-update.win32_1.0.0.201904181610/tools/bin/../lib/gcc/arm-none-eabi/7.3.1/../../../../arm-none-eabi/lib/thumb/v7e-m/fpv4-sp/hard\libc_nano.a(lib_a-memset.o)
                              c:/st/stm32cubeide_1.2.0/stm32cubeide/plugins/com.st.stm32cube.ide.mcu.externaltools.gnu-tools-for-stm32.7-2018-q2-update.win32_1.0.0.201904181610/tools/bin/../lib/gcc/arm-none-eabi/7.3.1/../../../../arm-none-eabi/lib/thumb/v7e-m/fpv4-sp/hard/crt0.o (memset)
c:/st/stm32cubeide_1.2.0/stm32cubeide/plugins/com.st.stm32cube.ide.mcu.externaltools.gnu-tools-for-stm32.7-2018-q2-update.win32_1.0.0.201904181610/tools/bin/../lib/gcc/arm-none-eabi/7.3.1/../../../../arm-none-eabi/lib/thumb/v7e-m/fpv4-sp/hard\libc_nano.a(lib_a-strlen.o)
                              Src/015MasterArduinoSlaveSTMSendReceive4byte.o (strlen)

Allocating common symbols
Common symbol       size              file

I2C_Handler         0x20              Src/015MasterArduinoSlaveSTMSendReceive4byte.o

Discarded input sections

 .text          0x0000000000000000        0x0 c:/st/stm32cubeide_1.2.0/stm32cubeide/plugins/com.st.stm32cube.ide.mcu.externaltools.gnu-tools-for-stm32.7-2018-q2-update.win32_1.0.0.201904181610/tools/bin/../lib/gcc/arm-none-eabi/7.3.1/thumb/v7e-m/fpv4-sp/hard/crti.o
 .data          0x0000000000000000        0x0 c:/st/stm32cubeide_1.2.0/stm32cubeide/plugins/com.st.stm32cube.ide.mcu.externaltools.gnu-tools-for-stm32.7-2018-q2-update.win32_1.0.0.201904181610/tools/bin/../lib/gcc/arm-none-eabi/7.3.1/thumb/v7e-m/fpv4-sp/hard/crti.o
 .bss           0x0000000000000000        0x0 c:/st/stm32cubeide_1.2.0/stm32cubeide/plugins/com.st.stm32cube.ide.mcu.externaltools.gnu-tools-for-stm32.7-2018-q2-update.win32_1.0.0.201904181610/tools/bin/../lib/gcc/arm-none-eabi/7.3.1/thumb/v7e-m/fpv4-sp/hard/crti.o
 .data          0x0000000000000000        0x4 c:/st/stm32cubeide_1.2.0/stm32cubeide/plugins/com.st.stm32cube.ide.mcu.externaltools.gnu-tools-for-stm32.7-2018-q2-update.win32_1.0.0.201904181610/tools/bin/../lib/gcc/arm-none-eabi/7.3.1/thumb/v7e-m/fpv4-sp/hard/crtbegin.o
 .text          0x0000000000000000       0x74 c:/st/stm32cubeide_1.2.0/stm32cubeide/plugins/com.st.stm32cube.ide.mcu.externaltools.gnu-tools-for-stm32.7-2018-q2-update.win32_1.0.0.201904181610/tools/bin/../lib/gcc/arm-none-eabi/7.3.1/../../../../arm-none-eabi/lib/thumb/v7e-m/fpv4-sp/hard/crt0.o
 .data          0x0000000000000000        0x0 c:/st/stm32cubeide_1.2.0/stm32cubeide/plugins/com.st.stm32cube.ide.mcu.externaltools.gnu-tools-for-stm32.7-2018-q2-update.win32_1.0.0.201904181610/tools/bin/../lib/gcc/arm-none-eabi/7.3.1/../../../../arm-none-eabi/lib/thumb/v7e-m/fpv4-sp/hard/crt0.o
 .bss           0x0000000000000000        0x0 c:/st/stm32cubeide_1.2.0/stm32cubeide/plugins/com.st.stm32cube.ide.mcu.externaltools.gnu-tools-for-stm32.7-2018-q2-update.win32_1.0.0.201904181610/tools/bin/../lib/gcc/arm-none-eabi/7.3.1/../../../../arm-none-eabi/lib/thumb/v7e-m/fpv4-sp/hard/crt0.o
 .ARM.extab     0x0000000000000000        0x0 c:/st/stm32cubeide_1.2.0/stm32cubeide/plugins/com.st.stm32cube.ide.mcu.externaltools.gnu-tools-for-stm32.7-2018-q2-update.win32_1.0.0.201904181610/tools/bin/../lib/gcc/arm-none-eabi/7.3.1/../../../../arm-none-eabi/lib/thumb/v7e-m/fpv4-sp/hard/crt0.o
 .ARM.exidx     0x0000000000000000        0x8 c:/st/stm32cubeide_1.2.0/stm32cubeide/plugins/com.st.stm32cube.ide.mcu.externaltools.gnu-tools-for-stm32.7-2018-q2-update.win32_1.0.0.201904181610/tools/bin/../lib/gcc/arm-none-eabi/7.3.1/../../../../arm-none-eabi/lib/thumb/v7e-m/fpv4-sp/hard/crt0.o
 .ARM.attributes
                0x0000000000000000       0x20 c:/st/stm32cubeide_1.2.0/stm32cubeide/plugins/com.st.stm32cube.ide.mcu.externaltools.gnu-tools-for-stm32.7-2018-q2-update.win32_1.0.0.201904181610/tools/bin/../lib/gcc/arm-none-eabi/7.3.1/../../../../arm-none-eabi/lib/thumb/v7e-m/fpv4-sp/hard/crt0.o
 .group         0x0000000000000000        0xc Src/015MasterArduinoSlaveSTMSendReceive4byte.o
 .group         0x0000000000000000        0xc Src/015MasterArduinoSlaveSTMSendReceive4byte.o
 .group         0x0000000000000000        0xc Src/015MasterArduinoSlaveSTMSendReceive4byte.o
 .group         0x0000000000000000        0xc Src/015MasterArduinoSlaveSTMSendReceive4byte.o
 .group         0x0000000000000000        0xc Src/015MasterArduinoSlaveSTMSendReceive4byte.o
 .group         0x0000000000000000        0xc Src/015MasterArduinoSlaveSTMSendReceive4byte.o
 .group         0x0000000000000000        0xc Src/015MasterArduinoSlaveSTMSendReceive4byte.o
 .group         0x0000000000000000        0xc Src/015MasterArduinoSlaveSTMSendReceive4byte.o
 .group         0x0000000000000000        0xc Src/015MasterArduinoSlaveSTMSendReceive4byte.o
 .group         0x0000000000000000        0xc Src/015MasterArduinoSlaveSTMSendReceive4byte.o
 .group         0x0000000000000000        0xc Src/015MasterArduinoSlaveSTMSendReceive4byte.o
 .group         0x0000000000000000        0xc Src/015MasterArduinoSlaveSTMSendReceive4byte.o
 .group         0x0000000000000000        0xc Src/015MasterArduinoSlaveSTMSendReceive4byte.o
 .group         0x0000000000000000        0xc Src/015MasterArduinoSlaveSTMSendReceive4byte.o
 .group         0x0000000000000000        0xc Src/015MasterArduinoSlaveSTMSendReceive4byte.o
 .group         0x0000000000000000        0xc Src/015MasterArduinoSlaveSTMSendReceive4byte.o
 .group         0x0000000000000000        0xc Src/015MasterArduinoSlaveSTMSendReceive4byte.o
 .group         0x0000000000000000        0xc Src/015MasterArduinoSlaveSTMSendReceive4byte.o
 .group         0x0000000000000000        0xc Src/015MasterArduinoSlaveSTMSendReceive4byte.o
 .group         0x0000000000000000        0xc Src/015MasterArduinoSlaveSTMSendReceive4byte.o
 .group         0x0000000000000000        0xc Src/015MasterArduinoSlaveSTMSendReceive4byte.o
 .group         0x0000000000000000        0xc Src/015MasterArduinoSlaveSTMSendReceive4byte.o
 .group         0x0000000000000000        0xc Src/015MasterArduinoSlaveSTMSendReceive4byte.o
 .group         0x0000000000000000        0xc Src/015MasterArduinoSlaveSTMSendReceive4byte.o
 .group         0x0000000000000000        0xc Src/015MasterArduinoSlaveSTMSendReceive4byte.o
 .group         0x0000000000000000        0xc Src/015MasterArduinoSlaveSTMSendReceive4byte.o
 .group         0x0000000000000000        0xc Src/015MasterArduinoSlaveSTMSendReceive4byte.o
 .group         0x0000000000000000        0xc Src/015MasterArduinoSlaveSTMSendReceive4byte.o
 .group         0x0000000000000000        0xc Src/015MasterArduinoSlaveSTMSendReceive4byte.o
 .group         0x0000000000000000        0xc Src/015MasterArduinoSlaveSTMSendReceive4byte.o
 .group         0x0000000000000000        0xc Src/015MasterArduinoSlaveSTMSendReceive4byte.o
 .group         0x0000000000000000        0xc Src/015MasterArduinoSlaveSTMSendReceive4byte.o
 .group         0x0000000000000000        0xc Src/015MasterArduinoSlaveSTMSendReceive4byte.o
 .group         0x0000000000000000        0xc Src/015MasterArduinoSlaveSTMSendReceive4byte.o
 .group         0x0000000000000000        0xc Src/015MasterArduinoSlaveSTMSendReceive4byte.o
 .group         0x0000000000000000        0xc Src/015MasterArduinoSlaveSTMSendReceive4byte.o
 .group         0x0000000000000000        0xc Src/015MasterArduinoSlaveSTMSendReceive4byte.o
 .group         0x0000000000000000        0xc Src/015MasterArduinoSlaveSTMSendReceive4byte.o
 .group         0x0000000000000000        0xc Src/015MasterArduinoSlaveSTMSendReceive4byte.o
 .group         0x0000000000000000        0xc Src/015MasterArduinoSlaveSTMSendReceive4byte.o
 .group         0x0000000000000000        0xc Src/015MasterArduinoSlaveSTMSendReceive4byte.o
 .text          0x0000000000000000        0x0 Src/015MasterArduinoSlaveSTMSendReceive4byte.o
 .data          0x0000000000000000        0x0 Src/015MasterArduinoSlaveSTMSendReceive4byte.o
 .bss           0x0000000000000000        0x0 Src/015MasterArduinoSlaveSTMSendReceive4byte.o
 .text.delay    0x0000000000000000       0x28 Src/015MasterArduinoSlaveSTMSendReceive4byte.o
 .group         0x0000000000000000        0xc Src/syscalls.o
 .group         0x0000000000000000        0xc Src/syscalls.o
 .group         0x0000000000000000        0xc Src/syscalls.o
 .group         0x0000000000000000        0xc Src/syscalls.o
 .group         0x0000000000000000        0xc Src/syscalls.o
 .group         0x0000000000000000        0xc Src/syscalls.o
 .group         0x0000000000000000        0xc Src/syscalls.o
 .group         0x0000000000000000        0xc Src/syscalls.o
 .group         0x0000000000000000        0xc Src/syscalls.o
 .group         0x0000000000000000        0xc Src/syscalls.o
 .group         0x0000000000000000        0xc Src/syscalls.o
 .group         0x0000000000000000        0xc Src/syscalls.o
 .group         0x0000000000000000        0xc Src/syscalls.o
 .group         0x0000000000000000        0xc Src/syscalls.o
 .group         0x0000000000000000        0xc Src/syscalls.o
 .group         0x0000000000000000        0xc Src/syscalls.o
 .group         0x0000000000000000        0xc Src/syscalls.o
 .group         0x0000000000000000        0xc Src/syscalls.o
 .group         0x0000000000000000        0xc Src/syscalls.o
 .group         0x0000000000000000        0xc Src/syscalls.o
 .group         0x0000000000000000        0xc Src/syscalls.o
 .group         0x0000000000000000        0xc Src/syscalls.o
 .group         0x0000000000000000        0xc Src/syscalls.o
 .group         0x0000000000000000        0xc Src/syscalls.o
 .group         0x0000000000000000        0xc Src/syscalls.o
 .group         0x0000000000000000        0xc Src/syscalls.o
 .group         0x0000000000000000        0xc Src/syscalls.o
 .group         0x0000000000000000        0xc Src/syscalls.o
 .group         0x0000000000000000        0xc Src/syscalls.o
 .group         0x0000000000000000        0xc Src/syscalls.o
 .group         0x0000000000000000        0xc Src/syscalls.o
 .group         0x0000000000000000        0xc Src/syscalls.o
 .group         0x0000000000000000        0xc Src/syscalls.o
 .group         0x0000000000000000        0xc Src/syscalls.o
 .group         0x0000000000000000        0xc Src/syscalls.o
 .group         0x0000000000000000        0xc Src/syscalls.o
 .group         0x0000000000000000        0xc Src/syscalls.o
 .group         0x0000000000000000        0xc Src/syscalls.o
 .group         0x0000000000000000        0xc Src/syscalls.o
 .group         0x0000000000000000        0xc Src/syscalls.o
 .group         0x0000000000000000        0xc Src/syscalls.o
 .group         0x0000000000000000        0xc Src/syscalls.o
 .group         0x0000000000000000        0xc Src/syscalls.o
 .group         0x0000000000000000        0xc Src/syscalls.o
 .text          0x0000000000000000        0x0 Src/syscalls.o
 .data          0x0000000000000000        0x0 Src/syscalls.o
 .bss           0x0000000000000000        0x0 Src/syscalls.o
 .bss.__env     0x0000000000000000        0x4 Src/syscalls.o
 .data.environ  0x0000000000000000        0x4 Src/syscalls.o
 .text.initialise_monitor_handles
                0x0000000000000000        0xe Src/syscalls.o
 .text._getpid  0x0000000000000000       0x10 Src/syscalls.o
 .text._kill    0x0000000000000000       0x20 Src/syscalls.o
 .text._exit    0x0000000000000000       0x14 Src/syscalls.o
 .text._read    0x0000000000000000       0x3a Src/syscalls.o
 .text._write   0x0000000000000000       0x38 Src/syscalls.o
 .text._close   0x0000000000000000       0x18 Src/syscalls.o
 .text._fstat   0x0000000000000000       0x20 Src/syscalls.o
 .text._isatty  0x0000000000000000       0x16 Src/syscalls.o
 .text._lseek   0x0000000000000000       0x1a Src/syscalls.o
 .text._open    0x0000000000000000       0x1c Src/syscalls.o
 .text._wait    0x0000000000000000       0x1e Src/syscalls.o
 .text._unlink  0x0000000000000000       0x1e Src/syscalls.o
 .text._times   0x0000000000000000       0x18 Src/syscalls.o
 .text._stat    0x0000000000000000       0x20 Src/syscalls.o
 .text._link    0x0000000000000000       0x20 Src/syscalls.o
 .text._fork    0x0000000000000000       0x16 Src/syscalls.o
 .text._execve  0x0000000000000000       0x22 Src/syscalls.o
 .debug_info    0x0000000000000000      0xebd Src/syscalls.o
 .debug_abbrev  0x0000000000000000      0x261 Src/syscalls.o
 .debug_aranges
                0x0000000000000000       0xa8 Src/syscalls.o
 .debug_ranges  0x0000000000000000       0x98 Src/syscalls.o
 .debug_macro   0x0000000000000000      0x243 Src/syscalls.o
 .debug_macro   0x0000000000000000      0xa66 Src/syscalls.o
 .debug_macro   0x0000000000000000       0x22 Src/syscalls.o
 .debug_macro   0x0000000000000000       0x40 Src/syscalls.o
 .debug_macro   0x0000000000000000       0x18 Src/syscalls.o
 .debug_macro   0x0000000000000000       0x94 Src/syscalls.o
 .debug_macro   0x0000000000000000       0x3c Src/syscalls.o
 .debug_macro   0x0000000000000000       0x34 Src/syscalls.o
 .debug_macro   0x0000000000000000       0x57 Src/syscalls.o
 .debug_macro   0x0000000000000000      0x174 Src/syscalls.o
 .debug_macro   0x0000000000000000      0x330 Src/syscalls.o
 .debug_macro   0x0000000000000000       0x52 Src/syscalls.o
 .debug_macro   0x0000000000000000       0x1f Src/syscalls.o
 .debug_macro   0x0000000000000000       0x43 Src/syscalls.o
 .debug_macro   0x0000000000000000       0x20 Src/syscalls.o
 .debug_macro   0x0000000000000000      0x1a3 Src/syscalls.o
 .debug_macro   0x0000000000000000       0x10 Src/syscalls.o
 .debug_macro   0x0000000000000000       0x35 Src/syscalls.o
 .debug_macro   0x0000000000000000       0x10 Src/syscalls.o
 .debug_macro   0x0000000000000000       0x10 Src/syscalls.o
 .debug_macro   0x0000000000000000       0x10 Src/syscalls.o
 .debug_macro   0x0000000000000000       0x6a Src/syscalls.o
 .debug_macro   0x0000000000000000       0x1c Src/syscalls.o
 .debug_macro   0x0000000000000000       0x52 Src/syscalls.o
 .debug_macro   0x0000000000000000       0x40 Src/syscalls.o
 .debug_macro   0x0000000000000000       0x10 Src/syscalls.o
 .debug_macro   0x0000000000000000       0x40 Src/syscalls.o
 .debug_macro   0x0000000000000000       0xd7 Src/syscalls.o
 .debug_macro   0x0000000000000000       0x1c Src/syscalls.o
 .debug_macro   0x0000000000000000       0x3d Src/syscalls.o
 .debug_macro   0x0000000000000000       0x35 Src/syscalls.o
 .debug_macro   0x0000000000000000      0x122 Src/syscalls.o
 .debug_macro   0x0000000000000000       0x16 Src/syscalls.o
 .debug_macro   0x0000000000000000       0x16 Src/syscalls.o
 .debug_macro   0x0000000000000000       0x29 Src/syscalls.o
 .debug_macro   0x0000000000000000       0x10 Src/syscalls.o
 .debug_macro   0x0000000000000000      0x241 Src/syscalls.o
 .debug_macro   0x0000000000000000       0x1c Src/syscalls.o
 .debug_macro   0x0000000000000000       0x10 Src/syscalls.o
 .debug_macro   0x0000000000000000       0x10 Src/syscalls.o
 .debug_macro   0x0000000000000000       0x16 Src/syscalls.o
 .debug_macro   0x0000000000000000      0x145 Src/syscalls.o
 .debug_macro   0x0000000000000000      0x189 Src/syscalls.o
 .debug_macro   0x0000000000000000       0x16 Src/syscalls.o
 .debug_macro   0x0000000000000000       0x88 Src/syscalls.o
 .debug_line    0x0000000000000000      0x73d Src/syscalls.o
 .debug_str     0x0000000000000000     0x88b2 Src/syscalls.o
 .comment       0x0000000000000000       0x7c Src/syscalls.o
 .debug_frame   0x0000000000000000      0x2ac Src/syscalls.o
 .ARM.attributes
                0x0000000000000000       0x39 Src/syscalls.o
 .group         0x0000000000000000        0xc Src/sysmem.o
 .group         0x0000000000000000        0xc Src/sysmem.o
 .group         0x0000000000000000        0xc Src/sysmem.o
 .group         0x0000000000000000        0xc Src/sysmem.o
 .group         0x0000000000000000        0xc Src/sysmem.o
 .group         0x0000000000000000        0xc Src/sysmem.o
 .group         0x0000000000000000        0xc Src/sysmem.o
 .group         0x0000000000000000        0xc Src/sysmem.o
 .group         0x0000000000000000        0xc Src/sysmem.o
 .group         0x0000000000000000        0xc Src/sysmem.o
 .group         0x0000000000000000        0xc Src/sysmem.o
 .group         0x0000000000000000        0xc Src/sysmem.o
 .group         0x0000000000000000        0xc Src/sysmem.o
 .group         0x0000000000000000        0xc Src/sysmem.o
 .group         0x0000000000000000        0xc Src/sysmem.o
 .group         0x0000000000000000        0xc Src/sysmem.o
 .group         0x0000000000000000        0xc Src/sysmem.o
 .group         0x0000000000000000        0xc Src/sysmem.o
 .group         0x0000000000000000        0xc Src/sysmem.o
 .group         0x0000000000000000        0xc Src/sysmem.o
 .group         0x0000000000000000        0xc Src/sysmem.o
 .group         0x0000000000000000        0xc Src/sysmem.o
 .group         0x0000000000000000        0xc Src/sysmem.o
 .group         0x0000000000000000        0xc Src/sysmem.o
 .group         0x0000000000000000        0xc Src/sysmem.o
 .group         0x0000000000000000        0xc Src/sysmem.o
 .group         0x0000000000000000        0xc Src/sysmem.o
 .group         0x0000000000000000        0xc Src/sysmem.o
 .group         0x0000000000000000        0xc Src/sysmem.o
 .group         0x0000000000000000        0xc Src/sysmem.o
 .group         0x0000000000000000        0xc Src/sysmem.o
 .group         0x0000000000000000        0xc Src/sysmem.o
 .text          0x0000000000000000        0x0 Src/sysmem.o
 .data          0x0000000000000000        0x0 Src/sysmem.o
 .bss           0x0000000000000000        0x0 Src/sysmem.o
 .bss.heap_end.6424
                0x0000000000000000        0x4 Src/sysmem.o
 .text._sbrk    0x0000000000000000       0x58 Src/sysmem.o
 .debug_info    0x0000000000000000      0x91c Src/sysmem.o
 .debug_abbrev  0x0000000000000000      0x1bb Src/sysmem.o
 .debug_aranges
                0x0000000000000000       0x20 Src/sysmem.o
 .debug_ranges  0x0000000000000000       0x10 Src/sysmem.o
 .debug_macro   0x0000000000000000      0x1ae Src/sysmem.o
 .debug_macro   0x0000000000000000      0xa66 Src/sysmem.o
 .debug_macro   0x0000000000000000       0x10 Src/sysmem.o
 .debug_macro   0x0000000000000000       0x22 Src/sysmem.o
 .debug_macro   0x0000000000000000       0x40 Src/sysmem.o
 .debug_macro   0x0000000000000000       0x18 Src/sysmem.o
 .debug_macro   0x0000000000000000       0x94 Src/sysmem.o
 .debug_macro   0x0000000000000000       0x3c Src/sysmem.o
 .debug_macro   0x0000000000000000       0x34 Src/sysmem.o
 .debug_macro   0x0000000000000000      0x174 Src/sysmem.o
 .debug_macro   0x0000000000000000       0x57 Src/sysmem.o
 .debug_macro   0x0000000000000000       0x52 Src/sysmem.o
 .debug_macro   0x0000000000000000       0x1f Src/sysmem.o
 .debug_macro   0x0000000000000000       0x43 Src/sysmem.o
 .debug_macro   0x0000000000000000       0x20 Src/sysmem.o
 .debug_macro   0x0000000000000000      0x1a3 Src/sysmem.o
 .debug_macro   0x0000000000000000      0x23b Src/sysmem.o
 .debug_macro   0x0000000000000000       0x16 Src/sysmem.o
 .debug_macro   0x0000000000000000       0x35 Src/sysmem.o
 .debug_macro   0x0000000000000000      0x330 Src/sysmem.o
 .debug_macro   0x0000000000000000       0x10 Src/sysmem.o
 .debug_macro   0x0000000000000000       0x10 Src/sysmem.o
 .debug_macro   0x0000000000000000       0x6a Src/sysmem.o
 .debug_macro   0x0000000000000000       0x1c Src/sysmem.o
 .debug_macro   0x0000000000000000       0x52 Src/sysmem.o
 .debug_macro   0x0000000000000000       0x40 Src/sysmem.o
 .debug_macro   0x0000000000000000       0x10 Src/sysmem.o
 .debug_macro   0x0000000000000000       0x40 Src/sysmem.o
 .debug_macro   0x0000000000000000       0xd7 Src/sysmem.o
 .debug_macro   0x0000000000000000       0x1c Src/sysmem.o
 .debug_macro   0x0000000000000000       0x3d Src/sysmem.o
 .debug_macro   0x0000000000000000       0x16 Src/sysmem.o
 .debug_macro   0x0000000000000000      0x145 Src/sysmem.o
 .debug_line    0x0000000000000000      0x559 Src/sysmem.o
 .debug_str     0x0000000000000000     0x7b0b Src/sysmem.o
 .comment       0x0000000000000000       0x7c Src/sysmem.o
 .debug_frame   0x0000000000000000       0x34 Src/sysmem.o
 .ARM.attributes
                0x0000000000000000       0x39 Src/sysmem.o
 .text          0x0000000000000000       0x14 Startup/startup_stm32f407vgtx.o
 .data          0x0000000000000000        0x0 Startup/startup_stm32f407vgtx.o
 .bss           0x0000000000000000        0x0 Startup/startup_stm32f407vgtx.o
 .group         0x0000000000000000        0xc drivers/Src/STM32F407xx_I2C_Driver.o
 .group         0x0000000000000000        0xc drivers/Src/STM32F407xx_I2C_Driver.o
 .group         0x0000000000000000        0xc drivers/Src/STM32F407xx_I2C_Driver.o
 .group         0x0000000000000000        0xc drivers/Src/STM32F407xx_I2C_Driver.o
 .group         0x0000000000000000        0xc drivers/Src/STM32F407xx_I2C_Driver.o
 .group         0x0000000000000000        0xc drivers/Src/STM32F407xx_I2C_Driver.o
 .group         0x0000000000000000        0xc drivers/Src/STM32F407xx_I2C_Driver.o
 .group         0x0000000000000000        0xc drivers/Src/STM32F407xx_I2C_Driver.o
 .group         0x0000000000000000        0xc drivers/Src/STM32F407xx_I2C_Driver.o
 .group         0x0000000000000000        0xc drivers/Src/STM32F407xx_I2C_Driver.o
 .group         0x0000000000000000        0xc drivers/Src/STM32F407xx_I2C_Driver.o
 .group         0x0000000000000000        0xc drivers/Src/STM32F407xx_I2C_Driver.o
 .group         0x0000000000000000        0xc drivers/Src/STM32F407xx_I2C_Driver.o
 .group         0x0000000000000000        0xc drivers/Src/STM32F407xx_I2C_Driver.o
 .group         0x0000000000000000        0xc drivers/Src/STM32F407xx_I2C_Driver.o
 .group         0x0000000000000000        0xc drivers/Src/STM32F407xx_I2C_Driver.o
 .group         0x0000000000000000        0xc drivers/Src/STM32F407xx_I2C_Driver.o
 .group         0x0000000000000000        0xc drivers/Src/STM32F407xx_I2C_Driver.o
 .group         0x0000000000000000        0xc drivers/Src/STM32F407xx_I2C_Driver.o
 .group         0x0000000000000000        0xc drivers/Src/STM32F407xx_I2C_Driver.o
 .group         0x0000000000000000        0xc drivers/Src/STM32F407xx_I2C_Driver.o
 .group         0x0000000000000000        0xc drivers/Src/STM32F407xx_I2C_Driver.o
 .group         0x0000000000000000        0xc drivers/Src/STM32F407xx_I2C_Driver.o
 .group         0x0000000000000000        0xc drivers/Src/STM32F407xx_I2C_Driver.o
 .group         0x0000000000000000        0xc drivers/Src/STM32F407xx_I2C_Driver.o
 .group         0x0000000000000000        0xc drivers/Src/STM32F407xx_I2C_Driver.o
 .group         0x0000000000000000        0xc drivers/Src/STM32F407xx_I2C_Driver.o
 .group         0x0000000000000000        0xc drivers/Src/STM32F407xx_I2C_Driver.o
 .text          0x0000000000000000        0x0 drivers/Src/STM32F407xx_I2C_Driver.o
 .data          0x0000000000000000        0x0 drivers/Src/STM32F407xx_I2C_Driver.o
 .bss           0x0000000000000000        0x0 drivers/Src/STM32F407xx_I2C_Driver.o
 .text.I2C_MasterSendData
                0x0000000000000000       0xdc drivers/Src/STM32F407xx_I2C_Driver.o
 .text.I2C_MasterReceiveData
                0x0000000000000000       0x9e drivers/Src/STM32F407xx_I2C_Driver.o
 .text.I2C_IRQPriorityConfig
                0x0000000000000000       0x56 drivers/Src/STM32F407xx_I2C_Driver.o
 .text.I2C_MasterSendDataIT
                0x0000000000000000       0x84 drivers/Src/STM32F407xx_I2C_Driver.o
 .text.I2C_MasterReceiveDataIT
                0x0000000000000000       0x8a drivers/Src/STM32F407xx_I2C_Driver.o
 .text.I2C_ApplicationEventCallBack
                0x0000000000000000       0x18 drivers/Src/STM32F407xx_I2C_Driver.o
 .text.generateStartCondition
                0x0000000000000000       0x20 drivers/Src/STM32F407xx_I2C_Driver.o
 .text.singleDataRecepHandler
                0x0000000000000000       0x4e drivers/Src/STM32F407xx_I2C_Driver.o
 .text.multipleDataRecepHandler
                0x0000000000000000       0x7e drivers/Src/STM32F407xx_I2C_Driver.o
 .debug_macro   0x0000000000000000      0xa66 drivers/Src/STM32F407xx_I2C_Driver.o
 .debug_macro   0x0000000000000000       0x22 drivers/Src/STM32F407xx_I2C_Driver.o
 .debug_macro   0x0000000000000000       0x8e drivers/Src/STM32F407xx_I2C_Driver.o
 .debug_macro   0x0000000000000000       0x51 drivers/Src/STM32F407xx_I2C_Driver.o
 .debug_macro   0x0000000000000000       0xef drivers/Src/STM32F407xx_I2C_Driver.o
 .debug_macro   0x0000000000000000       0x6a drivers/Src/STM32F407xx_I2C_Driver.o
 .debug_macro   0x0000000000000000      0x1df drivers/Src/STM32F407xx_I2C_Driver.o
 .debug_macro   0x0000000000000000       0x46 drivers/Src/STM32F407xx_I2C_Driver.o
 .debug_macro   0x0000000000000000       0x18 drivers/Src/STM32F407xx_I2C_Driver.o
 .debug_macro   0x0000000000000000       0x3c drivers/Src/STM32F407xx_I2C_Driver.o
 .debug_macro   0x0000000000000000       0x34 drivers/Src/STM32F407xx_I2C_Driver.o
 .debug_macro   0x0000000000000000      0x174 drivers/Src/STM32F407xx_I2C_Driver.o
 .debug_macro   0x0000000000000000       0x52 drivers/Src/STM32F407xx_I2C_Driver.o
 .debug_macro   0x0000000000000000       0x1f drivers/Src/STM32F407xx_I2C_Driver.o
 .debug_macro   0x0000000000000000       0x43 drivers/Src/STM32F407xx_I2C_Driver.o
 .debug_macro   0x0000000000000000       0x20 drivers/Src/STM32F407xx_I2C_Driver.o
 .debug_macro   0x0000000000000000      0x1a3 drivers/Src/STM32F407xx_I2C_Driver.o
 .debug_macro   0x0000000000000000      0x330 drivers/Src/STM32F407xx_I2C_Driver.o
 .debug_macro   0x0000000000000000       0x10 drivers/Src/STM32F407xx_I2C_Driver.o
 .debug_macro   0x0000000000000000       0x35 drivers/Src/STM32F407xx_I2C_Driver.o
 .debug_macro   0x0000000000000000       0x20 drivers/Src/STM32F407xx_I2C_Driver.o
 .debug_macro   0x0000000000000000       0x16 drivers/Src/STM32F407xx_I2C_Driver.o
 .debug_macro   0x0000000000000000       0x16 drivers/Src/STM32F407xx_I2C_Driver.o
 .debug_macro   0x0000000000000000       0x29 drivers/Src/STM32F407xx_I2C_Driver.o
 .debug_macro   0x0000000000000000      0x813 drivers/Src/STM32F407xx_I2C_Driver.o
 .debug_macro   0x0000000000000000      0x15c drivers/Src/STM32F407xx_I2C_Driver.o
 .debug_macro   0x0000000000000000       0xdc drivers/Src/STM32F407xx_I2C_Driver.o
 .group         0x0000000000000000        0xc drivers/Src/STM32F407xx_SPI_Driver.o
 .group         0x0000000000000000        0xc drivers/Src/STM32F407xx_SPI_Driver.o
 .group         0x0000000000000000        0xc drivers/Src/STM32F407xx_SPI_Driver.o
 .group         0x0000000000000000        0xc drivers/Src/STM32F407xx_SPI_Driver.o
 .group         0x0000000000000000        0xc drivers/Src/STM32F407xx_SPI_Driver.o
 .group         0x0000000000000000        0xc drivers/Src/STM32F407xx_SPI_Driver.o
 .group         0x0000000000000000        0xc drivers/Src/STM32F407xx_SPI_Driver.o
 .group         0x0000000000000000        0xc drivers/Src/STM32F407xx_SPI_Driver.o
 .group         0x0000000000000000        0xc drivers/Src/STM32F407xx_SPI_Driver.o
 .group         0x0000000000000000        0xc drivers/Src/STM32F407xx_SPI_Driver.o
 .group         0x0000000000000000        0xc drivers/Src/STM32F407xx_SPI_Driver.o
 .group         0x0000000000000000        0xc drivers/Src/STM32F407xx_SPI_Driver.o
 .group         0x0000000000000000        0xc drivers/Src/STM32F407xx_SPI_Driver.o
 .group         0x0000000000000000        0xc drivers/Src/STM32F407xx_SPI_Driver.o
 .group         0x0000000000000000        0xc drivers/Src/STM32F407xx_SPI_Driver.o
 .group         0x0000000000000000        0xc drivers/Src/STM32F407xx_SPI_Driver.o
 .group         0x0000000000000000        0xc drivers/Src/STM32F407xx_SPI_Driver.o
 .group         0x0000000000000000        0xc drivers/Src/STM32F407xx_SPI_Driver.o
 .group         0x0000000000000000        0xc drivers/Src/STM32F407xx_SPI_Driver.o
 .group         0x0000000000000000        0xc drivers/Src/STM32F407xx_SPI_Driver.o
 .group         0x0000000000000000        0xc drivers/Src/STM32F407xx_SPI_Driver.o
 .group         0x0000000000000000        0xc drivers/Src/STM32F407xx_SPI_Driver.o
 .group         0x0000000000000000        0xc drivers/Src/STM32F407xx_SPI_Driver.o
 .group         0x0000000000000000        0xc drivers/Src/STM32F407xx_SPI_Driver.o
 .group         0x0000000000000000        0xc drivers/Src/STM32F407xx_SPI_Driver.o
 .group         0x0000000000000000        0xc drivers/Src/STM32F407xx_SPI_Driver.o
 .group         0x0000000000000000        0xc drivers/Src/STM32F407xx_SPI_Driver.o
 .group         0x0000000000000000        0xc drivers/Src/STM32F407xx_SPI_Driver.o
 .text          0x0000000000000000        0x0 drivers/Src/STM32F407xx_SPI_Driver.o
 .data          0x0000000000000000        0x0 drivers/Src/STM32F407xx_SPI_Driver.o
 .bss           0x0000000000000000        0x0 drivers/Src/STM32F407xx_SPI_Driver.o
 .text.SPI_PeriClkCtrl
                0x0000000000000000       0x9c drivers/Src/STM32F407xx_SPI_Driver.o
 .text.SPI_Init
                0x0000000000000000       0xe0 drivers/Src/STM32F407xx_SPI_Driver.o
 .text.SPI_PeripheralEnable
                0x0000000000000000       0x38 drivers/Src/STM32F407xx_SPI_Driver.o
 .text.SPI_DeInit
                0x0000000000000000       0x7c drivers/Src/STM32F407xx_SPI_Driver.o
 .text.SPI_CheckStatusFlag
                0x0000000000000000       0x2a drivers/Src/STM32F407xx_SPI_Driver.o
 .text.SPI_SendData
                0x0000000000000000       0x76 drivers/Src/STM32F407xx_SPI_Driver.o
 .text.SPI_ReceiveData
                0x0000000000000000       0x6e drivers/Src/STM32F407xx_SPI_Driver.o
 .text.SPI_SendDataIT
                0x0000000000000000       0x48 drivers/Src/STM32F407xx_SPI_Driver.o
 .text.SPI_ReceiveDataIT
                0x0000000000000000       0x48 drivers/Src/STM32F407xx_SPI_Driver.o
 .text.SPI_IRQITConfig
                0x0000000000000000       0x88 drivers/Src/STM32F407xx_SPI_Driver.o
 .text.SPI_IRQPriorityConfig
                0x0000000000000000       0x56 drivers/Src/STM32F407xx_SPI_Driver.o
 .text.SPI_IRQHandling
                0x0000000000000000       0x76 drivers/Src/STM32F407xx_SPI_Driver.o
 .text.SPI_TXE_IT_Handle
                0x0000000000000000       0x8e drivers/Src/STM32F407xx_SPI_Driver.o
 .text.SPI_RXNE_IT_Handle
                0x0000000000000000       0x86 drivers/Src/STM32F407xx_SPI_Driver.o
 .text.SPI_OVR_IT_Handle
                0x0000000000000000       0x2a drivers/Src/STM32F407xx_SPI_Driver.o
 .text.SPI_CloseTransmission
                0x0000000000000000       0x36 drivers/Src/STM32F407xx_SPI_Driver.o
 .text.SPI_CloseReception
                0x0000000000000000       0x36 drivers/Src/STM32F407xx_SPI_Driver.o
 .text.SPI_ClearOVRFlag
                0x0000000000000000       0x20 drivers/Src/STM32F407xx_SPI_Driver.o
 .text.SPI_ApplicationEvent
                0x0000000000000000       0x18 drivers/Src/STM32F407xx_SPI_Driver.o
 .debug_info    0x0000000000000000     0x105f drivers/Src/STM32F407xx_SPI_Driver.o
 .debug_abbrev  0x0000000000000000      0x2b4 drivers/Src/STM32F407xx_SPI_Driver.o
 .debug_aranges
                0x0000000000000000       0xb0 drivers/Src/STM32F407xx_SPI_Driver.o
 .debug_ranges  0x0000000000000000       0xa0 drivers/Src/STM32F407xx_SPI_Driver.o
 .debug_macro   0x0000000000000000      0x1a2 drivers/Src/STM32F407xx_SPI_Driver.o
 .debug_macro   0x0000000000000000      0xa66 drivers/Src/STM32F407xx_SPI_Driver.o
 .debug_macro   0x0000000000000000       0x22 drivers/Src/STM32F407xx_SPI_Driver.o
 .debug_macro   0x0000000000000000       0x8e drivers/Src/STM32F407xx_SPI_Driver.o
 .debug_macro   0x0000000000000000       0x51 drivers/Src/STM32F407xx_SPI_Driver.o
 .debug_macro   0x0000000000000000       0xef drivers/Src/STM32F407xx_SPI_Driver.o
 .debug_macro   0x0000000000000000       0x6a drivers/Src/STM32F407xx_SPI_Driver.o
 .debug_macro   0x0000000000000000      0x1df drivers/Src/STM32F407xx_SPI_Driver.o
 .debug_macro   0x0000000000000000       0x46 drivers/Src/STM32F407xx_SPI_Driver.o
 .debug_macro   0x0000000000000000       0x18 drivers/Src/STM32F407xx_SPI_Driver.o
 .debug_macro   0x0000000000000000       0x3c drivers/Src/STM32F407xx_SPI_Driver.o
 .debug_macro   0x0000000000000000       0x34 drivers/Src/STM32F407xx_SPI_Driver.o
 .debug_macro   0x0000000000000000      0x174 drivers/Src/STM32F407xx_SPI_Driver.o
 .debug_macro   0x0000000000000000       0x52 drivers/Src/STM32F407xx_SPI_Driver.o
 .debug_macro   0x0000000000000000       0x1f drivers/Src/STM32F407xx_SPI_Driver.o
 .debug_macro   0x0000000000000000       0x43 drivers/Src/STM32F407xx_SPI_Driver.o
 .debug_macro   0x0000000000000000       0x20 drivers/Src/STM32F407xx_SPI_Driver.o
 .debug_macro   0x0000000000000000      0x1a3 drivers/Src/STM32F407xx_SPI_Driver.o
 .debug_macro   0x0000000000000000      0x330 drivers/Src/STM32F407xx_SPI_Driver.o
 .debug_macro   0x0000000000000000       0x10 drivers/Src/STM32F407xx_SPI_Driver.o
 .debug_macro   0x0000000000000000       0x35 drivers/Src/STM32F407xx_SPI_Driver.o
 .debug_macro   0x0000000000000000       0x20 drivers/Src/STM32F407xx_SPI_Driver.o
 .debug_macro   0x0000000000000000       0x16 drivers/Src/STM32F407xx_SPI_Driver.o
 .debug_macro   0x0000000000000000       0x16 drivers/Src/STM32F407xx_SPI_Driver.o
 .debug_macro   0x0000000000000000       0x29 drivers/Src/STM32F407xx_SPI_Driver.o
 .debug_macro   0x0000000000000000      0x813 drivers/Src/STM32F407xx_SPI_Driver.o
 .debug_macro   0x0000000000000000      0x15c drivers/Src/STM32F407xx_SPI_Driver.o
 .debug_macro   0x0000000000000000      0x130 drivers/Src/STM32F407xx_SPI_Driver.o
 .debug_macro   0x0000000000000000       0xd6 drivers/Src/STM32F407xx_SPI_Driver.o
 .debug_line    0x0000000000000000      0x800 drivers/Src/STM32F407xx_SPI_Driver.o
 .debug_str     0x0000000000000000     0xada5 drivers/Src/STM32F407xx_SPI_Driver.o
 .comment       0x0000000000000000       0x7c drivers/Src/STM32F407xx_SPI_Driver.o
 .debug_frame   0x0000000000000000      0x2ec drivers/Src/STM32F407xx_SPI_Driver.o
 .ARM.attributes
                0x0000000000000000       0x39 drivers/Src/STM32F407xx_SPI_Driver.o
 .group         0x0000000000000000        0xc drivers/Src/gpio_driver.o
 .group         0x0000000000000000        0xc drivers/Src/gpio_driver.o
 .group         0x0000000000000000        0xc drivers/Src/gpio_driver.o
 .group         0x0000000000000000        0xc drivers/Src/gpio_driver.o
 .group         0x0000000000000000        0xc drivers/Src/gpio_driver.o
 .group         0x0000000000000000        0xc drivers/Src/gpio_driver.o
 .group         0x0000000000000000        0xc drivers/Src/gpio_driver.o
 .group         0x0000000000000000        0xc drivers/Src/gpio_driver.o
 .group         0x0000000000000000        0xc drivers/Src/gpio_driver.o
 .group         0x0000000000000000        0xc drivers/Src/gpio_driver.o
 .group         0x0000000000000000        0xc drivers/Src/gpio_driver.o
 .group         0x0000000000000000        0xc drivers/Src/gpio_driver.o
 .group         0x0000000000000000        0xc drivers/Src/gpio_driver.o
 .group         0x0000000000000000        0xc drivers/Src/gpio_driver.o
 .group         0x0000000000000000        0xc drivers/Src/gpio_driver.o
 .group         0x0000000000000000        0xc drivers/Src/gpio_driver.o
 .group         0x0000000000000000        0xc drivers/Src/gpio_driver.o
 .group         0x0000000000000000        0xc drivers/Src/gpio_driver.o
 .group         0x0000000000000000        0xc drivers/Src/gpio_driver.o
 .group         0x0000000000000000        0xc drivers/Src/gpio_driver.o
 .group         0x0000000000000000        0xc drivers/Src/gpio_driver.o
 .group         0x0000000000000000        0xc drivers/Src/gpio_driver.o
 .group         0x0000000000000000        0xc drivers/Src/gpio_driver.o
 .group         0x0000000000000000        0xc drivers/Src/gpio_driver.o
 .group         0x0000000000000000        0xc drivers/Src/gpio_driver.o
 .group         0x0000000000000000        0xc drivers/Src/gpio_driver.o
 .group         0x0000000000000000        0xc drivers/Src/gpio_driver.o
 .group         0x0000000000000000        0xc drivers/Src/gpio_driver.o
 .text          0x0000000000000000        0x0 drivers/Src/gpio_driver.o
 .data          0x0000000000000000        0x0 drivers/Src/gpio_driver.o
 .bss           0x0000000000000000        0x0 drivers/Src/gpio_driver.o
 .text.GPIO_ReadFromInputPin
                0x0000000000000000       0x2c drivers/Src/gpio_driver.o
 .text.GPIO_ReadFromInputPort
                0x0000000000000000       0x1a drivers/Src/gpio_driver.o
 .text.GPIO_WriteToOutputPin
                0x0000000000000000       0x34 drivers/Src/gpio_driver.o
 .text.GPIO_WriteToOutputPort
                0x0000000000000000       0x1e drivers/Src/gpio_driver.o
 .text.GPIO_ToggleOutputPin
                0x0000000000000000       0x34 drivers/Src/gpio_driver.o
 .text.GPIO_IRQITConfig
                0x0000000000000000       0x88 drivers/Src/gpio_driver.o
 .text.GPIO_IRQPriorityConfig
                0x0000000000000000       0x56 drivers/Src/gpio_driver.o
 .text.GPIO_IRQHandling
                0x0000000000000000       0x3c drivers/Src/gpio_driver.o
 .debug_macro   0x0000000000000000      0xa66 drivers/Src/gpio_driver.o
 .debug_macro   0x0000000000000000       0x22 drivers/Src/gpio_driver.o
 .debug_macro   0x0000000000000000       0x8e drivers/Src/gpio_driver.o
 .debug_macro   0x0000000000000000       0x51 drivers/Src/gpio_driver.o
 .debug_macro   0x0000000000000000       0xef drivers/Src/gpio_driver.o
 .debug_macro   0x0000000000000000       0x6a drivers/Src/gpio_driver.o
 .debug_macro   0x0000000000000000      0x1df drivers/Src/gpio_driver.o
 .debug_macro   0x0000000000000000       0x46 drivers/Src/gpio_driver.o
 .debug_macro   0x0000000000000000       0x18 drivers/Src/gpio_driver.o
 .debug_macro   0x0000000000000000       0x3c drivers/Src/gpio_driver.o
 .debug_macro   0x0000000000000000       0x34 drivers/Src/gpio_driver.o
 .debug_macro   0x0000000000000000      0x174 drivers/Src/gpio_driver.o
 .debug_macro   0x0000000000000000       0x52 drivers/Src/gpio_driver.o
 .debug_macro   0x0000000000000000       0x1f drivers/Src/gpio_driver.o
 .debug_macro   0x0000000000000000       0x43 drivers/Src/gpio_driver.o
 .debug_macro   0x0000000000000000       0x20 drivers/Src/gpio_driver.o
 .debug_macro   0x0000000000000000      0x1a3 drivers/Src/gpio_driver.o
 .debug_macro   0x0000000000000000      0x330 drivers/Src/gpio_driver.o
 .debug_macro   0x0000000000000000       0x10 drivers/Src/gpio_driver.o
 .debug_macro   0x0000000000000000       0x35 drivers/Src/gpio_driver.o
 .debug_macro   0x0000000000000000       0x20 drivers/Src/gpio_driver.o
 .debug_macro   0x0000000000000000       0x16 drivers/Src/gpio_driver.o
 .debug_macro   0x0000000000000000       0x16 drivers/Src/gpio_driver.o
 .debug_macro   0x0000000000000000       0x29 drivers/Src/gpio_driver.o
 .debug_macro   0x0000000000000000      0x813 drivers/Src/gpio_driver.o
 .debug_macro   0x0000000000000000       0xd6 drivers/Src/gpio_driver.o
 .debug_macro   0x0000000000000000      0x130 drivers/Src/gpio_driver.o
 .debug_macro   0x0000000000000000      0x15c drivers/Src/gpio_driver.o
 .text          0x0000000000000000        0x0 c:/st/stm32cubeide_1.2.0/stm32cubeide/plugins/com.st.stm32cube.ide.mcu.externaltools.gnu-tools-for-stm32.7-2018-q2-update.win32_1.0.0.201904181610/tools/bin/../lib/gcc/arm-none-eabi/7.3.1/../../../../arm-none-eabi/lib/thumb/v7e-m/fpv4-sp/hard\libc_nano.a(lib_a-errno.o)
 .data          0x0000000000000000        0x0 c:/st/stm32cubeide_1.2.0/stm32cubeide/plugins/com.st.stm32cube.ide.mcu.externaltools.gnu-tools-for-stm32.7-2018-q2-update.win32_1.0.0.201904181610/tools/bin/../lib/gcc/arm-none-eabi/7.3.1/../../../../arm-none-eabi/lib/thumb/v7e-m/fpv4-sp/hard\libc_nano.a(lib_a-errno.o)
 .bss           0x0000000000000000        0x0 c:/st/stm32cubeide_1.2.0/stm32cubeide/plugins/com.st.stm32cube.ide.mcu.externaltools.gnu-tools-for-stm32.7-2018-q2-update.win32_1.0.0.201904181610/tools/bin/../lib/gcc/arm-none-eabi/7.3.1/../../../../arm-none-eabi/lib/thumb/v7e-m/fpv4-sp/hard\libc_nano.a(lib_a-errno.o)
 .text.__errno  0x0000000000000000        0xc c:/st/stm32cubeide_1.2.0/stm32cubeide/plugins/com.st.stm32cube.ide.mcu.externaltools.gnu-tools-for-stm32.7-2018-q2-update.win32_1.0.0.201904181610/tools/bin/../lib/gcc/arm-none-eabi/7.3.1/../../../../arm-none-eabi/lib/thumb/v7e-m/fpv4-sp/hard\libc_nano.a(lib_a-errno.o)
 .debug_frame   0x0000000000000000       0x20 c:/st/stm32cubeide_1.2.0/stm32cubeide/plugins/com.st.stm32cube.ide.mcu.externaltools.gnu-tools-for-stm32.7-2018-q2-update.win32_1.0.0.201904181610/tools/bin/../lib/gcc/arm-none-eabi/7.3.1/../../../../arm-none-eabi/lib/thumb/v7e-m/fpv4-sp/hard\libc_nano.a(lib_a-errno.o)
 .ARM.attributes
                0x0000000000000000       0x34 c:/st/stm32cubeide_1.2.0/stm32cubeide/plugins/com.st.stm32cube.ide.mcu.externaltools.gnu-tools-for-stm32.7-2018-q2-update.win32_1.0.0.201904181610/tools/bin/../lib/gcc/arm-none-eabi/7.3.1/../../../../arm-none-eabi/lib/thumb/v7e-m/fpv4-sp/hard\libc_nano.a(lib_a-errno.o)
 .text          0x0000000000000000        0x0 c:/st/stm32cubeide_1.2.0/stm32cubeide/plugins/com.st.stm32cube.ide.mcu.externaltools.gnu-tools-for-stm32.7-2018-q2-update.win32_1.0.0.201904181610/tools/bin/../lib/gcc/arm-none-eabi/7.3.1/../../../../arm-none-eabi/lib/thumb/v7e-m/fpv4-sp/hard\libc_nano.a(lib_a-exit.o)
 .data          0x0000000000000000        0x0 c:/st/stm32cubeide_1.2.0/stm32cubeide/plugins/com.st.stm32cube.ide.mcu.externaltools.gnu-tools-for-stm32.7-2018-q2-update.win32_1.0.0.201904181610/tools/bin/../lib/gcc/arm-none-eabi/7.3.1/../../../../arm-none-eabi/lib/thumb/v7e-m/fpv4-sp/hard\libc_nano.a(lib_a-exit.o)
 .bss           0x0000000000000000        0x0 c:/st/stm32cubeide_1.2.0/stm32cubeide/plugins/com.st.stm32cube.ide.mcu.externaltools.gnu-tools-for-stm32.7-2018-q2-update.win32_1.0.0.201904181610/tools/bin/../lib/gcc/arm-none-eabi/7.3.1/../../../../arm-none-eabi/lib/thumb/v7e-m/fpv4-sp/hard\libc_nano.a(lib_a-exit.o)
 .text.exit     0x0000000000000000       0x28 c:/st/stm32cubeide_1.2.0/stm32cubeide/plugins/com.st.stm32cube.ide.mcu.externaltools.gnu-tools-for-stm32.7-2018-q2-update.win32_1.0.0.201904181610/tools/bin/../lib/gcc/arm-none-eabi/7.3.1/../../../../arm-none-eabi/lib/thumb/v7e-m/fpv4-sp/hard\libc_nano.a(lib_a-exit.o)
 .debug_frame   0x0000000000000000       0x28 c:/st/stm32cubeide_1.2.0/stm32cubeide/plugins/com.st.stm32cube.ide.mcu.externaltools.gnu-tools-for-stm32.7-2018-q2-update.win32_1.0.0.201904181610/tools/bin/../lib/gcc/arm-none-eabi/7.3.1/../../../../arm-none-eabi/lib/thumb/v7e-m/fpv4-sp/hard\libc_nano.a(lib_a-exit.o)
 .ARM.attributes
                0x0000000000000000       0x34 c:/st/stm32cubeide_1.2.0/stm32cubeide/plugins/com.st.stm32cube.ide.mcu.externaltools.gnu-tools-for-stm32.7-2018-q2-update.win32_1.0.0.201904181610/tools/bin/../lib/gcc/arm-none-eabi/7.3.1/../../../../arm-none-eabi/lib/thumb/v7e-m/fpv4-sp/hard\libc_nano.a(lib_a-exit.o)
 .text          0x0000000000000000        0x0 c:/st/stm32cubeide_1.2.0/stm32cubeide/plugins/com.st.stm32cube.ide.mcu.externaltools.gnu-tools-for-stm32.7-2018-q2-update.win32_1.0.0.201904181610/tools/bin/../lib/gcc/arm-none-eabi/7.3.1/../../../../arm-none-eabi/lib/thumb/v7e-m/fpv4-sp/hard\libc_nano.a(lib_a-impure.o)
 .data          0x0000000000000000        0x0 c:/st/stm32cubeide_1.2.0/stm32cubeide/plugins/com.st.stm32cube.ide.mcu.externaltools.gnu-tools-for-stm32.7-2018-q2-update.win32_1.0.0.201904181610/tools/bin/../lib/gcc/arm-none-eabi/7.3.1/../../../../arm-none-eabi/lib/thumb/v7e-m/fpv4-sp/hard\libc_nano.a(lib_a-impure.o)
 .bss           0x0000000000000000        0x0 c:/st/stm32cubeide_1.2.0/stm32cubeide/plugins/com.st.stm32cube.ide.mcu.externaltools.gnu-tools-for-stm32.7-2018-q2-update.win32_1.0.0.201904181610/tools/bin/../lib/gcc/arm-none-eabi/7.3.1/../../../../arm-none-eabi/lib/thumb/v7e-m/fpv4-sp/hard\libc_nano.a(lib_a-impure.o)
 .data._impure_ptr
                0x0000000000000000        0x4 c:/st/stm32cubeide_1.2.0/stm32cubeide/plugins/com.st.stm32cube.ide.mcu.externaltools.gnu-tools-for-stm32.7-2018-q2-update.win32_1.0.0.201904181610/tools/bin/../lib/gcc/arm-none-eabi/7.3.1/../../../../arm-none-eabi/lib/thumb/v7e-m/fpv4-sp/hard\libc_nano.a(lib_a-impure.o)
 .data.impure_data
                0x0000000000000000       0x60 c:/st/stm32cubeide_1.2.0/stm32cubeide/plugins/com.st.stm32cube.ide.mcu.externaltools.gnu-tools-for-stm32.7-2018-q2-update.win32_1.0.0.201904181610/tools/bin/../lib/gcc/arm-none-eabi/7.3.1/../../../../arm-none-eabi/lib/thumb/v7e-m/fpv4-sp/hard\libc_nano.a(lib_a-impure.o)
 .rodata._global_impure_ptr
                0x0000000000000000        0x4 c:/st/stm32cubeide_1.2.0/stm32cubeide/plugins/com.st.stm32cube.ide.mcu.externaltools.gnu-tools-for-stm32.7-2018-q2-update.win32_1.0.0.201904181610/tools/bin/../lib/gcc/arm-none-eabi/7.3.1/../../../../arm-none-eabi/lib/thumb/v7e-m/fpv4-sp/hard\libc_nano.a(lib_a-impure.o)
 .ARM.attributes
                0x0000000000000000       0x34 c:/st/stm32cubeide_1.2.0/stm32cubeide/plugins/com.st.stm32cube.ide.mcu.externaltools.gnu-tools-for-stm32.7-2018-q2-update.win32_1.0.0.201904181610/tools/bin/../lib/gcc/arm-none-eabi/7.3.1/../../../../arm-none-eabi/lib/thumb/v7e-m/fpv4-sp/hard\libc_nano.a(lib_a-impure.o)
 .text          0x0000000000000000        0x0 c:/st/stm32cubeide_1.2.0/stm32cubeide/plugins/com.st.stm32cube.ide.mcu.externaltools.gnu-tools-for-stm32.7-2018-q2-update.win32_1.0.0.201904181610/tools/bin/../lib/gcc/arm-none-eabi/7.3.1/../../../../arm-none-eabi/lib/thumb/v7e-m/fpv4-sp/hard\libc_nano.a(lib_a-init.o)
 .data          0x0000000000000000        0x0 c:/st/stm32cubeide_1.2.0/stm32cubeide/plugins/com.st.stm32cube.ide.mcu.externaltools.gnu-tools-for-stm32.7-2018-q2-update.win32_1.0.0.201904181610/tools/bin/../lib/gcc/arm-none-eabi/7.3.1/../../../../arm-none-eabi/lib/thumb/v7e-m/fpv4-sp/hard\libc_nano.a(lib_a-init.o)
 .bss           0x0000000000000000        0x0 c:/st/stm32cubeide_1.2.0/stm32cubeide/plugins/com.st.stm32cube.ide.mcu.externaltools.gnu-tools-for-stm32.7-2018-q2-update.win32_1.0.0.201904181610/tools/bin/../lib/gcc/arm-none-eabi/7.3.1/../../../../arm-none-eabi/lib/thumb/v7e-m/fpv4-sp/hard\libc_nano.a(lib_a-init.o)
 .text          0x0000000000000000        0x0 c:/st/stm32cubeide_1.2.0/stm32cubeide/plugins/com.st.stm32cube.ide.mcu.externaltools.gnu-tools-for-stm32.7-2018-q2-update.win32_1.0.0.201904181610/tools/bin/../lib/gcc/arm-none-eabi/7.3.1/../../../../arm-none-eabi/lib/thumb/v7e-m/fpv4-sp/hard\libc_nano.a(lib_a-memset.o)
 .data          0x0000000000000000        0x0 c:/st/stm32cubeide_1.2.0/stm32cubeide/plugins/com.st.stm32cube.ide.mcu.externaltools.gnu-tools-for-stm32.7-2018-q2-update.win32_1.0.0.201904181610/tools/bin/../lib/gcc/arm-none-eabi/7.3.1/../../../../arm-none-eabi/lib/thumb/v7e-m/fpv4-sp/hard\libc_nano.a(lib_a-memset.o)
 .bss           0x0000000000000000        0x0 c:/st/stm32cubeide_1.2.0/stm32cubeide/plugins/com.st.stm32cube.ide.mcu.externaltools.gnu-tools-for-stm32.7-2018-q2-update.win32_1.0.0.201904181610/tools/bin/../lib/gcc/arm-none-eabi/7.3.1/../../../../arm-none-eabi/lib/thumb/v7e-m/fpv4-sp/hard\libc_nano.a(lib_a-memset.o)
 .data          0x0000000000000000        0x0 c:/st/stm32cubeide_1.2.0/stm32cubeide/plugins/com.st.stm32cube.ide.mcu.externaltools.gnu-tools-for-stm32.7-2018-q2-update.win32_1.0.0.201904181610/tools/bin/../lib/gcc/arm-none-eabi/7.3.1/../../../../arm-none-eabi/lib/thumb/v7e-m/fpv4-sp/hard\libc_nano.a(lib_a-strlen.o)
 .bss           0x0000000000000000        0x0 c:/st/stm32cubeide_1.2.0/stm32cubeide/plugins/com.st.stm32cube.ide.mcu.externaltools.gnu-tools-for-stm32.7-2018-q2-update.win32_1.0.0.201904181610/tools/bin/../lib/gcc/arm-none-eabi/7.3.1/../../../../arm-none-eabi/lib/thumb/v7e-m/fpv4-sp/hard\libc_nano.a(lib_a-strlen.o)
 .text          0x0000000000000000        0x0 c:/st/stm32cubeide_1.2.0/stm32cubeide/plugins/com.st.stm32cube.ide.mcu.externaltools.gnu-tools-for-stm32.7-2018-q2-update.win32_1.0.0.201904181610/tools/bin/../lib/gcc/arm-none-eabi/7.3.1/thumb/v7e-m/fpv4-sp/hard/crtend.o
 .data          0x0000000000000000        0x0 c:/st/stm32cubeide_1.2.0/stm32cubeide/plugins/com.st.stm32cube.ide.mcu.externaltools.gnu-tools-for-stm32.7-2018-q2-update.win32_1.0.0.201904181610/tools/bin/../lib/gcc/arm-none-eabi/7.3.1/thumb/v7e-m/fpv4-sp/hard/crtend.o
 .bss           0x0000000000000000        0x0 c:/st/stm32cubeide_1.2.0/stm32cubeide/plugins/com.st.stm32cube.ide.mcu.externaltools.gnu-tools-for-stm32.7-2018-q2-update.win32_1.0.0.201904181610/tools/bin/../lib/gcc/arm-none-eabi/7.3.1/thumb/v7e-m/fpv4-sp/hard/crtend.o
 .eh_frame      0x0000000000000000        0x4 c:/st/stm32cubeide_1.2.0/stm32cubeide/plugins/com.st.stm32cube.ide.mcu.externaltools.gnu-tools-for-stm32.7-2018-q2-update.win32_1.0.0.201904181610/tools/bin/../lib/gcc/arm-none-eabi/7.3.1/thumb/v7e-m/fpv4-sp/hard/crtend.o
 .ARM.attributes
                0x0000000000000000       0x34 c:/st/stm32cubeide_1.2.0/stm32cubeide/plugins/com.st.stm32cube.ide.mcu.externaltools.gnu-tools-for-stm32.7-2018-q2-update.win32_1.0.0.201904181610/tools/bin/../lib/gcc/arm-none-eabi/7.3.1/thumb/v7e-m/fpv4-sp/hard/crtend.o
 .text          0x0000000000000000        0x0 c:/st/stm32cubeide_1.2.0/stm32cubeide/plugins/com.st.stm32cube.ide.mcu.externaltools.gnu-tools-for-stm32.7-2018-q2-update.win32_1.0.0.201904181610/tools/bin/../lib/gcc/arm-none-eabi/7.3.1/thumb/v7e-m/fpv4-sp/hard/crtn.o
 .data          0x0000000000000000        0x0 c:/st/stm32cubeide_1.2.0/stm32cubeide/plugins/com.st.stm32cube.ide.mcu.externaltools.gnu-tools-for-stm32.7-2018-q2-update.win32_1.0.0.201904181610/tools/bin/../lib/gcc/arm-none-eabi/7.3.1/thumb/v7e-m/fpv4-sp/hard/crtn.o
 .bss           0x0000000000000000        0x0 c:/st/stm32cubeide_1.2.0/stm32cubeide/plugins/com.st.stm32cube.ide.mcu.externaltools.gnu-tools-for-stm32.7-2018-q2-update.win32_1.0.0.201904181610/tools/bin/../lib/gcc/arm-none-eabi/7.3.1/thumb/v7e-m/fpv4-sp/hard/crtn.o

Memory Configuration

Name             Origin             Length             Attributes
RAM              0x0000000020000000 0x0000000000020000 xrw
ROM              0x0000000008000000 0x0000000000100000 xr
*default*        0x0000000000000000 0xffffffffffffffff

Linker script and memory map

LOAD c:/st/stm32cubeide_1.2.0/stm32cubeide/plugins/com.st.stm32cube.ide.mcu.externaltools.gnu-tools-for-stm32.7-2018-q2-update.win32_1.0.0.201904181610/tools/bin/../lib/gcc/arm-none-eabi/7.3.1/thumb/v7e-m/fpv4-sp/hard/crti.o
LOAD c:/st/stm32cubeide_1.2.0/stm32cubeide/plugins/com.st.stm32cube.ide.mcu.externaltools.gnu-tools-for-stm32.7-2018-q2-update.win32_1.0.0.201904181610/tools/bin/../lib/gcc/arm-none-eabi/7.3.1/thumb/v7e-m/fpv4-sp/hard/crtbegin.o
LOAD c:/st/stm32cubeide_1.2.0/stm32cubeide/plugins/com.st.stm32cube.ide.mcu.externaltools.gnu-tools-for-stm32.7-2018-q2-update.win32_1.0.0.201904181610/tools/bin/../lib/gcc/arm-none-eabi/7.3.1/../../../../arm-none-eabi/lib/thumb/v7e-m/fpv4-sp/hard/crt0.o
LOAD Src/015MasterArduinoSlaveSTMSendReceive4byte.o
LOAD Src/syscalls.o
LOAD Src/sysmem.o
LOAD Startup/startup_stm32f407vgtx.o
LOAD drivers/Src/STM32F407xx_I2C_Driver.o
LOAD drivers/Src/STM32F407xx_SPI_Driver.o
LOAD drivers/Src/gpio_driver.o
START GROUP
LOAD c:/st/stm32cubeide_1.2.0/stm32cubeide/plugins/com.st.stm32cube.ide.mcu.externaltools.gnu-tools-for-stm32.7-2018-q2-update.win32_1.0.0.201904181610/tools/bin/../lib/gcc/arm-none-eabi/7.3.1/../../../../arm-none-eabi/lib/thumb/v7e-m/fpv4-sp/hard\libc_nano.a
LOAD c:/st/stm32cubeide_1.2.0/stm32cubeide/plugins/com.st.stm32cube.ide.mcu.externaltools.gnu-tools-for-stm32.7-2018-q2-update.win32_1.0.0.201904181610/tools/bin/../lib/gcc/arm-none-eabi/7.3.1/../../../../arm-none-eabi/lib/thumb/v7e-m/fpv4-sp/hard\libm.a
END GROUP
START GROUP
LOAD c:/st/stm32cubeide_1.2.0/stm32cubeide/plugins/com.st.stm32cube.ide.mcu.externaltools.gnu-tools-for-stm32.7-2018-q2-update.win32_1.0.0.201904181610/tools/bin/../lib/gcc/arm-none-eabi/7.3.1/thumb/v7e-m/fpv4-sp/hard\libgcc.a
LOAD c:/st/stm32cubeide_1.2.0/stm32cubeide/plugins/com.st.stm32cube.ide.mcu.externaltools.gnu-tools-for-stm32.7-2018-q2-update.win32_1.0.0.201904181610/tools/bin/../lib/gcc/arm-none-eabi/7.3.1/../../../../arm-none-eabi/lib/thumb/v7e-m/fpv4-sp/hard\libc_nano.a
END GROUP
START GROUP
LOAD c:/st/stm32cubeide_1.2.0/stm32cubeide/plugins/com.st.stm32cube.ide.mcu.externaltools.gnu-tools-for-stm32.7-2018-q2-update.win32_1.0.0.201904181610/tools/bin/../lib/gcc/arm-none-eabi/7.3.1/thumb/v7e-m/fpv4-sp/hard\libgcc.a
LOAD c:/st/stm32cubeide_1.2.0/stm32cubeide/plugins/com.st.stm32cube.ide.mcu.externaltools.gnu-tools-for-stm32.7-2018-q2-update.win32_1.0.0.201904181610/tools/bin/../lib/gcc/arm-none-eabi/7.3.1/../../../../arm-none-eabi/lib/thumb/v7e-m/fpv4-sp/hard\libc_nano.a
LOAD c:/st/stm32cubeide_1.2.0/stm32cubeide/plugins/com.st.stm32cube.ide.mcu.externaltools.gnu-tools-for-stm32.7-2018-q2-update.win32_1.0.0.201904181610/tools/bin/../lib/gcc/arm-none-eabi/7.3.1/../../../../arm-none-eabi/lib/thumb/v7e-m/fpv4-sp/hard\libnosys.a
END GROUP
START GROUP
LOAD c:/st/stm32cubeide_1.2.0/stm32cubeide/plugins/com.st.stm32cube.ide.mcu.externaltools.gnu-tools-for-stm32.7-2018-q2-update.win32_1.0.0.201904181610/tools/bin/../lib/gcc/arm-none-eabi/7.3.1/thumb/v7e-m/fpv4-sp/hard\libgcc.a
LOAD c:/st/stm32cubeide_1.2.0/stm32cubeide/plugins/com.st.stm32cube.ide.mcu.externaltools.gnu-tools-for-stm32.7-2018-q2-update.win32_1.0.0.201904181610/tools/bin/../lib/gcc/arm-none-eabi/7.3.1/../../../../arm-none-eabi/lib/thumb/v7e-m/fpv4-sp/hard\libc_nano.a
LOAD c:/st/stm32cubeide_1.2.0/stm32cubeide/plugins/com.st.stm32cube.ide.mcu.externaltools.gnu-tools-for-stm32.7-2018-q2-update.win32_1.0.0.201904181610/tools/bin/../lib/gcc/arm-none-eabi/7.3.1/../../../../arm-none-eabi/lib/thumb/v7e-m/fpv4-sp/hard\libnosys.a
END GROUP
LOAD c:/st/stm32cubeide_1.2.0/stm32cubeide/plugins/com.st.stm32cube.ide.mcu.externaltools.gnu-tools-for-stm32.7-2018-q2-update.win32_1.0.0.201904181610/tools/bin/../lib/gcc/arm-none-eabi/7.3.1/thumb/v7e-m/fpv4-sp/hard/crtend.o
LOAD c:/st/stm32cubeide_1.2.0/stm32cubeide/plugins/com.st.stm32cube.ide.mcu.externaltools.gnu-tools-for-stm32.7-2018-q2-update.win32_1.0.0.201904181610/tools/bin/../lib/gcc/arm-none-eabi/7.3.1/thumb/v7e-m/fpv4-sp/hard/crtn.o
                0x0000000020020000                _estack = (ORIGIN (RAM) + LENGTH (RAM))
                0x0000000000000200                _Min_Heap_Size = 0x200
                0x0000000000000400                _Min_Stack_Size = 0x400

.isr_vector     0x0000000008000000      0x1a8
                0x0000000008000000                . = ALIGN (0x4)
 *(.isr_vector)
 .isr_vector    0x0000000008000000      0x1a8 Startup/startup_stm32f407vgtx.o
                0x0000000008000000                g_pfnVectors
                0x00000000080001a8                . = ALIGN (0x4)

.text           0x00000000080001a8     0x154c
                0x00000000080001a8                . = ALIGN (0x4)
 *(.text)
 .text          0x00000000080001a8       0x40 c:/st/stm32cubeide_1.2.0/stm32cubeide/plugins/com.st.stm32cube.ide.mcu.externaltools.gnu-tools-for-stm32.7-2018-q2-update.win32_1.0.0.201904181610/tools/bin/../lib/gcc/arm-none-eabi/7.3.1/thumb/v7e-m/fpv4-sp/hard/crtbegin.o
 .text          0x00000000080001e8       0x10 c:/st/stm32cubeide_1.2.0/stm32cubeide/plugins/com.st.stm32cube.ide.mcu.externaltools.gnu-tools-for-stm32.7-2018-q2-update.win32_1.0.0.201904181610/tools/bin/../lib/gcc/arm-none-eabi/7.3.1/../../../../arm-none-eabi/lib/thumb/v7e-m/fpv4-sp/hard\libc_nano.a(lib_a-strlen.o)
                0x00000000080001e8                strlen
 *(.text*)
 .text.main     0x00000000080001f8       0x70 Src/015MasterArduinoSlaveSTMSendReceive4byte.o
                0x00000000080001f8                main
 .text.I2C_ApplicationEventCallBack
                0x0000000008000268      0x108 Src/015MasterArduinoSlaveSTMSendReceive4byte.o
                0x0000000008000268                I2C_ApplicationEventCallBack
 .text.I2C1_EV_IRQHandler
                0x0000000008000370       0x14 Src/015MasterArduinoSlaveSTMSendReceive4byte.o
                0x0000000008000370                I2C1_EV_IRQHandler
 .text.I2C1_ER_IRQHandler
                0x0000000008000384       0x14 Src/015MasterArduinoSlaveSTMSendReceive4byte.o
                0x0000000008000384                I2C1_ER_IRQHandler
 .text.GPIO_ButtonInit
                0x0000000008000398       0x44 Src/015MasterArduinoSlaveSTMSendReceive4byte.o
                0x0000000008000398                GPIO_ButtonInit
 .text.GPIO_I2CInit
                0x00000000080003dc       0x50 Src/015MasterArduinoSlaveSTMSendReceive4byte.o
                0x00000000080003dc                GPIO_I2CInit
 .text.I2C_HandlerInit
                0x000000000800042c       0x44 Src/015MasterArduinoSlaveSTMSendReceive4byte.o
                0x000000000800042c                I2C_HandlerInit
 .text.Reset_Handler
                0x0000000008000470       0x50 Startup/startup_stm32f407vgtx.o
                0x0000000008000470                Reset_Handler
 .text.Default_Handler
                0x00000000080004c0        0x2 Startup/startup_stm32f407vgtx.o
                0x00000000080004c0                RTC_Alarm_IRQHandler
                0x00000000080004c0                HASH_RNG_IRQHandler
                0x00000000080004c0                EXTI2_IRQHandler
                0x00000000080004c0                TIM8_CC_IRQHandler
                0x00000000080004c0                DebugMon_Handler
                0x00000000080004c0                TIM1_CC_IRQHandler
                0x00000000080004c0                DMA2_Stream5_IRQHandler
                0x00000000080004c0                HardFault_Handler
                0x00000000080004c0                DMA1_Stream5_IRQHandler
                0x00000000080004c0                SysTick_Handler
                0x00000000080004c0                PVD_IRQHandler
                0x00000000080004c0                SDIO_IRQHandler
                0x00000000080004c0                TAMP_STAMP_IRQHandler
                0x00000000080004c0                PendSV_Handler
                0x00000000080004c0                NMI_Handler
                0x00000000080004c0                CAN2_RX1_IRQHandler
                0x00000000080004c0                EXTI3_IRQHandler
                0x00000000080004c0                TIM8_TRG_COM_TIM14_IRQHandler
                0x00000000080004c0                TIM1_UP_TIM10_IRQHandler
                0x00000000080004c0                TIM8_UP_TIM13_IRQHandler
                0x00000000080004c0                I2C3_ER_IRQHandler
                0x00000000080004c0                LCD_TFT_IRQHandler
                0x00000000080004c0                EXTI0_IRQHandler
                0x00000000080004c0                I2C2_EV_IRQHandler
                0x00000000080004c0                DMA1_Stream2_IRQHandler
                0x00000000080004c0                CAN1_RX0_IRQHandler
                0x00000000080004c0                FPU_IRQHandler
                0x00000000080004c0                OTG_HS_WKUP_IRQHandler
                0x00000000080004c0                UsageFault_Handler
                0x00000000080004c0                CAN2_SCE_IRQHandler
                0x00000000080004c0                DMA2_Stream2_IRQHandler
                0x00000000080004c0                SPI1_IRQHandler
                0x00000000080004c0                TIM6_DAC_IRQHandler
                0x00000000080004c0                TIM1_BRK_TIM9_IRQHandler
                0x00000000080004c0                DCMI_IRQHandler
                0x00000000080004c0                CAN2_RX0_IRQHandler
                0x00000000080004c0                DMA2_Stream3_IRQHandler
                0x00000000080004c0                USART6_IRQHandler
                0x00000000080004c0                USART3_IRQHandler
                0x00000000080004c0                CRYP_IRQHandler
                0x00000000080004c0                CAN1_RX1_IRQHandler
                0x00000000080004c0                UART5_IRQHandler
                0x00000000080004c0                DMA2_Stream0_IRQHandler
                0x00000000080004c0                TIM4_IRQHandler
                0x00000000080004c0                DMA1_Stream6_IRQHandler
                0x00000000080004c0                DMA1_Stream1_IRQHandler
                0x00000000080004c0                UART4_IRQHandler
                0x00000000080004c0                LCD_TFT_1_IRQHandler
                0x00000000080004c0                TIM3_IRQHandler
                0x00000000080004c0                RCC_IRQHandler
                0x00000000080004c0                TIM8_BRK_TIM12_IRQHandler
                0x00000000080004c0                Default_Handler
                0x00000000080004c0                EXTI15_10_IRQHandler
                0x00000000080004c0                ADC_IRQHandler
                0x00000000080004c0                DMA1_Stream7_IRQHandler
                0x00000000080004c0                TIM7_IRQHandler
                0x00000000080004c0                CAN2_TX_IRQHandler
                0x00000000080004c0                TIM5_IRQHandler
                0x00000000080004c0                DMA2_Stream7_IRQHandler
                0x00000000080004c0                I2C3_EV_IRQHandler
                0x00000000080004c0                EXTI9_5_IRQHandler
                0x00000000080004c0                RTC_WKUP_IRQHandler
                0x00000000080004c0                ETH_WKUP_IRQHandler
                0x00000000080004c0                SPI2_IRQHandler
                0x00000000080004c0                OTG_HS_EP1_IN_IRQHandler
                0x00000000080004c0                MemManage_Handler
                0x00000000080004c0                DMA1_Stream0_IRQHandler
                0x00000000080004c0                CAN1_TX_IRQHandler
                0x00000000080004c0                SVC_Handler
                0x00000000080004c0                EXTI4_IRQHandler
                0x00000000080004c0                FSMC_IRQHandler
                0x00000000080004c0                ETH_IRQHandler
                0x00000000080004c0                OTG_HS_EP1_OUT_IRQHandler
                0x00000000080004c0                WWDG_IRQHandler
                0x00000000080004c0                TIM2_IRQHandler
                0x00000000080004c0                OTG_FS_WKUP_IRQHandler
                0x00000000080004c0                TIM1_TRG_COM_TIM11_IRQHandler
                0x00000000080004c0                OTG_HS_IRQHandler
                0x00000000080004c0                EXTI1_IRQHandler
                0x00000000080004c0                USART2_IRQHandler
                0x00000000080004c0                I2C2_ER_IRQHandler
                0x00000000080004c0                DMA2_Stream1_IRQHandler
                0x00000000080004c0                CAN1_SCE_IRQHandler
                0x00000000080004c0                DMA2_Stream4_IRQHandler
                0x00000000080004c0                BusFault_Handler
                0x00000000080004c0                USART1_IRQHandler
                0x00000000080004c0                OTG_FS_IRQHandler
                0x00000000080004c0                SPI3_IRQHandler
                0x00000000080004c0                DMA1_Stream4_IRQHandler
                0x00000000080004c0                DMA2_Stream6_IRQHandler
                0x00000000080004c0                DMA1_Stream3_IRQHandler
 *fill*         0x00000000080004c2        0x2 
 .text.I2C_PeriClkCtrl
                0x00000000080004c4       0x9c drivers/Src/STM32F407xx_I2C_Driver.o
                0x00000000080004c4                I2C_PeriClkCtrl
 .text.I2C_Init
                0x0000000008000560      0x1a0 drivers/Src/STM32F407xx_I2C_Driver.o
                0x0000000008000560                I2C_Init
 .text.I2C_DeInit
                0x0000000008000700       0x7c drivers/Src/STM32F407xx_I2C_Driver.o
                0x0000000008000700                I2C_DeInit
 .text.I2C_PeripheralEnable
                0x000000000800077c       0x3c drivers/Src/STM32F407xx_I2C_Driver.o
                0x000000000800077c                I2C_PeripheralEnable
 .text.I2C_SlaveSendData
                0x00000000080007b8       0x1e drivers/Src/STM32F407xx_I2C_Driver.o
                0x00000000080007b8                I2C_SlaveSendData
 .text.I2C_SlaveReceiveData
                0x00000000080007d6       0x1a drivers/Src/STM32F407xx_I2C_Driver.o
                0x00000000080007d6                I2C_SlaveReceiveData
 .text.I2C_CheckStatusFlag
                0x00000000080007f0       0x2a drivers/Src/STM32F407xx_I2C_Driver.o
                0x00000000080007f0                I2C_CheckStatusFlag
 *fill*         0x000000000800081a        0x2 
 .text.I2C_IRQITConfig
                0x000000000800081c       0x88 drivers/Src/STM32F407xx_I2C_Driver.o
                0x000000000800081c                I2C_IRQITConfig
 .text.I2C_EV_IRQHandling
                0x00000000080008a4      0x2d0 drivers/Src/STM32F407xx_I2C_Driver.o
                0x00000000080008a4                I2C_EV_IRQHandling
 .text.I2C_ER_IRQHandling
                0x0000000008000b74      0x1ba drivers/Src/STM32F407xx_I2C_Driver.o
                0x0000000008000b74                I2C_ER_IRQHandling
 .text.I2C_InterruptCtrl
                0x0000000008000d2e       0x68 drivers/Src/STM32F407xx_I2C_Driver.o
                0x0000000008000d2e                I2C_InterruptCtrl
 *fill*         0x0000000008000d96        0x2 
 .text.getAPB1ClkFreq
                0x0000000008000d98       0xd4 drivers/Src/STM32F407xx_I2C_Driver.o
 .text.getPLLClkFreq
                0x0000000008000e6c       0x10 drivers/Src/STM32F407xx_I2C_Driver.o
 .text.generateStopCondition
                0x0000000008000e7c       0x20 drivers/Src/STM32F407xx_I2C_Driver.o
 .text.clearFlagSB
                0x0000000008000e9c       0x1a drivers/Src/STM32F407xx_I2C_Driver.o
 .text.clearFlagADDR
                0x0000000008000eb6       0x20 drivers/Src/STM32F407xx_I2C_Driver.o
 .text.clearFlagSTOPF
                0x0000000008000ed6       0x22 drivers/Src/STM32F407xx_I2C_Driver.o
 .text.ctrlBitACK
                0x0000000008000ef8       0x38 drivers/Src/STM32F407xx_I2C_Driver.o
 .text.ctrlBitPOS
                0x0000000008000f30       0x38 drivers/Src/STM32F407xx_I2C_Driver.o
 .text.sendAddressToSlaveWrite
                0x0000000008000f68       0x22 drivers/Src/STM32F407xx_I2C_Driver.o
 .text.sendAddressToSlaveRead
                0x0000000008000f8a       0x26 drivers/Src/STM32F407xx_I2C_Driver.o
 .text.closeMasterTx
                0x0000000008000fb0       0x46 drivers/Src/STM32F407xx_I2C_Driver.o
 .text.closeMasterRx
                0x0000000008000ff6       0x5c drivers/Src/STM32F407xx_I2C_Driver.o
 *fill*         0x0000000008001052        0x2 
 .text.GPIO_PeriClkCtrl
                0x0000000008001054      0x21c drivers/Src/gpio_driver.o
                0x0000000008001054                GPIO_PeriClkCtrl
 .text.GPIO_Init
                0x0000000008001270      0x25c drivers/Src/gpio_driver.o
                0x0000000008001270                GPIO_Init
 .text.GPIO_DeInit
                0x00000000080014cc      0x1b8 drivers/Src/gpio_driver.o
                0x00000000080014cc                GPIO_DeInit
 .text.__libc_init_array
                0x0000000008001684       0x48 c:/st/stm32cubeide_1.2.0/stm32cubeide/plugins/com.st.stm32cube.ide.mcu.externaltools.gnu-tools-for-stm32.7-2018-q2-update.win32_1.0.0.201904181610/tools/bin/../lib/gcc/arm-none-eabi/7.3.1/../../../../arm-none-eabi/lib/thumb/v7e-m/fpv4-sp/hard\libc_nano.a(lib_a-init.o)
                0x0000000008001684                __libc_init_array
 .text.memset   0x00000000080016cc       0x10 c:/st/stm32cubeide_1.2.0/stm32cubeide/plugins/com.st.stm32cube.ide.mcu.externaltools.gnu-tools-for-stm32.7-2018-q2-update.win32_1.0.0.201904181610/tools/bin/../lib/gcc/arm-none-eabi/7.3.1/../../../../arm-none-eabi/lib/thumb/v7e-m/fpv4-sp/hard\libc_nano.a(lib_a-memset.o)
                0x00000000080016cc                memset
 *(.glue_7)
 .glue_7        0x00000000080016dc        0x0 linker stubs
 *(.glue_7t)
 .glue_7t       0x00000000080016dc        0x0 linker stubs
 *(.eh_frame)
 .eh_frame      0x00000000080016dc        0x0 c:/st/stm32cubeide_1.2.0/stm32cubeide/plugins/com.st.stm32cube.ide.mcu.externaltools.gnu-tools-for-stm32.7-2018-q2-update.win32_1.0.0.201904181610/tools/bin/../lib/gcc/arm-none-eabi/7.3.1/thumb/v7e-m/fpv4-sp/hard/crtbegin.o
 *(.init)
 .init          0x00000000080016dc        0x4 c:/st/stm32cubeide_1.2.0/stm32cubeide/plugins/com.st.stm32cube.ide.mcu.externaltools.gnu-tools-for-stm32.7-2018-q2-update.win32_1.0.0.201904181610/tools/bin/../lib/gcc/arm-none-eabi/7.3.1/thumb/v7e-m/fpv4-sp/hard/crti.o
                0x00000000080016dc                _init
 .init          0x00000000080016e0        0x8 c:/st/stm32cubeide_1.2.0/stm32cubeide/plugins/com.st.stm32cube.ide.mcu.externaltools.gnu-tools-for-stm32.7-2018-q2-update.win32_1.0.0.201904181610/tools/bin/../lib/gcc/arm-none-eabi/7.3.1/thumb/v7e-m/fpv4-sp/hard/crtn.o
 *(.fini)
 .fini          0x00000000080016e8        0x4 c:/st/stm32cubeide_1.2.0/stm32cubeide/plugins/com.st.stm32cube.ide.mcu.externaltools.gnu-tools-for-stm32.7-2018-q2-update.win32_1.0.0.201904181610/tools/bin/../lib/gcc/arm-none-eabi/7.3.1/thumb/v7e-m/fpv4-sp/hard/crti.o
                0x00000000080016e8                _fini
 .fini          0x00000000080016ec        0x8 c:/st/stm32cubeide_1.2.0/stm32cubeide/plugins/com.st.stm32cube.ide.mcu.externaltools.gnu-tools-for-stm32.7-2018-q2-update.win32_1.0.0.201904181610/tools/bin/../lib/gcc/arm-none-eabi/7.3.1/thumb/v7e-m/fpv4-sp/hard/crtn.o
                0x00000000080016f4                . = ALIGN (0x4)
                0x00000000080016f4                _etext = .

.vfp11_veneer   0x00000000080016f4        0x0
 .vfp11_veneer  0x00000000080016f4        0x0 linker stubs

.v4_bx          0x00000000080016f4        0x0
 .v4_bx         0x00000000080016f4        0x0 linker stubs

.iplt           0x00000000080016f4        0x0
 .iplt          0x00000000080016f4        0x0 c:/st/stm32cubeide_1.2.0/stm32cubeide/plugins/com.st.stm32cube.ide.mcu.externaltools.gnu-tools-for-stm32.7-2018-q2-update.win32_1.0.0.201904181610/tools/bin/../lib/gcc/arm-none-eabi/7.3.1/thumb/v7e-m/fpv4-sp/hard/crtbegin.o

.rodata         0x00000000080016f4       0x20
                0x00000000080016f4                . = ALIGN (0x4)
 *(.rodata)
 .rodata        0x00000000080016f4       0x1e drivers/Src/STM32F407xx_I2C_Driver.o
 *(.rodata*)
                0x0000000008001714                . = ALIGN (0x4)
 *fill*         0x0000000008001712        0x2 

.rel.dyn        0x0000000008001714        0x0
 .rel.iplt      0x0000000008001714        0x0 c:/st/stm32cubeide_1.2.0/stm32cubeide/plugins/com.st.stm32cube.ide.mcu.externaltools.gnu-tools-for-stm32.7-2018-q2-update.win32_1.0.0.201904181610/tools/bin/../lib/gcc/arm-none-eabi/7.3.1/thumb/v7e-m/fpv4-sp/hard/crtbegin.o

.ARM.extab      0x0000000008001714        0x0
                0x0000000008001714                . = ALIGN (0x4)
 *(.ARM.extab* .gnu.linkonce.armextab.*)
                0x0000000008001714                . = ALIGN (0x4)

.ARM            0x0000000008001714        0x0
                0x0000000008001714                . = ALIGN (0x4)
                0x0000000008001714                __exidx_start = .
 *(.ARM.exidx*)
                0x0000000008001714                __exidx_end = .
                0x0000000008001714                . = ALIGN (0x4)

.preinit_array  0x0000000008001714        0x0
                0x0000000008001714                . = ALIGN (0x4)
                0x0000000008001714                PROVIDE (__preinit_array_start = .)
 *(.preinit_array*)
                0x0000000008001714                PROVIDE (__preinit_array_end = .)
                0x0000000008001714                . = ALIGN (0x4)

.init_array     0x0000000008001714        0x4
                0x0000000008001714                . = ALIGN (0x4)
                0x0000000008001714                PROVIDE (__init_array_start = .)
 *(SORT_BY_NAME(.init_array.*))
 *(.init_array*)
 .init_array    0x0000000008001714        0x4 c:/st/stm32cubeide_1.2.0/stm32cubeide/plugins/com.st.stm32cube.ide.mcu.externaltools.gnu-tools-for-stm32.7-2018-q2-update.win32_1.0.0.201904181610/tools/bin/../lib/gcc/arm-none-eabi/7.3.1/thumb/v7e-m/fpv4-sp/hard/crtbegin.o
                0x0000000008001718                PROVIDE (__init_array_end = .)
                0x0000000008001718                . = ALIGN (0x4)

.fini_array     0x0000000008001718        0x4
                0x0000000008001718                . = ALIGN (0x4)
                [!provide]                        PROVIDE (__fini_array_start = .)
 *(SORT_BY_NAME(.fini_array.*))
 *(.fini_array*)
 .fini_array    0x0000000008001718        0x4 c:/st/stm32cubeide_1.2.0/stm32cubeide/plugins/com.st.stm32cube.ide.mcu.externaltools.gnu-tools-for-stm32.7-2018-q2-update.win32_1.0.0.201904181610/tools/bin/../lib/gcc/arm-none-eabi/7.3.1/thumb/v7e-m/fpv4-sp/hard/crtbegin.o
                [!provide]                        PROVIDE (__fini_array_end = .)
                0x000000000800171c                . = ALIGN (0x4)
                0x000000000800171c                _sidata = LOADADDR (.data)

.data           0x0000000020000000       0x3c load address 0x000000000800171c
                0x0000000020000000                . = ALIGN (0x4)
                0x0000000020000000                _sdata = .
 *(.data)
 *(.data*)
 .data.Txdata   0x0000000020000000       0x39 Src/015MasterArduinoSlaveSTMSendReceive4byte.o
                0x0000000020000000                Txdata
                0x000000002000003c                . = ALIGN (0x4)
 *fill*         0x0000000020000039        0x3 
                0x000000002000003c                _edata = .

.igot.plt       0x000000002000003c        0x0 load address 0x0000000008001758
 .igot.plt      0x000000002000003c        0x0 c:/st/stm32cubeide_1.2.0/stm32cubeide/plugins/com.st.stm32cube.ide.mcu.externaltools.gnu-tools-for-stm32.7-2018-q2-update.win32_1.0.0.201904181610/tools/bin/../lib/gcc/arm-none-eabi/7.3.1/thumb/v7e-m/fpv4-sp/hard/crtbegin.o
                0x000000002000003c                . = ALIGN (0x4)

.bss            0x000000002000003c       0x40 load address 0x0000000008001758
                0x000000002000003c                _sbss = .
                0x000000002000003c                __bss_start__ = _sbss
 *(.bss)
 .bss           0x000000002000003c       0x1c c:/st/stm32cubeide_1.2.0/stm32cubeide/plugins/com.st.stm32cube.ide.mcu.externaltools.gnu-tools-for-stm32.7-2018-q2-update.win32_1.0.0.201904181610/tools/bin/../lib/gcc/arm-none-eabi/7.3.1/thumb/v7e-m/fpv4-sp/hard/crtbegin.o
 *(.bss*)
 .bss.commandCode
                0x0000000020000058        0x1 Src/015MasterArduinoSlaveSTMSendReceive4byte.o
                0x0000000020000058                commandCode
 .bss.counter.7341
                0x0000000020000059        0x1 Src/015MasterArduinoSlaveSTMSendReceive4byte.o
 .bss.write_byte.7342
                0x000000002000005a        0x1 Src/015MasterArduinoSlaveSTMSendReceive4byte.o
 *(COMMON)
 *fill*         0x000000002000005b        0x1 
 COMMON         0x000000002000005c       0x20 Src/015MasterArduinoSlaveSTMSendReceive4byte.o
                0x000000002000005c                I2C_Handler
                0x000000002000007c                . = ALIGN (0x4)
                0x000000002000007c                _ebss = .
                0x000000002000007c                __bss_end__ = _ebss

._user_heap_stack
                0x000000002000007c      0x604 load address 0x0000000008001758
                0x0000000020000080                . = ALIGN (0x8)
 *fill*         0x000000002000007c        0x4 
                0x0000000020000080                PROVIDE (end = .)
                [!provide]                        PROVIDE (_end = .)
                0x0000000020000280                . = (. + _Min_Heap_Size)
 *fill*         0x0000000020000080      0x200 
                0x0000000020000680                . = (. + _Min_Stack_Size)
 *fill*         0x0000000020000280      0x400 
                0x0000000020000680                . = ALIGN (0x8)

/DISCARD/
 libc.a(*)
 libm.a(*)
 libgcc.a(*)

.ARM.attributes
                0x0000000000000000       0x30
 *(.ARM.attributes)
 .ARM.attributes
                0x0000000000000000       0x22 c:/st/stm32cubeide_1.2.0/stm32cubeide/plugins/com.st.stm32cube.ide.mcu.externaltools.gnu-tools-for-stm32.7-2018-q2-update.win32_1.0.0.201904181610/tools/bin/../lib/gcc/arm-none-eabi/7.3.1/thumb/v7e-m/fpv4-sp/hard/crti.o
 .ARM.attributes
                0x0000000000000022       0x34 c:/st/stm32cubeide_1.2.0/stm32cubeide/plugins/com.st.stm32cube.ide.mcu.externaltools.gnu-tools-for-stm32.7-2018-q2-update.win32_1.0.0.201904181610/tools/bin/../lib/gcc/arm-none-eabi/7.3.1/thumb/v7e-m/fpv4-sp/hard/crtbegin.o
 .ARM.attributes
                0x0000000000000056       0x39 Src/015MasterArduinoSlaveSTMSendReceive4byte.o
 .ARM.attributes
                0x000000000000008f       0x21 Startup/startup_stm32f407vgtx.o
 .ARM.attributes
                0x00000000000000b0       0x39 drivers/Src/STM32F407xx_I2C_Driver.o
 .ARM.attributes
                0x00000000000000e9       0x39 drivers/Src/gpio_driver.o
 .ARM.attributes
                0x0000000000000122       0x34 c:/st/stm32cubeide_1.2.0/stm32cubeide/plugins/com.st.stm32cube.ide.mcu.externaltools.gnu-tools-for-stm32.7-2018-q2-update.win32_1.0.0.201904181610/tools/bin/../lib/gcc/arm-none-eabi/7.3.1/../../../../arm-none-eabi/lib/thumb/v7e-m/fpv4-sp/hard\libc_nano.a(lib_a-init.o)
 .ARM.attributes
                0x0000000000000156       0x34 c:/st/stm32cubeide_1.2.0/stm32cubeide/plugins/com.st.stm32cube.ide.mcu.externaltools.gnu-tools-for-stm32.7-2018-q2-update.win32_1.0.0.201904181610/tools/bin/../lib/gcc/arm-none-eabi/7.3.1/../../../../arm-none-eabi/lib/thumb/v7e-m/fpv4-sp/hard\libc_nano.a(lib_a-memset.o)
 .ARM.attributes
                0x000000000000018a       0x1b c:/st/stm32cubeide_1.2.0/stm32cubeide/plugins/com.st.stm32cube.ide.mcu.externaltools.gnu-tools-for-stm32.7-2018-q2-update.win32_1.0.0.201904181610/tools/bin/../lib/gcc/arm-none-eabi/7.3.1/../../../../arm-none-eabi/lib/thumb/v7e-m/fpv4-sp/hard\libc_nano.a(lib_a-strlen.o)
 .ARM.attributes
                0x00000000000001a5       0x22 c:/st/stm32cubeide_1.2.0/stm32cubeide/plugins/com.st.stm32cube.ide.mcu.externaltools.gnu-tools-for-stm32.7-2018-q2-update.win32_1.0.0.201904181610/tools/bin/../lib/gcc/arm-none-eabi/7.3.1/thumb/v7e-m/fpv4-sp/hard/crtn.o
OUTPUT(STM32F407xx_Drivers.elf elf32-littlearm)

.debug_info     0x0000000000000000     0x307a
 .debug_info    0x0000000000000000      0xd08 Src/015MasterArduinoSlaveSTMSendReceive4byte.o
 .debug_info    0x0000000000000d08       0x22 Startup/startup_stm32f407vgtx.o
 .debug_info    0x0000000000000d2a     0x1451 drivers/Src/STM32F407xx_I2C_Driver.o
 .debug_info    0x000000000000217b      0xeff drivers/Src/gpio_driver.o

.debug_abbrev   0x0000000000000000      0x72a
 .debug_abbrev  0x0000000000000000      0x20c Src/015MasterArduinoSlaveSTMSendReceive4byte.o
 .debug_abbrev  0x000000000000020c       0x12 Startup/startup_stm32f407vgtx.o
 .debug_abbrev  0x000000000000021e      0x2d3 drivers/Src/STM32F407xx_I2C_Driver.o
 .debug_abbrev  0x00000000000004f1      0x239 drivers/Src/gpio_driver.o

.debug_aranges  0x0000000000000000      0x208
 .debug_aranges
                0x0000000000000000       0x58 Src/015MasterArduinoSlaveSTMSendReceive4byte.o
 .debug_aranges
                0x0000000000000058       0x28 Startup/startup_stm32f407vgtx.o
 .debug_aranges
                0x0000000000000080      0x118 drivers/Src/STM32F407xx_I2C_Driver.o
 .debug_aranges
                0x0000000000000198       0x70 drivers/Src/gpio_driver.o

.debug_ranges   0x0000000000000000      0x1d0
 .debug_ranges  0x0000000000000000       0x48 Src/015MasterArduinoSlaveSTMSendReceive4byte.o
 .debug_ranges  0x0000000000000048       0x20 Startup/startup_stm32f407vgtx.o
 .debug_ranges  0x0000000000000068      0x108 drivers/Src/STM32F407xx_I2C_Driver.o
 .debug_ranges  0x0000000000000170       0x60 drivers/Src/gpio_driver.o

.debug_macro    0x0000000000000000     0x2d5f
 .debug_macro   0x0000000000000000      0x26f Src/015MasterArduinoSlaveSTMSendReceive4byte.o
 .debug_macro   0x000000000000026f      0xa66 Src/015MasterArduinoSlaveSTMSendReceive4byte.o
 .debug_macro   0x0000000000000cd5       0x22 Src/015MasterArduinoSlaveSTMSendReceive4byte.o
 .debug_macro   0x0000000000000cf7       0x8e Src/015MasterArduinoSlaveSTMSendReceive4byte.o
 .debug_macro   0x0000000000000d85       0x51 Src/015MasterArduinoSlaveSTMSendReceive4byte.o
 .debug_macro   0x0000000000000dd6       0xef Src/015MasterArduinoSlaveSTMSendReceive4byte.o
 .debug_macro   0x0000000000000ec5       0x6a Src/015MasterArduinoSlaveSTMSendReceive4byte.o
 .debug_macro   0x0000000000000f2f      0x1df Src/015MasterArduinoSlaveSTMSendReceive4byte.o
 .debug_macro   0x000000000000110e       0x46 Src/015MasterArduinoSlaveSTMSendReceive4byte.o
 .debug_macro   0x0000000000001154       0x18 Src/015MasterArduinoSlaveSTMSendReceive4byte.o
 .debug_macro   0x000000000000116c       0x3c Src/015MasterArduinoSlaveSTMSendReceive4byte.o
 .debug_macro   0x00000000000011a8       0x34 Src/015MasterArduinoSlaveSTMSendReceive4byte.o
 .debug_macro   0x00000000000011dc      0x174 Src/015MasterArduinoSlaveSTMSendReceive4byte.o
 .debug_macro   0x0000000000001350       0x52 Src/015MasterArduinoSlaveSTMSendReceive4byte.o
 .debug_macro   0x00000000000013a2       0x1f Src/015MasterArduinoSlaveSTMSendReceive4byte.o
 .debug_macro   0x00000000000013c1       0x43 Src/015MasterArduinoSlaveSTMSendReceive4byte.o
 .debug_macro   0x0000000000001404       0x20 Src/015MasterArduinoSlaveSTMSendReceive4byte.o
 .debug_macro   0x0000000000001424      0x1a3 Src/015MasterArduinoSlaveSTMSendReceive4byte.o
 .debug_macro   0x00000000000015c7      0x330 Src/015MasterArduinoSlaveSTMSendReceive4byte.o
 .debug_macro   0x00000000000018f7       0x10 Src/015MasterArduinoSlaveSTMSendReceive4byte.o
 .debug_macro   0x0000000000001907       0x35 Src/015MasterArduinoSlaveSTMSendReceive4byte.o
 .debug_macro   0x000000000000193c       0x20 Src/015MasterArduinoSlaveSTMSendReceive4byte.o
 .debug_macro   0x000000000000195c       0x16 Src/015MasterArduinoSlaveSTMSendReceive4byte.o
 .debug_macro   0x0000000000001972       0x16 Src/015MasterArduinoSlaveSTMSendReceive4byte.o
 .debug_macro   0x0000000000001988       0x29 Src/015MasterArduinoSlaveSTMSendReceive4byte.o
 .debug_macro   0x00000000000019b1      0x813 Src/015MasterArduinoSlaveSTMSendReceive4byte.o
 .debug_macro   0x00000000000021c4      0x15c Src/015MasterArduinoSlaveSTMSendReceive4byte.o
 .debug_macro   0x0000000000002320       0xdc Src/015MasterArduinoSlaveSTMSendReceive4byte.o
 .debug_macro   0x00000000000023fc      0x130 Src/015MasterArduinoSlaveSTMSendReceive4byte.o
 .debug_macro   0x000000000000252c       0x1c Src/015MasterArduinoSlaveSTMSendReceive4byte.o
 .debug_macro   0x0000000000002548       0x10 Src/015MasterArduinoSlaveSTMSendReceive4byte.o
 .debug_macro   0x0000000000002558       0x10 Src/015MasterArduinoSlaveSTMSendReceive4byte.o
 .debug_macro   0x0000000000002568       0x1c Src/015MasterArduinoSlaveSTMSendReceive4byte.o
 .debug_macro   0x0000000000002584       0x52 Src/015MasterArduinoSlaveSTMSendReceive4byte.o
 .debug_macro   0x00000000000025d6       0x40 Src/015MasterArduinoSlaveSTMSendReceive4byte.o
 .debug_macro   0x0000000000002616       0x10 Src/015MasterArduinoSlaveSTMSendReceive4byte.o
 .debug_macro   0x0000000000002626       0x40 Src/015MasterArduinoSlaveSTMSendReceive4byte.o
 .debug_macro   0x0000000000002666       0xd7 Src/015MasterArduinoSlaveSTMSendReceive4byte.o
 .debug_macro   0x000000000000273d       0x1c Src/015MasterArduinoSlaveSTMSendReceive4byte.o
 .debug_macro   0x0000000000002759       0x3d Src/015MasterArduinoSlaveSTMSendReceive4byte.o
 .debug_macro   0x0000000000002796       0x16 Src/015MasterArduinoSlaveSTMSendReceive4byte.o
 .debug_macro   0x00000000000027ac      0x145 Src/015MasterArduinoSlaveSTMSendReceive4byte.o
 .debug_macro   0x00000000000028f1      0x1a2 drivers/Src/STM32F407xx_I2C_Driver.o
 .debug_macro   0x0000000000002a93      0x12a drivers/Src/STM32F407xx_I2C_Driver.o
 .debug_macro   0x0000000000002bbd      0x1a2 drivers/Src/gpio_driver.o

.debug_line     0x0000000000000000     0x1af1
 .debug_line    0x0000000000000000      0x73b Src/015MasterArduinoSlaveSTMSendReceive4byte.o
 .debug_line    0x000000000000073b       0x84 Startup/startup_stm32f407vgtx.o
 .debug_line    0x00000000000007bf      0xa81 drivers/Src/STM32F407xx_I2C_Driver.o
 .debug_line    0x0000000000001240      0x8b1 drivers/Src/gpio_driver.o

.debug_str      0x0000000000000000     0xc1ed
 .debug_str     0x0000000000000000     0xbc15 Src/015MasterArduinoSlaveSTMSendReceive4byte.o
                                       0xbe8c (size before relaxing)
 .debug_str     0x000000000000bc15       0x31 Startup/startup_stm32f407vgtx.o
                                         0x77 (size before relaxing)
 .debug_str     0x000000000000bc46      0x433 drivers/Src/STM32F407xx_I2C_Driver.o
                                       0xaf3b (size before relaxing)
 .debug_str     0x000000000000c079      0x174 drivers/Src/gpio_driver.o
                                       0xad8e (size before relaxing)

.comment        0x0000000000000000       0x7b
 .comment       0x0000000000000000       0x7b Src/015MasterArduinoSlaveSTMSendReceive4byte.o
                                         0x7c (size before relaxing)
 .comment       0x000000000000007b       0x7c drivers/Src/STM32F407xx_I2C_Driver.o
 .comment       0x000000000000007b       0x7c drivers/Src/gpio_driver.o

.debug_frame    0x0000000000000000      0x820
 .debug_frame   0x0000000000000000      0x124 Src/015MasterArduinoSlaveSTMSendReceive4byte.o
 .debug_frame   0x0000000000000124      0x4e4 drivers/Src/STM32F407xx_I2C_Driver.o
 .debug_frame   0x0000000000000608      0x1cc drivers/Src/gpio_driver.o
 .debug_frame   0x00000000000007d4       0x2c c:/st/stm32cubeide_1.2.0/stm32cubeide/plugins/com.st.stm32cube.ide.mcu.externaltools.gnu-tools-for-stm32.7-2018-q2-update.win32_1.0.0.201904181610/tools/bin/../lib/gcc/arm-none-eabi/7.3.1/../../../../arm-none-eabi/lib/thumb/v7e-m/fpv4-sp/hard\libc_nano.a(lib_a-init.o)
 .debug_frame   0x0000000000000800       0x20 c:/st/stm32cubeide_1.2.0/stm32cubeide/plugins/com.st.stm32cube.ide.mcu.externaltools.gnu-tools-for-stm32.7-2018-q2-update.win32_1.0.0.201904181610/tools/bin/../lib/gcc/arm-none-eabi/7.3.1/../../../../arm-none-eabi/lib/thumb/v7e-m/fpv4-sp/hard\libc_nano.a(lib_a-memset.o)
