Archive member included to satisfy reference by file (symbol)

c:/st/stm32cubeide_1.2.0/stm32cubeide/plugins/com.st.stm32cube.ide.mcu.externaltools.gnu-tools-for-stm32.7-2018-q2-update.win32_1.0.0.201904181610/tools/bin/../lib/gcc/arm-none-eabi/7.3.1/../../../../arm-none-eabi/lib/thumb/v7e-m/fpv4-sp/hard\libc_nano.a(lib_a-errno.o)
                              Src/syscalls.o (__errno)
c:/st/stm32cubeide_1.2.0/stm32cubeide/plugins/com.st.stm32cube.ide.mcu.externaltools.gnu-tools-for-stm32.7-2018-q2-update.win32_1.0.0.201904181610/tools/bin/../lib/gcc/arm-none-eabi/7.3.1/../../../../arm-none-eabi/lib/thumb/v7e-m/fpv4-sp/hard\libc_nano.a(lib_a-exit.o)
                              c:/st/stm32cubeide_1.2.0/stm32cubeide/plugins/com.st.stm32cube.ide.mcu.externaltools.gnu-tools-for-stm32.7-2018-q2-update.win32_1.0.0.201904181610/tools/bin/../lib/gcc/arm-none-eabi/7.3.1/../../../../arm-none-eabi/lib/thumb/v7e-m/fpv4-sp/hard/crt0.o (exit)
c:/st/stm32cubeide_1.2.0/stm32cubeide/plugins/com.st.stm32cube.ide.mcu.externaltools.gnu-tools-for-stm32.7-2018-q2-update.win32_1.0.0.201904181610/tools/bin/../lib/gcc/arm-none-eabi/7.3.1/../../../../arm-none-eabi/lib/thumb/v7e-m/fpv4-sp/hard\libc_nano.a(lib_a-fclose.o)
                              Src/003LEDHandlingUsingSTM32Button.o (fclose)
c:/st/stm32cubeide_1.2.0/stm32cubeide/plugins/com.st.stm32cube.ide.mcu.externaltools.gnu-tools-for-stm32.7-2018-q2-update.win32_1.0.0.201904181610/tools/bin/../lib/gcc/arm-none-eabi/7.3.1/../../../../arm-none-eabi/lib/thumb/v7e-m/fpv4-sp/hard\libc_nano.a(lib_a-fflush.o)
                              c:/st/stm32cubeide_1.2.0/stm32cubeide/plugins/com.st.stm32cube.ide.mcu.externaltools.gnu-tools-for-stm32.7-2018-q2-update.win32_1.0.0.201904181610/tools/bin/../lib/gcc/arm-none-eabi/7.3.1/../../../../arm-none-eabi/lib/thumb/v7e-m/fpv4-sp/hard\libc_nano.a(lib_a-fclose.o) (__sflush_r)
c:/st/stm32cubeide_1.2.0/stm32cubeide/plugins/com.st.stm32cube.ide.mcu.externaltools.gnu-tools-for-stm32.7-2018-q2-update.win32_1.0.0.201904181610/tools/bin/../lib/gcc/arm-none-eabi/7.3.1/../../../../arm-none-eabi/lib/thumb/v7e-m/fpv4-sp/hard\libc_nano.a(lib_a-findfp.o)
                              c:/st/stm32cubeide_1.2.0/stm32cubeide/plugins/com.st.stm32cube.ide.mcu.externaltools.gnu-tools-for-stm32.7-2018-q2-update.win32_1.0.0.201904181610/tools/bin/../lib/gcc/arm-none-eabi/7.3.1/../../../../arm-none-eabi/lib/thumb/v7e-m/fpv4-sp/hard\libc_nano.a(lib_a-fclose.o) (__sinit)
c:/st/stm32cubeide_1.2.0/stm32cubeide/plugins/com.st.stm32cube.ide.mcu.externaltools.gnu-tools-for-stm32.7-2018-q2-update.win32_1.0.0.201904181610/tools/bin/../lib/gcc/arm-none-eabi/7.3.1/../../../../arm-none-eabi/lib/thumb/v7e-m/fpv4-sp/hard\libc_nano.a(lib_a-fopen.o)
                              Src/003LEDHandlingUsingSTM32Button.o (fopen)
c:/st/stm32cubeide_1.2.0/stm32cubeide/plugins/com.st.stm32cube.ide.mcu.externaltools.gnu-tools-for-stm32.7-2018-q2-update.win32_1.0.0.201904181610/tools/bin/../lib/gcc/arm-none-eabi/7.3.1/../../../../arm-none-eabi/lib/thumb/v7e-m/fpv4-sp/hard\libc_nano.a(lib_a-fseek.o)
                              c:/st/stm32cubeide_1.2.0/stm32cubeide/plugins/com.st.stm32cube.ide.mcu.externaltools.gnu-tools-for-stm32.7-2018-q2-update.win32_1.0.0.201904181610/tools/bin/../lib/gcc/arm-none-eabi/7.3.1/../../../../arm-none-eabi/lib/thumb/v7e-m/fpv4-sp/hard\libc_nano.a(lib_a-fopen.o) (_fseek_r)
c:/st/stm32cubeide_1.2.0/stm32cubeide/plugins/com.st.stm32cube.ide.mcu.externaltools.gnu-tools-for-stm32.7-2018-q2-update.win32_1.0.0.201904181610/tools/bin/../lib/gcc/arm-none-eabi/7.3.1/../../../../arm-none-eabi/lib/thumb/v7e-m/fpv4-sp/hard\libc_nano.a(lib_a-fseeko.o)
                              c:/st/stm32cubeide_1.2.0/stm32cubeide/plugins/com.st.stm32cube.ide.mcu.externaltools.gnu-tools-for-stm32.7-2018-q2-update.win32_1.0.0.201904181610/tools/bin/../lib/gcc/arm-none-eabi/7.3.1/../../../../arm-none-eabi/lib/thumb/v7e-m/fpv4-sp/hard\libc_nano.a(lib_a-fseek.o) (_fseeko_r)
c:/st/stm32cubeide_1.2.0/stm32cubeide/plugins/com.st.stm32cube.ide.mcu.externaltools.gnu-tools-for-stm32.7-2018-q2-update.win32_1.0.0.201904181610/tools/bin/../lib/gcc/arm-none-eabi/7.3.1/../../../../arm-none-eabi/lib/thumb/v7e-m/fpv4-sp/hard\libc_nano.a(lib_a-fwalk.o)
                              c:/st/stm32cubeide_1.2.0/stm32cubeide/plugins/com.st.stm32cube.ide.mcu.externaltools.gnu-tools-for-stm32.7-2018-q2-update.win32_1.0.0.201904181610/tools/bin/../lib/gcc/arm-none-eabi/7.3.1/../../../../arm-none-eabi/lib/thumb/v7e-m/fpv4-sp/hard\libc_nano.a(lib_a-findfp.o) (_fwalk)
c:/st/stm32cubeide_1.2.0/stm32cubeide/plugins/com.st.stm32cube.ide.mcu.externaltools.gnu-tools-for-stm32.7-2018-q2-update.win32_1.0.0.201904181610/tools/bin/../lib/gcc/arm-none-eabi/7.3.1/../../../../arm-none-eabi/lib/thumb/v7e-m/fpv4-sp/hard\libc_nano.a(lib_a-fwrite.o)
                              Src/003LEDHandlingUsingSTM32Button.o (fwrite)
[...]
Memory Configuration

Name             Origin             Length             Attributes
RAM              0x0000000020000000 0x0000000000020000 xrw
ROM              0x0000000008000000 0x0000000000100000 xr
*default*        0x0000000000000000 0xffffffffffffffff

Linker script and memory map

LOAD c:/st/stm32cubeide_1.2.0/stm32cubeide/plugins/com.st.stm32cube.ide.mcu.externaltools.gnu-tools-for-stm32.7-2018-q2-update.win32_1.0.0.201904181610/tools/bin/../lib/gcc/arm-none-eabi/7.3.1/thumb/v7e-m/fpv4-sp/hard/crti.o
LOAD c:/st/stm32cubeide_1.2.0/stm32cubeide/plugins/com.st.stm32cube.ide.mcu.externaltools.gnu-tools-for-stm32.7-2018-q2-update.win32_1.0.0.201904181610/tools/bin/../lib/gcc/arm-none-eabi/7.3.1/thumb/v7e-m/fpv4-sp/hard/crtbegin.o
LOAD c:/st/stm32cubeide_1.2.0/stm32cubeide/plugins/com.st.stm32cube.ide.mcu.externaltools.gnu-tools-for-stm32.7-2018-q2-update.win32_1.0.0.201904181610/tools/bin/../lib/gcc/arm-none-eabi/7.3.1/../../../../arm-none-eabi/lib/thumb/v7e-m/fpv4-sp/hard/crt0.o
LOAD Src/003LEDHandlingUsingSTM32Button.o
LOAD Src/syscalls.o
LOAD Src/sysmem.o
LOAD Startup/startup_stm32f407vgtx.o
LOAD drivers/Src/STM32F407xx_I2C_Driver.o
LOAD drivers/Src/STM32F407xx_SPI_Driver.o
LOAD drivers/Src/STM32F407xx_USART_UART_Driver.o
LOAD drivers/Src/gpio_driver.o
START GROUP
LOAD c:/st/stm32cubeide_1.2.0/stm32cubeide/plugins/com.st.stm32cube.ide.mcu.externaltools.gnu-tools-for-stm32.7-2018-q2-update.win32_1.0.0.201904181610/tools/bin/../lib/gcc/arm-none-eabi/7.3.1/../../../../arm-none-eabi/lib/thumb/v7e-m/fpv4-sp/hard\libc_nano.a
LOAD c:/st/stm32cubeide_1.2.0/stm32cubeide/plugins/com.st.stm32cube.ide.mcu.externaltools.gnu-tools-for-stm32.7-2018-q2-update.win32_1.0.0.201904181610/tools/bin/../lib/gcc/arm-none-eabi/7.3.1/../../../../arm-none-eabi/lib/thumb/v7e-m/fpv4-sp/hard\libm.a
END GROUP
START GROUP
LOAD c:/st/stm32cubeide_1.2.0/stm32cubeide/plugins/com.st.stm32cube.ide.mcu.externaltools.gnu-tools-for-stm32.7-2018-q2-update.win32_1.0.0.201904181610/tools/bin/../lib/gcc/arm-none-eabi/7.3.1/thumb/v7e-m/fpv4-sp/hard\libgcc.a
LOAD c:/st/stm32cubeide_1.2.0/stm32cubeide/plugins/com.st.stm32cube.ide.mcu.externaltools.gnu-tools-for-stm32.7-2018-q2-update.win32_1.0.0.201904181610/tools/bin/../lib/gcc/arm-none-eabi/7.3.1/../../../../arm-none-eabi/lib/thumb/v7e-m/fpv4-sp/hard\libc_nano.a
END GROUP
START GROUP
LOAD c:/st/stm32cubeide_1.2.0/stm32cubeide/plugins/com.st.stm32cube.ide.mcu.externaltools.gnu-tools-for-stm32.7-2018-q2-update.win32_1.0.0.201904181610/tools/bin/../lib/gcc/arm-none-eabi/7.3.1/thumb/v7e-m/fpv4-sp/hard\libgcc.a
LOAD c:/st/stm32cubeide_1.2.0/stm32cubeide/plugins/com.st.stm32cube.ide.mcu.externaltools.gnu-tools-for-stm32.7-2018-q2-update.win32_1.0.0.201904181610/tools/bin/../lib/gcc/arm-none-eabi/7.3.1/../../../../arm-none-eabi/lib/thumb/v7e-m/fpv4-sp/hard\libc_nano.a
LOAD c:/st/stm32cubeide_1.2.0/stm32cubeide/plugins/com.st.stm32cube.ide.mcu.externaltools.gnu-tools-for-stm32.7-2018-q2-update.win32_1.0.0.201904181610/tools/bin/../lib/gcc/arm-none-eabi/7.3.1/../../../../arm-none-eabi/lib/thumb/v7e-m/fpv4-sp/hard\libnosys.a
END GROUP
START GROUP
LOAD c:/st/stm32cubeide_1.2.0/stm32cubeide/plugins/com.st.stm32cube.ide.mcu.externaltools.gnu-tools-for-stm32.7-2018-q2-update.win32_1.0.0.201904181610/tools/bin/../lib/gcc/arm-none-eabi/7.3.1/thumb/v7e-m/fpv4-sp/hard\libgcc.a
LOAD c:/st/stm32cubeide_1.2.0/stm32cubeide/plugins/com.st.stm32cube.ide.mcu.externaltools.gnu-tools-for-stm32.7-2018-q2-update.win32_1.0.0.201904181610/tools/bin/../lib/gcc/arm-none-eabi/7.3.1/../../../../arm-none-eabi/lib/thumb/v7e-m/fpv4-sp/hard\libc_nano.a
LOAD c:/st/stm32cubeide_1.2.0/stm32cubeide/plugins/com.st.stm32cube.ide.mcu.externaltools.gnu-tools-for-stm32.7-2018-q2-update.win32_1.0.0.201904181610/tools/bin/../lib/gcc/arm-none-eabi/7.3.1/../../../../arm-none-eabi/lib/thumb/v7e-m/fpv4-sp/hard\libnosys.a
END GROUP
LOAD c:/st/stm32cubeide_1.2.0/stm32cubeide/plugins/com.st.stm32cube.ide.mcu.externaltools.gnu-tools-for-stm32.7-2018-q2-update.win32_1.0.0.201904181610/tools/bin/../lib/gcc/arm-none-eabi/7.3.1/thumb/v7e-m/fpv4-sp/hard/crtend.o
LOAD c:/st/stm32cubeide_1.2.0/stm32cubeide/plugins/com.st.stm32cube.ide.mcu.externaltools.gnu-tools-for-stm32.7-2018-q2-update.win32_1.0.0.201904181610/tools/bin/../lib/gcc/arm-none-eabi/7.3.1/thumb/v7e-m/fpv4-sp/hard/crtn.o
                0x0000000020020000                _estack = (ORIGIN (RAM) + LENGTH (RAM))
                0x0000000000000200                _Min_Heap_Size = 0x200
                0x0000000000000400                _Min_Stack_Size = 0x400

.isr_vector     0x0000000008000000      0x1a8
                0x0000000008000000                . = ALIGN (0x4)
 *(.isr_vector)
 .isr_vector    0x0000000008000000      0x1a8 Startup/startup_stm32f407vgtx.o
                0x0000000008000000                g_pfnVectors
                0x00000000080001a8                . = ALIGN (0x4)

.text           0x00000000080001a8     0x13f0
                0x00000000080001a8                . = ALIGN (0x4)
 *(.text)
 .text          0x00000000080001a8       0x40 c:/st/stm32cubeide_1.2.0/stm32cubeide/plugins/com.st.stm32cube.ide.mcu.externaltools.gnu-tools-for-stm32.7-2018-q2-update.win32_1.0.0.201904181610/tools/bin/../lib/gcc/arm-none-eabi/7.3.1/thumb/v7e-m/fpv4-sp/hard/crtbegin.o
 *(.text*)
 .text.LEDEnable
                0x00000000080001e8       0x40 Src/003LEDHandlingUsingSTM32Button.o
                0x00000000080001e8                LEDEnable
 .text.ButtonEnable
                0x0000000008000228       0x34 Src/003LEDHandlingUsingSTM32Button.o
                0x0000000008000228                ButtonEnable
 .text.main     0x000000000800025c       0x88 Src/003LEDHandlingUsingSTM32Button.o
                0x000000000800025c                main
 .text._read    0x00000000080002e4       0x3a Src/syscalls.o
                0x00000000080002e4                _read
 .text._write   0x000000000800031e       0x38 Src/syscalls.o
                0x000000000800031e                _write
 .text._close   0x0000000008000356       0x18 Src/syscalls.o
                0x0000000008000356                _close
 .text._fstat   0x000000000800036e       0x20 Src/syscalls.o
                0x000000000800036e                _fstat
 .text._isatty  0x000000000800038e       0x16 Src/syscalls.o
                0x000000000800038e                _isatty
 .text._lseek   0x00000000080003a4       0x1a Src/syscalls.o
                0x00000000080003a4                _lseek
 .text._open    0x00000000080003be       0x1c Src/syscalls.o
                0x00000000080003be                _open
 *fill*         0x00000000080003da        0x2 
 .text._sbrk    0x00000000080003dc       0x58 Src/sysmem.o
                0x00000000080003dc                _sbrk
 .text.Reset_Handler
                0x0000000008000434       0x50 Startup/startup_stm32f407vgtx.o
                0x0000000008000434                Reset_Handler
 .text.Default_Handler
                0x0000000008000484        0x2 Startup/startup_stm32f407vgtx.o
                0x0000000008000484                RTC_Alarm_IRQHandler
                0x0000000008000484                HASH_RNG_IRQHandler
                0x0000000008000484                EXTI2_IRQHandler
                0x0000000008000484                TIM8_CC_IRQHandler
                0x0000000008000484                DebugMon_Handler
                0x0000000008000484                TIM1_CC_IRQHandler
                0x0000000008000484                DMA2_Stream5_IRQHandler
                0x0000000008000484                HardFault_Handler
                0x0000000008000484                DMA1_Stream5_IRQHandler
                0x0000000008000484                SysTick_Handler
                0x0000000008000484                PVD_IRQHandler
                0x0000000008000484                SDIO_IRQHandler
                0x0000000008000484                TAMP_STAMP_IRQHandler
                0x0000000008000484                PendSV_Handler
                0x0000000008000484                NMI_Handler
                0x0000000008000484                CAN2_RX1_IRQHandler
                0x0000000008000484                EXTI3_IRQHandler
                0x0000000008000484                TIM8_TRG_COM_TIM14_IRQHandler
                0x0000000008000484                TIM1_UP_TIM10_IRQHandler
                0x0000000008000484                TIM8_UP_TIM13_IRQHandler
                0x0000000008000484                I2C3_ER_IRQHandler
                0x0000000008000484                LCD_TFT_IRQHandler
                0x0000000008000484                EXTI0_IRQHandler
                0x0000000008000484                I2C2_EV_IRQHandler
                0x0000000008000484                DMA1_Stream2_IRQHandler
                0x0000000008000484                CAN1_RX0_IRQHandler
                0x0000000008000484                FPU_IRQHandler
                0x0000000008000484                OTG_HS_WKUP_IRQHandler
                0x0000000008000484                UsageFault_Handler
                0x0000000008000484                CAN2_SCE_IRQHandler
                0x0000000008000484                DMA2_Stream2_IRQHandler
                0x0000000008000484                SPI1_IRQHandler
                0x0000000008000484                TIM6_DAC_IRQHandler
                0x0000000008000484                TIM1_BRK_TIM9_IRQHandler
                0x0000000008000484                DCMI_IRQHandler
                0x0000000008000484                CAN2_RX0_IRQHandler
                0x0000000008000484                DMA2_Stream3_IRQHandler
                0x0000000008000484                USART6_IRQHandler
                0x0000000008000484                USART3_IRQHandler
                0x0000000008000484                CRYP_IRQHandler
                0x0000000008000484                CAN1_RX1_IRQHandler
                0x0000000008000484                UART5_IRQHandler
                0x0000000008000484                DMA2_Stream0_IRQHandler
                0x0000000008000484                TIM4_IRQHandler
                0x0000000008000484                I2C1_EV_IRQHandler
                0x0000000008000484                DMA1_Stream6_IRQHandler
                0x0000000008000484                DMA1_Stream1_IRQHandler
                0x0000000008000484                UART4_IRQHandler
                0x0000000008000484                LCD_TFT_1_IRQHandler
                0x0000000008000484                TIM3_IRQHandler
                0x0000000008000484                RCC_IRQHandler
                0x0000000008000484                TIM8_BRK_TIM12_IRQHandler
                0x0000000008000484                Default_Handler
                0x0000000008000484                EXTI15_10_IRQHandler
                0x0000000008000484                ADC_IRQHandler
                0x0000000008000484                DMA1_Stream7_IRQHandler
                0x0000000008000484                TIM7_IRQHandler
                0x0000000008000484                CAN2_TX_IRQHandler
                0x0000000008000484                TIM5_IRQHandler
                0x0000000008000484                DMA2_Stream7_IRQHandler
                0x0000000008000484                I2C3_EV_IRQHandler
                0x0000000008000484                EXTI9_5_IRQHandler
                0x0000000008000484                RTC_WKUP_IRQHandler
                0x0000000008000484                ETH_WKUP_IRQHandler
                0x0000000008000484                SPI2_IRQHandler
                0x0000000008000484                OTG_HS_EP1_IN_IRQHandler
                0x0000000008000484                MemManage_Handler
                0x0000000008000484                DMA1_Stream0_IRQHandler
                0x0000000008000484                CAN1_TX_IRQHandler
                0x0000000008000484                SVC_Handler
                0x0000000008000484                EXTI4_IRQHandler
                0x0000000008000484                FSMC_IRQHandler
                0x0000000008000484                ETH_IRQHandler
                0x0000000008000484                OTG_HS_EP1_OUT_IRQHandler
                0x0000000008000484                WWDG_IRQHandler
                0x0000000008000484                TIM2_IRQHandler
                0x0000000008000484                OTG_FS_WKUP_IRQHandler
                0x0000000008000484                TIM1_TRG_COM_TIM11_IRQHandler
                0x0000000008000484                OTG_HS_IRQHandler
                0x0000000008000484                EXTI1_IRQHandler
                0x0000000008000484                USART2_IRQHandler
                0x0000000008000484                I2C2_ER_IRQHandler
                0x0000000008000484                DMA2_Stream1_IRQHandler
                0x0000000008000484                CAN1_SCE_IRQHandler
                0x0000000008000484                DMA2_Stream4_IRQHandler
                0x0000000008000484                BusFault_Handler
                0x0000000008000484                USART1_IRQHandler
                0x0000000008000484                OTG_FS_IRQHandler
                0x0000000008000484                SPI3_IRQHandler
                0x0000000008000484                DMA1_Stream4_IRQHandler
                0x0000000008000484                I2C1_ER_IRQHandler
                0x0000000008000484                DMA2_Stream6_IRQHandler
                0x0000000008000484                DMA1_Stream3_IRQHandler
 *fill*         0x0000000008000486        0x2 
 .text.GPIO_PeriClkCtrl
                0x0000000008000488      0x21c drivers/Src/gpio_driver.o
                0x0000000008000488                GPIO_PeriClkCtrl
 .text.GPIO_Init
                0x00000000080006a4      0x25c drivers/Src/gpio_driver.o
                0x00000000080006a4                GPIO_Init
 .text.GPIO_ReadFromInputPin
                0x0000000008000900       0x2c drivers/Src/gpio_driver.o
                0x0000000008000900                GPIO_ReadFromInputPin
 .text.GPIO_WriteToOutputPin
                0x000000000800092c       0x34 drivers/Src/gpio_driver.o
                0x000000000800092c                GPIO_WriteToOutputPin
 .text.__errno  0x0000000008000960        0xc c:/st/stm32cubeide_1.2.0/stm32cubeide/plugins/com.st.stm32cube.ide.mcu.externaltools.gnu-tools-for-stm32.7-2018-q2-update.win32_1.0.0.201904181610/tools/bin/../lib/gcc/arm-none-eabi/7.3.1/../../../../arm-none-eabi/lib/thumb/v7e-m/fpv4-sp/hard\libc_nano.a(lib_a-errno.o)
                0x0000000008000960                __errno
 .text._fclose_r
                0x000000000800096c       0xa4 c:/st/stm32cubeide_1.2.0/stm32cubeide/plugins/com.st.stm32cube.ide.mcu.externaltools.gnu-tools-for-stm32.7-2018-q2-update.win32_1.0.0.201904181610/tools/bin/../lib/gcc/arm-none-eabi/7.3.1/../../../../arm-none-eabi/lib/thumb/v7e-m/fpv4-sp/hard\libc_nano.a(lib_a-fclose.o)
                0x000000000800096c                _fclose_r
 .text.fclose   0x0000000008000a10       0x10 c:/st/stm32cubeide_1.2.0/stm32cubeide/plugins/com.st.stm32cube.ide.mcu.externaltools.gnu-tools-for-stm32.7-2018-q2-update.win32_1.0.0.201904181610/tools/bin/../lib/gcc/arm-none-eabi/7.3.1/../../../../arm-none-eabi/lib/thumb/v7e-m/fpv4-sp/hard\libc_nano.a(lib_a-fclose.o)
                0x0000000008000a10                fclose
 .text.__sflush_r
                0x0000000008000a20      0x10c c:/st/stm32cubeide_1.2.0/stm32cubeide/plugins/com.st.stm32cube.ide.mcu.externaltools.gnu-tools-for-stm32.7-2018-q2-update.win32_1.0.0.201904181610/tools/bin/../lib/gcc/arm-none-eabi/7.3.1/../../../../arm-none-eabi/lib/thumb/v7e-m/fpv4-sp/hard\libc_nano.a(lib_a-fflush.o)
                0x0000000008000a20                __sflush_r
 .text._fflush_r
                0x0000000008000b2c       0x54 c:/st/stm32cubeide_1.2.0/stm32cubeide/plugins/com.st.stm32cube.ide.mcu.externaltools.gnu-tools-for-stm32.7-2018-q2-update.win32_1.0.0.201904181610/tools/bin/../lib/gcc/arm-none-eabi/7.3.1/../../../../arm-none-eabi/lib/thumb/v7e-m/fpv4-sp/hard\libc_nano.a(lib_a-fflush.o)
                0x0000000008000b2c                _fflush_r
 .text.std      0x0000000008000b80       0x48 c:/st/stm32cubeide_1.2.0/stm32cubeide/plugins/com.st.stm32cube.ide.mcu.externaltools.gnu-tools-for-stm32.7-2018-q2-update.win32_1.0.0.201904181610/tools/bin/../lib/gcc/arm-none-eabi/7.3.1/../../../../arm-none-eabi/lib/thumb/v7e-m/fpv4-sp/hard\libc_nano.a(lib_a-findfp.o)
 .text._cleanup_r
                0x0000000008000bc8        0xc c:/st/stm32cubeide_1.2.0/stm32cubeide/plugins/com.st.stm32cube.ide.mcu.externaltools.gnu-tools-for-stm32.7-2018-q2-update.win32_1.0.0.201904181610/tools/bin/../lib/gcc/arm-none-eabi/7.3.1/../../../../arm-none-eabi/lib/thumb/v7e-m/fpv4-sp/hard\libc_nano.a(lib_a-findfp.o)
                0x0000000008000bc8                _cleanup_r
 .text.__sfmoreglue
                0x0000000008000bd4       0x2c c:/st/stm32cubeide_1.2.0/stm32cubeide/plugins/com.st.stm32cube.ide.mcu.externaltools.gnu-tools-for-stm32.7-2018-q2-update.win32_1.0.0.201904181610/tools/bin/../lib/gcc/arm-none-eabi/7.3.1/../../../../arm-none-eabi/lib/thumb/v7e-m/fpv4-sp/hard\libc_nano.a(lib_a-findfp.o)
                0x0000000008000bd4                __sfmoreglue
 .text.__sinit  0x0000000008000c00       0x60 c:/st/stm32cubeide_1.2.0/stm32cubeide/plugins/com.st.stm32cube.ide.mcu.externaltools.gnu-tools-for-stm32.7-2018-q2-update.win32_1.0.0.201904181610/tools/bin/../lib/gcc/arm-none-eabi/7.3.1/../../../../arm-none-eabi/lib/thumb/v7e-m/fpv4-sp/hard\libc_nano.a(lib_a-findfp.o)
                0x0000000008000c00                __sinit
 .text.__sfp    0x0000000008000c60       0x78 c:/st/stm32cubeide_1.2.0/stm32cubeide/plugins/com.st.stm32cube.ide.mcu.externaltools.gnu-tools-for-stm32.7-2018-q2-update.win32_1.0.0.201904181610/tools/bin/../lib/gcc/arm-none-eabi/7.3.1/../../../../arm-none-eabi/lib/thumb/v7e-m/fpv4-sp/hard\libc_nano.a(lib_a-findfp.o)
                0x0000000008000c60                __sfp
 .text.__sfp_lock_acquire
                0x0000000008000cd8        0x2 c:/st/stm32cubeide_1.2.0/stm32cubeide/plugins/com.st.stm32cube.ide.mcu.externaltools.gnu-tools-for-stm32.7-2018-q2-update.win32_1.0.0.201904181610/tools/bin/../lib/gcc/arm-none-eabi/7.3.1/../../../../arm-none-eabi/lib/thumb/v7e-m/fpv4-sp/hard\libc_nano.a(lib_a-findfp.o)
                0x0000000008000cd8                __sfp_lock_acquire
 .text.__sfp_lock_release
                0x0000000008000cda        0x2 c:/st/stm32cubeide_1.2.0/stm32cubeide/plugins/com.st.stm32cube.ide.mcu.externaltools.gnu-tools-for-stm32.7-2018-q2-update.win32_1.0.0.201904181610/tools/bin/../lib/gcc/arm-none-eabi/7.3.1/../../../../arm-none-eabi/lib/thumb/v7e-m/fpv4-sp/hard\libc_nano.a(lib_a-findfp.o)
                0x0000000008000cda                __sfp_lock_release
 .text._fopen_r
                0x0000000008000cdc       0x80 c:/st/stm32cubeide_1.2.0/stm32cubeide/plugins/com.st.stm32cube.ide.mcu.externaltools.gnu-tools-for-stm32.7-2018-q2-update.win32_1.0.0.201904181610/tools/bin/../lib/gcc/arm-none-eabi/7.3.1/../../../../arm-none-eabi/lib/thumb/v7e-m/fpv4-sp/hard\libc_nano.a(lib_a-fopen.o)
                0x0000000008000cdc                _fopen_r
 .text.fopen    0x0000000008000d5c       0x10 c:/st/stm32cubeide_1.2.0/stm32cubeide/plugins/com.st.stm32cube.ide.mcu.externaltools.gnu-tools-for-stm32.7-2018-q2-update.win32_1.0.0.201904181610/tools/bin/../lib/gcc/arm-none-eabi/7.3.1/../../../../arm-none-eabi/lib/thumb/v7e-m/fpv4-sp/hard\libc_nano.a(lib_a-fopen.o)
                0x0000000008000d5c                fopen
 .text._fseek_r
                0x0000000008000d6c        0x4 c:/st/stm32cubeide_1.2.0/stm32cubeide/plugins/com.st.stm32cube.ide.mcu.externaltools.gnu-tools-for-stm32.7-2018-q2-update.win32_1.0.0.201904181610/tools/bin/../lib/gcc/arm-none-eabi/7.3.1/../../../../arm-none-eabi/lib/thumb/v7e-m/fpv4-sp/hard\libc_nano.a(lib_a-fseek.o)
                0x0000000008000d6c                _fseek_r
 .text._fseeko_r
                0x0000000008000d70      0x120 c:/st/stm32cubeide_1.2.0/stm32cubeide/plugins/com.st.stm32cube.ide.mcu.externaltools.gnu-tools-for-stm32.7-2018-q2-update.win32_1.0.0.201904181610/tools/bin/../lib/gcc/arm-none-eabi/7.3.1/../../../../arm-none-eabi/lib/thumb/v7e-m/fpv4-sp/hard\libc_nano.a(lib_a-fseeko.o)
                0x0000000008000d70                _fseeko_r
 .text._fwalk_reent
                0x0000000008000e90       0x3c c:/st/stm32cubeide_1.2.0/stm32cubeide/plugins/com.st.stm32cube.ide.mcu.externaltools.gnu-tools-for-stm32.7-2018-q2-update.win32_1.0.0.201904181610/tools/bin/../lib/gcc/arm-none-eabi/7.3.1/../../../../arm-none-eabi/lib/thumb/v7e-m/fpv4-sp/hard\libc_nano.a(lib_a-fwalk.o)
                0x0000000008000e90                _fwalk_reent
 .text._fwrite_r
                0x0000000008000ecc       0x9c c:/st/stm32cubeide_1.2.0/stm32cubeide/plugins/com.st.stm32cube.ide.mcu.externaltools.gnu-tools-for-stm32.7-2018-q2-update.win32_1.0.0.201904181610/tools/bin/../lib/gcc/arm-none-eabi/7.3.1/../../../../arm-none-eabi/lib/thumb/v7e-m/fpv4-sp/hard\libc_nano.a(lib_a-fwrite.o)
                0x0000000008000ecc                _fwrite_r
 .text.fwrite   0x0000000008000f68       0x1c c:/st/stm32cubeide_1.2.0/stm32cubeide/plugins/com.st.stm32cube.ide.mcu.externaltools.gnu-tools-for-stm32.7-2018-q2-update.win32_1.0.0.201904181610/tools/bin/../lib/gcc/arm-none-eabi/7.3.1/../../../../arm-none-eabi/lib/thumb/v7e-m/fpv4-sp/hard\libc_nano.a(lib_a-fwrite.o)
                0x0000000008000f68                fwrite
 .text.__libc_init_array
                0x0000000008000f84       0x48 c:/st/stm32cubeide_1.2.0/stm32cubeide/plugins/com.st.stm32cube.ide.mcu.externaltools.gnu-tools-for-stm32.7-2018-q2-update.win32_1.0.0.201904181610/tools/bin/../lib/gcc/arm-none-eabi/7.3.1/../../../../arm-none-eabi/lib/thumb/v7e-m/fpv4-sp/hard\libc_nano.a(lib_a-init.o)
                0x0000000008000f84                __libc_init_array
 .text.__swhatbuf_r
                0x0000000008000fcc       0x48 c:/st/stm32cubeide_1.2.0/stm32cubeide/plugins/com.st.stm32cube.ide.mcu.externaltools.gnu-tools-for-stm32.7-2018-q2-update.win32_1.0.0.201904181610/tools/bin/../lib/gcc/arm-none-eabi/7.3.1/../../../../arm-none-eabi/lib/thumb/v7e-m/fpv4-sp/hard\libc_nano.a(lib_a-makebuf.o)
                0x0000000008000fcc                __swhatbuf_r
 .text.__smakebuf_r
                0x0000000008001014       0x80 c:/st/stm32cubeide_1.2.0/stm32cubeide/plugins/com.st.stm32cube.ide.mcu.externaltools.gnu-tools-for-stm32.7-2018-q2-update.win32_1.0.0.201904181610/tools/bin/../lib/gcc/arm-none-eabi/7.3.1/../../../../arm-none-eabi/lib/thumb/v7e-m/fpv4-sp/hard\libc_nano.a(lib_a-makebuf.o)
                0x0000000008001014                __smakebuf_r
 .text.memset   0x0000000008001094       0x10 c:/st/stm32cubeide_1.2.0/stm32cubeide/plugins/com.st.stm32cube.ide.mcu.externaltools.gnu-tools-for-stm32.7-2018-q2-update.win32_1.0.0.201904181610/tools/bin/../lib/gcc/arm-none-eabi/7.3.1/../../../../arm-none-eabi/lib/thumb/v7e-m/fpv4-sp/hard\libc_nano.a(lib_a-memset.o)
                0x0000000008001094                memset
 .text._free_r  0x00000000080010a4       0x9c c:/st/stm32cubeide_1.2.0/stm32cubeide/plugins/com.st.stm32cube.ide.mcu.externaltools.gnu-tools-for-stm32.7-2018-q2-update.win32_1.0.0.201904181610/tools/bin/../lib/gcc/arm-none-eabi/7.3.1/../../../../arm-none-eabi/lib/thumb/v7e-m/fpv4-sp/hard\libc_nano.a(lib_a-nano-freer.o)
                0x00000000080010a4                _free_r
 .text._malloc_r
                0x0000000008001140       0xb4 c:/st/stm32cubeide_1.2.0/stm32cubeide/plugins/com.st.stm32cube.ide.mcu.externaltools.gnu-tools-for-stm32.7-2018-q2-update.win32_1.0.0.201904181610/tools/bin/../lib/gcc/arm-none-eabi/7.3.1/../../../../arm-none-eabi/lib/thumb/v7e-m/fpv4-sp/hard\libc_nano.a(lib_a-nano-mallocr.o)
                0x0000000008001140                _malloc_r
 .text._open_r  0x00000000080011f4       0x24 c:/st/stm32cubeide_1.2.0/stm32cubeide/plugins/com.st.stm32cube.ide.mcu.externaltools.gnu-tools-for-stm32.7-2018-q2-update.win32_1.0.0.201904181610/tools/bin/../lib/gcc/arm-none-eabi/7.3.1/../../../../arm-none-eabi/lib/thumb/v7e-m/fpv4-sp/hard\libc_nano.a(lib_a-openr.o)
                0x00000000080011f4                _open_r
 .text._sbrk_r  0x0000000008001218       0x20 c:/st/stm32cubeide_1.2.0/stm32cubeide/plugins/com.st.stm32cube.ide.mcu.externaltools.gnu-tools-for-stm32.7-2018-q2-update.win32_1.0.0.201904181610/tools/bin/../lib/gcc/arm-none-eabi/7.3.1/../../../../arm-none-eabi/lib/thumb/v7e-m/fpv4-sp/hard\libc_nano.a(lib_a-sbrkr.o)
                0x0000000008001218                _sbrk_r
 .text.__sread  0x0000000008001238       0x22 c:/st/stm32cubeide_1.2.0/stm32cubeide/plugins/com.st.stm32cube.ide.mcu.externaltools.gnu-tools-for-stm32.7-2018-q2-update.win32_1.0.0.201904181610/tools/bin/../lib/gcc/arm-none-eabi/7.3.1/../../../../arm-none-eabi/lib/thumb/v7e-m/fpv4-sp/hard\libc_nano.a(lib_a-stdio.o)
                0x0000000008001238                __sread
 .text.__swrite
                0x000000000800125a       0x38 c:/st/stm32cubeide_1.2.0/stm32cubeide/plugins/com.st.stm32cube.ide.mcu.externaltools.gnu-tools-for-stm32.7-2018-q2-update.win32_1.0.0.201904181610/tools/bin/../lib/gcc/arm-none-eabi/7.3.1/../../../../arm-none-eabi/lib/thumb/v7e-m/fpv4-sp/hard\libc_nano.a(lib_a-stdio.o)
                0x000000000800125a                __swrite
 .text.__sseek  0x0000000008001292       0x24 c:/st/stm32cubeide_1.2.0/stm32cubeide/plugins/com.st.stm32cube.ide.mcu.externaltools.gnu-tools-for-stm32.7-2018-q2-update.win32_1.0.0.201904181610/tools/bin/../lib/gcc/arm-none-eabi/7.3.1/../../../../arm-none-eabi/lib/thumb/v7e-m/fpv4-sp/hard\libc_nano.a(lib_a-stdio.o)
                0x0000000008001292                __sseek
 .text.__sclose
                0x00000000080012b6        0x8 c:/st/stm32cubeide_1.2.0/stm32cubeide/plugins/com.st.stm32cube.ide.mcu.externaltools.gnu-tools-for-stm32.7-2018-q2-update.win32_1.0.0.201904181610/tools/bin/../lib/gcc/arm-none-eabi/7.3.1/../../../../arm-none-eabi/lib/thumb/v7e-m/fpv4-sp/hard\libc_nano.a(lib_a-stdio.o)
                0x00000000080012b6                __sclose
 *fill*         0x00000000080012be        0x2 
 .text.__swbuf_r
                0x00000000080012c0       0xa4 c:/st/stm32cubeide_1.2.0/stm32cubeide/plugins/com.st.stm32cube.ide.mcu.externaltools.gnu-tools-for-stm32.7-2018-q2-update.win32_1.0.0.201904181610/tools/bin/../lib/gcc/arm-none-eabi/7.3.1/../../../../arm-none-eabi/lib/thumb/v7e-m/fpv4-sp/hard\libc_nano.a(lib_a-wbuf.o)
                0x00000000080012c0                __swbuf_r
 .text._write_r
                0x0000000008001364       0x24 c:/st/stm32cubeide_1.2.0/stm32cubeide/plugins/com.st.stm32cube.ide.mcu.externaltools.gnu-tools-for-stm32.7-2018-q2-update.win32_1.0.0.201904181610/tools/bin/../lib/gcc/arm-none-eabi/7.3.1/../../../../arm-none-eabi/lib/thumb/v7e-m/fpv4-sp/hard\libc_nano.a(lib_a-writer.o)
                0x0000000008001364                _write_r
 .text.__swsetup_r
                0x0000000008001388       0xdc c:/st/stm32cubeide_1.2.0/stm32cubeide/plugins/com.st.stm32cube.ide.mcu.externaltools.gnu-tools-for-stm32.7-2018-q2-update.win32_1.0.0.201904181610/tools/bin/../lib/gcc/arm-none-eabi/7.3.1/../../../../arm-none-eabi/lib/thumb/v7e-m/fpv4-sp/hard\libc_nano.a(lib_a-wsetup.o)
                0x0000000008001388                __swsetup_r
 .text._close_r
                0x0000000008001464       0x20 c:/st/stm32cubeide_1.2.0/stm32cubeide/plugins/com.st.stm32cube.ide.mcu.externaltools.gnu-tools-for-stm32.7-2018-q2-update.win32_1.0.0.201904181610/tools/bin/../lib/gcc/arm-none-eabi/7.3.1/../../../../arm-none-eabi/lib/thumb/v7e-m/fpv4-sp/hard\libc_nano.a(lib_a-closer.o)
                0x0000000008001464                _close_r
 .text.__sflags
                0x0000000008001484       0x6a c:/st/stm32cubeide_1.2.0/stm32cubeide/plugins/com.st.stm32cube.ide.mcu.externaltools.gnu-tools-for-stm32.7-2018-q2-update.win32_1.0.0.201904181610/tools/bin/../lib/gcc/arm-none-eabi/7.3.1/../../../../arm-none-eabi/lib/thumb/v7e-m/fpv4-sp/hard\libc_nano.a(lib_a-flags.o)
                0x0000000008001484                __sflags
 *fill*         0x00000000080014ee        0x2 
 .text._fstat_r
                0x00000000080014f0       0x24 c:/st/stm32cubeide_1.2.0/stm32cubeide/plugins/com.st.stm32cube.ide.mcu.externaltools.gnu-tools-for-stm32.7-2018-q2-update.win32_1.0.0.201904181610/tools/bin/../lib/gcc/arm-none-eabi/7.3.1/../../../../arm-none-eabi/lib/thumb/v7e-m/fpv4-sp/hard\libc_nano.a(lib_a-fstatr.o)
                0x00000000080014f0                _fstat_r
 .text._isatty_r
                0x0000000008001514       0x20 c:/st/stm32cubeide_1.2.0/stm32cubeide/plugins/com.st.stm32cube.ide.mcu.externaltools.gnu-tools-for-stm32.7-2018-q2-update.win32_1.0.0.201904181610/tools/bin/../lib/gcc/arm-none-eabi/7.3.1/../../../../arm-none-eabi/lib/thumb/v7e-m/fpv4-sp/hard\libc_nano.a(lib_a-isattyr.o)
                0x0000000008001514                _isatty_r
 .text._lseek_r
                0x0000000008001534       0x24 c:/st/stm32cubeide_1.2.0/stm32cubeide/plugins/com.st.stm32cube.ide.mcu.externaltools.gnu-tools-for-stm32.7-2018-q2-update.win32_1.0.0.201904181610/tools/bin/../lib/gcc/arm-none-eabi/7.3.1/../../../../arm-none-eabi/lib/thumb/v7e-m/fpv4-sp/hard\libc_nano.a(lib_a-lseekr.o)
                0x0000000008001534                _lseek_r
 .text.__malloc_lock
                0x0000000008001558        0x2 c:/st/stm32cubeide_1.2.0/stm32cubeide/plugins/com.st.stm32cube.ide.mcu.externaltools.gnu-tools-for-stm32.7-2018-q2-update.win32_1.0.0.201904181610/tools/bin/../lib/gcc/arm-none-eabi/7.3.1/../../../../arm-none-eabi/lib/thumb/v7e-m/fpv4-sp/hard\libc_nano.a(lib_a-mlock.o)
                0x0000000008001558                __malloc_lock
 .text.__malloc_unlock
                0x000000000800155a        0x2 c:/st/stm32cubeide_1.2.0/stm32cubeide/plugins/com.st.stm32cube.ide.mcu.externaltools.gnu-tools-for-stm32.7-2018-q2-update.win32_1.0.0.201904181610/tools/bin/../lib/gcc/arm-none-eabi/7.3.1/../../../../arm-none-eabi/lib/thumb/v7e-m/fpv4-sp/hard\libc_nano.a(lib_a-mlock.o)
                0x000000000800155a                __malloc_unlock
 .text._read_r  0x000000000800155c       0x24 c:/st/stm32cubeide_1.2.0/stm32cubeide/plugins/com.st.stm32cube.ide.mcu.externaltools.gnu-tools-for-stm32.7-2018-q2-update.win32_1.0.0.201904181610/tools/bin/../lib/gcc/arm-none-eabi/7.3.1/../../../../arm-none-eabi/lib/thumb/v7e-m/fpv4-sp/hard\libc_nano.a(lib_a-readr.o)
                0x000000000800155c                _read_r
 *(.glue_7)
 .glue_7        0x0000000008001580        0x0 linker stubs
 *(.glue_7t)
 .glue_7t       0x0000000008001580        0x0 linker stubs
 *(.eh_frame)
 .eh_frame      0x0000000008001580        0x0 c:/st/stm32cubeide_1.2.0/stm32cubeide/plugins/com.st.stm32cube.ide.mcu.externaltools.gnu-tools-for-stm32.7-2018-q2-update.win32_1.0.0.201904181610/tools/bin/../lib/gcc/arm-none-eabi/7.3.1/thumb/v7e-m/fpv4-sp/hard/crtbegin.o
 *(.init)
 .init          0x0000000008001580        0x4 c:/st/stm32cubeide_1.2.0/stm32cubeide/plugins/com.st.stm32cube.ide.mcu.externaltools.gnu-tools-for-stm32.7-2018-q2-update.win32_1.0.0.201904181610/tools/bin/../lib/gcc/arm-none-eabi/7.3.1/thumb/v7e-m/fpv4-sp/hard/crti.o
                0x0000000008001580                _init
 .init          0x0000000008001584        0x8 c:/st/stm32cubeide_1.2.0/stm32cubeide/plugins/com.st.stm32cube.ide.mcu.externaltools.gnu-tools-for-stm32.7-2018-q2-update.win32_1.0.0.201904181610/tools/bin/../lib/gcc/arm-none-eabi/7.3.1/thumb/v7e-m/fpv4-sp/hard/crtn.o
 *(.fini)
 .fini          0x000000000800158c        0x4 c:/st/stm32cubeide_1.2.0/stm32cubeide/plugins/com.st.stm32cube.ide.mcu.externaltools.gnu-tools-for-stm32.7-2018-q2-update.win32_1.0.0.201904181610/tools/bin/../lib/gcc/arm-none-eabi/7.3.1/thumb/v7e-m/fpv4-sp/hard/crti.o
                0x000000000800158c                _fini
 .fini          0x0000000008001590        0x8 c:/st/stm32cubeide_1.2.0/stm32cubeide/plugins/com.st.stm32cube.ide.mcu.externaltools.gnu-tools-for-stm32.7-2018-q2-update.win32_1.0.0.201904181610/tools/bin/../lib/gcc/arm-none-eabi/7.3.1/thumb/v7e-m/fpv4-sp/hard/crtn.o
                0x0000000008001598                . = ALIGN (0x4)
                0x0000000008001598                _etext = .

.vfp11_veneer   0x0000000008001598        0x0
 .vfp11_veneer  0x0000000008001598        0x0 linker stubs

.v4_bx          0x0000000008001598        0x0
 .v4_bx         0x0000000008001598        0x0 linker stubs

.iplt           0x0000000008001598        0x0
 .iplt          0x0000000008001598        0x0 c:/st/stm32cubeide_1.2.0/stm32cubeide/plugins/com.st.stm32cube.ide.mcu.externaltools.gnu-tools-for-stm32.7-2018-q2-update.win32_1.0.0.201904181610/tools/bin/../lib/gcc/arm-none-eabi/7.3.1/thumb/v7e-m/fpv4-sp/hard/crtbegin.o

.rodata         0x0000000008001598       0x7c
                0x0000000008001598                . = ALIGN (0x4)
 *(.rodata)
 .rodata        0x0000000008001598       0x16 Src/003LEDHandlingUsingSTM32Button.o
 *(.rodata*)
 *fill*         0x00000000080015ae        0x2 
 .rodata.__sf_fake_stderr
                0x00000000080015b0       0x20 c:/st/stm32cubeide_1.2.0/stm32cubeide/plugins/com.st.stm32cube.ide.mcu.externaltools.gnu-tools-for-stm32.7-2018-q2-update.win32_1.0.0.201904181610/tools/bin/../lib/gcc/arm-none-eabi/7.3.1/../../../../arm-none-eabi/lib/thumb/v7e-m/fpv4-sp/hard\libc_nano.a(lib_a-findfp.o)
                0x00000000080015b0                __sf_fake_stderr
 .rodata.__sf_fake_stdin
                0x00000000080015d0       0x20 c:/st/stm32cubeide_1.2.0/stm32cubeide/plugins/com.st.stm32cube.ide.mcu.externaltools.gnu-tools-for-stm32.7-2018-q2-update.win32_1.0.0.201904181610/tools/bin/../lib/gcc/arm-none-eabi/7.3.1/../../../../arm-none-eabi/lib/thumb/v7e-m/fpv4-sp/hard\libc_nano.a(lib_a-findfp.o)
                0x00000000080015d0                __sf_fake_stdin
 .rodata.__sf_fake_stdout
                0x00000000080015f0       0x20 c:/st/stm32cubeide_1.2.0/stm32cubeide/plugins/com.st.stm32cube.ide.mcu.externaltools.gnu-tools-for-stm32.7-2018-q2-update.win32_1.0.0.201904181610/tools/bin/../lib/gcc/arm-none-eabi/7.3.1/../../../../arm-none-eabi/lib/thumb/v7e-m/fpv4-sp/hard\libc_nano.a(lib_a-findfp.o)
                0x00000000080015f0                __sf_fake_stdout
 .rodata._global_impure_ptr
                0x0000000008001610        0x4 c:/st/stm32cubeide_1.2.0/stm32cubeide/plugins/com.st.stm32cube.ide.mcu.externaltools.gnu-tools-for-stm32.7-2018-q2-update.win32_1.0.0.201904181610/tools/bin/../lib/gcc/arm-none-eabi/7.3.1/../../../../arm-none-eabi/lib/thumb/v7e-m/fpv4-sp/hard\libc_nano.a(lib_a-impure.o)
                0x0000000008001610                _global_impure_ptr
                0x0000000008001614                . = ALIGN (0x4)

.rel.dyn        0x0000000008001614        0x0
 .rel.iplt      0x0000000008001614        0x0 c:/st/stm32cubeide_1.2.0/stm32cubeide/plugins/com.st.stm32cube.ide.mcu.externaltools.gnu-tools-for-stm32.7-2018-q2-update.win32_1.0.0.201904181610/tools/bin/../lib/gcc/arm-none-eabi/7.3.1/thumb/v7e-m/fpv4-sp/hard/crtbegin.o

.ARM.extab      0x0000000008001614        0x0
                0x0000000008001614                . = ALIGN (0x4)
 *(.ARM.extab* .gnu.linkonce.armextab.*)
                0x0000000008001614                . = ALIGN (0x4)

.ARM            0x0000000008001614        0x0
                0x0000000008001614                . = ALIGN (0x4)
                0x0000000008001614                __exidx_start = .
 *(.ARM.exidx*)
                0x0000000008001614                __exidx_end = .
                0x0000000008001614                . = ALIGN (0x4)

.preinit_array  0x0000000008001614        0x0
                0x0000000008001614                . = ALIGN (0x4)
                0x0000000008001614                PROVIDE (__preinit_array_start = .)
 *(.preinit_array*)
                0x0000000008001614                PROVIDE (__preinit_array_end = .)
                0x0000000008001614                . = ALIGN (0x4)

.init_array     0x0000000008001614        0x4
                0x0000000008001614                . = ALIGN (0x4)
                0x0000000008001614                PROVIDE (__init_array_start = .)
 *(SORT_BY_NAME(.init_array.*))
 *(.init_array*)
 .init_array    0x0000000008001614        0x4 c:/st/stm32cubeide_1.2.0/stm32cubeide/plugins/com.st.stm32cube.ide.mcu.externaltools.gnu-tools-for-stm32.7-2018-q2-update.win32_1.0.0.201904181610/tools/bin/../lib/gcc/arm-none-eabi/7.3.1/thumb/v7e-m/fpv4-sp/hard/crtbegin.o
                0x0000000008001618                PROVIDE (__init_array_end = .)
                0x0000000008001618                . = ALIGN (0x4)

.fini_array     0x0000000008001618        0x4
                0x0000000008001618                . = ALIGN (0x4)
                [!provide]                        PROVIDE (__fini_array_start = .)
 *(SORT_BY_NAME(.fini_array.*))
 *(.fini_array*)
 .fini_array    0x0000000008001618        0x4 c:/st/stm32cubeide_1.2.0/stm32cubeide/plugins/com.st.stm32cube.ide.mcu.externaltools.gnu-tools-for-stm32.7-2018-q2-update.win32_1.0.0.201904181610/tools/bin/../lib/gcc/arm-none-eabi/7.3.1/thumb/v7e-m/fpv4-sp/hard/crtbegin.o
                [!provide]                        PROVIDE (__fini_array_end = .)
                0x000000000800161c                . = ALIGN (0x4)
                0x000000000800161c                _sidata = LOADADDR (.data)

.data           0x0000000020000000       0x64 load address 0x000000000800161c
                0x0000000020000000                . = ALIGN (0x4)
                0x0000000020000000                _sdata = .
 *(.data)
 *(.data*)
 .data._impure_ptr
                0x0000000020000000        0x4 c:/st/stm32cubeide_1.2.0/stm32cubeide/plugins/com.st.stm32cube.ide.mcu.externaltools.gnu-tools-for-stm32.7-2018-q2-update.win32_1.0.0.201904181610/tools/bin/../lib/gcc/arm-none-eabi/7.3.1/../../../../arm-none-eabi/lib/thumb/v7e-m/fpv4-sp/hard\libc_nano.a(lib_a-impure.o)
                0x0000000020000000                _impure_ptr
 .data.impure_data
                0x0000000020000004       0x60 c:/st/stm32cubeide_1.2.0/stm32cubeide/plugins/com.st.stm32cube.ide.mcu.externaltools.gnu-tools-for-stm32.7-2018-q2-update.win32_1.0.0.201904181610/tools/bin/../lib/gcc/arm-none-eabi/7.3.1/../../../../arm-none-eabi/lib/thumb/v7e-m/fpv4-sp/hard\libc_nano.a(lib_a-impure.o)
                0x0000000020000064                . = ALIGN (0x4)
                0x0000000020000064                _edata = .

.igot.plt       0x0000000020000064        0x0 load address 0x0000000008001680
 .igot.plt      0x0000000020000064        0x0 c:/st/stm32cubeide_1.2.0/stm32cubeide/plugins/com.st.stm32cube.ide.mcu.externaltools.gnu-tools-for-stm32.7-2018-q2-update.win32_1.0.0.201904181610/tools/bin/../lib/gcc/arm-none-eabi/7.3.1/thumb/v7e-m/fpv4-sp/hard/crtbegin.o
                0x0000000020000064                . = ALIGN (0x4)

.bss            0x0000000020000064       0x2c load address 0x0000000008001680
                0x0000000020000064                _sbss = .
                0x0000000020000064                __bss_start__ = _sbss
 *(.bss)
 .bss           0x0000000020000064       0x1c c:/st/stm32cubeide_1.2.0/stm32cubeide/plugins/com.st.stm32cube.ide.mcu.externaltools.gnu-tools-for-stm32.7-2018-q2-update.win32_1.0.0.201904181610/tools/bin/../lib/gcc/arm-none-eabi/7.3.1/thumb/v7e-m/fpv4-sp/hard/crtbegin.o
 *(.bss*)
 .bss.heap_end.6424
                0x0000000020000080        0x4 Src/sysmem.o
 .bss.__malloc_free_list
                0x0000000020000084        0x4 c:/st/stm32cubeide_1.2.0/stm32cubeide/plugins/com.st.stm32cube.ide.mcu.externaltools.gnu-tools-for-stm32.7-2018-q2-update.win32_1.0.0.201904181610/tools/bin/../lib/gcc/arm-none-eabi/7.3.1/../../../../arm-none-eabi/lib/thumb/v7e-m/fpv4-sp/hard\libc_nano.a(lib_a-nano-mallocr.o)
                0x0000000020000084                __malloc_free_list
 .bss.__malloc_sbrk_start
                0x0000000020000088        0x4 c:/st/stm32cubeide_1.2.0/stm32cubeide/plugins/com.st.stm32cube.ide.mcu.externaltools.gnu-tools-for-stm32.7-2018-q2-update.win32_1.0.0.201904181610/tools/bin/../lib/gcc/arm-none-eabi/7.3.1/../../../../arm-none-eabi/lib/thumb/v7e-m/fpv4-sp/hard\libc_nano.a(lib_a-nano-mallocr.o)
                0x0000000020000088                __malloc_sbrk_start
 *(COMMON)
 COMMON         0x000000002000008c        0x4 c:/st/stm32cubeide_1.2.0/stm32cubeide/plugins/com.st.stm32cube.ide.mcu.externaltools.gnu-tools-for-stm32.7-2018-q2-update.win32_1.0.0.201904181610/tools/bin/../lib/gcc/arm-none-eabi/7.3.1/../../../../arm-none-eabi/lib/thumb/v7e-m/fpv4-sp/hard\libc_nano.a(lib_a-reent.o)
                0x000000002000008c                errno
                0x0000000020000090                . = ALIGN (0x4)
                0x0000000020000090                _ebss = .
                0x0000000020000090                __bss_end__ = _ebss

._user_heap_stack
                0x0000000020000090      0x600 load address 0x0000000008001680
                0x0000000020000090                . = ALIGN (0x8)
                0x0000000020000090                PROVIDE (end = .)
                [!provide]                        PROVIDE (_end = .)
                0x0000000020000290                . = (. + _Min_Heap_Size)
 *fill*         0x0000000020000090      0x200 
                0x0000000020000690                . = (. + _Min_Stack_Size)
 *fill*         0x0000000020000290      0x400 
                0x0000000020000690                . = ALIGN (0x8)

/DISCARD/
 libc.a(*)
 libm.a(*)
 libgcc.a(*)

.ARM.attributes
                0x0000000000000000       0x30
 *(.ARM.attributes)
 .ARM.attributes
                0x0000000000000000       0x22 c:/st/stm32cubeide_1.2.0/stm32cubeide/plugins/com.st.stm32cube.ide.mcu.externaltools.gnu-tools-for-stm32.7-2018-q2-update.win32_1.0.0.201904181610/tools/bin/../lib/gcc/arm-none-eabi/7.3.1/thumb/v7e-m/fpv4-sp/hard/crti.o
 .ARM.attributes
                0x0000000000000022       0x34 c:/st/stm32cubeide_1.2.0/stm32cubeide/plugins/com.st.stm32cube.ide.mcu.externaltools.gnu-tools-for-stm32.7-2018-q2-update.win32_1.0.0.201904181610/tools/bin/../lib/gcc/arm-none-eabi/7.3.1/thumb/v7e-m/fpv4-sp/hard/crtbegin.o
 .ARM.attributes
                0x0000000000000056       0x39 Src/003LEDHandlingUsingSTM32Button.o
 .ARM.attributes
                0x000000000000008f       0x39 Src/syscalls.o
 .ARM.attributes
                0x00000000000000c8       0x39 Src/sysmem.o
 .ARM.attributes
                0x0000000000000101       0x21 Startup/startup_stm32f407vgtx.o
 .ARM.attributes
                0x0000000000000122       0x39 drivers/Src/gpio_driver.o
 .ARM.attributes
                0x000000000000015b       0x34 c:/st/stm32cubeide_1.2.0/stm32cubeide/plugins/com.st.stm32cube.ide.mcu.externaltools.gnu-tools-for-stm32.7-2018-q2-update.win32_1.0.0.201904181610/tools/bin/../lib/gcc/arm-none-eabi/7.3.1/../../../../arm-none-eabi/lib/thumb/v7e-m/fpv4-sp/hard\libc_nano.a(lib_a-errno.o)
 .ARM.attributes
                0x000000000000018f       0x34 c:/st/stm32cubeide_1.2.0/stm32cubeide/plugins/com.st.stm32cube.ide.mcu.externaltools.gnu-tools-for-stm32.7-2018-q2-update.win32_1.0.0.201904181610/tools/bin/../lib/gcc/arm-none-eabi/7.3.1/../../../../arm-none-eabi/lib/thumb/v7e-m/fpv4-sp/hard\libc_nano.a(lib_a-fclose.o)
 .ARM.attributes
                0x00000000000001c3       0x34 c:/st/stm32cubeide_1.2.0/stm32cubeide/plugins/com.st.stm32cube.ide.mcu.externaltools.gnu-tools-for-stm32.7-2018-q2-update.win32_1.0.0.201904181610/tools/bin/../lib/gcc/arm-none-eabi/7.3.1/../../../../arm-none-eabi/lib/thumb/v7e-m/fpv4-sp/hard\libc_nano.a(lib_a-fflush.o)
 .ARM.attributes
                0x00000000000001f7       0x34 c:/st/stm32cubeide_1.2.0/stm32cubeide/plugins/com.st.stm32cube.ide.mcu.externaltools.gnu-tools-for-stm32.7-2018-q2-update.win32_1.0.0.201904181610/tools/bin/../lib/gcc/arm-none-eabi/7.3.1/../../../../arm-none-eabi/lib/thumb/v7e-m/fpv4-sp/hard\libc_nano.a(lib_a-findfp.o)
 .ARM.attributes
                0x000000000000022b       0x34 c:/st/stm32cubeide_1.2.0/stm32cubeide/plugins/com.st.stm32cube.ide.mcu.externaltools.gnu-tools-for-stm32.7-2018-q2-update.win32_1.0.0.201904181610/tools/bin/../lib/gcc/arm-none-eabi/7.3.1/../../../../arm-none-eabi/lib/thumb/v7e-m/fpv4-sp/hard\libc_nano.a(lib_a-fopen.o)
 .ARM.attributes
                0x000000000000025f       0x34 c:/st/stm32cubeide_1.2.0/stm32cubeide/plugins/com.st.stm32cube.ide.mcu.externaltools.gnu-tools-for-stm32.7-2018-q2-update.win32_1.0.0.201904181610/tools/bin/../lib/gcc/arm-none-eabi/7.3.1/../../../../arm-none-eabi/lib/thumb/v7e-m/fpv4-sp/hard\libc_nano.a(lib_a-fseek.o)
 .ARM.attributes
                0x0000000000000293       0x34 c:/st/stm32cubeide_1.2.0/stm32cubeide/plugins/com.st.stm32cube.ide.mcu.externaltools.gnu-tools-for-stm32.7-2018-q2-update.win32_1.0.0.201904181610/tools/bin/../lib/gcc/arm-none-eabi/7.3.1/../../../../arm-none-eabi/lib/thumb/v7e-m/fpv4-sp/hard\libc_nano.a(lib_a-fseeko.o)
 .ARM.attributes
                0x00000000000002c7       0x34 c:/st/stm32cubeide_1.2.0/stm32cubeide/plugins/com.st.stm32cube.ide.mcu.externaltools.gnu-tools-for-stm32.7-2018-q2-update.win32_1.0.0.201904181610/tools/bin/../lib/gcc/arm-none-eabi/7.3.1/../../../../arm-none-eabi/lib/thumb/v7e-m/fpv4-sp/hard\libc_nano.a(lib_a-fwalk.o)
 .ARM.attributes
                0x00000000000002fb       0x34 c:/st/stm32cubeide_1.2.0/stm32cubeide/plugins/com.st.stm32cube.ide.mcu.externaltools.gnu-tools-for-stm32.7-2018-q2-update.win32_1.0.0.201904181610/tools/bin/../lib/gcc/arm-none-eabi/7.3.1/../../../../arm-none-eabi/lib/thumb/v7e-m/fpv4-sp/hard\libc_nano.a(lib_a-fwrite.o)
 .ARM.attributes
                0x000000000000032f       0x34 c:/st/stm32cubeide_1.2.0/stm32cubeide/plugins/com.st.stm32cube.ide.mcu.externaltools.gnu-tools-for-stm32.7-2018-q2-update.win32_1.0.0.201904181610/tools/bin/../lib/gcc/arm-none-eabi/7.3.1/../../../../arm-none-eabi/lib/thumb/v7e-m/fpv4-sp/hard\libc_nano.a(lib_a-impure.o)
 .ARM.attributes
                0x0000000000000363       0x34 c:/st/stm32cubeide_1.2.0/stm32cubeide/plugins/com.st.stm32cube.ide.mcu.externaltools.gnu-tools-for-stm32.7-2018-q2-update.win32_1.0.0.201904181610/tools/bin/../lib/gcc/arm-none-eabi/7.3.1/../../../../arm-none-eabi/lib/thumb/v7e-m/fpv4-sp/hard\libc_nano.a(lib_a-init.o)
 .ARM.attributes
                0x0000000000000397       0x34 c:/st/stm32cubeide_1.2.0/stm32cubeide/plugins/com.st.stm32cube.ide.mcu.externaltools.gnu-tools-for-stm32.7-2018-q2-update.win32_1.0.0.201904181610/tools/bin/../lib/gcc/arm-none-eabi/7.3.1/../../../../arm-none-eabi/lib/thumb/v7e-m/fpv4-sp/hard\libc_nano.a(lib_a-makebuf.o)
 .ARM.attributes
                0x00000000000003cb       0x34 c:/st/stm32cubeide_1.2.0/stm32cubeide/plugins/com.st.stm32cube.ide.mcu.externaltools.gnu-tools-for-stm32.7-2018-q2-update.win32_1.0.0.201904181610/tools/bin/../lib/gcc/arm-none-eabi/7.3.1/../../../../arm-none-eabi/lib/thumb/v7e-m/fpv4-sp/hard\libc_nano.a(lib_a-memset.o)
 .ARM.attributes
                0x00000000000003ff       0x34 c:/st/stm32cubeide_1.2.0/stm32cubeide/plugins/com.st.stm32cube.ide.mcu.externaltools.gnu-tools-for-stm32.7-2018-q2-update.win32_1.0.0.201904181610/tools/bin/../lib/gcc/arm-none-eabi/7.3.1/../../../../arm-none-eabi/lib/thumb/v7e-m/fpv4-sp/hard\libc_nano.a(lib_a-nano-freer.o)
 .ARM.attributes
                0x0000000000000433       0x34 c:/st/stm32cubeide_1.2.0/stm32cubeide/plugins/com.st.stm32cube.ide.mcu.externaltools.gnu-tools-for-stm32.7-2018-q2-update.win32_1.0.0.201904181610/tools/bin/../lib/gcc/arm-none-eabi/7.3.1/../../../../arm-none-eabi/lib/thumb/v7e-m/fpv4-sp/hard\libc_nano.a(lib_a-nano-mallocr.o)
 .ARM.attributes
                0x0000000000000467       0x34 c:/st/stm32cubeide_1.2.0/stm32cubeide/plugins/com.st.stm32cube.ide.mcu.externaltools.gnu-tools-for-stm32.7-2018-q2-update.win32_1.0.0.201904181610/tools/bin/../lib/gcc/arm-none-eabi/7.3.1/../../../../arm-none-eabi/lib/thumb/v7e-m/fpv4-sp/hard\libc_nano.a(lib_a-openr.o)
 .ARM.attributes
                0x000000000000049b       0x34 c:/st/stm32cubeide_1.2.0/stm32cubeide/plugins/com.st.stm32cube.ide.mcu.externaltools.gnu-tools-for-stm32.7-2018-q2-update.win32_1.0.0.201904181610/tools/bin/../lib/gcc/arm-none-eabi/7.3.1/../../../../arm-none-eabi/lib/thumb/v7e-m/fpv4-sp/hard\libc_nano.a(lib_a-reent.o)
 .ARM.attributes
                0x00000000000004cf       0x34 c:/st/stm32cubeide_1.2.0/stm32cubeide/plugins/com.st.stm32cube.ide.mcu.externaltools.gnu-tools-for-stm32.7-2018-q2-update.win32_1.0.0.201904181610/tools/bin/../lib/gcc/arm-none-eabi/7.3.1/../../../../arm-none-eabi/lib/thumb/v7e-m/fpv4-sp/hard\libc_nano.a(lib_a-sbrkr.o)
 .ARM.attributes
                0x0000000000000503       0x34 c:/st/stm32cubeide_1.2.0/stm32cubeide/plugins/com.st.stm32cube.ide.mcu.externaltools.gnu-tools-for-stm32.7-2018-q2-update.win32_1.0.0.201904181610/tools/bin/../lib/gcc/arm-none-eabi/7.3.1/../../../../arm-none-eabi/lib/thumb/v7e-m/fpv4-sp/hard\libc_nano.a(lib_a-stdio.o)
 .ARM.attributes
                0x0000000000000537       0x34 c:/st/stm32cubeide_1.2.0/stm32cubeide/plugins/com.st.stm32cube.ide.mcu.externaltools.gnu-tools-for-stm32.7-2018-q2-update.win32_1.0.0.201904181610/tools/bin/../lib/gcc/arm-none-eabi/7.3.1/../../../../arm-none-eabi/lib/thumb/v7e-m/fpv4-sp/hard\libc_nano.a(lib_a-wbuf.o)
 .ARM.attributes
                0x000000000000056b       0x34 c:/st/stm32cubeide_1.2.0/stm32cubeide/plugins/com.st.stm32cube.ide.mcu.externaltools.gnu-tools-for-stm32.7-2018-q2-update.win32_1.0.0.201904181610/tools/bin/../lib/gcc/arm-none-eabi/7.3.1/../../../../arm-none-eabi/lib/thumb/v7e-m/fpv4-sp/hard\libc_nano.a(lib_a-writer.o)
 .ARM.attributes
                0x000000000000059f       0x34 c:/st/stm32cubeide_1.2.0/stm32cubeide/plugins/com.st.stm32cube.ide.mcu.externaltools.gnu-tools-for-stm32.7-2018-q2-update.win32_1.0.0.201904181610/tools/bin/../lib/gcc/arm-none-eabi/7.3.1/../../../../arm-none-eabi/lib/thumb/v7e-m/fpv4-sp/hard\libc_nano.a(lib_a-wsetup.o)
 .ARM.attributes
                0x00000000000005d3       0x34 c:/st/stm32cubeide_1.2.0/stm32cubeide/plugins/com.st.stm32cube.ide.mcu.externaltools.gnu-tools-for-stm32.7-2018-q2-update.win32_1.0.0.201904181610/tools/bin/../lib/gcc/arm-none-eabi/7.3.1/../../../../arm-none-eabi/lib/thumb/v7e-m/fpv4-sp/hard\libc_nano.a(lib_a-closer.o)
 .ARM.attributes
                0x0000000000000607       0x34 c:/st/stm32cubeide_1.2.0/stm32cubeide/plugins/com.st.stm32cube.ide.mcu.externaltools.gnu-tools-for-stm32.7-2018-q2-update.win32_1.0.0.201904181610/tools/bin/../lib/gcc/arm-none-eabi/7.3.1/../../../../arm-none-eabi/lib/thumb/v7e-m/fpv4-sp/hard\libc_nano.a(lib_a-flags.o)
 .ARM.attributes
                0x000000000000063b       0x34 c:/st/stm32cubeide_1.2.0/stm32cubeide/plugins/com.st.stm32cube.ide.mcu.externaltools.gnu-tools-for-stm32.7-2018-q2-update.win32_1.0.0.201904181610/tools/bin/../lib/gcc/arm-none-eabi/7.3.1/../../../../arm-none-eabi/lib/thumb/v7e-m/fpv4-sp/hard\libc_nano.a(lib_a-fstatr.o)
 .ARM.attributes
                0x000000000000066f       0x34 c:/st/stm32cubeide_1.2.0/stm32cubeide/plugins/com.st.stm32cube.ide.mcu.externaltools.gnu-tools-for-stm32.7-2018-q2-update.win32_1.0.0.201904181610/tools/bin/../lib/gcc/arm-none-eabi/7.3.1/../../../../arm-none-eabi/lib/thumb/v7e-m/fpv4-sp/hard\libc_nano.a(lib_a-isattyr.o)
 .ARM.attributes
                0x00000000000006a3       0x34 c:/st/stm32cubeide_1.2.0/stm32cubeide/plugins/com.st.stm32cube.ide.mcu.externaltools.gnu-tools-for-stm32.7-2018-q2-update.win32_1.0.0.201904181610/tools/bin/../lib/gcc/arm-none-eabi/7.3.1/../../../../arm-none-eabi/lib/thumb/v7e-m/fpv4-sp/hard\libc_nano.a(lib_a-lseekr.o)
 .ARM.attributes
                0x00000000000006d7       0x34 c:/st/stm32cubeide_1.2.0/stm32cubeide/plugins/com.st.stm32cube.ide.mcu.externaltools.gnu-tools-for-stm32.7-2018-q2-update.win32_1.0.0.201904181610/tools/bin/../lib/gcc/arm-none-eabi/7.3.1/../../../../arm-none-eabi/lib/thumb/v7e-m/fpv4-sp/hard\libc_nano.a(lib_a-mlock.o)
 .ARM.attributes
                0x000000000000070b       0x34 c:/st/stm32cubeide_1.2.0/stm32cubeide/plugins/com.st.stm32cube.ide.mcu.externaltools.gnu-tools-for-stm32.7-2018-q2-update.win32_1.0.0.201904181610/tools/bin/../lib/gcc/arm-none-eabi/7.3.1/../../../../arm-none-eabi/lib/thumb/v7e-m/fpv4-sp/hard\libc_nano.a(lib_a-readr.o)
 .ARM.attributes
                0x000000000000073f       0x22 c:/st/stm32cubeide_1.2.0/stm32cubeide/plugins/com.st.stm32cube.ide.mcu.externaltools.gnu-tools-for-stm32.7-2018-q2-update.win32_1.0.0.201904181610/tools/bin/../lib/gcc/arm-none-eabi/7.3.1/thumb/v7e-m/fpv4-sp/hard/crtn.o
OUTPUT(STM32F407xx_Drivers.elf elf32-littlearm)

.debug_info     0x0000000000000000     0x3247
 .debug_info    0x0000000000000000      0xb06 Src/003LEDHandlingUsingSTM32Button.o
 .debug_info    0x0000000000000b06      0xebd Src/syscalls.o
 .debug_info    0x00000000000019c3      0x91c Src/sysmem.o
 .debug_info    0x00000000000022df       0x22 Startup/startup_stm32f407vgtx.o
 .debug_info    0x0000000000002301      0xf46 drivers/Src/gpio_driver.o

.debug_abbrev   0x0000000000000000      0x896
 .debug_abbrev  0x0000000000000000      0x20a Src/003LEDHandlingUsingSTM32Button.o
 .debug_abbrev  0x000000000000020a      0x261 Src/syscalls.o
 .debug_abbrev  0x000000000000046b      0x1bb Src/sysmem.o
 .debug_abbrev  0x0000000000000626       0x12 Startup/startup_stm32f407vgtx.o
 .debug_abbrev  0x0000000000000638      0x25e drivers/Src/gpio_driver.o

.debug_aranges  0x0000000000000000      0x198
 .debug_aranges
                0x0000000000000000       0x38 Src/003LEDHandlingUsingSTM32Button.o
 .debug_aranges
                0x0000000000000038       0xa8 Src/syscalls.o
 .debug_aranges
                0x00000000000000e0       0x20 Src/sysmem.o
 .debug_aranges
                0x0000000000000100       0x28 Startup/startup_stm32f407vgtx.o
 .debug_aranges
                0x0000000000000128       0x70 drivers/Src/gpio_driver.o

.debug_ranges   0x0000000000000000      0x150
 .debug_ranges  0x0000000000000000       0x28 Src/003LEDHandlingUsingSTM32Button.o
 .debug_ranges  0x0000000000000028       0x98 Src/syscalls.o
 .debug_ranges  0x00000000000000c0       0x10 Src/sysmem.o
 .debug_ranges  0x00000000000000d0       0x20 Startup/startup_stm32f407vgtx.o
 .debug_ranges  0x00000000000000f0       0x60 drivers/Src/gpio_driver.o

.debug_macro    0x0000000000000000     0x3c4f
 .debug_macro   0x0000000000000000      0x284 Src/003LEDHandlingUsingSTM32Button.o
 .debug_macro   0x0000000000000284      0xa66 Src/003LEDHandlingUsingSTM32Button.o
 .debug_macro   0x0000000000000cea       0x22 Src/003LEDHandlingUsingSTM32Button.o
 .debug_macro   0x0000000000000d0c       0x8e Src/003LEDHandlingUsingSTM32Button.o
 .debug_macro   0x0000000000000d9a       0x51 Src/003LEDHandlingUsingSTM32Button.o
 .debug_macro   0x0000000000000deb       0xef Src/003LEDHandlingUsingSTM32Button.o
 .debug_macro   0x0000000000000eda       0x6a Src/003LEDHandlingUsingSTM32Button.o
 .debug_macro   0x0000000000000f44      0x1df Src/003LEDHandlingUsingSTM32Button.o
 .debug_macro   0x0000000000001123       0x46 Src/003LEDHandlingUsingSTM32Button.o
 .debug_macro   0x0000000000001169       0x18 Src/003LEDHandlingUsingSTM32Button.o
 .debug_macro   0x0000000000001181       0x3c Src/003LEDHandlingUsingSTM32Button.o
 .debug_macro   0x00000000000011bd       0x34 Src/003LEDHandlingUsingSTM32Button.o
 .debug_macro   0x00000000000011f1      0x174 Src/003LEDHandlingUsingSTM32Button.o
 .debug_macro   0x0000000000001365       0x52 Src/003LEDHandlingUsingSTM32Button.o
 .debug_macro   0x00000000000013b7       0x1f Src/003LEDHandlingUsingSTM32Button.o
 .debug_macro   0x00000000000013d6       0x43 Src/003LEDHandlingUsingSTM32Button.o
 .debug_macro   0x0000000000001419       0x20 Src/003LEDHandlingUsingSTM32Button.o
 .debug_macro   0x0000000000001439      0x1a3 Src/003LEDHandlingUsingSTM32Button.o
 .debug_macro   0x00000000000015dc      0x330 Src/003LEDHandlingUsingSTM32Button.o
 .debug_macro   0x000000000000190c       0x10 Src/003LEDHandlingUsingSTM32Button.o
 .debug_macro   0x000000000000191c       0x35 Src/003LEDHandlingUsingSTM32Button.o
 .debug_macro   0x0000000000001951       0x20 Src/003LEDHandlingUsingSTM32Button.o
 .debug_macro   0x0000000000001971       0x16 Src/003LEDHandlingUsingSTM32Button.o
 .debug_macro   0x0000000000001987       0x16 Src/003LEDHandlingUsingSTM32Button.o
 .debug_macro   0x000000000000199d       0x29 Src/003LEDHandlingUsingSTM32Button.o
 .debug_macro   0x00000000000019c6       0x1c Src/003LEDHandlingUsingSTM32Button.o
 .debug_macro   0x00000000000019e2       0x10 Src/003LEDHandlingUsingSTM32Button.o
 .debug_macro   0x00000000000019f2       0x10 Src/003LEDHandlingUsingSTM32Button.o
 .debug_macro   0x0000000000001a02       0x1c Src/003LEDHandlingUsingSTM32Button.o
 .debug_macro   0x0000000000001a1e       0x52 Src/003LEDHandlingUsingSTM32Button.o
 .debug_macro   0x0000000000001a70       0x40 Src/003LEDHandlingUsingSTM32Button.o
 .debug_macro   0x0000000000001ab0       0x10 Src/003LEDHandlingUsingSTM32Button.o
 .debug_macro   0x0000000000001ac0       0x40 Src/003LEDHandlingUsingSTM32Button.o
 .debug_macro   0x0000000000001b00       0xd7 Src/003LEDHandlingUsingSTM32Button.o
 .debug_macro   0x0000000000001bd7       0x1c Src/003LEDHandlingUsingSTM32Button.o
 .debug_macro   0x0000000000001bf3       0x3d Src/003LEDHandlingUsingSTM32Button.o
 .debug_macro   0x0000000000001c30       0x16 Src/003LEDHandlingUsingSTM32Button.o
 .debug_macro   0x0000000000001c46      0x145 Src/003LEDHandlingUsingSTM32Button.o
 .debug_macro   0x0000000000001d8b      0x1e1 Src/003LEDHandlingUsingSTM32Button.o
 .debug_macro   0x0000000000001f6c      0x869 Src/003LEDHandlingUsingSTM32Button.o
 .debug_macro   0x00000000000027d5       0xd6 Src/003LEDHandlingUsingSTM32Button.o
 .debug_macro   0x00000000000028ab      0x130 Src/003LEDHandlingUsingSTM32Button.o
 .debug_macro   0x00000000000029db      0x118 Src/003LEDHandlingUsingSTM32Button.o
 .debug_macro   0x0000000000002af3      0x15c Src/003LEDHandlingUsingSTM32Button.o
 .debug_macro   0x0000000000002c4f      0x243 Src/syscalls.o
 .debug_macro   0x0000000000002e92       0x40 Src/syscalls.o
 .debug_macro   0x0000000000002ed2       0x94 Src/syscalls.o
 .debug_macro   0x0000000000002f66       0x57 Src/syscalls.o
 .debug_macro   0x0000000000002fbd       0x10 Src/syscalls.o
 .debug_macro   0x0000000000002fcd       0x10 Src/syscalls.o
 .debug_macro   0x0000000000002fdd       0x10 Src/syscalls.o
 .debug_macro   0x0000000000002fed       0x35 Src/syscalls.o
 .debug_macro   0x0000000000003022      0x122 Src/syscalls.o
 .debug_macro   0x0000000000003144       0x10 Src/syscalls.o
 .debug_macro   0x0000000000003154      0x241 Src/syscalls.o
 .debug_macro   0x0000000000003395       0x10 Src/syscalls.o
 .debug_macro   0x00000000000033a5      0x189 Src/syscalls.o
 .debug_macro   0x000000000000352e       0x16 Src/syscalls.o
 .debug_macro   0x0000000000003544       0x88 Src/syscalls.o
 .debug_macro   0x00000000000035cc      0x1ae Src/sysmem.o
 .debug_macro   0x000000000000377a      0x23b Src/sysmem.o
 .debug_macro   0x00000000000039b5       0x16 Src/sysmem.o
 .debug_macro   0x00000000000039cb      0x284 drivers/Src/gpio_driver.o

.debug_line     0x0000000000000000     0x1daa
 .debug_line    0x0000000000000000      0x6ff Src/003LEDHandlingUsingSTM32Button.o
 .debug_line    0x00000000000006ff      0x73d Src/syscalls.o
 .debug_line    0x0000000000000e3c      0x559 Src/sysmem.o
 .debug_line    0x0000000000001395       0x84 Startup/startup_stm32f407vgtx.o
 .debug_line    0x0000000000001419      0x991 drivers/Src/gpio_driver.o

.debug_str      0x0000000000000000     0xe001
 .debug_str     0x0000000000000000     0xcbdf Src/003LEDHandlingUsingSTM32Button.o
                                       0xceb5 (size before relaxing)
 .debug_str     0x000000000000cbdf     0x10ef Src/syscalls.o
                                       0x88b2 (size before relaxing)
 .debug_str     0x000000000000dcce       0x31 Src/sysmem.o
                                       0x7b0b (size before relaxing)
 .debug_str     0x000000000000dcff       0x31 Startup/startup_stm32f407vgtx.o
                                         0x77 (size before relaxing)
 .debug_str     0x000000000000dd30      0x2d1 drivers/Src/gpio_driver.o
                                       0xd13b (size before relaxing)

.comment        0x0000000000000000       0x7b
 .comment       0x0000000000000000       0x7b Src/003LEDHandlingUsingSTM32Button.o
                                         0x7c (size before relaxing)
 .comment       0x000000000000007b       0x7c Src/syscalls.o
 .comment       0x000000000000007b       0x7c Src/sysmem.o
 .comment       0x000000000000007b       0x7c drivers/Src/gpio_driver.o

.debug_frame    0x0000000000000000      0xc98
 .debug_frame   0x0000000000000000       0xa0 Src/003LEDHandlingUsingSTM32Button.o
 .debug_frame   0x00000000000000a0      0x2ac Src/syscalls.o
 .debug_frame   0x000000000000034c       0x34 Src/sysmem.o
 .debug_frame   0x0000000000000380      0x1cc drivers/Src/gpio_driver.o
 .debug_frame   0x000000000000054c       0x20 c:/st/stm32cubeide_1.2.0/stm32cubeide/plugins/com.st.stm32cube.ide.mcu.externaltools.gnu-tools-for-stm32.7-2018-q2-update.win32_1.0.0.201904181610/tools/bin/../lib/gcc/arm-none-eabi/7.3.1/../../../../arm-none-eabi/lib/thumb/v7e-m/fpv4-sp/hard\libc_nano.a(lib_a-errno.o)
 .debug_frame   0x000000000000056c       0x3c c:/st/stm32cubeide_1.2.0/stm32cubeide/plugins/com.st.stm32cube.ide.mcu.externaltools.gnu-tools-for-stm32.7-2018-q2-update.win32_1.0.0.201904181610/tools/bin/../lib/gcc/arm-none-eabi/7.3.1/../../../../arm-none-eabi/lib/thumb/v7e-m/fpv4-sp/hard\libc_nano.a(lib_a-fclose.o)
 .debug_frame   0x00000000000005a8       0x68 c:/st/stm32cubeide_1.2.0/stm32cubeide/plugins/com.st.stm32cube.ide.mcu.externaltools.gnu-tools-for-stm32.7-2018-q2-update.win32_1.0.0.201904181610/tools/bin/../lib/gcc/arm-none-eabi/7.3.1/../../../../arm-none-eabi/lib/thumb/v7e-m/fpv4-sp/hard\libc_nano.a(lib_a-fflush.o)
 .debug_frame   0x0000000000000610      0x11c c:/st/stm32cubeide_1.2.0/stm32cubeide/plugins/com.st.stm32cube.ide.mcu.externaltools.gnu-tools-for-stm32.7-2018-q2-update.win32_1.0.0.201904181610/tools/bin/../lib/gcc/arm-none-eabi/7.3.1/../../../../arm-none-eabi/lib/thumb/v7e-m/fpv4-sp/hard\libc_nano.a(lib_a-findfp.o)
 .debug_frame   0x000000000000072c       0x44 c:/st/stm32cubeide_1.2.0/stm32cubeide/plugins/com.st.stm32cube.ide.mcu.externaltools.gnu-tools-for-stm32.7-2018-q2-update.win32_1.0.0.201904181610/tools/bin/../lib/gcc/arm-none-eabi/7.3.1/../../../../arm-none-eabi/lib/thumb/v7e-m/fpv4-sp/hard\libc_nano.a(lib_a-fopen.o)
 .debug_frame   0x0000000000000770       0x30 c:/st/stm32cubeide_1.2.0/stm32cubeide/plugins/com.st.stm32cube.ide.mcu.externaltools.gnu-tools-for-stm32.7-2018-q2-update.win32_1.0.0.201904181610/tools/bin/../lib/gcc/arm-none-eabi/7.3.1/../../../../arm-none-eabi/lib/thumb/v7e-m/fpv4-sp/hard\libc_nano.a(lib_a-fseek.o)
 .debug_frame   0x00000000000007a0       0x44 c:/st/stm32cubeide_1.2.0/stm32cubeide/plugins/com.st.stm32cube.ide.mcu.externaltools.gnu-tools-for-stm32.7-2018-q2-update.win32_1.0.0.201904181610/tools/bin/../lib/gcc/arm-none-eabi/7.3.1/../../../../arm-none-eabi/lib/thumb/v7e-m/fpv4-sp/hard\libc_nano.a(lib_a-fseeko.o)
 .debug_frame   0x00000000000007e4       0x54 c:/st/stm32cubeide_1.2.0/stm32cubeide/plugins/com.st.stm32cube.ide.mcu.externaltools.gnu-tools-for-stm32.7-2018-q2-update.win32_1.0.0.201904181610/tools/bin/../lib/gcc/arm-none-eabi/7.3.1/../../../../arm-none-eabi/lib/thumb/v7e-m/fpv4-sp/hard\libc_nano.a(lib_a-fwalk.o)
 .debug_frame   0x0000000000000838       0x4c c:/st/stm32cubeide_1.2.0/stm32cubeide/plugins/com.st.stm32cube.ide.mcu.externaltools.gnu-tools-for-stm32.7-2018-q2-update.win32_1.0.0.201904181610/tools/bin/../lib/gcc/arm-none-eabi/7.3.1/../../../../arm-none-eabi/lib/thumb/v7e-m/fpv4-sp/hard\libc_nano.a(lib_a-fwrite.o)
 .debug_frame   0x0000000000000884       0x2c c:/st/stm32cubeide_1.2.0/stm32cubeide/plugins/com.st.stm32cube.ide.mcu.externaltools.gnu-tools-for-stm32.7-2018-q2-update.win32_1.0.0.201904181610/tools/bin/../lib/gcc/arm-none-eabi/7.3.1/../../../../arm-none-eabi/lib/thumb/v7e-m/fpv4-sp/hard\libc_nano.a(lib_a-init.o)
 .debug_frame   0x00000000000008b0       0x58 c:/st/stm32cubeide_1.2.0/stm32cubeide/plugins/com.st.stm32cube.ide.mcu.externaltools.gnu-tools-for-stm32.7-2018-q2-update.win32_1.0.0.201904181610/tools/bin/../lib/gcc/arm-none-eabi/7.3.1/../../../../arm-none-eabi/lib/thumb/v7e-m/fpv4-sp/hard\libc_nano.a(lib_a-makebuf.o)
 .debug_frame   0x0000000000000908       0x20 c:/st/stm32cubeide_1.2.0/stm32cubeide/plugins/com.st.stm32cube.ide.mcu.externaltools.gnu-tools-for-stm32.7-2018-q2-update.win32_1.0.0.201904181610/tools/bin/../lib/gcc/arm-none-eabi/7.3.1/../../../../arm-none-eabi/lib/thumb/v7e-m/fpv4-sp/hard\libc_nano.a(lib_a-memset.o)
 .debug_frame   0x0000000000000928       0x38 c:/st/stm32cubeide_1.2.0/stm32cubeide/plugins/com.st.stm32cube.ide.mcu.externaltools.gnu-tools-for-stm32.7-2018-q2-update.win32_1.0.0.201904181610/tools/bin/../lib/gcc/arm-none-eabi/7.3.1/../../../../arm-none-eabi/lib/thumb/v7e-m/fpv4-sp/hard\libc_nano.a(lib_a-nano-freer.o)
 .debug_frame   0x0000000000000960       0x2c c:/st/stm32cubeide_1.2.0/stm32cubeide/plugins/com.st.stm32cube.ide.mcu.externaltools.gnu-tools-for-stm32.7-2018-q2-update.win32_1.0.0.201904181610/tools/bin/../lib/gcc/arm-none-eabi/7.3.1/../../../../arm-none-eabi/lib/thumb/v7e-m/fpv4-sp/hard\libc_nano.a(lib_a-nano-mallocr.o)
 .debug_frame   0x000000000000098c       0x2c c:/st/stm32cubeide_1.2.0/stm32cubeide/plugins/com.st.stm32cube.ide.mcu.externaltools.gnu-tools-for-stm32.7-2018-q2-update.win32_1.0.0.201904181610/tools/bin/../lib/gcc/arm-none-eabi/7.3.1/../../../../arm-none-eabi/lib/thumb/v7e-m/fpv4-sp/hard\libc_nano.a(lib_a-openr.o)
 .debug_frame   0x00000000000009b8       0x5c c:/st/stm32cubeide_1.2.0/stm32cubeide/plugins/com.st.stm32cube.ide.mcu.externaltools.gnu-tools-for-stm32.7-2018-q2-update.win32_1.0.0.201904181610/tools/bin/../lib/gcc/arm-none-eabi/7.3.1/../../../../arm-none-eabi/lib/thumb/v7e-m/fpv4-sp/hard\libc_nano.a(lib_a-reent.o)
 .debug_frame   0x0000000000000a14       0x2c c:/st/stm32cubeide_1.2.0/stm32cubeide/plugins/com.st.stm32cube.ide.mcu.externaltools.gnu-tools-for-stm32.7-2018-q2-update.win32_1.0.0.201904181610/tools/bin/../lib/gcc/arm-none-eabi/7.3.1/../../../../arm-none-eabi/lib/thumb/v7e-m/fpv4-sp/hard\libc_nano.a(lib_a-sbrkr.o)
 .debug_frame   0x0000000000000a40       0x88 c:/st/stm32cubeide_1.2.0/stm32cubeide/plugins/com.st.stm32cube.ide.mcu.externaltools.gnu-tools-for-stm32.7-2018-q2-update.win32_1.0.0.201904181610/tools/bin/../lib/gcc/arm-none-eabi/7.3.1/../../../../arm-none-eabi/lib/thumb/v7e-m/fpv4-sp/hard\libc_nano.a(lib_a-stdio.o)
 .debug_frame   0x0000000000000ac8       0x40 c:/st/stm32cubeide_1.2.0/stm32cubeide/plugins/com.st.stm32cube.ide.mcu.externaltools.gnu-tools-for-stm32.7-2018-q2-update.win32_1.0.0.201904181610/tools/bin/../lib/gcc/arm-none-eabi/7.3.1/../../../../arm-none-eabi/lib/thumb/v7e-m/fpv4-sp/hard\libc_nano.a(lib_a-wbuf.o)
 .debug_frame   0x0000000000000b08       0x2c c:/st/stm32cubeide_1.2.0/stm32cubeide/plugins/com.st.stm32cube.ide.mcu.externaltools.gnu-tools-for-stm32.7-2018-q2-update.win32_1.0.0.201904181610/tools/bin/../lib/gcc/arm-none-eabi/7.3.1/../../../../arm-none-eabi/lib/thumb/v7e-m/fpv4-sp/hard\libc_nano.a(lib_a-writer.o)
 .debug_frame   0x0000000000000b34       0x2c c:/st/stm32cubeide_1.2.0/stm32cubeide/plugins/com.st.stm32cube.ide.mcu.externaltools.gnu-tools-for-stm32.7-2018-q2-update.win32_1.0.0.201904181610/tools/bin/../lib/gcc/arm-none-eabi/7.3.1/../../../../arm-none-eabi/lib/thumb/v7e-m/fpv4-sp/hard\libc_nano.a(lib_a-wsetup.o)
 .debug_frame   0x0000000000000b60       0x2c c:/st/stm32cubeide_1.2.0/stm32cubeide/plugins/com.st.stm32cube.ide.mcu.externaltools.gnu-tools-for-stm32.7-2018-q2-update.win32_1.0.0.201904181610/tools/bin/../lib/gcc/arm-none-eabi/7.3.1/../../../../arm-none-eabi/lib/thumb/v7e-m/fpv4-sp/hard\libc_nano.a(lib_a-closer.o)
 .debug_frame   0x0000000000000b8c       0x2c c:/st/stm32cubeide_1.2.0/stm32cubeide/plugins/com.st.stm32cube.ide.mcu.externaltools.gnu-tools-for-stm32.7-2018-q2-update.win32_1.0.0.201904181610/tools/bin/../lib/gcc/arm-none-eabi/7.3.1/../../../../arm-none-eabi/lib/thumb/v7e-m/fpv4-sp/hard\libc_nano.a(lib_a-flags.o)
 .debug_frame   0x0000000000000bb8       0x2c c:/st/stm32cubeide_1.2.0/stm32cubeide/plugins/com.st.stm32cube.ide.mcu.externaltools.gnu-tools-for-stm32.7-2018-q2-update.win32_1.0.0.201904181610/tools/bin/../lib/gcc/arm-none-eabi/7.3.1/../../../../arm-none-eabi/lib/thumb/v7e-m/fpv4-sp/hard\libc_nano.a(lib_a-fstatr.o)
 .debug_frame   0x0000000000000be4       0x2c c:/st/stm32cubeide_1.2.0/stm32cubeide/plugins/com.st.stm32cube.ide.mcu.externaltools.gnu-tools-for-stm32.7-2018-q2-update.win32_1.0.0.201904181610/tools/bin/../lib/gcc/arm-none-eabi/7.3.1/../../../../arm-none-eabi/lib/thumb/v7e-m/fpv4-sp/hard\libc_nano.a(lib_a-isattyr.o)
 .debug_frame   0x0000000000000c10       0x2c c:/st/stm32cubeide_1.2.0/stm32cubeide/plugins/com.st.stm32cube.ide.mcu.externaltools.gnu-tools-for-stm32.7-2018-q2-update.win32_1.0.0.201904181610/tools/bin/../lib/gcc/arm-none-eabi/7.3.1/../../../../arm-none-eabi/lib/thumb/v7e-m/fpv4-sp/hard\libc_nano.a(lib_a-lseekr.o)
 .debug_frame   0x0000000000000c3c       0x30 c:/st/stm32cubeide_1.2.0/stm32cubeide/plugins/com.st.stm32cube.ide.mcu.externaltools.gnu-tools-for-stm32.7-2018-q2-update.win32_1.0.0.201904181610/tools/bin/../lib/gcc/arm-none-eabi/7.3.1/../../../../arm-none-eabi/lib/thumb/v7e-m/fpv4-sp/hard\libc_nano.a(lib_a-mlock.o)
 .debug_frame   0x0000000000000c6c       0x2c c:/st/stm32cubeide_1.2.0/stm32cubeide/plugins/com.st.stm32cube.ide.mcu.externaltools.gnu-tools-for-stm32.7-2018-q2-update.win32_1.0.0.201904181610/tools/bin/../lib/gcc/arm-none-eabi/7.3.1/../../../../arm-none-eabi/lib/thumb/v7e-m/fpv4-sp/hard\libc_nano.a(lib_a-readr.o)
