013MasterSTMSlaveArduinoRecepSend.c:35:5:main	112	static
013MasterSTMSlaveArduinoRecepSend.c:100:6:I2C_ApplicationEventCallBack	16	static
013MasterSTMSlaveArduinoRecepSend.c:112:6:I2C1_EV_IRQHandler	8	static
013MasterSTMSlaveArduinoRecepSend.c:117:6:I2C1_ER_IRQHandler	8	static
013MasterSTMSlaveArduinoRecepSend.c:121:6:GPIO_ButtonInit	16	static
013MasterSTMSlaveArduinoRecepSend.c:132:6:GPIO_I2CInit	16	static
013MasterSTMSlaveArduinoRecepSend.c:145:6:I2C_HandlerInit	16	static
013MasterSTMSlaveArduinoRecepSend.c:156:6:delay	16	static
