STM32F407xx_I2C_Driver.c:40:6:I2C_PeriClkCtrl	16	static
STM32F407xx_I2C_Driver.c:59:6:I2C_Init	48	static
STM32F407xx_I2C_Driver.c:147:6:I2C_DeInit	16	static
STM32F407xx_I2C_Driver.c:168:6:I2C_PeripheralEnable	16	static
STM32F407xx_I2C_Driver.c:194:6:I2C_MasterSendData	24	static
STM32F407xx_I2C_Driver.c:270:6:I2C_MasterReceiveData	24	static
STM32F407xx_I2C_Driver.c:316:6:I2C_SlaveSendData	16	static
STM32F407xx_I2C_Driver.c:332:9:I2C_SlaveReceiveData	16	static
STM32F407xx_I2C_Driver.c:347:9:I2C_CheckStatusFlag	16	static
STM32F407xx_I2C_Driver.c:365:6:I2C_IRQITConfig	24	static
STM32F407xx_I2C_Driver.c:393:6:I2C_IRQPriorityConfig	32	static
STM32F407xx_I2C_Driver.c:416:9:I2C_MasterSendDataIT	32	static
STM32F407xx_I2C_Driver.c:466:9:I2C_MasterReceiveDataIT	32	static
STM32F407xx_I2C_Driver.c:514:6:I2C_EV_IRQHandling	32	static
STM32F407xx_I2C_Driver.c:688:6:I2C_ER_IRQHandling	32	static
STM32F407xx_I2C_Driver.c:829:6:I2C_InterruptCtrl	16	static
STM32F407xx_I2C_Driver.c:854:13:I2C_ApplicationEventCallBack	16	static
STM32F407xx_I2C_Driver.c:869:17:getAPB1ClkFreq	56	static
STM32F407xx_I2C_Driver.c:906:17:getPLLClkFreq	4	static
STM32F407xx_I2C_Driver.c:922:13:generateStartCondition	16	static
STM32F407xx_I2C_Driver.c:936:13:generateStopCondition	16	static
STM32F407xx_I2C_Driver.c:950:13:clearFlagSB	24	static
STM32F407xx_I2C_Driver.c:966:13:clearFlagADDR	24	static
STM32F407xx_I2C_Driver.c:983:13:clearFlagSTOPF	24	static
STM32F407xx_I2C_Driver.c:1001:13:ctrlBitACK	16	static
STM32F407xx_I2C_Driver.c:1020:13:ctrlBitPOS	16	static
STM32F407xx_I2C_Driver.c:1039:13:sendAddressToSlaveWrite	16	static
STM32F407xx_I2C_Driver.c:1055:13:sendAddressToSlaveRead	16	static
STM32F407xx_I2C_Driver.c:1074:13:singleDataRecepHandler	24	static
STM32F407xx_I2C_Driver.c:1108:13:multipleDataRecepHandler	24	static
STM32F407xx_I2C_Driver.c:1153:13:closeMasterTx	16	static
STM32F407xx_I2C_Driver.c:1175:13:closeMasterRx	16	static
