STM32F407xx_I2C_Driver.c:37:6:I2C_PeriClkCtrl	16	static
STM32F407xx_I2C_Driver.c:45:17:getPLLClkFreq	4	static
STM32F407xx_I2C_Driver.c:62:17:getAPB1ClkFreq	56	static
STM32F407xx_I2C_Driver.c:99:6:I2C_Init	48	static
STM32F407xx_I2C_Driver.c:187:6:I2C_DeInit	16	static
STM32F407xx_I2C_Driver.c:208:6:I2C_PeripheralEnable	16	static
STM32F407xx_I2C_Driver.c:233:6:I2C_MasterSendData	24	static
STM32F407xx_I2C_Driver.c:301:6:I2C_MasterReceiveData	24	static
STM32F407xx_I2C_Driver.c:336:13:singleDataRecepHandler	16	static
STM32F407xx_I2C_Driver.c:356:13:multipleDataRecepHandler	24	static
STM32F407xx_I2C_Driver.c:401:13:ctrlBitACK	16	static
STM32F407xx_I2C_Driver.c:420:13:ctrlBitPOS	16	static
STM32F407xx_I2C_Driver.c:440:9:I2C_CheckStatusFlag	16	static
STM32F407xx_I2C_Driver.c:457:13:generateStartCondition	16	static
STM32F407xx_I2C_Driver.c:471:13:generateStopCondition	16	static
STM32F407xx_I2C_Driver.c:485:13:clearFlagSB	24	static
STM32F407xx_I2C_Driver.c:501:13:clearFlagADDR	24	static
STM32F407xx_I2C_Driver.c:519:6:I2C_IRQITConfig	24	static
STM32F407xx_I2C_Driver.c:547:6:I2C_IRQPriorityConfig	32	static
