11:45:13 **** Incremental Build of configuration Debug for project 004EnableClockPeripheral ****
make -j8 all 
arm-none-eabi-gcc "../Src/main.c" -mcpu=cortex-m4 -std=gnu11 -g3 -DSTM32 -DSTM32F407G_DISC1 -DSTM32F4 -DSTM32F407VGTx -DDEBUG -c -I../Inc -O0 -ffunction-sections -fdata-sections -Wall -fstack-usage -MMD -MP -MF"Src/main.d" -MT"Src/main.o" --specs=nano.specs -mfpu=fpv4-sp-d16 -mfloat-abi=hard -mthumb -o "Src/main.o"
arm-none-eabi-gcc -o "004EnableClockPeripheral.elf" @"objects.list"   -mcpu=cortex-m4 -T"C:\Users\tranq\Desktop\workspace_STM32\MCU1\004EnableClockPeripheral\STM32F407VGTX_FLASH.ld" --specs=nosys.specs -Wl,-Map="004EnableClockPeripheral.map" -Wl,--gc-sections -static --specs=nano.specs -mfpu=fpv4-sp-d16 -mfloat-abi=hard -mthumb -Wl,--start-group -lc -lm -Wl,--end-group
Finished building target: 004EnableClockPeripheral.elf
 
arm-none-eabi-objdump -h -S  004EnableClockPeripheral.elf  > "004EnableClockPeripheral.list"
arm-none-eabi-objcopy  -O binary  004EnableClockPeripheral.elf  "004EnableClockPeripheral.bin"
arm-none-eabi-size   004EnableClockPeripheral.elf 
   text	   data	    bss	    dec	    hex	filename
    716	      8	   1568	   2292	    8f4	004EnableClockPeripheral.elf
Finished building: default.size.stdout
 
Finished building: 004EnableClockPeripheral.list
Finished building: 004EnableClockPeripheral.bin
 
 

11:45:16 Build Finished. 0 errors, 0 warnings. (took 2s.717ms)

