12:56:57 **** Incremental Build of configuration Debug for project 005HSIMeasurement ****
make -j8 all 
arm-none-eabi-gcc "../Src/main.c" -mcpu=cortex-m4 -std=gnu11 -g3 -DSTM32 -DSTM32F407G_DISC1 -DSTM32F4 -DSTM32F407VGTx -DDEBUG -c -I../Inc -O0 -ffunction-sections -fdata-sections -Wall -fstack-usage -MMD -MP -MF"Src/main.d" -MT"Src/main.o" --specs=nano.specs -mfpu=fpv4-sp-d16 -mfloat-abi=hard -mthumb -o "Src/main.o"
arm-none-eabi-gcc -o "005HSIMeasurement.elf" @"objects.list"   -mcpu=cortex-m4 -T"C:\Users\tranq\Desktop\workspace_STM32\MCU1\005HSIMeasurement\STM32F407VGTX_FLASH.ld" --specs=nosys.specs -Wl,-Map="005HSIMeasurement.map" -Wl,--gc-sections -static --specs=nano.specs -mfpu=fpv4-sp-d16 -mfloat-abi=hard -mthumb -Wl,--start-group -lc -lm -Wl,--end-group
Finished building target: 005HSIMeasurement.elf
 
arm-none-eabi-objdump -h -S  005HSIMeasurement.elf  > "005HSIMeasurement.list"
arm-none-eabi-objcopy  -O binary  005HSIMeasurement.elf  "005HSIMeasurement.bin"
arm-none-eabi-size   005HSIMeasurement.elf 
   text	   data	    bss	    dec	    hex	filename
    780	      8	   1568	   2356	    934	005HSIMeasurement.elf
Finished building: default.size.stdout
 
Finished building: 005HSIMeasurement.list
Finished building: 005HSIMeasurement.bin
 
 

12:56:59 Build Finished. 0 errors, 0 warnings. (took 1s.957ms)

