14:28:20 **** Incremental Build of configuration Debug for project STM32F407xx_Drivers ****
make -j8 all 
arm-none-eabi-gcc "../Src/Ex1LEDTogglePushPull.c" -mcpu=cortex-m4 -std=gnu11 -g3 -DSTM32 -DSTM32F407G_DISC1 -DSTM32F4 -DSTM32F407VGTx -DDEBUG -c -I../Inc -O0 -ffunction-sections -fdata-sections -Wall -fstack-usage -MMD -MP -MF"Src/Ex1LEDTogglePushPull.d" -MT"Src/Ex1LEDTogglePushPull.o" --specs=nano.specs -mfpu=fpv4-sp-d16 -mfloat-abi=hard -mthumb -o "Src/Ex1LEDTogglePushPull.o"
arm-none-eabi-gcc -o "STM32F407xx_Drivers.elf" @"objects.list"   -mcpu=cortex-m4 -T"C:\Users\tranq\Desktop\workspace_STM32\MCU1\STM32F407xx_Drivers\STM32F407VGTX_FLASH.ld" --specs=nosys.specs -Wl,-Map="STM32F407xx_Drivers.map" -Wl,--gc-sections -static --specs=nano.specs -mfpu=fpv4-sp-d16 -mfloat-abi=hard -mthumb -Wl,--start-group -lc -lm -Wl,--end-group
Finished building target: STM32F407xx_Drivers.elf
 
arm-none-eabi-objdump -h -S  STM32F407xx_Drivers.elf  > "STM32F407xx_Drivers.list"
arm-none-eabi-objcopy  -O binary  STM32F407xx_Drivers.elf  "STM32F407xx_Drivers.bin"
arm-none-eabi-size   STM32F407xx_Drivers.elf 
   text	   data	    bss	    dec	    hex	filename
   1660	      8	   1568	   3236	    ca4	STM32F407xx_Drivers.elf
Finished building: default.size.stdout
 
Finished building: STM32F407xx_Drivers.bin
Finished building: STM32F407xx_Drivers.list
 
 
14:28:36 **** Incremental Build of configuration Debug for project STM32F407xx_Drivers ****
make -j8 all 
arm-none-eabi-size   STM32F407xx_Drivers.elf 
   text	   data	    bss	    dec	    hex	filename
   1660	      8	   1568	   3236	    ca4	STM32F407xx_Drivers.elf
Finished building: default.size.stdout
 
14:29:35 **** Incremental Build of configuration Debug for project STM32F407xx_Drivers ****
make -j8 all 
arm-none-eabi-gcc "../Src/Ex1LEDTogglePushPull.c" -mcpu=cortex-m4 -std=gnu11 -g3 -DSTM32 -DSTM32F407G_DISC1 -DSTM32F4 -DSTM32F407VGTx -DDEBUG -c -I../Inc -O0 -ffunction-sections -fdata-sections -Wall -fstack-usage -MMD -MP -MF"Src/Ex1LEDTogglePushPull.d" -MT"Src/Ex1LEDTogglePushPull.o" --specs=nano.specs -mfpu=fpv4-sp-d16 -mfloat-abi=hard -mthumb -o "Src/Ex1LEDTogglePushPull.o"
arm-none-eabi-gcc -o "STM32F407xx_Drivers.elf" @"objects.list"   -mcpu=cortex-m4 -T"C:\Users\tranq\Desktop\workspace_STM32\MCU1\STM32F407xx_Drivers\STM32F407VGTX_FLASH.ld" --specs=nosys.specs -Wl,-Map="STM32F407xx_Drivers.map" -Wl,--gc-sections -static --specs=nano.specs -mfpu=fpv4-sp-d16 -mfloat-abi=hard -mthumb -Wl,--start-group -lc -lm -Wl,--end-group
Finished building target: STM32F407xx_Drivers.elf
 
arm-none-eabi-objdump -h -S  STM32F407xx_Drivers.elf  > "STM32F407xx_Drivers.list"
arm-none-eabi-objcopy  -O binary  STM32F407xx_Drivers.elf  "STM32F407xx_Drivers.bin"
arm-none-eabi-size   STM32F407xx_Drivers.elf 
   text	   data	    bss	    dec	    hex	filename
   1660	      8	   1568	   3236	    ca4	STM32F407xx_Drivers.elf
Finished building: default.size.stdout
 
Finished building: STM32F407xx_Drivers.bin
Finished building: STM32F407xx_Drivers.list
 
 
14:29:41 **** Incremental Build of configuration Debug for project STM32F407xx_Drivers ****
make -j8 all 
arm-none-eabi-size   STM32F407xx_Drivers.elf 
   text	   data	    bss	    dec	    hex	filename
   1660	      8	   1568	   3236	    ca4	STM32F407xx_Drivers.elf
Finished building: default.size.stdout
 
18:02:54 **** Clean-only build of configuration Debug for project STM32F407xx_Drivers ****
make -j8 clean 
rm -rf *
 
18:02:56 **** Incremental Build of configuration Debug for project STM32F407xx_Drivers ****
make -j8 all 
arm-none-eabi-gcc "../drivers/Src/gpio_driver.c" -mcpu=cortex-m4 -std=gnu11 -g3 -DSTM32 -DSTM32F407G_DISC1 -DSTM32F4 -DSTM32F407VGTx -DDEBUG -c -I../Inc -O0 -ffunction-sections -fdata-sections -Wall -fstack-usage -MMD -MP -MF"drivers/Src/gpio_driver.d" -MT"drivers/Src/gpio_driver.o" --specs=nano.specs -mfpu=fpv4-sp-d16 -mfloat-abi=hard -mthumb -o "drivers/Src/gpio_driver.o"
arm-none-eabi-gcc -mcpu=cortex-m4 -g3 -c -x assembler-with-cpp --specs=nano.specs -mfpu=fpv4-sp-d16 -mfloat-abi=hard -mthumb -o "Startup/startup_stm32f407vgtx.o" "../Startup/startup_stm32f407vgtx.s"
arm-none-eabi-gcc "../Src/syscalls.c" -mcpu=cortex-m4 -std=gnu11 -g3 -DSTM32 -DSTM32F407G_DISC1 -DSTM32F4 -DSTM32F407VGTx -DDEBUG -c -I../Inc -O0 -ffunction-sections -fdata-sections -Wall -fstack-usage -MMD -MP -MF"Src/syscalls.d" -MT"Src/syscalls.o" --specs=nano.specs -mfpu=fpv4-sp-d16 -mfloat-abi=hard -mthumb -o "Src/syscalls.o"
arm-none-eabi-gcc "../Src/sysmem.c" -mcpu=cortex-m4 -std=gnu11 -g3 -DSTM32 -DSTM32F407G_DISC1 -DSTM32F4 -DSTM32F407VGTx -DDEBUG -c -I../Inc -O0 -ffunction-sections -fdata-sections -Wall -fstack-usage -MMD -MP -MF"Src/sysmem.d" -MT"Src/sysmem.o" --specs=nano.specs -mfpu=fpv4-sp-d16 -mfloat-abi=hard -mthumb -o "Src/sysmem.o"
arm-none-eabi-gcc -o "STM32F407xx_Drivers.elf" @"objects.list"   -mcpu=cortex-m4 -T"C:\Users\tranq\Desktop\workspace_STM32\MCU1\STM32F407xx_Drivers\STM32F407VGTX_FLASH.ld" --specs=nosys.specs -Wl,-Map="STM32F407xx_Drivers.map" -Wl,--gc-sections -static --specs=nano.specs -mfpu=fpv4-sp-d16 -mfloat-abi=hard -mthumb -Wl,--start-group -lc -lm -Wl,--end-group
Startup/startup_stm32f407vgtx.o: In function `LoopFillZerobss':
C:/Users/tranq/Desktop/workspace_STM32/MCU1/STM32F407xx_Drivers/Debug/../Startup/startup_stm32f407vgtx.s:83: undefined reference to `main'
collect2.exe: error: ld returned 1 exit status
make: *** [makefile:44: STM32F407xx_Drivers.elf] Error 1
"make -j8 all" terminated with exit code 2. Build might be incomplete.
18:03:20 **** Clean-only build of configuration Debug for project STM32F407xx_Drivers ****
make -j8 clean 
rm -rf *
 
18:03:21 **** Incremental Build of configuration Debug for project STM32F407xx_Drivers ****
make -j8 all 
arm-none-eabi-gcc "../drivers/Src/gpio_driver.c" -mcpu=cortex-m4 -std=gnu11 -g3 -DSTM32 -DSTM32F407G_DISC1 -DSTM32F4 -DSTM32F407VGTx -DDEBUG -c -I../Inc -O0 -ffunction-sections -fdata-sections -Wall -fstack-usage -MMD -MP -MF"drivers/Src/gpio_driver.d" -MT"drivers/Src/gpio_driver.o" --specs=nano.specs -mfpu=fpv4-sp-d16 -mfloat-abi=hard -mthumb -o "drivers/Src/gpio_driver.o"
arm-none-eabi-gcc -mcpu=cortex-m4 -g3 -c -x assembler-with-cpp --specs=nano.specs -mfpu=fpv4-sp-d16 -mfloat-abi=hard -mthumb -o "Startup/startup_stm32f407vgtx.o" "../Startup/startup_stm32f407vgtx.s"
arm-none-eabi-gcc "../Src/Ex1LEDTogglePushPull.c" -mcpu=cortex-m4 -std=gnu11 -g3 -DSTM32 -DSTM32F407G_DISC1 -DSTM32F4 -DSTM32F407VGTx -DDEBUG -c -I../Inc -O0 -ffunction-sections -fdata-sections -Wall -fstack-usage -MMD -MP -MF"Src/Ex1LEDTogglePushPull.d" -MT"Src/Ex1LEDTogglePushPull.o" --specs=nano.specs -mfpu=fpv4-sp-d16 -mfloat-abi=hard -mthumb -o "Src/Ex1LEDTogglePushPull.o"
arm-none-eabi-gcc "../Src/syscalls.c" -mcpu=cortex-m4 -std=gnu11 -g3 -DSTM32 -DSTM32F407G_DISC1 -DSTM32F4 -DSTM32F407VGTx -DDEBUG -c -I../Inc -O0 -ffunction-sections -fdata-sections -Wall -fstack-usage -MMD -MP -MF"Src/syscalls.d" -MT"Src/syscalls.o" --specs=nano.specs -mfpu=fpv4-sp-d16 -mfloat-abi=hard -mthumb -o "Src/syscalls.o"
arm-none-eabi-gcc "../Src/sysmem.c" -mcpu=cortex-m4 -std=gnu11 -g3 -DSTM32 -DSTM32F407G_DISC1 -DSTM32F4 -DSTM32F407VGTx -DDEBUG -c -I../Inc -O0 -ffunction-sections -fdata-sections -Wall -fstack-usage -MMD -MP -MF"Src/sysmem.d" -MT"Src/sysmem.o" --specs=nano.specs -mfpu=fpv4-sp-d16 -mfloat-abi=hard -mthumb -o "Src/sysmem.o"
arm-none-eabi-gcc -o "STM32F407xx_Drivers.elf" @"objects.list"   -mcpu=cortex-m4 -T"C:\Users\tranq\Desktop\workspace_STM32\MCU1\STM32F407xx_Drivers\STM32F407VGTX_FLASH.ld" --specs=nosys.specs -Wl,-Map="STM32F407xx_Drivers.map" -Wl,--gc-sections -static --specs=nano.specs -mfpu=fpv4-sp-d16 -mfloat-abi=hard -mthumb -Wl,--start-group -lc -lm -Wl,--end-group
Finished building target: STM32F407xx_Drivers.elf
 
arm-none-eabi-size   STM32F407xx_Drivers.elf 
arm-none-eabi-objdump -h -S  STM32F407xx_Drivers.elf  > "STM32F407xx_Drivers.list"
arm-none-eabi-objcopy  -O binary  STM32F407xx_Drivers.elf  "STM32F407xx_Drivers.bin"
   text	   data	    bss	    dec	    hex	filename
   1660	      8	   1568	   3236	    ca4	STM32F407xx_Drivers.elf
Finished building: default.size.stdout
 
Finished building: STM32F407xx_Drivers.list
Finished building: STM32F407xx_Drivers.bin
 
 
18:03:29 **** Incremental Build of configuration Debug for project STM32F407xx_Drivers ****
make -j8 all 
arm-none-eabi-size   STM32F407xx_Drivers.elf 
   text	   data	    bss	    dec	    hex	filename
   1660	      8	   1568	   3236	    ca4	STM32F407xx_Drivers.elf
Finished building: default.size.stdout
 
18:03:55 **** Incremental Build of configuration Debug for project STM32F407xx_Drivers ****
make -j8 all 
arm-none-eabi-gcc "../Src/Ex1LEDTogglePushPull.c" -mcpu=cortex-m4 -std=gnu11 -g3 -DSTM32 -DSTM32F407G_DISC1 -DSTM32F4 -DSTM32F407VGTx -DDEBUG -c -I../Inc -O0 -ffunction-sections -fdata-sections -Wall -fstack-usage -MMD -MP -MF"Src/Ex1LEDTogglePushPull.d" -MT"Src/Ex1LEDTogglePushPull.o" --specs=nano.specs -mfpu=fpv4-sp-d16 -mfloat-abi=hard -mthumb -o "Src/Ex1LEDTogglePushPull.o"
arm-none-eabi-gcc -o "STM32F407xx_Drivers.elf" @"objects.list"   -mcpu=cortex-m4 -T"C:\Users\tranq\Desktop\workspace_STM32\MCU1\STM32F407xx_Drivers\STM32F407VGTX_FLASH.ld" --specs=nosys.specs -Wl,-Map="STM32F407xx_Drivers.map" -Wl,--gc-sections -static --specs=nano.specs -mfpu=fpv4-sp-d16 -mfloat-abi=hard -mthumb -Wl,--start-group -lc -lm -Wl,--end-group
Finished building target: STM32F407xx_Drivers.elf
 
arm-none-eabi-objdump -h -S  STM32F407xx_Drivers.elf  > "STM32F407xx_Drivers.list"
arm-none-eabi-objcopy  -O binary  STM32F407xx_Drivers.elf  "STM32F407xx_Drivers.bin"
arm-none-eabi-size   STM32F407xx_Drivers.elf 
   text	   data	    bss	    dec	    hex	filename
   1660	      8	   1568	   3236	    ca4	STM32F407xx_Drivers.elf
Finished building: default.size.stdout
 
Finished building: STM32F407xx_Drivers.bin
Finished building: STM32F407xx_Drivers.list
 
 
12:45:56 **** Clean-only build of configuration Debug for project STM32F407xx_Drivers ****
make -j8 clean 
rm -rf *
 
12:45:57 **** Build of configuration Debug for project STM32F407xx_Drivers ****
make -j8 all 
arm-none-eabi-gcc "../drivers/Src/gpio_driver.c" -mcpu=cortex-m4 -std=gnu11 -g3 -DSTM32 -DSTM32F407G_DISC1 -DSTM32F4 -DSTM32F407VGTx -DDEBUG -c -I../Inc -O0 -ffunction-sections -fdata-sections -Wall -fstack-usage -MMD -MP -MF"drivers/Src/gpio_driver.d" -MT"drivers/Src/gpio_driver.o" --specs=nano.specs -mfpu=fpv4-sp-d16 -mfloat-abi=hard -mthumb -o "drivers/Src/gpio_driver.o"
arm-none-eabi-gcc -mcpu=cortex-m4 -g3 -c -x assembler-with-cpp --specs=nano.specs -mfpu=fpv4-sp-d16 -mfloat-abi=hard -mthumb -o "Startup/startup_stm32f407vgtx.o" "../Startup/startup_stm32f407vgtx.s"
arm-none-eabi-gcc "../Src/Ex1LEDTogglePushPull.c" -mcpu=cortex-m4 -std=gnu11 -g3 -DSTM32 -DSTM32F407G_DISC1 -DSTM32F4 -DSTM32F407VGTx -DDEBUG -c -I../Inc -O0 -ffunction-sections -fdata-sections -Wall -fstack-usage -MMD -MP -MF"Src/Ex1LEDTogglePushPull.d" -MT"Src/Ex1LEDTogglePushPull.o" --specs=nano.specs -mfpu=fpv4-sp-d16 -mfloat-abi=hard -mthumb -o "Src/Ex1LEDTogglePushPull.o"
arm-none-eabi-gcc "../Src/syscalls.c" -mcpu=cortex-m4 -std=gnu11 -g3 -DSTM32 -DSTM32F407G_DISC1 -DSTM32F4 -DSTM32F407VGTx -DDEBUG -c -I../Inc -O0 -ffunction-sections -fdata-sections -Wall -fstack-usage -MMD -MP -MF"Src/syscalls.d" -MT"Src/syscalls.o" --specs=nano.specs -mfpu=fpv4-sp-d16 -mfloat-abi=hard -mthumb -o "Src/syscalls.o"
arm-none-eabi-gcc "../Src/sysmem.c" -mcpu=cortex-m4 -std=gnu11 -g3 -DSTM32 -DSTM32F407G_DISC1 -DSTM32F4 -DSTM32F407VGTx -DDEBUG -c -I../Inc -O0 -ffunction-sections -fdata-sections -Wall -fstack-usage -MMD -MP -MF"Src/sysmem.d" -MT"Src/sysmem.o" --specs=nano.specs -mfpu=fpv4-sp-d16 -mfloat-abi=hard -mthumb -o "Src/sysmem.o"
arm-none-eabi-gcc -o "STM32F407xx_Drivers.elf" @"objects.list"   -mcpu=cortex-m4 -T"C:\Users\tranq\OneDrive\Desktop\workspace\STM32_Driver_Development\STM32F407xx_Drivers\STM32F407VGTX_FLASH.ld" --specs=nosys.specs -Wl,-Map="STM32F407xx_Drivers.map" -Wl,--gc-sections -static --specs=nano.specs -mfpu=fpv4-sp-d16 -mfloat-abi=hard -mthumb -Wl,--start-group -lc -lm -Wl,--end-group
Finished building target: STM32F407xx_Drivers.elf
 
arm-none-eabi-size   STM32F407xx_Drivers.elf 
arm-none-eabi-objdump -h -S  STM32F407xx_Drivers.elf  > "STM32F407xx_Drivers.list"
arm-none-eabi-objcopy  -O binary  STM32F407xx_Drivers.elf  "STM32F407xx_Drivers.bin"
   text	   data	    bss	    dec	    hex	filename
   1660	      8	   1568	   3236	    ca4	STM32F407xx_Drivers.elf
Finished building: default.size.stdout
 
Finished building: STM32F407xx_Drivers.list
Finished building: STM32F407xx_Drivers.bin
 
 
12:46:27 **** Incremental Build of configuration Debug for project STM32F407xx_Drivers ****
make -j8 all 
arm-none-eabi-size   STM32F407xx_Drivers.elf 
   text	   data	    bss	    dec	    hex	filename
   1660	      8	   1568	   3236	    ca4	STM32F407xx_Drivers.elf
Finished building: default.size.stdout
 
12:47:25 **** Incremental Build of configuration Debug for project STM32F407xx_Drivers ****
make -j8 all 
arm-none-eabi-size   STM32F407xx_Drivers.elf 
   text	   data	    bss	    dec	    hex	filename
   1660	      8	   1568	   3236	    ca4	STM32F407xx_Drivers.elf
Finished building: default.size.stdout
 
12:48:04 **** Incremental Build of configuration Debug for project STM32F407xx_Drivers ****
make -j8 all 
arm-none-eabi-gcc "../Src/Ex1LEDTogglePushPull.c" -mcpu=cortex-m4 -std=gnu11 -g3 -DSTM32 -DSTM32F407G_DISC1 -DSTM32F4 -DSTM32F407VGTx -DDEBUG -c -I../Inc -O0 -ffunction-sections -fdata-sections -Wall -fstack-usage -MMD -MP -MF"Src/Ex1LEDTogglePushPull.d" -MT"Src/Ex1LEDTogglePushPull.o" --specs=nano.specs -mfpu=fpv4-sp-d16 -mfloat-abi=hard -mthumb -o "Src/Ex1LEDTogglePushPull.o"
arm-none-eabi-gcc -o "STM32F407xx_Drivers.elf" @"objects.list"   -mcpu=cortex-m4 -T"C:\Users\tranq\OneDrive\Desktop\workspace\STM32_Driver_Development\STM32F407xx_Drivers\STM32F407VGTX_FLASH.ld" --specs=nosys.specs -Wl,-Map="STM32F407xx_Drivers.map" -Wl,--gc-sections -static --specs=nano.specs -mfpu=fpv4-sp-d16 -mfloat-abi=hard -mthumb -Wl,--start-group -lc -lm -Wl,--end-group
Finished building target: STM32F407xx_Drivers.elf
 
arm-none-eabi-objdump -h -S  STM32F407xx_Drivers.elf  > "STM32F407xx_Drivers.list"
arm-none-eabi-objcopy  -O binary  STM32F407xx_Drivers.elf  "STM32F407xx_Drivers.bin"
arm-none-eabi-size   STM32F407xx_Drivers.elf 
   text	   data	    bss	    dec	    hex	filename
   1660	      8	   1568	   3236	    ca4	STM32F407xx_Drivers.elf
Finished building: default.size.stdout
Finished building: STM32F407xx_Drivers.bin
Finished building: STM32F407xx_Drivers.list
 
 
 
12:48:19 **** Incremental Build of configuration Debug for project STM32F407xx_Drivers ****
make -j8 all 
arm-none-eabi-size   STM32F407xx_Drivers.elf 
   text	   data	    bss	    dec	    hex	filename
   1660	      8	   1568	   3236	    ca4	STM32F407xx_Drivers.elf
Finished building: default.size.stdout
 
13:07:33 **** Clean-only build of configuration Debug for project STM32F407xx_Drivers ****
make -j8 clean 
rm -rf *
 
13:07:34 **** Incremental Build of configuration Debug for project STM32F407xx_Drivers ****
make -j8 all 
arm-none-eabi-gcc "../drivers/Src/gpio_driver.c" -mcpu=cortex-m4 -std=gnu11 -g3 -DSTM32 -DSTM32F407G_DISC1 -DSTM32F4 -DSTM32F407VGTx -DDEBUG -c -I../Inc -O0 -ffunction-sections -fdata-sections -Wall -fstack-usage -MMD -MP -MF"drivers/Src/gpio_driver.d" -MT"drivers/Src/gpio_driver.o" --specs=nano.specs -mfpu=fpv4-sp-d16 -mfloat-abi=hard -mthumb -o "drivers/Src/gpio_driver.o"
arm-none-eabi-gcc -mcpu=cortex-m4 -g3 -c -x assembler-with-cpp --specs=nano.specs -mfpu=fpv4-sp-d16 -mfloat-abi=hard -mthumb -o "Startup/startup_stm32f407vgtx.o" "../Startup/startup_stm32f407vgtx.s"
arm-none-eabi-gcc "../Src/Ex2LEDToggleOpenDrain.c" -mcpu=cortex-m4 -std=gnu11 -g3 -DSTM32 -DSTM32F407G_DISC1 -DSTM32F4 -DSTM32F407VGTx -DDEBUG -c -I../Inc -O0 -ffunction-sections -fdata-sections -Wall -fstack-usage -MMD -MP -MF"Src/Ex2LEDToggleOpenDrain.d" -MT"Src/Ex2LEDToggleOpenDrain.o" --specs=nano.specs -mfpu=fpv4-sp-d16 -mfloat-abi=hard -mthumb -o "Src/Ex2LEDToggleOpenDrain.o"
arm-none-eabi-gcc "../Src/syscalls.c" -mcpu=cortex-m4 -std=gnu11 -g3 -DSTM32 -DSTM32F407G_DISC1 -DSTM32F4 -DSTM32F407VGTx -DDEBUG -c -I../Inc -O0 -ffunction-sections -fdata-sections -Wall -fstack-usage -MMD -MP -MF"Src/syscalls.d" -MT"Src/syscalls.o" --specs=nano.specs -mfpu=fpv4-sp-d16 -mfloat-abi=hard -mthumb -o "Src/syscalls.o"
arm-none-eabi-gcc "../Src/sysmem.c" -mcpu=cortex-m4 -std=gnu11 -g3 -DSTM32 -DSTM32F407G_DISC1 -DSTM32F4 -DSTM32F407VGTx -DDEBUG -c -I../Inc -O0 -ffunction-sections -fdata-sections -Wall -fstack-usage -MMD -MP -MF"Src/sysmem.d" -MT"Src/sysmem.o" --specs=nano.specs -mfpu=fpv4-sp-d16 -mfloat-abi=hard -mthumb -o "Src/sysmem.o"
arm-none-eabi-gcc -o "STM32F407xx_Drivers.elf" @"objects.list"   -mcpu=cortex-m4 -T"C:\Users\tranq\OneDrive\Desktop\workspace\STM32_Driver_Development\STM32F407xx_Drivers\STM32F407VGTX_FLASH.ld" --specs=nosys.specs -Wl,-Map="STM32F407xx_Drivers.map" -Wl,--gc-sections -static --specs=nano.specs -mfpu=fpv4-sp-d16 -mfloat-abi=hard -mthumb -Wl,--start-group -lc -lm -Wl,--end-group
Finished building target: STM32F407xx_Drivers.elf
 
arm-none-eabi-size   STM32F407xx_Drivers.elf 
arm-none-eabi-objdump -h -S  STM32F407xx_Drivers.elf  > "STM32F407xx_Drivers.list"
arm-none-eabi-objcopy  -O binary  STM32F407xx_Drivers.elf  "STM32F407xx_Drivers.bin"
   text	   data	    bss	    dec	    hex	filename
   1660	      8	   1568	   3236	    ca4	STM32F407xx_Drivers.elf
Finished building: default.size.stdout
 
Finished building: STM32F407xx_Drivers.bin
Finished building: STM32F407xx_Drivers.list
 
 
13:07:41 **** Incremental Build of configuration Debug for project STM32F407xx_Drivers ****
make -j8 all 
arm-none-eabi-size   STM32F407xx_Drivers.elf 
   text	   data	    bss	    dec	    hex	filename
   1660	      8	   1568	   3236	    ca4	STM32F407xx_Drivers.elf
Finished building: default.size.stdout
 
13:25:42 **** Clean-only build of configuration Debug for project STM32F407xx_Drivers ****
make -j8 clean 
rm -rf *
 
13:25:42 **** Incremental Build of configuration Debug for project STM32F407xx_Drivers ****
make -j8 all 
arm-none-eabi-gcc "../drivers/Src/gpio_driver.c" -mcpu=cortex-m4 -std=gnu11 -g3 -DSTM32 -DSTM32F407G_DISC1 -DSTM32F4 -DSTM32F407VGTx -DDEBUG -c -I../Inc -O0 -ffunction-sections -fdata-sections -Wall -fstack-usage -MMD -MP -MF"drivers/Src/gpio_driver.d" -MT"drivers/Src/gpio_driver.o" --specs=nano.specs -mfpu=fpv4-sp-d16 -mfloat-abi=hard -mthumb -o "drivers/Src/gpio_driver.o"
arm-none-eabi-gcc -mcpu=cortex-m4 -g3 -c -x assembler-with-cpp --specs=nano.specs -mfpu=fpv4-sp-d16 -mfloat-abi=hard -mthumb -o "Startup/startup_stm32f407vgtx.o" "../Startup/startup_stm32f407vgtx.s"
arm-none-eabi-gcc "../Src/003LEDHandlingUsingSTM32Button.c" -mcpu=cortex-m4 -std=gnu11 -g3 -DSTM32 -DSTM32F407G_DISC1 -DSTM32F4 -DSTM32F407VGTx -DDEBUG -c -I../Inc -O0 -ffunction-sections -fdata-sections -Wall -fstack-usage -MMD -MP -MF"Src/003LEDHandlingUsingSTM32Button.d" -MT"Src/003LEDHandlingUsingSTM32Button.o" --specs=nano.specs -mfpu=fpv4-sp-d16 -mfloat-abi=hard -mthumb -o "Src/003LEDHandlingUsingSTM32Button.o"
arm-none-eabi-gcc "../Src/syscalls.c" -mcpu=cortex-m4 -std=gnu11 -g3 -DSTM32 -DSTM32F407G_DISC1 -DSTM32F4 -DSTM32F407VGTx -DDEBUG -c -I../Inc -O0 -ffunction-sections -fdata-sections -Wall -fstack-usage -MMD -MP -MF"Src/syscalls.d" -MT"Src/syscalls.o" --specs=nano.specs -mfpu=fpv4-sp-d16 -mfloat-abi=hard -mthumb -o "Src/syscalls.o"
arm-none-eabi-gcc "../Src/sysmem.c" -mcpu=cortex-m4 -std=gnu11 -g3 -DSTM32 -DSTM32F407G_DISC1 -DSTM32F4 -DSTM32F407VGTx -DDEBUG -c -I../Inc -O0 -ffunction-sections -fdata-sections -Wall -fstack-usage -MMD -MP -MF"Src/sysmem.d" -MT"Src/sysmem.o" --specs=nano.specs -mfpu=fpv4-sp-d16 -mfloat-abi=hard -mthumb -o "Src/sysmem.o"
arm-none-eabi-gcc -o "STM32F407xx_Drivers.elf" @"objects.list"   -mcpu=cortex-m4 -T"C:\Users\tranq\OneDrive\Desktop\workspace\STM32_Driver_Development\STM32F407xx_Drivers\STM32F407VGTX_FLASH.ld" --specs=nosys.specs -Wl,-Map="STM32F407xx_Drivers.map" -Wl,--gc-sections -static --specs=nano.specs -mfpu=fpv4-sp-d16 -mfloat-abi=hard -mthumb -Wl,--start-group -lc -lm -Wl,--end-group
Finished building target: STM32F407xx_Drivers.elf
 
arm-none-eabi-size   STM32F407xx_Drivers.elf 
arm-none-eabi-objdump -h -S  STM32F407xx_Drivers.elf  > "STM32F407xx_Drivers.list"
arm-none-eabi-objcopy  -O binary  STM32F407xx_Drivers.elf  "STM32F407xx_Drivers.bin"
   text	   data	    bss	    dec	    hex	filename
   1632	      8	   1568	   3208	    c88	STM32F407xx_Drivers.elf
Finished building: default.size.stdout
 
Finished building: STM32F407xx_Drivers.bin
Finished building: STM32F407xx_Drivers.list
 
 
13:44:50 **** Incremental Build of configuration Debug for project STM32F407xx_Drivers ****
make -j8 all 
arm-none-eabi-gcc "../drivers/Src/gpio_driver.c" -mcpu=cortex-m4 -std=gnu11 -g3 -DSTM32 -DSTM32F407G_DISC1 -DSTM32F4 -DSTM32F407VGTx -DDEBUG -c -I../Inc -O0 -ffunction-sections -fdata-sections -Wall -fstack-usage -MMD -MP -MF"drivers/Src/gpio_driver.d" -MT"drivers/Src/gpio_driver.o" --specs=nano.specs -mfpu=fpv4-sp-d16 -mfloat-abi=hard -mthumb -o "drivers/Src/gpio_driver.o"
arm-none-eabi-gcc "../Src/003LEDHandlingUsingSTM32Button.c" -mcpu=cortex-m4 -std=gnu11 -g3 -DSTM32 -DSTM32F407G_DISC1 -DSTM32F4 -DSTM32F407VGTx -DDEBUG -c -I../Inc -O0 -ffunction-sections -fdata-sections -Wall -fstack-usage -MMD -MP -MF"Src/003LEDHandlingUsingSTM32Button.d" -MT"Src/003LEDHandlingUsingSTM32Button.o" --specs=nano.specs -mfpu=fpv4-sp-d16 -mfloat-abi=hard -mthumb -o "Src/003LEDHandlingUsingSTM32Button.o"
../Src/003LEDHandlingUsingSTM32Button.c: In function 'main':
../drivers/Src/gpio_driver.c: In function 'GPIO_ReadFromInputPin':
../Src/003LEDHandlingUsingSTM32Button.c:51:4: warning: implicit declaration of function 'GPIO_WriteToOuputPin'; did you mean 'GPIO_WriteToOutputPin'? [-Wimplicit-function-declaration]
    GPIO_WriteToOuputPin(GPIOD, GPIO_LED.GPIOx_PinConfig.GPIO_PinNumber, 0);
    ^~~~~~~~~~~~~~~~~~~~
    GPIO_WriteToOutputPin
../drivers/Src/gpio_driver.c:192:34: warning: self-comparison always evaluates to true [-Wtautological-compare]
  return (pGPIOx->IDR & pinNumber == pinNumber) ? 1 : 0;
                                  ^~
../drivers/Src/gpio_driver.c:192:34: warning: suggest parentheses around comparison in operand of '&' [-Wparentheses]
  return (pGPIOx->IDR & pinNumber == pinNumber) ? 1 : 0;
                        ~~~~~~~~~~^~~~~~~~~~~~
arm-none-eabi-gcc -o "STM32F407xx_Drivers.elf" @"objects.list"   -mcpu=cortex-m4 -T"C:\Users\tranq\OneDrive\Desktop\workspace\STM32_Driver_Development\STM32F407xx_Drivers\STM32F407VGTX_FLASH.ld" --specs=nosys.specs -Wl,-Map="STM32F407xx_Drivers.map" -Wl,--gc-sections -static --specs=nano.specs -mfpu=fpv4-sp-d16 -mfloat-abi=hard -mthumb -Wl,--start-group -lc -lm -Wl,--end-group
Src/003LEDHandlingUsingSTM32Button.o: In function `main':
C:/Users/tranq/OneDrive/Desktop/workspace/STM32_Driver_Development/STM32F407xx_Drivers/Debug/../Src/003LEDHandlingUsingSTM32Button.c:51: undefined reference to `GPIO_WriteToOuputPin'
collect2.exe: error: ld returned 1 exit status
make: *** [makefile:44: STM32F407xx_Drivers.elf] Error 1
"make -j8 all" terminated with exit code 2. Build might be incomplete.
13:45:08 **** Incremental Build of configuration Debug for project STM32F407xx_Drivers ****
make -j8 all 
arm-none-eabi-gcc "../Src/003LEDHandlingUsingSTM32Button.c" -mcpu=cortex-m4 -std=gnu11 -g3 -DSTM32 -DSTM32F407G_DISC1 -DSTM32F4 -DSTM32F407VGTx -DDEBUG -c -I../Inc -O0 -ffunction-sections -fdata-sections -Wall -fstack-usage -MMD -MP -MF"Src/003LEDHandlingUsingSTM32Button.d" -MT"Src/003LEDHandlingUsingSTM32Button.o" --specs=nano.specs -mfpu=fpv4-sp-d16 -mfloat-abi=hard -mthumb -o "Src/003LEDHandlingUsingSTM32Button.o"
arm-none-eabi-gcc -o "STM32F407xx_Drivers.elf" @"objects.list"   -mcpu=cortex-m4 -T"C:\Users\tranq\OneDrive\Desktop\workspace\STM32_Driver_Development\STM32F407xx_Drivers\STM32F407VGTX_FLASH.ld" --specs=nosys.specs -Wl,-Map="STM32F407xx_Drivers.map" -Wl,--gc-sections -static --specs=nano.specs -mfpu=fpv4-sp-d16 -mfloat-abi=hard -mthumb -Wl,--start-group -lc -lm -Wl,--end-group
Finished building target: STM32F407xx_Drivers.elf
 
arm-none-eabi-objdump -h -S  STM32F407xx_Drivers.elf  > "STM32F407xx_Drivers.list"
arm-none-eabi-objcopy  -O binary  STM32F407xx_Drivers.elf  "STM32F407xx_Drivers.bin"
arm-none-eabi-size   STM32F407xx_Drivers.elf 
   text	   data	    bss	    dec	    hex	filename
   1704	      8	   1568	   3280	    cd0	STM32F407xx_Drivers.elf
Finished building: default.size.stdout
Finished building: STM32F407xx_Drivers.bin
Finished building: STM32F407xx_Drivers.list
 
 
 
13:45:25 **** Incremental Build of configuration Debug for project STM32F407xx_Drivers ****
make -j8 all 
arm-none-eabi-size   STM32F407xx_Drivers.elf 
   text	   data	    bss	    dec	    hex	filename
   1704	      8	   1568	   3280	    cd0	STM32F407xx_Drivers.elf
Finished building: default.size.stdout
 
13:48:28 **** Incremental Build of configuration Debug for project STM32F407xx_Drivers ****
make -j8 all 
arm-none-eabi-gcc "../Src/003LEDHandlingUsingSTM32Button.c" -mcpu=cortex-m4 -std=gnu11 -g3 -DSTM32 -DSTM32F407G_DISC1 -DSTM32F4 -DSTM32F407VGTx -DDEBUG -c -I../Inc -O0 -ffunction-sections -fdata-sections -Wall -fstack-usage -MMD -MP -MF"Src/003LEDHandlingUsingSTM32Button.d" -MT"Src/003LEDHandlingUsingSTM32Button.o" --specs=nano.specs -mfpu=fpv4-sp-d16 -mfloat-abi=hard -mthumb -o "Src/003LEDHandlingUsingSTM32Button.o"
arm-none-eabi-gcc -o "STM32F407xx_Drivers.elf" @"objects.list"   -mcpu=cortex-m4 -T"C:\Users\tranq\OneDrive\Desktop\workspace\STM32_Driver_Development\STM32F407xx_Drivers\STM32F407VGTX_FLASH.ld" --specs=nosys.specs -Wl,-Map="STM32F407xx_Drivers.map" -Wl,--gc-sections -static --specs=nano.specs -mfpu=fpv4-sp-d16 -mfloat-abi=hard -mthumb -Wl,--start-group -lc -lm -Wl,--end-group
Finished building target: STM32F407xx_Drivers.elf
 
arm-none-eabi-objdump -h -S  STM32F407xx_Drivers.elf  > "STM32F407xx_Drivers.list"
arm-none-eabi-objcopy  -O binary  STM32F407xx_Drivers.elf  "STM32F407xx_Drivers.bin"
arm-none-eabi-size   STM32F407xx_Drivers.elf 
   text	   data	    bss	    dec	    hex	filename
   1704	      8	   1568	   3280	    cd0	STM32F407xx_Drivers.elf
Finished building: default.size.stdout
Finished building: STM32F407xx_Drivers.bin
Finished building: STM32F407xx_Drivers.list
 
 
 
13:49:27 **** Incremental Build of configuration Debug for project STM32F407xx_Drivers ****
make -j8 all 
arm-none-eabi-gcc "../Src/003LEDHandlingUsingSTM32Button.c" -mcpu=cortex-m4 -std=gnu11 -g3 -DSTM32 -DSTM32F407G_DISC1 -DSTM32F4 -DSTM32F407VGTx -DDEBUG -c -I../Inc -O0 -ffunction-sections -fdata-sections -Wall -fstack-usage -MMD -MP -MF"Src/003LEDHandlingUsingSTM32Button.d" -MT"Src/003LEDHandlingUsingSTM32Button.o" --specs=nano.specs -mfpu=fpv4-sp-d16 -mfloat-abi=hard -mthumb -o "Src/003LEDHandlingUsingSTM32Button.o"
arm-none-eabi-gcc -o "STM32F407xx_Drivers.elf" @"objects.list"   -mcpu=cortex-m4 -T"C:\Users\tranq\OneDrive\Desktop\workspace\STM32_Driver_Development\STM32F407xx_Drivers\STM32F407VGTX_FLASH.ld" --specs=nosys.specs -Wl,-Map="STM32F407xx_Drivers.map" -Wl,--gc-sections -static --specs=nano.specs -mfpu=fpv4-sp-d16 -mfloat-abi=hard -mthumb -Wl,--start-group -lc -lm -Wl,--end-group
Finished building target: STM32F407xx_Drivers.elf
 
arm-none-eabi-objdump -h -S  STM32F407xx_Drivers.elf  > "STM32F407xx_Drivers.list"
arm-none-eabi-objcopy  -O binary  STM32F407xx_Drivers.elf  "STM32F407xx_Drivers.bin"
arm-none-eabi-size   STM32F407xx_Drivers.elf 
   text	   data	    bss	    dec	    hex	filename
   1712	      8	   1568	   3288	    cd8	STM32F407xx_Drivers.elf
Finished building: default.size.stdout
Finished building: STM32F407xx_Drivers.list
Finished building: STM32F407xx_Drivers.bin
 
 
 
13:49:55 **** Incremental Build of configuration Debug for project STM32F407xx_Drivers ****
make -j8 all 
arm-none-eabi-gcc "../Src/003LEDHandlingUsingSTM32Button.c" -mcpu=cortex-m4 -std=gnu11 -g3 -DSTM32 -DSTM32F407G_DISC1 -DSTM32F4 -DSTM32F407VGTx -DDEBUG -c -I../Inc -O0 -ffunction-sections -fdata-sections -Wall -fstack-usage -MMD -MP -MF"Src/003LEDHandlingUsingSTM32Button.d" -MT"Src/003LEDHandlingUsingSTM32Button.o" --specs=nano.specs -mfpu=fpv4-sp-d16 -mfloat-abi=hard -mthumb -o "Src/003LEDHandlingUsingSTM32Button.o"
arm-none-eabi-gcc -o "STM32F407xx_Drivers.elf" @"objects.list"   -mcpu=cortex-m4 -T"C:\Users\tranq\OneDrive\Desktop\workspace\STM32_Driver_Development\STM32F407xx_Drivers\STM32F407VGTX_FLASH.ld" --specs=nosys.specs -Wl,-Map="STM32F407xx_Drivers.map" -Wl,--gc-sections -static --specs=nano.specs -mfpu=fpv4-sp-d16 -mfloat-abi=hard -mthumb -Wl,--start-group -lc -lm -Wl,--end-group
Finished building target: STM32F407xx_Drivers.elf
 
arm-none-eabi-objdump -h -S  STM32F407xx_Drivers.elf  > "STM32F407xx_Drivers.list"
arm-none-eabi-objcopy  -O binary  STM32F407xx_Drivers.elf  "STM32F407xx_Drivers.bin"
arm-none-eabi-size   STM32F407xx_Drivers.elf 
   text	   data	    bss	    dec	    hex	filename
   1664	      8	   1568	   3240	    ca8	STM32F407xx_Drivers.elf
Finished building: default.size.stdout
Finished building: STM32F407xx_Drivers.list
Finished building: STM32F407xx_Drivers.bin
 
 
 
13:52:23 **** Incremental Build of configuration Debug for project STM32F407xx_Drivers ****
make -j8 all 
arm-none-eabi-gcc "../Src/003LEDHandlingUsingSTM32Button.c" -mcpu=cortex-m4 -std=gnu11 -g3 -DSTM32 -DSTM32F407G_DISC1 -DSTM32F4 -DSTM32F407VGTx -DDEBUG -c -I../Inc -O0 -ffunction-sections -fdata-sections -Wall -fstack-usage -MMD -MP -MF"Src/003LEDHandlingUsingSTM32Button.d" -MT"Src/003LEDHandlingUsingSTM32Button.o" --specs=nano.specs -mfpu=fpv4-sp-d16 -mfloat-abi=hard -mthumb -o "Src/003LEDHandlingUsingSTM32Button.o"
../Src/003LEDHandlingUsingSTM32Button.c: In function 'main':
../Src/003LEDHandlingUsingSTM32Button.c:57:33: error: 'GPIO_LED' undeclared (first use in this function); did you mean 'GPIO_PD'?
    GPIO_WriteToOutputPin(GPIOD, GPIO_LED.GPIOx_PinConfig.GPIO_PinNumber, 1);
                                 ^~~~~~~~
                                 GPIO_PD
../Src/003LEDHandlingUsingSTM32Button.c:57:33: note: each undeclared identifier is reported only once for each function it appears in
make: *** [Src/subdir.mk:24: Src/003LEDHandlingUsingSTM32Button.o] Error 1
"make -j8 all" terminated with exit code 2. Build might be incomplete.
13:55:56 **** Incremental Build of configuration Debug for project STM32F407xx_Drivers ****
make -j8 all 
arm-none-eabi-gcc "../Src/003LEDHandlingUsingSTM32Button.c" -mcpu=cortex-m4 -std=gnu11 -g3 -DSTM32 -DSTM32F407G_DISC1 -DSTM32F4 -DSTM32F407VGTx -DDEBUG -c -I../Inc -O0 -ffunction-sections -fdata-sections -Wall -fstack-usage -MMD -MP -MF"Src/003LEDHandlingUsingSTM32Button.d" -MT"Src/003LEDHandlingUsingSTM32Button.o" --specs=nano.specs -mfpu=fpv4-sp-d16 -mfloat-abi=hard -mthumb -o "Src/003LEDHandlingUsingSTM32Button.o"
arm-none-eabi-gcc -o "STM32F407xx_Drivers.elf" @"objects.list"   -mcpu=cortex-m4 -T"C:\Users\tranq\OneDrive\Desktop\workspace\STM32_Driver_Development\STM32F407xx_Drivers\STM32F407VGTX_FLASH.ld" --specs=nosys.specs -Wl,-Map="STM32F407xx_Drivers.map" -Wl,--gc-sections -static --specs=nano.specs -mfpu=fpv4-sp-d16 -mfloat-abi=hard -mthumb -Wl,--start-group -lc -lm -Wl,--end-group
Finished building target: STM32F407xx_Drivers.elf
 
arm-none-eabi-objdump -h -S  STM32F407xx_Drivers.elf  > "STM32F407xx_Drivers.list"
arm-none-eabi-objcopy  -O binary  STM32F407xx_Drivers.elf  "STM32F407xx_Drivers.bin"
arm-none-eabi-size   STM32F407xx_Drivers.elf 
   text	   data	    bss	    dec	    hex	filename
   1740	      8	   1568	   3316	    cf4	STM32F407xx_Drivers.elf
Finished building: default.size.stdout
Finished building: STM32F407xx_Drivers.bin
Finished building: STM32F407xx_Drivers.list
 
 
 
13:56:02 **** Incremental Build of configuration Debug for project STM32F407xx_Drivers ****
make -j8 all 
arm-none-eabi-size   STM32F407xx_Drivers.elf 
   text	   data	    bss	    dec	    hex	filename
   1740	      8	   1568	   3316	    cf4	STM32F407xx_Drivers.elf
Finished building: default.size.stdout
 
22:50:02 **** Clean-only build of configuration Debug for project STM32F407xx_Drivers ****
make -j8 clean 
rm -rf *
 
22:50:03 **** Incremental Build of configuration Debug for project STM32F407xx_Drivers ****
make -j8 all 
arm-none-eabi-gcc "../drivers/Src/gpio_driver.c" -mcpu=cortex-m4 -std=gnu11 -g3 -DSTM32 -DSTM32F407G_DISC1 -DSTM32F4 -DSTM32F407VGTx -DDEBUG -c -I../Inc -O0 -ffunction-sections -fdata-sections -Wall -fstack-usage -MMD -MP -MF"drivers/Src/gpio_driver.d" -MT"drivers/Src/gpio_driver.o" --specs=nano.specs -mfpu=fpv4-sp-d16 -mfloat-abi=hard -mthumb -o "drivers/Src/gpio_driver.o"
arm-none-eabi-gcc -mcpu=cortex-m4 -g3 -c -x assembler-with-cpp --specs=nano.specs -mfpu=fpv4-sp-d16 -mfloat-abi=hard -mthumb -o "Startup/startup_stm32f407vgtx.o" "../Startup/startup_stm32f407vgtx.s"
arm-none-eabi-gcc "../Src/004LEDHandlingUsingExternalButton.c" -mcpu=cortex-m4 -std=gnu11 -g3 -DSTM32 -DSTM32F407G_DISC1 -DSTM32F4 -DSTM32F407VGTx -DDEBUG -c -I../Inc -O0 -ffunction-sections -fdata-sections -Wall -fstack-usage -MMD -MP -MF"Src/004LEDHandlingUsingExternalButton.d" -MT"Src/004LEDHandlingUsingExternalButton.o" --specs=nano.specs -mfpu=fpv4-sp-d16 -mfloat-abi=hard -mthumb -o "Src/004LEDHandlingUsingExternalButton.o"
arm-none-eabi-gcc "../Src/syscalls.c" -mcpu=cortex-m4 -std=gnu11 -g3 -DSTM32 -DSTM32F407G_DISC1 -DSTM32F4 -DSTM32F407VGTx -DDEBUG -c -I../Inc -O0 -ffunction-sections -fdata-sections -Wall -fstack-usage -MMD -MP -MF"Src/syscalls.d" -MT"Src/syscalls.o" --specs=nano.specs -mfpu=fpv4-sp-d16 -mfloat-abi=hard -mthumb -o "Src/syscalls.o"
arm-none-eabi-gcc "../Src/sysmem.c" -mcpu=cortex-m4 -std=gnu11 -g3 -DSTM32 -DSTM32F407G_DISC1 -DSTM32F4 -DSTM32F407VGTx -DDEBUG -c -I../Inc -O0 -ffunction-sections -fdata-sections -Wall -fstack-usage -MMD -MP -MF"Src/sysmem.d" -MT"Src/sysmem.o" --specs=nano.specs -mfpu=fpv4-sp-d16 -mfloat-abi=hard -mthumb -o "Src/sysmem.o"
../drivers/Src/gpio_driver.c: In function 'GPIO_ReadFromInputPin':
../drivers/Src/gpio_driver.c:192:34: warning: self-comparison always evaluates to true [-Wtautological-compare]
  return (pGPIOx->IDR & pinNumber == pinNumber) ? 1 : 0;
                                  ^~
../drivers/Src/gpio_driver.c:192:34: warning: suggest parentheses around comparison in operand of '&' [-Wparentheses]
  return (pGPIOx->IDR & pinNumber == pinNumber) ? 1 : 0;
                        ~~~~~~~~~~^~~~~~~~~~~~
arm-none-eabi-gcc -o "STM32F407xx_Drivers.elf" @"objects.list"   -mcpu=cortex-m4 -T"C:\Users\tranq\OneDrive\Desktop\workspace\STM32_Driver_Development\STM32F407xx_Drivers\STM32F407VGTX_FLASH.ld" --specs=nosys.specs -Wl,-Map="STM32F407xx_Drivers.map" -Wl,--gc-sections -static --specs=nano.specs -mfpu=fpv4-sp-d16 -mfloat-abi=hard -mthumb -Wl,--start-group -lc -lm -Wl,--end-group
Finished building target: STM32F407xx_Drivers.elf
 
arm-none-eabi-size   STM32F407xx_Drivers.elf 
arm-none-eabi-objdump -h -S  STM32F407xx_Drivers.elf  > "STM32F407xx_Drivers.list"
arm-none-eabi-objcopy  -O binary  STM32F407xx_Drivers.elf  "STM32F407xx_Drivers.bin"
   text	   data	    bss	    dec	    hex	filename
   1732	      8	   1568	   3308	    cec	STM32F407xx_Drivers.elf
Finished building: default.size.stdout
 
Finished building: STM32F407xx_Drivers.list
Finished building: STM32F407xx_Drivers.bin
 
 
22:50:47 **** Incremental Build of configuration Debug for project STM32F407xx_Drivers ****
make -j8 all 
arm-none-eabi-gcc "../drivers/Src/gpio_driver.c" -mcpu=cortex-m4 -std=gnu11 -g3 -DSTM32 -DSTM32F407G_DISC1 -DSTM32F4 -DSTM32F407VGTx -DDEBUG -c -I../Inc -O0 -ffunction-sections -fdata-sections -Wall -fstack-usage -MMD -MP -MF"drivers/Src/gpio_driver.d" -MT"drivers/Src/gpio_driver.o" --specs=nano.specs -mfpu=fpv4-sp-d16 -mfloat-abi=hard -mthumb -o "drivers/Src/gpio_driver.o"
arm-none-eabi-gcc -o "STM32F407xx_Drivers.elf" @"objects.list"   -mcpu=cortex-m4 -T"C:\Users\tranq\OneDrive\Desktop\workspace\STM32_Driver_Development\STM32F407xx_Drivers\STM32F407VGTX_FLASH.ld" --specs=nosys.specs -Wl,-Map="STM32F407xx_Drivers.map" -Wl,--gc-sections -static --specs=nano.specs -mfpu=fpv4-sp-d16 -mfloat-abi=hard -mthumb -Wl,--start-group -lc -lm -Wl,--end-group
Finished building target: STM32F407xx_Drivers.elf
 
arm-none-eabi-objdump -h -S  STM32F407xx_Drivers.elf  > "STM32F407xx_Drivers.list"
arm-none-eabi-objcopy  -O binary  STM32F407xx_Drivers.elf  "STM32F407xx_Drivers.bin"
arm-none-eabi-size   STM32F407xx_Drivers.elf 
   text	   data	    bss	    dec	    hex	filename
   1736	      8	   1568	   3312	    cf0	STM32F407xx_Drivers.elf
Finished building: default.size.stdout
Finished building: STM32F407xx_Drivers.bin
Finished building: STM32F407xx_Drivers.list
 
 
 
22:50:55 **** Incremental Build of configuration Debug for project STM32F407xx_Drivers ****
make -j8 all 
arm-none-eabi-size   STM32F407xx_Drivers.elf 
   text	   data	    bss	    dec	    hex	filename
   1736	      8	   1568	   3312	    cf0	STM32F407xx_Drivers.elf
Finished building: default.size.stdout
 
22:51:11 **** Incremental Build of configuration Debug for project STM32F407xx_Drivers ****
make -j8 all 
arm-none-eabi-size   STM32F407xx_Drivers.elf 
   text	   data	    bss	    dec	    hex	filename
   1736	      8	   1568	   3312	    cf0	STM32F407xx_Drivers.elf
Finished building: default.size.stdout
 
22:51:15 **** Incremental Build of configuration Debug for project STM32F407xx_Drivers ****
make -j8 all 
arm-none-eabi-size   STM32F407xx_Drivers.elf 
   text	   data	    bss	    dec	    hex	filename
   1736	      8	   1568	   3312	    cf0	STM32F407xx_Drivers.elf
Finished building: default.size.stdout
 
22:51:31 **** Incremental Build of configuration Debug for project STM32F407xx_Drivers ****
make -j8 all 
arm-none-eabi-size   STM32F407xx_Drivers.elf 
   text	   data	    bss	    dec	    hex	filename
   1736	      8	   1568	   3312	    cf0	STM32F407xx_Drivers.elf
Finished building: default.size.stdout
 
22:51:36 **** Incremental Build of configuration Debug for project STM32F407xx_Drivers ****
make -j8 all 
arm-none-eabi-size   STM32F407xx_Drivers.elf 
   text	   data	    bss	    dec	    hex	filename
   1736	      8	   1568	   3312	    cf0	STM32F407xx_Drivers.elf
Finished building: default.size.stdout
 
22:51:53 **** Incremental Build of configuration Debug for project STM32F407xx_Drivers ****
make -j8 all 
arm-none-eabi-size   STM32F407xx_Drivers.elf 
   text	   data	    bss	    dec	    hex	filename
   1736	      8	   1568	   3312	    cf0	STM32F407xx_Drivers.elf
Finished building: default.size.stdout
 
22:55:50 **** Incremental Build of configuration Debug for project STM32F407xx_Drivers ****
make -j8 all 
arm-none-eabi-gcc "../Src/004LEDHandlingUsingExternalButton.c" -mcpu=cortex-m4 -std=gnu11 -g3 -DSTM32 -DSTM32F407G_DISC1 -DSTM32F4 -DSTM32F407VGTx -DDEBUG -c -I../Inc -O0 -ffunction-sections -fdata-sections -Wall -fstack-usage -MMD -MP -MF"Src/004LEDHandlingUsingExternalButton.d" -MT"Src/004LEDHandlingUsingExternalButton.o" --specs=nano.specs -mfpu=fpv4-sp-d16 -mfloat-abi=hard -mthumb -o "Src/004LEDHandlingUsingExternalButton.o"
arm-none-eabi-gcc -o "STM32F407xx_Drivers.elf" @"objects.list"   -mcpu=cortex-m4 -T"C:\Users\tranq\OneDrive\Desktop\workspace\STM32_Driver_Development\STM32F407xx_Drivers\STM32F407VGTX_FLASH.ld" --specs=nosys.specs -Wl,-Map="STM32F407xx_Drivers.map" -Wl,--gc-sections -static --specs=nano.specs -mfpu=fpv4-sp-d16 -mfloat-abi=hard -mthumb -Wl,--start-group -lc -lm -Wl,--end-group
Finished building target: STM32F407xx_Drivers.elf
 
arm-none-eabi-objdump -h -S  STM32F407xx_Drivers.elf  > "STM32F407xx_Drivers.list"
arm-none-eabi-objcopy  -O binary  STM32F407xx_Drivers.elf  "STM32F407xx_Drivers.bin"
arm-none-eabi-size   STM32F407xx_Drivers.elf 
   text	   data	    bss	    dec	    hex	filename
   1736	      8	   1568	   3312	    cf0	STM32F407xx_Drivers.elf
Finished building: default.size.stdout
Finished building: STM32F407xx_Drivers.bin
Finished building: STM32F407xx_Drivers.list
 
 
 
22:56:04 **** Incremental Build of configuration Debug for project STM32F407xx_Drivers ****
make -j8 all 
arm-none-eabi-size   STM32F407xx_Drivers.elf 
   text	   data	    bss	    dec	    hex	filename
   1736	      8	   1568	   3312	    cf0	STM32F407xx_Drivers.elf
Finished building: default.size.stdout
 
22:56:10 **** Incremental Build of configuration Debug for project STM32F407xx_Drivers ****
make -j8 all 
arm-none-eabi-size   STM32F407xx_Drivers.elf 
   text	   data	    bss	    dec	    hex	filename
   1736	      8	   1568	   3312	    cf0	STM32F407xx_Drivers.elf
Finished building: default.size.stdout
 
23:07:36 **** Incremental Build of configuration Debug for project STM32F407xx_Drivers ****
make -j8 all 
arm-none-eabi-gcc "../Src/004LEDHandlingUsingExternalButton.c" -mcpu=cortex-m4 -std=gnu11 -g3 -DSTM32 -DSTM32F407G_DISC1 -DSTM32F4 -DSTM32F407VGTx -DDEBUG -c -I../Inc -O0 -ffunction-sections -fdata-sections -Wall -fstack-usage -MMD -MP -MF"Src/004LEDHandlingUsingExternalButton.d" -MT"Src/004LEDHandlingUsingExternalButton.o" --specs=nano.specs -mfpu=fpv4-sp-d16 -mfloat-abi=hard -mthumb -o "Src/004LEDHandlingUsingExternalButton.o"
../Src/004LEDHandlingUsingExternalButton.c: In function 'main':
../Src/004LEDHandlingUsingExternalButton.c:66:1: error: expected declaration or statement at end of input
 }
 ^
make: *** [Src/subdir.mk:24: Src/004LEDHandlingUsingExternalButton.o] Error 1
"make -j8 all" terminated with exit code 2. Build might be incomplete.
23:07:52 **** Incremental Build of configuration Debug for project STM32F407xx_Drivers ****
make -j8 all 
arm-none-eabi-gcc "../Src/004LEDHandlingUsingExternalButton.c" -mcpu=cortex-m4 -std=gnu11 -g3 -DSTM32 -DSTM32F407G_DISC1 -DSTM32F4 -DSTM32F407VGTx -DDEBUG -c -I../Inc -O0 -ffunction-sections -fdata-sections -Wall -fstack-usage -MMD -MP -MF"Src/004LEDHandlingUsingExternalButton.d" -MT"Src/004LEDHandlingUsingExternalButton.o" --specs=nano.specs -mfpu=fpv4-sp-d16 -mfloat-abi=hard -mthumb -o "Src/004LEDHandlingUsingExternalButton.o"
arm-none-eabi-gcc -o "STM32F407xx_Drivers.elf" @"objects.list"   -mcpu=cortex-m4 -T"C:\Users\tranq\OneDrive\Desktop\workspace\STM32_Driver_Development\STM32F407xx_Drivers\STM32F407VGTX_FLASH.ld" --specs=nosys.specs -Wl,-Map="STM32F407xx_Drivers.map" -Wl,--gc-sections -static --specs=nano.specs -mfpu=fpv4-sp-d16 -mfloat-abi=hard -mthumb -Wl,--start-group -lc -lm -Wl,--end-group
Finished building target: STM32F407xx_Drivers.elf
 
arm-none-eabi-objdump -h -S  STM32F407xx_Drivers.elf  > "STM32F407xx_Drivers.list"
arm-none-eabi-objcopy  -O binary  STM32F407xx_Drivers.elf  "STM32F407xx_Drivers.bin"
arm-none-eabi-size   STM32F407xx_Drivers.elf 
   text	   data	    bss	    dec	    hex	filename
   1768	      8	   1568	   3344	    d10	STM32F407xx_Drivers.elf
Finished building: default.size.stdout
Finished building: STM32F407xx_Drivers.bin
Finished building: STM32F407xx_Drivers.list
 
 
 
23:07:56 **** Incremental Build of configuration Debug for project STM32F407xx_Drivers ****
make -j8 all 
arm-none-eabi-size   STM32F407xx_Drivers.elf 
   text	   data	    bss	    dec	    hex	filename
   1768	      8	   1568	   3344	    d10	STM32F407xx_Drivers.elf
Finished building: default.size.stdout
 
23:08:46 **** Incremental Build of configuration Debug for project STM32F407xx_Drivers ****
make -j8 all 
arm-none-eabi-gcc "../Src/004LEDHandlingUsingExternalButton.c" -mcpu=cortex-m4 -std=gnu11 -g3 -DSTM32 -DSTM32F407G_DISC1 -DSTM32F4 -DSTM32F407VGTx -DDEBUG -c -I../Inc -O0 -ffunction-sections -fdata-sections -Wall -fstack-usage -MMD -MP -MF"Src/004LEDHandlingUsingExternalButton.d" -MT"Src/004LEDHandlingUsingExternalButton.o" --specs=nano.specs -mfpu=fpv4-sp-d16 -mfloat-abi=hard -mthumb -o "Src/004LEDHandlingUsingExternalButton.o"
arm-none-eabi-gcc -o "STM32F407xx_Drivers.elf" @"objects.list"   -mcpu=cortex-m4 -T"C:\Users\tranq\OneDrive\Desktop\workspace\STM32_Driver_Development\STM32F407xx_Drivers\STM32F407VGTX_FLASH.ld" --specs=nosys.specs -Wl,-Map="STM32F407xx_Drivers.map" -Wl,--gc-sections -static --specs=nano.specs -mfpu=fpv4-sp-d16 -mfloat-abi=hard -mthumb -Wl,--start-group -lc -lm -Wl,--end-group
Finished building target: STM32F407xx_Drivers.elf
 
arm-none-eabi-objdump -h -S  STM32F407xx_Drivers.elf  > "STM32F407xx_Drivers.list"
arm-none-eabi-objcopy  -O binary  STM32F407xx_Drivers.elf  "STM32F407xx_Drivers.bin"
arm-none-eabi-size   STM32F407xx_Drivers.elf 
   text	   data	    bss	    dec	    hex	filename
   1768	      8	   1568	   3344	    d10	STM32F407xx_Drivers.elf
Finished building: default.size.stdout
Finished building: STM32F407xx_Drivers.list
Finished building: STM32F407xx_Drivers.bin
 
 
 
23:09:25 **** Incremental Build of configuration Debug for project STM32F407xx_Drivers ****
make -j8 all 
arm-none-eabi-gcc "../Src/004LEDHandlingUsingExternalButton.c" -mcpu=cortex-m4 -std=gnu11 -g3 -DSTM32 -DSTM32F407G_DISC1 -DSTM32F4 -DSTM32F407VGTx -DDEBUG -c -I../Inc -O0 -ffunction-sections -fdata-sections -Wall -fstack-usage -MMD -MP -MF"Src/004LEDHandlingUsingExternalButton.d" -MT"Src/004LEDHandlingUsingExternalButton.o" --specs=nano.specs -mfpu=fpv4-sp-d16 -mfloat-abi=hard -mthumb -o "Src/004LEDHandlingUsingExternalButton.o"
arm-none-eabi-gcc -o "STM32F407xx_Drivers.elf" @"objects.list"   -mcpu=cortex-m4 -T"C:\Users\tranq\OneDrive\Desktop\workspace\STM32_Driver_Development\STM32F407xx_Drivers\STM32F407VGTX_FLASH.ld" --specs=nosys.specs -Wl,-Map="STM32F407xx_Drivers.map" -Wl,--gc-sections -static --specs=nano.specs -mfpu=fpv4-sp-d16 -mfloat-abi=hard -mthumb -Wl,--start-group -lc -lm -Wl,--end-group
Finished building target: STM32F407xx_Drivers.elf
 
arm-none-eabi-objdump -h -S  STM32F407xx_Drivers.elf  > "STM32F407xx_Drivers.list"
arm-none-eabi-objcopy  -O binary  STM32F407xx_Drivers.elf  "STM32F407xx_Drivers.bin"
arm-none-eabi-size   STM32F407xx_Drivers.elf 
   text	   data	    bss	    dec	    hex	filename
   1768	      8	   1568	   3344	    d10	STM32F407xx_Drivers.elf
Finished building: default.size.stdout
Finished building: STM32F407xx_Drivers.list
Finished building: STM32F407xx_Drivers.bin
 
 
 
23:09:28 **** Incremental Build of configuration Debug for project STM32F407xx_Drivers ****
make -j8 all 
arm-none-eabi-size   STM32F407xx_Drivers.elf 
   text	   data	    bss	    dec	    hex	filename
   1768	      8	   1568	   3344	    d10	STM32F407xx_Drivers.elf
Finished building: default.size.stdout
 
23:27:44 **** Incremental Build of configuration Debug for project STM32F407xx_Drivers ****
make -j8 all 
arm-none-eabi-gcc "../Src/004LEDHandlingUsingExternalButton.c" -mcpu=cortex-m4 -std=gnu11 -g3 -DSTM32 -DSTM32F407G_DISC1 -DSTM32F4 -DSTM32F407VGTx -DDEBUG -c -I../Inc -O0 -ffunction-sections -fdata-sections -Wall -fstack-usage -MMD -MP -MF"Src/004LEDHandlingUsingExternalButton.d" -MT"Src/004LEDHandlingUsingExternalButton.o" --specs=nano.specs -mfpu=fpv4-sp-d16 -mfloat-abi=hard -mthumb -o "Src/004LEDHandlingUsingExternalButton.o"
arm-none-eabi-gcc -o "STM32F407xx_Drivers.elf" @"objects.list"   -mcpu=cortex-m4 -T"C:\Users\tranq\OneDrive\Desktop\workspace\STM32_Driver_Development\STM32F407xx_Drivers\STM32F407VGTX_FLASH.ld" --specs=nosys.specs -Wl,-Map="STM32F407xx_Drivers.map" -Wl,--gc-sections -static --specs=nano.specs -mfpu=fpv4-sp-d16 -mfloat-abi=hard -mthumb -Wl,--start-group -lc -lm -Wl,--end-group
Finished building target: STM32F407xx_Drivers.elf
 
arm-none-eabi-objdump -h -S  STM32F407xx_Drivers.elf  > "STM32F407xx_Drivers.list"
arm-none-eabi-objcopy  -O binary  STM32F407xx_Drivers.elf  "STM32F407xx_Drivers.bin"
arm-none-eabi-size   STM32F407xx_Drivers.elf 
   text	   data	    bss	    dec	    hex	filename
   1768	      8	   1568	   3344	    d10	STM32F407xx_Drivers.elf
Finished building: default.size.stdout
Finished building: STM32F407xx_Drivers.list
Finished building: STM32F407xx_Drivers.bin
 
 
 
23:27:54 **** Incremental Build of configuration Debug for project STM32F407xx_Drivers ****
make -j8 all 
arm-none-eabi-size   STM32F407xx_Drivers.elf 
   text	   data	    bss	    dec	    hex	filename
   1768	      8	   1568	   3344	    d10	STM32F407xx_Drivers.elf
Finished building: default.size.stdout
 
23:29:52 **** Incremental Build of configuration Debug for project STM32F407xx_Drivers ****
make -j8 all 
arm-none-eabi-gcc "../Src/004LEDHandlingUsingExternalButton.c" -mcpu=cortex-m4 -std=gnu11 -g3 -DSTM32 -DSTM32F407G_DISC1 -DSTM32F4 -DSTM32F407VGTx -DDEBUG -c -I../Inc -O0 -ffunction-sections -fdata-sections -Wall -fstack-usage -MMD -MP -MF"Src/004LEDHandlingUsingExternalButton.d" -MT"Src/004LEDHandlingUsingExternalButton.o" --specs=nano.specs -mfpu=fpv4-sp-d16 -mfloat-abi=hard -mthumb -o "Src/004LEDHandlingUsingExternalButton.o"
arm-none-eabi-gcc -o "STM32F407xx_Drivers.elf" @"objects.list"   -mcpu=cortex-m4 -T"C:\Users\tranq\OneDrive\Desktop\workspace\STM32_Driver_Development\STM32F407xx_Drivers\STM32F407VGTX_FLASH.ld" --specs=nosys.specs -Wl,-Map="STM32F407xx_Drivers.map" -Wl,--gc-sections -static --specs=nano.specs -mfpu=fpv4-sp-d16 -mfloat-abi=hard -mthumb -Wl,--start-group -lc -lm -Wl,--end-group
Finished building target: STM32F407xx_Drivers.elf
 
arm-none-eabi-objdump -h -S  STM32F407xx_Drivers.elf  > "STM32F407xx_Drivers.list"
arm-none-eabi-objcopy  -O binary  STM32F407xx_Drivers.elf  "STM32F407xx_Drivers.bin"
arm-none-eabi-size   STM32F407xx_Drivers.elf 
   text	   data	    bss	    dec	    hex	filename
   1768	      8	   1568	   3344	    d10	STM32F407xx_Drivers.elf
Finished building: default.size.stdout
Finished building: STM32F407xx_Drivers.list
Finished building: STM32F407xx_Drivers.bin
 
 
 
23:30:49 **** Incremental Build of configuration Debug for project STM32F407xx_Drivers ****
make -j8 all 
arm-none-eabi-gcc "../Src/004LEDHandlingUsingExternalButton.c" -mcpu=cortex-m4 -std=gnu11 -g3 -DSTM32 -DSTM32F407G_DISC1 -DSTM32F4 -DSTM32F407VGTx -DDEBUG -c -I../Inc -O0 -ffunction-sections -fdata-sections -Wall -fstack-usage -MMD -MP -MF"Src/004LEDHandlingUsingExternalButton.d" -MT"Src/004LEDHandlingUsingExternalButton.o" --specs=nano.specs -mfpu=fpv4-sp-d16 -mfloat-abi=hard -mthumb -o "Src/004LEDHandlingUsingExternalButton.o"
arm-none-eabi-gcc -o "STM32F407xx_Drivers.elf" @"objects.list"   -mcpu=cortex-m4 -T"C:\Users\tranq\OneDrive\Desktop\workspace\STM32_Driver_Development\STM32F407xx_Drivers\STM32F407VGTX_FLASH.ld" --specs=nosys.specs -Wl,-Map="STM32F407xx_Drivers.map" -Wl,--gc-sections -static --specs=nano.specs -mfpu=fpv4-sp-d16 -mfloat-abi=hard -mthumb -Wl,--start-group -lc -lm -Wl,--end-group
Finished building target: STM32F407xx_Drivers.elf
 
arm-none-eabi-objdump -h -S  STM32F407xx_Drivers.elf  > "STM32F407xx_Drivers.list"
arm-none-eabi-objcopy  -O binary  STM32F407xx_Drivers.elf  "STM32F407xx_Drivers.bin"
arm-none-eabi-size   STM32F407xx_Drivers.elf 
   text	   data	    bss	    dec	    hex	filename
   1768	      8	   1568	   3344	    d10	STM32F407xx_Drivers.elf
Finished building: default.size.stdout
Finished building: STM32F407xx_Drivers.bin
Finished building: STM32F407xx_Drivers.list
 
 
 
23:36:06 **** Incremental Build of configuration Debug for project STM32F407xx_Drivers ****
make -j8 all 
arm-none-eabi-gcc "../drivers/Src/gpio_driver.c" -mcpu=cortex-m4 -std=gnu11 -g3 -DSTM32 -DSTM32F407G_DISC1 -DSTM32F4 -DSTM32F407VGTx -DDEBUG -c -I../Inc -O0 -ffunction-sections -fdata-sections -Wall -fstack-usage -MMD -MP -MF"drivers/Src/gpio_driver.d" -MT"drivers/Src/gpio_driver.o" --specs=nano.specs -mfpu=fpv4-sp-d16 -mfloat-abi=hard -mthumb -o "drivers/Src/gpio_driver.o"
arm-none-eabi-gcc "../Src/004LEDHandlingUsingExternalButton.c" -mcpu=cortex-m4 -std=gnu11 -g3 -DSTM32 -DSTM32F407G_DISC1 -DSTM32F4 -DSTM32F407VGTx -DDEBUG -c -I../Inc -O0 -ffunction-sections -fdata-sections -Wall -fstack-usage -MMD -MP -MF"Src/004LEDHandlingUsingExternalButton.d" -MT"Src/004LEDHandlingUsingExternalButton.o" --specs=nano.specs -mfpu=fpv4-sp-d16 -mfloat-abi=hard -mthumb -o "Src/004LEDHandlingUsingExternalButton.o"
arm-none-eabi-gcc -o "STM32F407xx_Drivers.elf" @"objects.list"   -mcpu=cortex-m4 -T"C:\Users\tranq\OneDrive\Desktop\workspace\STM32_Driver_Development\STM32F407xx_Drivers\STM32F407VGTX_FLASH.ld" --specs=nosys.specs -Wl,-Map="STM32F407xx_Drivers.map" -Wl,--gc-sections -static --specs=nano.specs -mfpu=fpv4-sp-d16 -mfloat-abi=hard -mthumb -Wl,--start-group -lc -lm -Wl,--end-group
Finished building target: STM32F407xx_Drivers.elf
 
arm-none-eabi-objdump -h -S  STM32F407xx_Drivers.elf  > "STM32F407xx_Drivers.list"
arm-none-eabi-objcopy  -O binary  STM32F407xx_Drivers.elf  "STM32F407xx_Drivers.bin"
arm-none-eabi-size   STM32F407xx_Drivers.elf 
   text	   data	    bss	    dec	    hex	filename
   1768	      8	   1568	   3344	    d10	STM32F407xx_Drivers.elf
Finished building: default.size.stdout
Finished building: STM32F407xx_Drivers.bin
Finished building: STM32F407xx_Drivers.list
 
 
 
23:36:11 **** Incremental Build of configuration Debug for project STM32F407xx_Drivers ****
make -j8 all 
arm-none-eabi-size   STM32F407xx_Drivers.elf 
   text	   data	    bss	    dec	    hex	filename
   1768	      8	   1568	   3344	    d10	STM32F407xx_Drivers.elf
Finished building: default.size.stdout
 
23:36:25 **** Incremental Build of configuration Debug for project STM32F407xx_Drivers ****
make -j8 all 
arm-none-eabi-size   STM32F407xx_Drivers.elf 
   text	   data	    bss	    dec	    hex	filename
   1768	      8	   1568	   3344	    d10	STM32F407xx_Drivers.elf
Finished building: default.size.stdout
 
22:26:38 **** Clean-only build of configuration Debug for project STM32F407xx_Drivers ****
make -j8 clean 
rm -rf *
 
22:26:39 **** Incremental Build of configuration Debug for project STM32F407xx_Drivers ****
make -j8 all 
arm-none-eabi-gcc "../drivers/Src/gpio_driver.c" -mcpu=cortex-m4 -std=gnu11 -g3 -DSTM32 -DSTM32F407G_DISC1 -DSTM32F4 -DSTM32F407VGTx -DDEBUG -c -I../Inc -O0 -ffunction-sections -fdata-sections -Wall -fstack-usage -MMD -MP -MF"drivers/Src/gpio_driver.d" -MT"drivers/Src/gpio_driver.o" --specs=nano.specs -mfpu=fpv4-sp-d16 -mfloat-abi=hard -mthumb -o "drivers/Src/gpio_driver.o"
arm-none-eabi-gcc -mcpu=cortex-m4 -g3 -c -x assembler-with-cpp --specs=nano.specs -mfpu=fpv4-sp-d16 -mfloat-abi=hard -mthumb -o "Startup/startup_stm32f407vgtx.o" "../Startup/startup_stm32f407vgtx.s"
arm-none-eabi-gcc "../Src/005LEDInterruptTogglingButton.c" -mcpu=cortex-m4 -std=gnu11 -g3 -DSTM32 -DSTM32F407G_DISC1 -DSTM32F4 -DSTM32F407VGTx -DDEBUG -c -I../Inc -O0 -ffunction-sections -fdata-sections -Wall -fstack-usage -MMD -MP -MF"Src/005LEDInterruptTogglingButton.d" -MT"Src/005LEDInterruptTogglingButton.o" --specs=nano.specs -mfpu=fpv4-sp-d16 -mfloat-abi=hard -mthumb -o "Src/005LEDInterruptTogglingButton.o"
arm-none-eabi-gcc "../Src/syscalls.c" -mcpu=cortex-m4 -std=gnu11 -g3 -DSTM32 -DSTM32F407G_DISC1 -DSTM32F4 -DSTM32F407VGTx -DDEBUG -c -I../Inc -O0 -ffunction-sections -fdata-sections -Wall -fstack-usage -MMD -MP -MF"Src/syscalls.d" -MT"Src/syscalls.o" --specs=nano.specs -mfpu=fpv4-sp-d16 -mfloat-abi=hard -mthumb -o "Src/syscalls.o"
arm-none-eabi-gcc "../Src/sysmem.c" -mcpu=cortex-m4 -std=gnu11 -g3 -DSTM32 -DSTM32F407G_DISC1 -DSTM32F4 -DSTM32F407VGTx -DDEBUG -c -I../Inc -O0 -ffunction-sections -fdata-sections -Wall -fstack-usage -MMD -MP -MF"Src/sysmem.d" -MT"Src/sysmem.o" --specs=nano.specs -mfpu=fpv4-sp-d16 -mfloat-abi=hard -mthumb -o "Src/sysmem.o"
../drivers/Src/gpio_driver.c: In function 'GPIO_Init':
../drivers/Src/gpio_driver.c:104:38: error: 'PIO_ANALOG_MODE' undeclared (first use in this function); did you mean 'GPIO_ANALOG_MODE'?
    if (GPIOx_PinConf.GPIO_PinMode <= PIO_ANALOG_MODE) {
                                      ^~~~~~~~~~~~~~~
                                      GPIO_ANALOG_MODE
../drivers/Src/gpio_driver.c:104:38: note: each undeclared identifier is reported only once for each function it appears in
../drivers/Src/gpio_driver.c:139:12: error: 'EXTI_Reg_t {aka struct EXTI_Register}' has no member named 'FTSR'; did you mean 'FSTR'?
      EXTI->FTSR |= (1 << i);
            ^~~~
            FSTR
../drivers/Src/gpio_driver.c:144:12: error: 'EXTI_Reg_t {aka struct EXTI_Register}' has no member named 'FTSR'; did you mean 'FSTR'?
      EXTI->FTSR &= ~(1 << i); //Clear the corresponding FTSR bit
            ^~~~
            FSTR
../drivers/Src/gpio_driver.c:147:12: error: 'EXTI_Reg_t {aka struct EXTI_Register}' has no member named 'FTSR'; did you mean 'FSTR'?
      EXTI->FTSR |= (1 << i);
            ^~~~
            FSTR
../drivers/Src/gpio_driver.c:148:12: error: 'EXTI_Reg_t {aka struct EXTI_Register}' has no member named 'RTSR'; did you mean 'RSTR'?
      EXTI->RTSR |= (1 << i);
            ^~~~
            RSTR
In file included from ../drivers/Src/gpio_driver.c:9:0:
../drivers/Src/../Inc/gpio_driver.h:33:44: error: expected ':' before ')' token
               ((__GPIOx__) == (GPIOI)) ? 8U)
                                            ^
../drivers/Src/gpio_driver.c:156:32: note: in expansion of macro 'GPIO_PORT_INDEX'
     SYSCFG->EXTICR[i >> 2U] |= GPIO_PORT_INDEX(GPIOx) << ((i & 0x03U) * 4U);
                                ^~~~~~~~~~~~~~~
../drivers/Src/gpio_driver.c:91:11: warning: unused variable 'temp' [-Wunused-variable]
  uint32_t temp;
           ^~~~
make: *** [drivers/Src/subdir.mk:18: drivers/Src/gpio_driver.o] Error 1
make: *** Waiting for unfinished jobs....
"make -j8 all" terminated with exit code 2. Build might be incomplete.
22:28:13 **** Incremental Build of configuration Debug for project STM32F407xx_Drivers ****
make -j8 all 
arm-none-eabi-gcc "../drivers/Src/gpio_driver.c" -mcpu=cortex-m4 -std=gnu11 -g3 -DSTM32 -DSTM32F407G_DISC1 -DSTM32F4 -DSTM32F407VGTx -DDEBUG -c -I../Inc -O0 -ffunction-sections -fdata-sections -Wall -fstack-usage -MMD -MP -MF"drivers/Src/gpio_driver.d" -MT"drivers/Src/gpio_driver.o" --specs=nano.specs -mfpu=fpv4-sp-d16 -mfloat-abi=hard -mthumb -o "drivers/Src/gpio_driver.o"
arm-none-eabi-gcc "../Src/005LEDInterruptTogglingButton.c" -mcpu=cortex-m4 -std=gnu11 -g3 -DSTM32 -DSTM32F407G_DISC1 -DSTM32F4 -DSTM32F407VGTx -DDEBUG -c -I../Inc -O0 -ffunction-sections -fdata-sections -Wall -fstack-usage -MMD -MP -MF"Src/005LEDInterruptTogglingButton.d" -MT"Src/005LEDInterruptTogglingButton.o" --specs=nano.specs -mfpu=fpv4-sp-d16 -mfloat-abi=hard -mthumb -o "Src/005LEDInterruptTogglingButton.o"
../drivers/Src/gpio_driver.c: In function 'GPIO_Init':
../drivers/Src/gpio_driver.c:104:38: error: 'PIO_ANALOG_MODE' undeclared (first use in this function); did you mean 'GPIO_ANALOG_MODE'?
    if (GPIOx_PinConf.GPIO_PinMode <= PIO_ANALOG_MODE) {
                                      ^~~~~~~~~~~~~~~
                                      GPIO_ANALOG_MODE
../drivers/Src/gpio_driver.c:104:38: note: each undeclared identifier is reported only once for each function it appears in
../drivers/Src/gpio_driver.c:139:12: error: 'EXTI_Reg_t {aka struct EXTI_Register}' has no member named 'FTSR'; did you mean 'FSTR'?
      EXTI->FTSR |= (1 << i);
            ^~~~
            FSTR
../drivers/Src/gpio_driver.c:144:12: error: 'EXTI_Reg_t {aka struct EXTI_Register}' has no member named 'FTSR'; did you mean 'FSTR'?
      EXTI->FTSR &= ~(1 << i); //Clear the corresponding FTSR bit
            ^~~~
            FSTR
../drivers/Src/gpio_driver.c:147:12: error: 'EXTI_Reg_t {aka struct EXTI_Register}' has no member named 'FTSR'; did you mean 'FSTR'?
      EXTI->FTSR |= (1 << i);
            ^~~~
            FSTR
../drivers/Src/gpio_driver.c:148:12: error: 'EXTI_Reg_t {aka struct EXTI_Register}' has no member named 'RTSR'; did you mean 'RSTR'?
      EXTI->RTSR |= (1 << i);
            ^~~~
            RSTR
../drivers/Src/gpio_driver.c:91:11: warning: unused variable 'temp' [-Wunused-variable]
  uint32_t temp;
           ^~~~
make: *** [drivers/Src/subdir.mk:18: drivers/Src/gpio_driver.o] Error 1
make: *** Waiting for unfinished jobs....
"make -j8 all" terminated with exit code 2. Build might be incomplete.
22:29:36 **** Incremental Build of configuration Debug for project STM32F407xx_Drivers ****
make -j8 all 
arm-none-eabi-gcc "../drivers/Src/gpio_driver.c" -mcpu=cortex-m4 -std=gnu11 -g3 -DSTM32 -DSTM32F407G_DISC1 -DSTM32F4 -DSTM32F407VGTx -DDEBUG -c -I../Inc -O0 -ffunction-sections -fdata-sections -Wall -fstack-usage -MMD -MP -MF"drivers/Src/gpio_driver.d" -MT"drivers/Src/gpio_driver.o" --specs=nano.specs -mfpu=fpv4-sp-d16 -mfloat-abi=hard -mthumb -o "drivers/Src/gpio_driver.o"
arm-none-eabi-gcc "../Src/005LEDInterruptTogglingButton.c" -mcpu=cortex-m4 -std=gnu11 -g3 -DSTM32 -DSTM32F407G_DISC1 -DSTM32F4 -DSTM32F407VGTx -DDEBUG -c -I../Inc -O0 -ffunction-sections -fdata-sections -Wall -fstack-usage -MMD -MP -MF"Src/005LEDInterruptTogglingButton.d" -MT"Src/005LEDInterruptTogglingButton.o" --specs=nano.specs -mfpu=fpv4-sp-d16 -mfloat-abi=hard -mthumb -o "Src/005LEDInterruptTogglingButton.o"
../drivers/Src/gpio_driver.c: In function 'GPIO_Init':
../drivers/Src/gpio_driver.c:140:12: error: 'EXTI_Reg_t {aka struct EXTI_Register}' has no member named 'RSTR'; did you mean 'RTSR'?
      EXTI->RSTR &= ~(1 << i); //Clear the corresponding RTSR bit
            ^~~~
            RTSR
../drivers/Src/gpio_driver.c:143:12: error: 'EXTI_Reg_t {aka struct EXTI_Register}' has no member named 'RSTR'; did you mean 'RTSR'?
      EXTI->RSTR |= (1 << i);
            ^~~~
            RTSR
../drivers/Src/gpio_driver.c:91:11: warning: unused variable 'temp' [-Wunused-variable]
  uint32_t temp;
           ^~~~
make: *** [drivers/Src/subdir.mk:18: drivers/Src/gpio_driver.o] Error 1
make: *** Waiting for unfinished jobs....
"make -j8 all" terminated with exit code 2. Build might be incomplete.
22:29:53 **** Incremental Build of configuration Debug for project STM32F407xx_Drivers ****
make -j8 all 
arm-none-eabi-gcc "../drivers/Src/gpio_driver.c" -mcpu=cortex-m4 -std=gnu11 -g3 -DSTM32 -DSTM32F407G_DISC1 -DSTM32F4 -DSTM32F407VGTx -DDEBUG -c -I../Inc -O0 -ffunction-sections -fdata-sections -Wall -fstack-usage -MMD -MP -MF"drivers/Src/gpio_driver.d" -MT"drivers/Src/gpio_driver.o" --specs=nano.specs -mfpu=fpv4-sp-d16 -mfloat-abi=hard -mthumb -o "drivers/Src/gpio_driver.o"
../drivers/Src/gpio_driver.c: In function 'GPIO_Init':
../drivers/Src/gpio_driver.c:91:11: warning: unused variable 'temp' [-Wunused-variable]
  uint32_t temp;
           ^~~~
arm-none-eabi-gcc -o "STM32F407xx_Drivers.elf" @"objects.list"   -mcpu=cortex-m4 -T"C:\Users\tranq\OneDrive\Desktop\workspace\STM32_Driver_Development\STM32F407xx_Drivers\STM32F407VGTX_FLASH.ld" --specs=nosys.specs -Wl,-Map="STM32F407xx_Drivers.map" -Wl,--gc-sections -static --specs=nano.specs -mfpu=fpv4-sp-d16 -mfloat-abi=hard -mthumb -Wl,--start-group -lc -lm -Wl,--end-group
Finished building target: STM32F407xx_Drivers.elf
 
arm-none-eabi-size   STM32F407xx_Drivers.elf 
arm-none-eabi-objdump -h -S  STM32F407xx_Drivers.elf  > "STM32F407xx_Drivers.list"
arm-none-eabi-objcopy  -O binary  STM32F407xx_Drivers.elf  "STM32F407xx_Drivers.bin"
   text	   data	    bss	    dec	    hex	filename
   2128	      8	   1568	   3704	    e78	STM32F407xx_Drivers.elf
Finished building: default.size.stdout
 
Finished building: STM32F407xx_Drivers.list
Finished building: STM32F407xx_Drivers.bin
 
 
22:42:25 **** Incremental Build of configuration Debug for project STM32F407xx_Drivers ****
make -j8 all 
arm-none-eabi-gcc "../drivers/Src/gpio_driver.c" -mcpu=cortex-m4 -std=gnu11 -g3 -DSTM32 -DSTM32F407G_DISC1 -DSTM32F4 -DSTM32F407VGTx -DDEBUG -c -I../Inc -O0 -ffunction-sections -fdata-sections -Wall -fstack-usage -MMD -MP -MF"drivers/Src/gpio_driver.d" -MT"drivers/Src/gpio_driver.o" --specs=nano.specs -mfpu=fpv4-sp-d16 -mfloat-abi=hard -mthumb -o "drivers/Src/gpio_driver.o"
arm-none-eabi-gcc "../Src/005LEDInterruptTogglingButton.c" -mcpu=cortex-m4 -std=gnu11 -g3 -DSTM32 -DSTM32F407G_DISC1 -DSTM32F4 -DSTM32F407VGTx -DDEBUG -c -I../Inc -O0 -ffunction-sections -fdata-sections -Wall -fstack-usage -MMD -MP -MF"Src/005LEDInterruptTogglingButton.d" -MT"Src/005LEDInterruptTogglingButton.o" --specs=nano.specs -mfpu=fpv4-sp-d16 -mfloat-abi=hard -mthumb -o "Src/005LEDInterruptTogglingButton.o"
arm-none-eabi-gcc -o "STM32F407xx_Drivers.elf" @"objects.list"   -mcpu=cortex-m4 -T"C:\Users\tranq\OneDrive\Desktop\workspace\STM32_Driver_Development\STM32F407xx_Drivers\STM32F407VGTX_FLASH.ld" --specs=nosys.specs -Wl,-Map="STM32F407xx_Drivers.map" -Wl,--gc-sections -static --specs=nano.specs -mfpu=fpv4-sp-d16 -mfloat-abi=hard -mthumb -Wl,--start-group -lc -lm -Wl,--end-group
Finished building target: STM32F407xx_Drivers.elf
 
arm-none-eabi-objdump -h -S  STM32F407xx_Drivers.elf  > "STM32F407xx_Drivers.list"
arm-none-eabi-objcopy  -O binary  STM32F407xx_Drivers.elf  "STM32F407xx_Drivers.bin"
arm-none-eabi-size   STM32F407xx_Drivers.elf 
   text	   data	    bss	    dec	    hex	filename
   2128	      8	   1568	   3704	    e78	STM32F407xx_Drivers.elf
Finished building: default.size.stdout
Finished building: STM32F407xx_Drivers.bin
Finished building: STM32F407xx_Drivers.list
 
 
 
22:46:34 **** Incremental Build of configuration Debug for project STM32F407xx_Drivers ****
make -j8 all 
arm-none-eabi-gcc "../drivers/Src/gpio_driver.c" -mcpu=cortex-m4 -std=gnu11 -g3 -DSTM32 -DSTM32F407G_DISC1 -DSTM32F4 -DSTM32F407VGTx -DDEBUG -c -I../Inc -O0 -ffunction-sections -fdata-sections -Wall -fstack-usage -MMD -MP -MF"drivers/Src/gpio_driver.d" -MT"drivers/Src/gpio_driver.o" --specs=nano.specs -mfpu=fpv4-sp-d16 -mfloat-abi=hard -mthumb -o "drivers/Src/gpio_driver.o"
arm-none-eabi-gcc "../Src/005LEDInterruptTogglingButton.c" -mcpu=cortex-m4 -std=gnu11 -g3 -DSTM32 -DSTM32F407G_DISC1 -DSTM32F4 -DSTM32F407VGTx -DDEBUG -c -I../Inc -O0 -ffunction-sections -fdata-sections -Wall -fstack-usage -MMD -MP -MF"Src/005LEDInterruptTogglingButton.d" -MT"Src/005LEDInterruptTogglingButton.o" --specs=nano.specs -mfpu=fpv4-sp-d16 -mfloat-abi=hard -mthumb -o "Src/005LEDInterruptTogglingButton.o"
In file included from ../drivers/Src/../Inc/gpio_driver.h:13:0,
                 from ../drivers/Src/gpio_driver.c:9:
../drivers/Src/gpio_driver.c: In function 'GPIO_DeInit':
../drivers/Src/../Inc/stm32f407xx.h:288:26: error: expected expression before 'do'
 #define GPIOA_PCLK_RST() do { (RCC->AHB1RSTR |= (1 << 0));  (RCC->AHB1RSTR &= ~(1 << 0)); } while (0)
                          ^
../drivers/Src/../Inc/gpio_driver.h:53:63: note: in expansion of macro 'GPIOA_PCLK_RST'
 #define GPIO_PCLK_RST(__GPIOx__)   ((__GPIOx__) == (GPIOA)) ? GPIOA_PCLK_RST() :\
                                                               ^~~~~~~~~~~~~~
../drivers/Src/gpio_driver.c:137:2: note: in expansion of macro 'GPIO_PCLK_RST'
  GPIO_PCLK_RST(pGPIOx);
  ^~~~~~~~~~~~~
make: *** [drivers/Src/subdir.mk:18: drivers/Src/gpio_driver.o] Error 1
make: *** Waiting for unfinished jobs....
"make -j8 all" terminated with exit code 2. Build might be incomplete.
22:48:43 **** Incremental Build of configuration Debug for project STM32F407xx_Drivers ****
make -j8 all 
arm-none-eabi-gcc "../drivers/Src/gpio_driver.c" -mcpu=cortex-m4 -std=gnu11 -g3 -DSTM32 -DSTM32F407G_DISC1 -DSTM32F4 -DSTM32F407VGTx -DDEBUG -c -I../Inc -O0 -ffunction-sections -fdata-sections -Wall -fstack-usage -MMD -MP -MF"drivers/Src/gpio_driver.d" -MT"drivers/Src/gpio_driver.o" --specs=nano.specs -mfpu=fpv4-sp-d16 -mfloat-abi=hard -mthumb -o "drivers/Src/gpio_driver.o"
arm-none-eabi-gcc "../Src/005LEDInterruptTogglingButton.c" -mcpu=cortex-m4 -std=gnu11 -g3 -DSTM32 -DSTM32F407G_DISC1 -DSTM32F4 -DSTM32F407VGTx -DDEBUG -c -I../Inc -O0 -ffunction-sections -fdata-sections -Wall -fstack-usage -MMD -MP -MF"Src/005LEDInterruptTogglingButton.d" -MT"Src/005LEDInterruptTogglingButton.o" --specs=nano.specs -mfpu=fpv4-sp-d16 -mfloat-abi=hard -mthumb -o "Src/005LEDInterruptTogglingButton.o"
arm-none-eabi-gcc -o "STM32F407xx_Drivers.elf" @"objects.list"   -mcpu=cortex-m4 -T"C:\Users\tranq\OneDrive\Desktop\workspace\STM32_Driver_Development\STM32F407xx_Drivers\STM32F407VGTX_FLASH.ld" --specs=nosys.specs -Wl,-Map="STM32F407xx_Drivers.map" -Wl,--gc-sections -static --specs=nano.specs -mfpu=fpv4-sp-d16 -mfloat-abi=hard -mthumb -Wl,--start-group -lc -lm -Wl,--end-group
Finished building target: STM32F407xx_Drivers.elf
 
arm-none-eabi-objdump -h -S  STM32F407xx_Drivers.elf  > "STM32F407xx_Drivers.list"
arm-none-eabi-objcopy  -O binary  STM32F407xx_Drivers.elf  "STM32F407xx_Drivers.bin"
arm-none-eabi-size   STM32F407xx_Drivers.elf 
   text	   data	    bss	    dec	    hex	filename
   2128	      8	   1568	   3704	    e78	STM32F407xx_Drivers.elf
Finished building: default.size.stdout
Finished building: STM32F407xx_Drivers.list
Finished building: STM32F407xx_Drivers.bin
 
 
 
23:04:51 **** Incremental Build of configuration Debug for project STM32F407xx_Drivers ****
make -j8 all 
arm-none-eabi-gcc "../drivers/Src/gpio_driver.c" -mcpu=cortex-m4 -std=gnu11 -g3 -DSTM32 -DSTM32F407G_DISC1 -DSTM32F4 -DSTM32F407VGTx -DDEBUG -c -I../Inc -O0 -ffunction-sections -fdata-sections -Wall -fstack-usage -MMD -MP -MF"drivers/Src/gpio_driver.d" -MT"drivers/Src/gpio_driver.o" --specs=nano.specs -mfpu=fpv4-sp-d16 -mfloat-abi=hard -mthumb -o "drivers/Src/gpio_driver.o"
arm-none-eabi-gcc -o "STM32F407xx_Drivers.elf" @"objects.list"   -mcpu=cortex-m4 -T"C:\Users\tranq\OneDrive\Desktop\workspace\STM32_Driver_Development\STM32F407xx_Drivers\STM32F407VGTX_FLASH.ld" --specs=nosys.specs -Wl,-Map="STM32F407xx_Drivers.map" -Wl,--gc-sections -static --specs=nano.specs -mfpu=fpv4-sp-d16 -mfloat-abi=hard -mthumb -Wl,--start-group -lc -lm -Wl,--end-group
Finished building target: STM32F407xx_Drivers.elf
 
arm-none-eabi-objdump -h -S  STM32F407xx_Drivers.elf  > "STM32F407xx_Drivers.list"
arm-none-eabi-objcopy  -O binary  STM32F407xx_Drivers.elf  "STM32F407xx_Drivers.bin"
arm-none-eabi-size   STM32F407xx_Drivers.elf 
   text	   data	    bss	    dec	    hex	filename
   2128	      8	   1568	   3704	    e78	STM32F407xx_Drivers.elf
Finished building: default.size.stdout
Finished building: STM32F407xx_Drivers.bin
Finished building: STM32F407xx_Drivers.list
 
 
 
14:56:50 **** Incremental Build of configuration Debug for project STM32F407xx_Drivers ****
make -j8 all 
arm-none-eabi-gcc "../drivers/Src/gpio_driver.c" -mcpu=cortex-m4 -std=gnu11 -g3 -DSTM32 -DSTM32F407G_DISC1 -DSTM32F4 -DSTM32F407VGTx -DDEBUG -c -I../Inc -O0 -ffunction-sections -fdata-sections -Wall -fstack-usage -MMD -MP -MF"drivers/Src/gpio_driver.d" -MT"drivers/Src/gpio_driver.o" --specs=nano.specs -mfpu=fpv4-sp-d16 -mfloat-abi=hard -mthumb -o "drivers/Src/gpio_driver.o"
arm-none-eabi-gcc "../Src/005LEDInterruptTogglingButton.c" -mcpu=cortex-m4 -std=gnu11 -g3 -DSTM32 -DSTM32F407G_DISC1 -DSTM32F4 -DSTM32F407VGTx -DDEBUG -c -I../Inc -O0 -ffunction-sections -fdata-sections -Wall -fstack-usage -MMD -MP -MF"Src/005LEDInterruptTogglingButton.d" -MT"Src/005LEDInterruptTogglingButton.o" --specs=nano.specs -mfpu=fpv4-sp-d16 -mfloat-abi=hard -mthumb -o "Src/005LEDInterruptTogglingButton.o"
In file included from ../drivers/Src/../Inc/gpio_driver.h:13:0,
                 from ../drivers/Src/gpio_driver.c:9:
../drivers/Src/../Inc/stm32f407xx.h:51:1: warning: "/*" within comment [-Wcomment]
 /*
  
../drivers/Src/../Inc/stm32f407xx.h:69:1: warning: "/*" within comment [-Wcomment]
 /*
  
../drivers/Src/gpio_driver.c: In function 'GPIO_IRQConfig':
../drivers/Src/gpio_driver.c:280:21: error: 'index' undeclared (first use in this function); did you mean 'indx'?
  if (indx >= 0U  && index <= 7U) {
                     ^~~~~
                     indx
../drivers/Src/gpio_driver.c:280:21: note: each undeclared identifier is reported only once for each function it appears in
In file included from ../drivers/Src/../Inc/gpio_driver.h:13:0,
                 from ../drivers/Src/gpio_driver.c:9:
../drivers/Src/../Inc/stm32f407xx.h:40:21: error: called object is not a function or function pointer
 #define NVIC_ICER   ((NVIC_ICER_Reg_t*) NVIC_ICER_BASEADDR)
                     ^
../drivers/Src/gpio_driver.c:284:4: note: in expansion of macro 'NVIC_ICER'
    NVIC_ICER(indx) = 1 << IRQNumber; //See NVIC_ICER(__INDEX__) declaration for more implementation details
    ^~~~~~~~~
In file included from ../Src/../drivers/Inc/gpio_driver.h:13:0,
                 from ../Src/005LEDInterruptTogglingButton.c:12:
../Src/../drivers/Inc/stm32f407xx.h:51:1: warning: "/*" within comment [-Wcomment]
 /*
  
../Src/../drivers/Inc/stm32f407xx.h:69:1: warning: "/*" within comment [-Wcomment]
 /*
  
make: *** [drivers/Src/subdir.mk:18: drivers/Src/gpio_driver.o] Error 1
make: *** Waiting for unfinished jobs....
"make -j8 all" terminated with exit code 2. Build might be incomplete.
14:57:15 **** Incremental Build of configuration Debug for project STM32F407xx_Drivers ****
make -j8 all 
arm-none-eabi-gcc "../drivers/Src/gpio_driver.c" -mcpu=cortex-m4 -std=gnu11 -g3 -DSTM32 -DSTM32F407G_DISC1 -DSTM32F4 -DSTM32F407VGTx -DDEBUG -c -I../Inc -O0 -ffunction-sections -fdata-sections -Wall -fstack-usage -MMD -MP -MF"drivers/Src/gpio_driver.d" -MT"drivers/Src/gpio_driver.o" --specs=nano.specs -mfpu=fpv4-sp-d16 -mfloat-abi=hard -mthumb -o "drivers/Src/gpio_driver.o"
arm-none-eabi-gcc "../Src/005LEDInterruptTogglingButton.c" -mcpu=cortex-m4 -std=gnu11 -g3 -DSTM32 -DSTM32F407G_DISC1 -DSTM32F4 -DSTM32F407VGTx -DDEBUG -c -I../Inc -O0 -ffunction-sections -fdata-sections -Wall -fstack-usage -MMD -MP -MF"Src/005LEDInterruptTogglingButton.d" -MT"Src/005LEDInterruptTogglingButton.o" --specs=nano.specs -mfpu=fpv4-sp-d16 -mfloat-abi=hard -mthumb -o "Src/005LEDInterruptTogglingButton.o"
../drivers/Src/gpio_driver.c: In function 'GPIO_IRQConfig':
../drivers/Src/gpio_driver.c:280:21: error: 'index' undeclared (first use in this function); did you mean 'indx'?
  if (indx >= 0U  && index <= 7U) {
                     ^~~~~
                     indx
../drivers/Src/gpio_driver.c:280:21: note: each undeclared identifier is reported only once for each function it appears in
In file included from ../drivers/Src/../Inc/gpio_driver.h:13:0,
                 from ../drivers/Src/gpio_driver.c:9:
../drivers/Src/../Inc/stm32f407xx.h:40:21: error: called object is not a function or function pointer
 #define NVIC_ICER   ((NVIC_ICER_Reg_t*) NVIC_ICER_BASEADDR)
                     ^
../drivers/Src/gpio_driver.c:284:4: note: in expansion of macro 'NVIC_ICER'
    NVIC_ICER(indx) = 1 << IRQNumber; //See NVIC_ICER(__INDEX__) declaration for more implementation details
    ^~~~~~~~~
make: *** [drivers/Src/subdir.mk:18: drivers/Src/gpio_driver.o] Error 1
make: *** Waiting for unfinished jobs....
"make -j8 all" terminated with exit code 2. Build might be incomplete.
14:57:27 **** Incremental Build of configuration Debug for project STM32F407xx_Drivers ****
make -j8 all 
arm-none-eabi-gcc "../drivers/Src/gpio_driver.c" -mcpu=cortex-m4 -std=gnu11 -g3 -DSTM32 -DSTM32F407G_DISC1 -DSTM32F4 -DSTM32F407VGTx -DDEBUG -c -I../Inc -O0 -ffunction-sections -fdata-sections -Wall -fstack-usage -MMD -MP -MF"drivers/Src/gpio_driver.d" -MT"drivers/Src/gpio_driver.o" --specs=nano.specs -mfpu=fpv4-sp-d16 -mfloat-abi=hard -mthumb -o "drivers/Src/gpio_driver.o"
In file included from ../drivers/Src/../Inc/gpio_driver.h:13:0,
                 from ../drivers/Src/gpio_driver.c:9:
../drivers/Src/gpio_driver.c: In function 'GPIO_IRQConfig':
../drivers/Src/../Inc/stm32f407xx.h:40:21: error: called object is not a function or function pointer
 #define NVIC_ICER   ((NVIC_ICER_Reg_t*) NVIC_ICER_BASEADDR)
                     ^
../drivers/Src/gpio_driver.c:284:4: note: in expansion of macro 'NVIC_ICER'
    NVIC_ICER(indx) = 1 << IRQNumber; //See NVIC_ICER(__INDEX__) declaration for more implementation details
    ^~~~~~~~~
make: *** [drivers/Src/subdir.mk:18: drivers/Src/gpio_driver.o] Error 1
"make -j8 all" terminated with exit code 2. Build might be incomplete.
14:59:02 **** Incremental Build of configuration Debug for project STM32F407xx_Drivers ****
make -j8 all 
arm-none-eabi-gcc "../drivers/Src/gpio_driver.c" -mcpu=cortex-m4 -std=gnu11 -g3 -DSTM32 -DSTM32F407G_DISC1 -DSTM32F4 -DSTM32F407VGTx -DDEBUG -c -I../Inc -O0 -ffunction-sections -fdata-sections -Wall -fstack-usage -MMD -MP -MF"drivers/Src/gpio_driver.d" -MT"drivers/Src/gpio_driver.o" --specs=nano.specs -mfpu=fpv4-sp-d16 -mfloat-abi=hard -mthumb -o "drivers/Src/gpio_driver.o"
arm-none-eabi-gcc "../Src/005LEDInterruptTogglingButton.c" -mcpu=cortex-m4 -std=gnu11 -g3 -DSTM32 -DSTM32F407G_DISC1 -DSTM32F4 -DSTM32F407VGTx -DDEBUG -c -I../Inc -O0 -ffunction-sections -fdata-sections -Wall -fstack-usage -MMD -MP -MF"Src/005LEDInterruptTogglingButton.d" -MT"Src/005LEDInterruptTogglingButton.o" --specs=nano.specs -mfpu=fpv4-sp-d16 -mfloat-abi=hard -mthumb -o "Src/005LEDInterruptTogglingButton.o"
In file included from ../drivers/Src/../Inc/gpio_driver.h:13:0,
                 from ../drivers/Src/gpio_driver.c:9:
../drivers/Src/gpio_driver.c: In function 'GPIO_IRQConfig':
../drivers/Src/../Inc/stm32f407xx.h:36:57: error: '__INDEX__' undeclared (first use in this function); did you mean '__LINE__'?
 #define NVIC_ICER(__INDEX_)  *((NVIC_ICER_BASEADDR) + ((__INDEX__) * 0x04U))
                                                         ^
../drivers/Src/gpio_driver.c:284:4: note: in expansion of macro 'NVIC_ICER'
    NVIC_ICER(indx) = 1 << IRQNumber; //See NVIC_ICER(__INDEX__) declaration for more implementation details
    ^~~~~~~~~
../drivers/Src/../Inc/stm32f407xx.h:36:57: note: each undeclared identifier is reported only once for each function it appears in
 #define NVIC_ICER(__INDEX_)  *((NVIC_ICER_BASEADDR) + ((__INDEX__) * 0x04U))
                                                         ^
../drivers/Src/gpio_driver.c:284:4: note: in expansion of macro 'NVIC_ICER'
    NVIC_ICER(indx) = 1 << IRQNumber; //See NVIC_ICER(__INDEX__) declaration for more implementation details
    ^~~~~~~~~
make: *** [drivers/Src/subdir.mk:18: drivers/Src/gpio_driver.o] Error 1
make: *** Waiting for unfinished jobs....
"make -j8 all" terminated with exit code 2. Build might be incomplete.
14:59:19 **** Incremental Build of configuration Debug for project STM32F407xx_Drivers ****
make -j8 all 
arm-none-eabi-gcc "../drivers/Src/gpio_driver.c" -mcpu=cortex-m4 -std=gnu11 -g3 -DSTM32 -DSTM32F407G_DISC1 -DSTM32F4 -DSTM32F407VGTx -DDEBUG -c -I../Inc -O0 -ffunction-sections -fdata-sections -Wall -fstack-usage -MMD -MP -MF"drivers/Src/gpio_driver.d" -MT"drivers/Src/gpio_driver.o" --specs=nano.specs -mfpu=fpv4-sp-d16 -mfloat-abi=hard -mthumb -o "drivers/Src/gpio_driver.o"
arm-none-eabi-gcc "../Src/005LEDInterruptTogglingButton.c" -mcpu=cortex-m4 -std=gnu11 -g3 -DSTM32 -DSTM32F407G_DISC1 -DSTM32F4 -DSTM32F407VGTx -DDEBUG -c -I../Inc -O0 -ffunction-sections -fdata-sections -Wall -fstack-usage -MMD -MP -MF"Src/005LEDInterruptTogglingButton.d" -MT"Src/005LEDInterruptTogglingButton.o" --specs=nano.specs -mfpu=fpv4-sp-d16 -mfloat-abi=hard -mthumb -o "Src/005LEDInterruptTogglingButton.o"
arm-none-eabi-gcc -o "STM32F407xx_Drivers.elf" @"objects.list"   -mcpu=cortex-m4 -T"C:\Users\tranq\OneDrive\Desktop\workspace\STM32_Driver_Development\STM32F407xx_Drivers\STM32F407VGTX_FLASH.ld" --specs=nosys.specs -Wl,-Map="STM32F407xx_Drivers.map" -Wl,--gc-sections -static --specs=nano.specs -mfpu=fpv4-sp-d16 -mfloat-abi=hard -mthumb -Wl,--start-group -lc -lm -Wl,--end-group
Finished building target: STM32F407xx_Drivers.elf
 
arm-none-eabi-objdump -h -S  STM32F407xx_Drivers.elf  > "STM32F407xx_Drivers.list"
arm-none-eabi-objcopy  -O binary  STM32F407xx_Drivers.elf  "STM32F407xx_Drivers.bin"
arm-none-eabi-size   STM32F407xx_Drivers.elf 
   text	   data	    bss	    dec	    hex	filename
   2128	      8	   1568	   3704	    e78	STM32F407xx_Drivers.elf
Finished building: default.size.stdout
Finished building: STM32F407xx_Drivers.bin
Finished building: STM32F407xx_Drivers.list
 
 
 
15:27:42 **** Incremental Build of configuration Debug for project STM32F407xx_Drivers ****
make -j8 all 
[...]
   text	   data	    bss	    dec	    hex	filename
   2604	      8	   1568	   4180	   1054	STM32F407xx_Drivers.elf
Finished building: default.size.stdout
 
16:26:58 **** Incremental Build of configuration Debug for project STM32F407xx_Drivers ****
make -j8 all 
arm-none-eabi-gcc "../Src/006TestSpi.c" -mcpu=cortex-m4 -std=gnu11 -g3 -DSTM32 -DSTM32F407G_DISC1 -DSTM32F4 -DSTM32F407VGTx -DDEBUG -c -I../Inc -O0 -ffunction-sections -fdata-sections -Wall -fstack-usage -MMD -MP -MF"Src/006TestSpi.d" -MT"Src/006TestSpi.o" --specs=nano.specs -mfpu=fpv4-sp-d16 -mfloat-abi=hard -mthumb -o "Src/006TestSpi.o"
../Src/006TestSpi.c: In function 'main':
../Src/006TestSpi.c:39:2: warning: implicit declaration of function 'SPI_PeripheralControl'; did you mean 'SPI_PeriClkCtrl'? [-Wimplicit-function-declaration]
  SPI_PeripheralControl(SPI2, ENABLE);
  ^~~~~~~~~~~~~~~~~~~~~
  SPI_PeriClkCtrl
arm-none-eabi-gcc -o "STM32F407xx_Drivers.elf" @"objects.list"   -mcpu=cortex-m4 -T"C:\Users\tranq\OneDrive\Desktop\workspace\STM32_Driver_Development\STM32F407xx_Drivers\STM32F407VGTX_FLASH.ld" --specs=nosys.specs -Wl,-Map="STM32F407xx_Drivers.map" -Wl,--gc-sections -static --specs=nano.specs -mfpu=fpv4-sp-d16 -mfloat-abi=hard -mthumb -Wl,--start-group -lc -lm -Wl,--end-group
Finished building target: STM32F407xx_Drivers.elf
 
arm-none-eabi-objdump -h -S  STM32F407xx_Drivers.elf  > "STM32F407xx_Drivers.list"
arm-none-eabi-objcopy  -O binary  STM32F407xx_Drivers.elf  "STM32F407xx_Drivers.bin"
arm-none-eabi-size   STM32F407xx_Drivers.elf 
   text	   data	    bss	    dec	    hex	filename
   2660	      8	   1568	   4236	   108c	STM32F407xx_Drivers.elf
Finished building: default.size.stdout
Finished building: STM32F407xx_Drivers.bin
Finished building: STM32F407xx_Drivers.list
 
 
 
16:27:27 **** Incremental Build of configuration Debug for project STM32F407xx_Drivers ****
make -j8 all 
arm-none-eabi-size   STM32F407xx_Drivers.elf 
   text	   data	    bss	    dec	    hex	filename
   2660	      8	   1568	   4236	   108c	STM32F407xx_Drivers.elf
Finished building: default.size.stdout
 
16:27:36 **** Incremental Build of configuration Debug for project STM32F407xx_Drivers ****
make -j8 all 
arm-none-eabi-size   STM32F407xx_Drivers.elf 
   text	   data	    bss	    dec	    hex	filename
   2660	      8	   1568	   4236	   108c	STM32F407xx_Drivers.elf
Finished building: default.size.stdout
 
16:32:34 **** Incremental Build of configuration Debug for project STM32F407xx_Drivers ****
make -j8 all 
arm-none-eabi-gcc "../drivers/Src/STM32F407xx_SPI_Driver.c" -mcpu=cortex-m4 -std=gnu11 -g3 -DSTM32 -DSTM32F407G_DISC1 -DSTM32F4 -DSTM32F407VGTx -DDEBUG -c -I../Inc -O0 -ffunction-sections -fdata-sections -Wall -fstack-usage -MMD -MP -MF"drivers/Src/STM32F407xx_SPI_Driver.d" -MT"drivers/Src/STM32F407xx_SPI_Driver.o" --specs=nano.specs -mfpu=fpv4-sp-d16 -mfloat-abi=hard -mthumb -o "drivers/Src/STM32F407xx_SPI_Driver.o"
arm-none-eabi-gcc -o "STM32F407xx_Drivers.elf" @"objects.list"   -mcpu=cortex-m4 -T"C:\Users\tranq\OneDrive\Desktop\workspace\STM32_Driver_Development\STM32F407xx_Drivers\STM32F407VGTX_FLASH.ld" --specs=nosys.specs -Wl,-Map="STM32F407xx_Drivers.map" -Wl,--gc-sections -static --specs=nano.specs -mfpu=fpv4-sp-d16 -mfloat-abi=hard -mthumb -Wl,--start-group -lc -lm -Wl,--end-group
Finished building target: STM32F407xx_Drivers.elf
 
arm-none-eabi-objdump -h -S  STM32F407xx_Drivers.elf  > "STM32F407xx_Drivers.list"
arm-none-eabi-objcopy  -O binary  STM32F407xx_Drivers.elf  "STM32F407xx_Drivers.bin"
arm-none-eabi-size   STM32F407xx_Drivers.elf 
   text	   data	    bss	    dec	    hex	filename
   2660	      8	   1568	   4236	   108c	STM32F407xx_Drivers.elf
Finished building: default.size.stdout
Finished building: STM32F407xx_Drivers.list
Finished building: STM32F407xx_Drivers.bin
 
 
 
16:33:01 **** Incremental Build of configuration Debug for project STM32F407xx_Drivers ****
make -j8 all 
arm-none-eabi-size   STM32F407xx_Drivers.elf 
   text	   data	    bss	    dec	    hex	filename
   2660	      8	   1568	   4236	   108c	STM32F407xx_Drivers.elf
Finished building: default.size.stdout
 
17:03:57 **** Incremental Build of configuration Debug for project STM32F407xx_Drivers ****
make -j8 all 
arm-none-eabi-gcc "../drivers/Src/STM32F407xx_SPI_Driver.c" -mcpu=cortex-m4 -std=gnu11 -g3 -DSTM32 -DSTM32F407G_DISC1 -DSTM32F4 -DSTM32F407VGTx -DDEBUG -c -I../Inc -O0 -ffunction-sections -fdata-sections -Wall -fstack-usage -MMD -MP -MF"drivers/Src/STM32F407xx_SPI_Driver.d" -MT"drivers/Src/STM32F407xx_SPI_Driver.o" --specs=nano.specs -mfpu=fpv4-sp-d16 -mfloat-abi=hard -mthumb -o "drivers/Src/STM32F407xx_SPI_Driver.o"
arm-none-eabi-gcc -o "STM32F407xx_Drivers.elf" @"objects.list"   -mcpu=cortex-m4 -T"C:\Users\tranq\OneDrive\Desktop\workspace\STM32_Driver_Development\STM32F407xx_Drivers\STM32F407VGTX_FLASH.ld" --specs=nosys.specs -Wl,-Map="STM32F407xx_Drivers.map" -Wl,--gc-sections -static --specs=nano.specs -mfpu=fpv4-sp-d16 -mfloat-abi=hard -mthumb -Wl,--start-group -lc -lm -Wl,--end-group
Finished building target: STM32F407xx_Drivers.elf
 
arm-none-eabi-objdump -h -S  STM32F407xx_Drivers.elf  > "STM32F407xx_Drivers.list"
arm-none-eabi-objcopy  -O binary  STM32F407xx_Drivers.elf  "STM32F407xx_Drivers.bin"
arm-none-eabi-size   STM32F407xx_Drivers.elf 
   text	   data	    bss	    dec	    hex	filename
   2680	      8	   1568	   4256	   10a0	STM32F407xx_Drivers.elf
Finished building: default.size.stdout
Finished building: STM32F407xx_Drivers.list
Finished building: STM32F407xx_Drivers.bin
 
 
 
17:04:02 **** Incremental Build of configuration Debug for project STM32F407xx_Drivers ****
make -j8 all 
arm-none-eabi-size   STM32F407xx_Drivers.elf 
   text	   data	    bss	    dec	    hex	filename
   2680	      8	   1568	   4256	   10a0	STM32F407xx_Drivers.elf
Finished building: default.size.stdout
 
17:05:39 **** Incremental Build of configuration Debug for project STM32F407xx_Drivers ****
make -j8 all 
arm-none-eabi-gcc "../drivers/Src/STM32F407xx_SPI_Driver.c" -mcpu=cortex-m4 -std=gnu11 -g3 -DSTM32 -DSTM32F407G_DISC1 -DSTM32F4 -DSTM32F407VGTx -DDEBUG -c -I../Inc -O0 -ffunction-sections -fdata-sections -Wall -fstack-usage -MMD -MP -MF"drivers/Src/STM32F407xx_SPI_Driver.d" -MT"drivers/Src/STM32F407xx_SPI_Driver.o" --specs=nano.specs -mfpu=fpv4-sp-d16 -mfloat-abi=hard -mthumb -o "drivers/Src/STM32F407xx_SPI_Driver.o"
arm-none-eabi-gcc -o "STM32F407xx_Drivers.elf" @"objects.list"   -mcpu=cortex-m4 -T"C:\Users\tranq\OneDrive\Desktop\workspace\STM32_Driver_Development\STM32F407xx_Drivers\STM32F407VGTX_FLASH.ld" --specs=nosys.specs -Wl,-Map="STM32F407xx_Drivers.map" -Wl,--gc-sections -static --specs=nano.specs -mfpu=fpv4-sp-d16 -mfloat-abi=hard -mthumb -Wl,--start-group -lc -lm -Wl,--end-group
Finished building target: STM32F407xx_Drivers.elf
 
arm-none-eabi-objdump -h -S  STM32F407xx_Drivers.elf  > "STM32F407xx_Drivers.list"
arm-none-eabi-objcopy  -O binary  STM32F407xx_Drivers.elf  "STM32F407xx_Drivers.bin"
arm-none-eabi-size   STM32F407xx_Drivers.elf 
   text	   data	    bss	    dec	    hex	filename
   2676	      8	   1568	   4252	   109c	STM32F407xx_Drivers.elf
Finished building: default.size.stdout
Finished building: STM32F407xx_Drivers.bin
Finished building: STM32F407xx_Drivers.list
 
 
 
17:05:55 **** Incremental Build of configuration Debug for project STM32F407xx_Drivers ****
make -j8 all 
arm-none-eabi-gcc "../drivers/Src/STM32F407xx_SPI_Driver.c" -mcpu=cortex-m4 -std=gnu11 -g3 -DSTM32 -DSTM32F407G_DISC1 -DSTM32F4 -DSTM32F407VGTx -DDEBUG -c -I../Inc -O0 -ffunction-sections -fdata-sections -Wall -fstack-usage -MMD -MP -MF"drivers/Src/STM32F407xx_SPI_Driver.d" -MT"drivers/Src/STM32F407xx_SPI_Driver.o" --specs=nano.specs -mfpu=fpv4-sp-d16 -mfloat-abi=hard -mthumb -o "drivers/Src/STM32F407xx_SPI_Driver.o"
arm-none-eabi-gcc -o "STM32F407xx_Drivers.elf" @"objects.list"   -mcpu=cortex-m4 -T"C:\Users\tranq\OneDrive\Desktop\workspace\STM32_Driver_Development\STM32F407xx_Drivers\STM32F407VGTX_FLASH.ld" --specs=nosys.specs -Wl,-Map="STM32F407xx_Drivers.map" -Wl,--gc-sections -static --specs=nano.specs -mfpu=fpv4-sp-d16 -mfloat-abi=hard -mthumb -Wl,--start-group -lc -lm -Wl,--end-group
Finished building target: STM32F407xx_Drivers.elf
 
arm-none-eabi-objdump -h -S  STM32F407xx_Drivers.elf  > "STM32F407xx_Drivers.list"
arm-none-eabi-objcopy  -O binary  STM32F407xx_Drivers.elf  "STM32F407xx_Drivers.bin"
arm-none-eabi-size   STM32F407xx_Drivers.elf 
   text	   data	    bss	    dec	    hex	filename
   2676	      8	   1568	   4252	   109c	STM32F407xx_Drivers.elf
Finished building: default.size.stdout
Finished building: STM32F407xx_Drivers.bin
Finished building: STM32F407xx_Drivers.list
 
 
 
17:06:00 **** Incremental Build of configuration Debug for project STM32F407xx_Drivers ****
make -j8 all 
arm-none-eabi-size   STM32F407xx_Drivers.elf 
   text	   data	    bss	    dec	    hex	filename
   2676	      8	   1568	   4252	   109c	STM32F407xx_Drivers.elf
Finished building: default.size.stdout
 
17:12:27 **** Incremental Build of configuration Debug for project STM32F407xx_Drivers ****
make -j8 all 
arm-none-eabi-gcc "../drivers/Src/STM32F407xx_SPI_Driver.c" -mcpu=cortex-m4 -std=gnu11 -g3 -DSTM32 -DSTM32F407G_DISC1 -DSTM32F4 -DSTM32F407VGTx -DDEBUG -c -I../Inc -O0 -ffunction-sections -fdata-sections -Wall -fstack-usage -MMD -MP -MF"drivers/Src/STM32F407xx_SPI_Driver.d" -MT"drivers/Src/STM32F407xx_SPI_Driver.o" --specs=nano.specs -mfpu=fpv4-sp-d16 -mfloat-abi=hard -mthumb -o "drivers/Src/STM32F407xx_SPI_Driver.o"
arm-none-eabi-gcc -o "STM32F407xx_Drivers.elf" @"objects.list"   -mcpu=cortex-m4 -T"C:\Users\tranq\OneDrive\Desktop\workspace\STM32_Driver_Development\STM32F407xx_Drivers\STM32F407VGTX_FLASH.ld" --specs=nosys.specs -Wl,-Map="STM32F407xx_Drivers.map" -Wl,--gc-sections -static --specs=nano.specs -mfpu=fpv4-sp-d16 -mfloat-abi=hard -mthumb -Wl,--start-group -lc -lm -Wl,--end-group
Finished building target: STM32F407xx_Drivers.elf
 
arm-none-eabi-objdump -h -S  STM32F407xx_Drivers.elf  > "STM32F407xx_Drivers.list"
arm-none-eabi-objcopy  -O binary  STM32F407xx_Drivers.elf  "STM32F407xx_Drivers.bin"
arm-none-eabi-size   STM32F407xx_Drivers.elf 
   text	   data	    bss	    dec	    hex	filename
   2660	      8	   1568	   4236	   108c	STM32F407xx_Drivers.elf
Finished building: default.size.stdout
Finished building: STM32F407xx_Drivers.list
Finished building: STM32F407xx_Drivers.bin
 
 
 
17:12:37 **** Incremental Build of configuration Debug for project STM32F407xx_Drivers ****
make -j8 all 
arm-none-eabi-size   STM32F407xx_Drivers.elf 
   text	   data	    bss	    dec	    hex	filename
   2660	      8	   1568	   4236	   108c	STM32F407xx_Drivers.elf
Finished building: default.size.stdout
 
17:13:34 **** Incremental Build of configuration Debug for project STM32F407xx_Drivers ****
make -j8 all 
arm-none-eabi-gcc "../Src/006TestSpi.c" -mcpu=cortex-m4 -std=gnu11 -g3 -DSTM32 -DSTM32F407G_DISC1 -DSTM32F4 -DSTM32F407VGTx -DDEBUG -c -I../Inc -O0 -ffunction-sections -fdata-sections -Wall -fstack-usage -MMD -MP -MF"Src/006TestSpi.d" -MT"Src/006TestSpi.o" --specs=nano.specs -mfpu=fpv4-sp-d16 -mfloat-abi=hard -mthumb -o "Src/006TestSpi.o"
../Src/006TestSpi.c: In function 'main':
../Src/006TestSpi.c:39:2: warning: implicit declaration of function 'SPI_PeripheralControl'; did you mean 'SPI_PeriClkCtrl'? [-Wimplicit-function-declaration]
  SPI_PeripheralControl(SPI2, ENABLE);
  ^~~~~~~~~~~~~~~~~~~~~
  SPI_PeriClkCtrl
arm-none-eabi-gcc -o "STM32F407xx_Drivers.elf" @"objects.list"   -mcpu=cortex-m4 -T"C:\Users\tranq\OneDrive\Desktop\workspace\STM32_Driver_Development\STM32F407xx_Drivers\STM32F407VGTX_FLASH.ld" --specs=nosys.specs -Wl,-Map="STM32F407xx_Drivers.map" -Wl,--gc-sections -static --specs=nano.specs -mfpu=fpv4-sp-d16 -mfloat-abi=hard -mthumb -Wl,--start-group -lc -lm -Wl,--end-group
Finished building target: STM32F407xx_Drivers.elf
 
arm-none-eabi-objdump -h -S  STM32F407xx_Drivers.elf  > "STM32F407xx_Drivers.list"
arm-none-eabi-objcopy  -O binary  STM32F407xx_Drivers.elf  "STM32F407xx_Drivers.bin"
arm-none-eabi-size   STM32F407xx_Drivers.elf 
   text	   data	    bss	    dec	    hex	filename
   2660	      8	   1568	   4236	   108c	STM32F407xx_Drivers.elf
Finished building: default.size.stdout
Finished building: STM32F407xx_Drivers.list
Finished building: STM32F407xx_Drivers.bin
 
 
 
17:14:15 **** Incremental Build of configuration Debug for project STM32F407xx_Drivers ****
make -j8 all 
arm-none-eabi-size   STM32F407xx_Drivers.elf 
   text	   data	    bss	    dec	    hex	filename
   2660	      8	   1568	   4236	   108c	STM32F407xx_Drivers.elf
Finished building: default.size.stdout
 
17:14:20 **** Incremental Build of configuration Debug for project STM32F407xx_Drivers ****
make -j8 all 
arm-none-eabi-size   STM32F407xx_Drivers.elf 
   text	   data	    bss	    dec	    hex	filename
   2660	      8	   1568	   4236	   108c	STM32F407xx_Drivers.elf
Finished building: default.size.stdout
 
17:18:33 **** Incremental Build of configuration Debug for project STM32F407xx_Drivers ****
make -j8 all 
arm-none-eabi-gcc "../drivers/Src/STM32F407xx_SPI_Driver.c" -mcpu=cortex-m4 -std=gnu11 -g3 -DSTM32 -DSTM32F407G_DISC1 -DSTM32F4 -DSTM32F407VGTx -DDEBUG -c -I../Inc -O0 -ffunction-sections -fdata-sections -Wall -fstack-usage -MMD -MP -MF"drivers/Src/STM32F407xx_SPI_Driver.d" -MT"drivers/Src/STM32F407xx_SPI_Driver.o" --specs=nano.specs -mfpu=fpv4-sp-d16 -mfloat-abi=hard -mthumb -o "drivers/Src/STM32F407xx_SPI_Driver.o"
arm-none-eabi-gcc -o "STM32F407xx_Drivers.elf" @"objects.list"   -mcpu=cortex-m4 -T"C:\Users\tranq\OneDrive\Desktop\workspace\STM32_Driver_Development\STM32F407xx_Drivers\STM32F407VGTX_FLASH.ld" --specs=nosys.specs -Wl,-Map="STM32F407xx_Drivers.map" -Wl,--gc-sections -static --specs=nano.specs -mfpu=fpv4-sp-d16 -mfloat-abi=hard -mthumb -Wl,--start-group -lc -lm -Wl,--end-group
Finished building target: STM32F407xx_Drivers.elf
 
arm-none-eabi-objdump -h -S  STM32F407xx_Drivers.elf  > "STM32F407xx_Drivers.list"
arm-none-eabi-objcopy  -O binary  STM32F407xx_Drivers.elf  "STM32F407xx_Drivers.bin"
arm-none-eabi-size   STM32F407xx_Drivers.elf 
   text	   data	    bss	    dec	    hex	filename
   2676	      8	   1568	   4252	   109c	STM32F407xx_Drivers.elf
Finished building: default.size.stdout
Finished building: STM32F407xx_Drivers.list
Finished building: STM32F407xx_Drivers.bin
 
 
 
17:18:48 **** Incremental Build of configuration Debug for project STM32F407xx_Drivers ****
make -j8 all 
arm-none-eabi-size   STM32F407xx_Drivers.elf 
   text	   data	    bss	    dec	    hex	filename
   2676	      8	   1568	   4252	   109c	STM32F407xx_Drivers.elf
Finished building: default.size.stdout
 
17:24:51 **** Incremental Build of configuration Debug for project STM32F407xx_Drivers ****
make -j8 all 
arm-none-eabi-gcc "../drivers/Src/STM32F407xx_SPI_Driver.c" -mcpu=cortex-m4 -std=gnu11 -g3 -DSTM32 -DSTM32F407G_DISC1 -DSTM32F4 -DSTM32F407VGTx -DDEBUG -c -I../Inc -O0 -ffunction-sections -fdata-sections -Wall -fstack-usage -MMD -MP -MF"drivers/Src/STM32F407xx_SPI_Driver.d" -MT"drivers/Src/STM32F407xx_SPI_Driver.o" --specs=nano.specs -mfpu=fpv4-sp-d16 -mfloat-abi=hard -mthumb -o "drivers/Src/STM32F407xx_SPI_Driver.o"
arm-none-eabi-gcc -o "STM32F407xx_Drivers.elf" @"objects.list"   -mcpu=cortex-m4 -T"C:\Users\tranq\OneDrive\Desktop\workspace\STM32_Driver_Development\STM32F407xx_Drivers\STM32F407VGTX_FLASH.ld" --specs=nosys.specs -Wl,-Map="STM32F407xx_Drivers.map" -Wl,--gc-sections -static --specs=nano.specs -mfpu=fpv4-sp-d16 -mfloat-abi=hard -mthumb -Wl,--start-group -lc -lm -Wl,--end-group
Finished building target: STM32F407xx_Drivers.elf
 
arm-none-eabi-objdump -h -S  STM32F407xx_Drivers.elf  > "STM32F407xx_Drivers.list"
arm-none-eabi-objcopy  -O binary  STM32F407xx_Drivers.elf  "STM32F407xx_Drivers.bin"
arm-none-eabi-size   STM32F407xx_Drivers.elf 
   text	   data	    bss	    dec	    hex	filename
   2676	      8	   1568	   4252	   109c	STM32F407xx_Drivers.elf
Finished building: default.size.stdout
Finished building: STM32F407xx_Drivers.list
Finished building: STM32F407xx_Drivers.bin
 
 
 
17:27:14 **** Incremental Build of configuration Debug for project STM32F407xx_Drivers ****
make -j8 all 
arm-none-eabi-gcc "../Src/006TestSpi.c" -mcpu=cortex-m4 -std=gnu11 -g3 -DSTM32 -DSTM32F407G_DISC1 -DSTM32F4 -DSTM32F407VGTx -DDEBUG -c -I../Inc -O0 -ffunction-sections -fdata-sections -Wall -fstack-usage -MMD -MP -MF"Src/006TestSpi.d" -MT"Src/006TestSpi.o" --specs=nano.specs -mfpu=fpv4-sp-d16 -mfloat-abi=hard -mthumb -o "Src/006TestSpi.o"
../Src/006TestSpi.c: In function 'main':
../Src/006TestSpi.c:39:2: warning: implicit declaration of function 'SPI_PeripheralControl'; did you mean 'SPI_PeriClkCtrl'? [-Wimplicit-function-declaration]
  SPI_PeripheralControl(SPI2, ENABLE);
  ^~~~~~~~~~~~~~~~~~~~~
  SPI_PeriClkCtrl
arm-none-eabi-gcc -o "STM32F407xx_Drivers.elf" @"objects.list"   -mcpu=cortex-m4 -T"C:\Users\tranq\OneDrive\Desktop\workspace\STM32_Driver_Development\STM32F407xx_Drivers\STM32F407VGTX_FLASH.ld" --specs=nosys.specs -Wl,-Map="STM32F407xx_Drivers.map" -Wl,--gc-sections -static --specs=nano.specs -mfpu=fpv4-sp-d16 -mfloat-abi=hard -mthumb -Wl,--start-group -lc -lm -Wl,--end-group
Finished building target: STM32F407xx_Drivers.elf
 
arm-none-eabi-objdump -h -S  STM32F407xx_Drivers.elf  > "STM32F407xx_Drivers.list"
arm-none-eabi-objcopy  -O binary  STM32F407xx_Drivers.elf  "STM32F407xx_Drivers.bin"
arm-none-eabi-size   STM32F407xx_Drivers.elf 
   text	   data	    bss	    dec	    hex	filename
   2684	      8	   1568	   4260	   10a4	STM32F407xx_Drivers.elf
Finished building: default.size.stdout
Finished building: STM32F407xx_Drivers.bin
Finished building: STM32F407xx_Drivers.list
 
 
 
17:27:18 **** Incremental Build of configuration Debug for project STM32F407xx_Drivers ****
make -j8 all 
arm-none-eabi-size   STM32F407xx_Drivers.elf 
   text	   data	    bss	    dec	    hex	filename
   2684	      8	   1568	   4260	   10a4	STM32F407xx_Drivers.elf
Finished building: default.size.stdout
 
17:42:21 **** Incremental Build of configuration Debug for project STM32F407xx_Drivers ****
make -j8 all 
arm-none-eabi-gcc "../Src/008TestSPI_Part1.c" -mcpu=cortex-m4 -std=gnu11 -g3 -DSTM32 -DSTM32F407G_DISC1 -DSTM32F4 -DSTM32F407VGTx -DDEBUG -c -I../Inc -O0 -ffunction-sections -fdata-sections -Wall -fstack-usage -MMD -MP -MF"Src/008TestSPI_Part1.d" -MT"Src/008TestSPI_Part1.o" --specs=nano.specs -mfpu=fpv4-sp-d16 -mfloat-abi=hard -mthumb -o "Src/008TestSPI_Part1.o"
../Src/008TestSPI_Part1.c: In function 'main':
../Src/008TestSPI_Part1.c:39:2: warning: implicit declaration of function 'SPI_PeripheralControl'; did you mean 'SPI_PeriClkCtrl'? [-Wimplicit-function-declaration]
  SPI_PeripheralControl(SPI2, ENABLE);
  ^~~~~~~~~~~~~~~~~~~~~
  SPI_PeriClkCtrl
arm-none-eabi-gcc -o "STM32F407xx_Drivers.elf" @"objects.list"   -mcpu=cortex-m4 -T"C:\Users\tranq\OneDrive\Desktop\workspace\STM32_Driver_Development\STM32F407xx_Drivers\STM32F407VGTX_FLASH.ld" --specs=nosys.specs -Wl,-Map="STM32F407xx_Drivers.map" -Wl,--gc-sections -static --specs=nano.specs -mfpu=fpv4-sp-d16 -mfloat-abi=hard -mthumb -Wl,--start-group -lc -lm -Wl,--end-group
Finished building target: STM32F407xx_Drivers.elf
 
arm-none-eabi-objdump -h -S  STM32F407xx_Drivers.elf  > "STM32F407xx_Drivers.list"
arm-none-eabi-objcopy  -O binary  STM32F407xx_Drivers.elf  "STM32F407xx_Drivers.bin"
arm-none-eabi-size   STM32F407xx_Drivers.elf 
   text	   data	    bss	    dec	    hex	filename
   2684	      8	   1568	   4260	   10a4	STM32F407xx_Drivers.elf
Finished building: default.size.stdout
Finished building: STM32F407xx_Drivers.bin
Finished building: STM32F407xx_Drivers.list
 
 
 
17:42:24 **** Incremental Build of configuration Debug for project STM32F407xx_Drivers ****
make -j8 all 
arm-none-eabi-size   STM32F407xx_Drivers.elf 
   text	   data	    bss	    dec	    hex	filename
   2684	      8	   1568	   4260	   10a4	STM32F407xx_Drivers.elf
Finished building: default.size.stdout
 
