16:58:46 **** Incremental Build of configuration Debug for project STM32F407xx_Drivers ****
make -j8 all 
arm-none-eabi-gcc "../drivers/Src/STM32F407xx_I2C_Driver.c" -mcpu=cortex-m4 -std=gnu11 -g3 -DSTM32 -DSTM32F407G_DISC1 -DSTM32F4 -DSTM32F407VGTx -DDEBUG -c -I../Inc -O0 -ffunction-sections -fdata-sections -Wall -fstack-usage -MMD -MP -MF"drivers/Src/STM32F407xx_I2C_Driver.d" -MT"drivers/Src/STM32F407xx_I2C_Driver.o" --specs=nano.specs -mfpu=fpv4-sp-d16 -mfloat-abi=hard -mthumb -o "drivers/Src/STM32F407xx_I2C_Driver.o"
arm-none-eabi-gcc -o "STM32F407xx_Drivers.elf" @"objects.list"   -mcpu=cortex-m4 -T"C:\Users\tranq\OneDrive\Desktop\workspace\STM32_Driver_Development\STM32F407xx_Drivers\STM32F407VGTX_FLASH.ld" --specs=nosys.specs -Wl,-Map="STM32F407xx_Drivers.map" -Wl,--gc-sections -static --specs=nano.specs -mfpu=fpv4-sp-d16 -mfloat-abi=hard -mthumb -Wl,--start-group -lc -lm -Wl,--end-group
Finished building target: STM32F407xx_Drivers.elf
 
arm-none-eabi-objdump -h -S  STM32F407xx_Drivers.elf  > "STM32F407xx_Drivers.list"
arm-none-eabi-objcopy  -O binary  STM32F407xx_Drivers.elf  "STM32F407xx_Drivers.bin"
arm-none-eabi-size   STM32F407xx_Drivers.elf 
   text	   data	    bss	    dec	    hex	filename
   8376	    108	   1580	  10064	   2750	STM32F407xx_Drivers.elf
Finished building: default.size.stdout
 
Finished building: STM32F407xx_Drivers.bin
Finished building: STM32F407xx_Drivers.list
 
 

16:58:48 Build Finished. 0 errors, 0 warnings. (took 1s.945ms)

